[2.438s] Invoking command in '/home/quarcks/Mobile-Robots-2026-1/ros2_ws/src/navigation/path_planner': DEBUGINFOD_URLS=https://debuginfod.ubuntu.com PYTHONPATH=/home/quarcks/Mobile-Robots-2026-1/build/path_planner/prefix_override:/usr/lib/python3/dist-packages/colcon_core/task/python/colcon_distutils_commands:/home/quarcks/Mobile-Robots-2026-1/install/path_planner/lib/python3.12/site-packages:${PYTHONPATH} /usr/bin/python3 -W ignore:setup.py install is deprecated -W ignore:easy_install command is deprecated setup.py egg_info --egg-base ../../../../build/path_planner build --build-base /home/quarcks/Mobile-Robots-2026-1/build/path_planner/build install --record /home/quarcks/Mobile-Robots-2026-1/build/path_planner/install.log --single-version-externally-managed install_data
[3.185s] running egg_info
[3.185s] creating ../../../../build/path_planner/path_planner.egg-info
[3.311s] writing ../../../../build/path_planner/path_planner.egg-info/PKG-INFO
[3.315s] writing dependency_links to ../../../../build/path_planner/path_planner.egg-info/dependency_links.txt
[3.315s] writing entry points to ../../../../build/path_planner/path_planner.egg-info/entry_points.txt
[3.319s] writing requirements to ../../../../build/path_planner/path_planner.egg-info/requires.txt
[3.319s] writing top-level names to ../../../../build/path_planner/path_planner.egg-info/top_level.txt
[3.320s] writing manifest file '../../../../build/path_planner/path_planner.egg-info/SOURCES.txt'
[3.503s] reading manifest file '../../../../build/path_planner/path_planner.egg-info/SOURCES.txt'
[3.503s] adding license file 'LICENSE'
[3.504s] writing manifest file '../../../../build/path_planner/path_planner.egg-info/SOURCES.txt'
[3.504s] running build
[3.504s] running build_py
[3.505s] creating /home/quarcks/Mobile-Robots-2026-1/build/path_planner/build
[3.505s] creating /home/quarcks/Mobile-Robots-2026-1/build/path_planner/build/lib
[3.505s] creating /home/quarcks/Mobile-Robots-2026-1/build/path_planner/build/lib/path_planner
[3.510s] copying path_planner/cost_map.py -> /home/quarcks/Mobile-Robots-2026-1/build/path_planner/build/lib/path_planner
[3.510s] copying path_planner/__init__.py -> /home/quarcks/Mobile-Robots-2026-1/build/path_planner/build/lib/path_planner
[3.510s] copying path_planner/a_star.py -> /home/quarcks/Mobile-Robots-2026-1/build/path_planner/build/lib/path_planner
[3.510s] copying path_planner/rrt.py -> /home/quarcks/Mobile-Robots-2026-1/build/path_planner/build/lib/path_planner
[3.511s] running install
[3.516s] running install_lib
[3.574s] creating /home/quarcks/Mobile-Robots-2026-1/install/path_planner/lib/python3.12/site-packages/path_planner
[3.574s] copying /home/quarcks/Mobile-Robots-2026-1/build/path_planner/build/lib/path_planner/cost_map.py -> /home/quarcks/Mobile-Robots-2026-1/install/path_planner/lib/python3.12/site-packages/path_planner
[3.575s] copying /home/quarcks/Mobile-Robots-2026-1/build/path_planner/build/lib/path_planner/__init__.py -> /home/quarcks/Mobile-Robots-2026-1/install/path_planner/lib/python3.12/site-packages/path_planner
[3.575s] copying /home/quarcks/Mobile-Robots-2026-1/build/path_planner/build/lib/path_planner/a_star.py -> /home/quarcks/Mobile-Robots-2026-1/install/path_planner/lib/python3.12/site-packages/path_planner
[3.579s] copying /home/quarcks/Mobile-Robots-2026-1/build/path_planner/build/lib/path_planner/rrt.py -> /home/quarcks/Mobile-Robots-2026-1/install/path_planner/lib/python3.12/site-packages/path_planner
[3.579s] byte-compiling /home/quarcks/Mobile-Robots-2026-1/install/path_planner/lib/python3.12/site-packages/path_planner/cost_map.py to cost_map.cpython-312.pyc
[3.579s] byte-compiling /home/quarcks/Mobile-Robots-2026-1/install/path_planner/lib/python3.12/site-packages/path_planner/__init__.py to __init__.cpython-312.pyc
[3.579s] byte-compiling /home/quarcks/Mobile-Robots-2026-1/install/path_planner/lib/python3.12/site-packages/path_planner/a_star.py to a_star.cpython-312.pyc
[3.583s] byte-compiling /home/quarcks/Mobile-Robots-2026-1/install/path_planner/lib/python3.12/site-packages/path_planner/rrt.py to rrt.cpython-312.pyc
[3.587s] running install_data
[3.588s] creating /home/quarcks/Mobile-Robots-2026-1/install/path_planner/share/ament_index
[3.588s] creating /home/quarcks/Mobile-Robots-2026-1/install/path_planner/share/ament_index/resource_index
[3.588s] creating /home/quarcks/Mobile-Robots-2026-1/install/path_planner/share/ament_index/resource_index/packages
[3.588s] copying resource/path_planner -> /home/quarcks/Mobile-Robots-2026-1/install/path_planner/share/ament_index/resource_index/packages
[3.588s] copying package.xml -> /home/quarcks/Mobile-Robots-2026-1/install/path_planner/share/path_planner
[3.589s] running install_egg_info
[3.640s] Copying ../../../../build/path_planner/path_planner.egg-info to /home/quarcks/Mobile-Robots-2026-1/install/path_planner/lib/python3.12/site-packages/path_planner-0.0.0-py3.12.egg-info
[3.641s] running install_scripts
[3.987s] Installing a_start script to /home/quarcks/Mobile-Robots-2026-1/install/path_planner/lib/path_planner
[3.990s] Installing a_start_solved script to /home/quarcks/Mobile-Robots-2026-1/install/path_planner/lib/path_planner
[3.990s] Installing cost_map script to /home/quarcks/Mobile-Robots-2026-1/install/path_planner/lib/path_planner
[3.991s] Installing cost_map_solved script to /home/quarcks/Mobile-Robots-2026-1/install/path_planner/lib/path_planner
[3.991s] Installing rrt script to /home/quarcks/Mobile-Robots-2026-1/install/path_planner/lib/path_planner
[3.991s] Installing rrt_solved script to /home/quarcks/Mobile-Robots-2026-1/install/path_planner/lib/path_planner
[3.991s] writing list of installed files to '/home/quarcks/Mobile-Robots-2026-1/build/path_planner/install.log'
[4.057s] Invoked command in '/home/quarcks/Mobile-Robots-2026-1/ros2_ws/src/navigation/path_planner' returned '0': DEBUGINFOD_URLS=https://debuginfod.ubuntu.com PYTHONPATH=/home/quarcks/Mobile-Robots-2026-1/build/path_planner/prefix_override:/usr/lib/python3/dist-packages/colcon_core/task/python/colcon_distutils_commands:/home/quarcks/Mobile-Robots-2026-1/install/path_planner/lib/python3.12/site-packages:${PYTHONPATH} /usr/bin/python3 -W ignore:setup.py install is deprecated -W ignore:easy_install command is deprecated setup.py egg_info --egg-base ../../../../build/path_planner build --build-base /home/quarcks/Mobile-Robots-2026-1/build/path_planner/build install --record /home/quarcks/Mobile-Robots-2026-1/build/path_planner/install.log --single-version-externally-managed install_data
