[0.116s] Invoking command in '/home/melissa/Documentos/Robots_Mobiles/Mobile-Robots-2026-1/build/xarm_description': CMAKE_PREFIX_PATH=${CMAKE_PREFIX_PATH}:/opt/ros/jazzy DEBUGINFOD_URLS=https://debuginfod.ubuntu.com /usr/bin/cmake /home/melissa/Documentos/Robots_Mobiles/Mobile-Robots-2026-1/ros2_ws/src/hardware/xarm_ros2/xarm_description -DCMAKE_INSTALL_PREFIX=/home/melissa/Documentos/Robots_Mobiles/Mobile-Robots-2026-1/install/xarm_description
[0.622s] -- The C compiler identification is GNU 13.3.0
[1.139s] -- The CXX compiler identification is GNU 13.3.0
[1.277s] -- Detecting C compiler ABI info
[1.967s] -- Detecting C compiler ABI info - done
[2.059s] -- Check for working C compiler: /usr/bin/cc - skipped
[2.072s] -- Detecting C compile features
[2.073s] -- Detecting C compile features - done
[2.148s] -- Detecting CXX compiler ABI info
[2.969s] -- Detecting CXX compiler ABI info - done
[3.078s] -- Check for working CXX compiler: /usr/bin/c++ - skipped
[3.080s] -- Detecting CXX compile features
[3.084s] -- Detecting CXX compile features - done
[3.122s] -- Found ament_cmake: 2.5.4 (/opt/ros/jazzy/share/ament_cmake/cmake)
[5.219s] -- Found Python3: /usr/bin/python3 (found version "3.12.3") found components: Interpreter 
[6.694s] -- Found ament_lint_auto: 0.17.3 (/opt/ros/jazzy/share/ament_lint_auto/cmake)
[8.050s] -- Added test 'copyright' to check source files copyright and LICENSE
[8.459s] -- Added test 'flake8' to check Python code syntax and style conventions
[8.465s] -- Configured 'flake8' exclude dirs and/or files: 
[8.521s] -- Added test 'lint_cmake' to check CMake code style
[8.576s] -- Added test 'pep257' to check Python code against some of the docstring style conventions in PEP 257
[8.920s] -- Added test 'xmllint' to check XML markup files
[8.942s] -- Configuring done (8.7s)
[8.975s] -- Generating done (0.0s)
[8.998s] -- Build files have been written to: /home/melissa/Documentos/Robots_Mobiles/Mobile-Robots-2026-1/build/xarm_description
[9.050s] Invoked command in '/home/melissa/Documentos/Robots_Mobiles/Mobile-Robots-2026-1/build/xarm_description' returned '0': CMAKE_PREFIX_PATH=${CMAKE_PREFIX_PATH}:/opt/ros/jazzy DEBUGINFOD_URLS=https://debuginfod.ubuntu.com /usr/bin/cmake /home/melissa/Documentos/Robots_Mobiles/Mobile-Robots-2026-1/ros2_ws/src/hardware/xarm_ros2/xarm_description -DCMAKE_INSTALL_PREFIX=/home/melissa/Documentos/Robots_Mobiles/Mobile-Robots-2026-1/install/xarm_description
[9.063s] Invoking command in '/home/melissa/Documentos/Robots_Mobiles/Mobile-Robots-2026-1/build/xarm_description': CMAKE_PREFIX_PATH=${CMAKE_PREFIX_PATH}:/opt/ros/jazzy DEBUGINFOD_URLS=https://debuginfod.ubuntu.com /usr/bin/cmake --build /home/melissa/Documentos/Robots_Mobiles/Mobile-Robots-2026-1/build/xarm_description -- -j4 -l4
[9.509s] Invoked command in '/home/melissa/Documentos/Robots_Mobiles/Mobile-Robots-2026-1/build/xarm_description' returned '0': CMAKE_PREFIX_PATH=${CMAKE_PREFIX_PATH}:/opt/ros/jazzy DEBUGINFOD_URLS=https://debuginfod.ubuntu.com /usr/bin/cmake --build /home/melissa/Documentos/Robots_Mobiles/Mobile-Robots-2026-1/build/xarm_description -- -j4 -l4
[9.627s] Invoking command in '/home/melissa/Documentos/Robots_Mobiles/Mobile-Robots-2026-1/build/xarm_description': CMAKE_PREFIX_PATH=${CMAKE_PREFIX_PATH}:/opt/ros/jazzy DEBUGINFOD_URLS=https://debuginfod.ubuntu.com /usr/bin/cmake --install /home/melissa/Documentos/Robots_Mobiles/Mobile-Robots-2026-1/build/xarm_description
[9.791s] -- Install configuration: ""
[9.792s] -- Installing: /home/melissa/Documentos/Robots_Mobiles/Mobile-Robots-2026-1/install/xarm_description/share/xarm_description//rviz
[9.798s] -- Installing: /home/melissa/Documentos/Robots_Mobiles/Mobile-Robots-2026-1/install/xarm_description/share/xarm_description//rviz/display.rviz
[9.809s] -- Installing: /home/melissa/Documentos/Robots_Mobiles/Mobile-Robots-2026-1/install/xarm_description/share/xarm_description//urdf
[9.810s] -- Installing: /home/melissa/Documentos/Robots_Mobiles/Mobile-Robots-2026-1/install/xarm_description/share/xarm_description//urdf/camera
[9.829s] -- Installing: /home/melissa/Documentos/Robots_Mobiles/Mobile-Robots-2026-1/install/xarm_description/share/xarm_description//urdf/camera/camera.gazebo.xacro
[9.848s] -- Installing: /home/melissa/Documentos/Robots_Mobiles/Mobile-Robots-2026-1/install/xarm_description/share/xarm_description//urdf/camera/realsense_d435i.urdf.xacro
[9.887s] -- Installing: /home/melissa/Documentos/Robots_Mobiles/Mobile-Robots-2026-1/install/xarm_description/share/xarm_description//urdf/camera/realsense.gazebo.xacro
[9.888s] -- Installing: /home/melissa/Documentos/Robots_Mobiles/Mobile-Robots-2026-1/install/xarm_description/share/xarm_description//urdf/xarm6
[9.902s] -- Installing: /home/melissa/Documentos/Robots_Mobiles/Mobile-Robots-2026-1/install/xarm_description/share/xarm_description//urdf/xarm6/xarm6.gazebo.xacro
[9.903s] -- Installing: /home/melissa/Documentos/Robots_Mobiles/Mobile-Robots-2026-1/install/xarm_description/share/xarm_description//urdf/xarm6/xarm6.urdf.xacro
[9.914s] -- Installing: /home/melissa/Documentos/Robots_Mobiles/Mobile-Robots-2026-1/install/xarm_description/share/xarm_description//urdf/xarm6/xarm6.transmission.xacro
[9.916s] -- Installing: /home/melissa/Documentos/Robots_Mobiles/Mobile-Robots-2026-1/install/xarm_description/share/xarm_description//urdf/xarm6/xarm6.ros2_control.xacro
[9.932s] -- Installing: /home/melissa/Documentos/Robots_Mobiles/Mobile-Robots-2026-1/install/xarm_description/share/xarm_description//urdf/xarm6/xarm6_robot_macro.xacro
[9.938s] -- Installing: /home/melissa/Documentos/Robots_Mobiles/Mobile-Robots-2026-1/install/xarm_description/share/xarm_description//urdf/_private_macro.xacro
[9.940s] -- Installing: /home/melissa/Documentos/Robots_Mobiles/Mobile-Robots-2026-1/install/xarm_description/share/xarm_description//urdf/common
[9.956s] -- Installing: /home/melissa/Documentos/Robots_Mobiles/Mobile-Robots-2026-1/install/xarm_description/share/xarm_description//urdf/common/common.link.xacro
[9.972s] -- Installing: /home/melissa/Documentos/Robots_Mobiles/Mobile-Robots-2026-1/install/xarm_description/share/xarm_description//urdf/common/common.material.xacro
[9.973s] -- Installing: /home/melissa/Documentos/Robots_Mobiles/Mobile-Robots-2026-1/install/xarm_description/share/xarm_description//urdf/common/common.gazebo.xacro
[9.987s] -- Installing: /home/melissa/Documentos/Robots_Mobiles/Mobile-Robots-2026-1/install/xarm_description/share/xarm_description//urdf/xarm5
[10.001s] -- Installing: /home/melissa/Documentos/Robots_Mobiles/Mobile-Robots-2026-1/install/xarm_description/share/xarm_description//urdf/xarm5/xarm5.gazebo.xacro
[10.003s] -- Installing: /home/melissa/Documentos/Robots_Mobiles/Mobile-Robots-2026-1/install/xarm_description/share/xarm_description//urdf/xarm5/xarm5_robot_macro.xacro
[10.012s] -- Installing: /home/melissa/Documentos/Robots_Mobiles/Mobile-Robots-2026-1/install/xarm_description/share/xarm_description//urdf/xarm5/xarm5.ros2_control.xacro
[10.016s] -- Installing: /home/melissa/Documentos/Robots_Mobiles/Mobile-Robots-2026-1/install/xarm_description/share/xarm_description//urdf/xarm5/xarm5.urdf.xacro
[10.021s] -- Installing: /home/melissa/Documentos/Robots_Mobiles/Mobile-Robots-2026-1/install/xarm_description/share/xarm_description//urdf/xarm5/xarm5.transmission.xacro
[10.022s] -- Installing: /home/melissa/Documentos/Robots_Mobiles/Mobile-Robots-2026-1/install/xarm_description/share/xarm_description//urdf/gripper
[10.027s] -- Installing: /home/melissa/Documentos/Robots_Mobiles/Mobile-Robots-2026-1/install/xarm_description/share/xarm_description//urdf/gripper/bio_gripper.gazebo.xacro
[10.032s] -- Installing: /home/melissa/Documentos/Robots_Mobiles/Mobile-Robots-2026-1/install/xarm_description/share/xarm_description//urdf/gripper/bio_gripper.ros2_control.xacro
[10.034s] -- Installing: /home/melissa/Documentos/Robots_Mobiles/Mobile-Robots-2026-1/install/xarm_description/share/xarm_description//urdf/gripper/gripper.urdf.xacro
[10.038s] -- Installing: /home/melissa/Documentos/Robots_Mobiles/Mobile-Robots-2026-1/install/xarm_description/share/xarm_description//urdf/gripper/xarm_gripper.transmission.xacro
[10.042s] -- Installing: /home/melissa/Documentos/Robots_Mobiles/Mobile-Robots-2026-1/install/xarm_description/share/xarm_description//urdf/gripper/xarm_gripper.gazebo.xacro
[10.046s] -- Installing: /home/melissa/Documentos/Robots_Mobiles/Mobile-Robots-2026-1/install/xarm_description/share/xarm_description//urdf/gripper/xarm_gripper.ros2_control.xacro
[10.049s] -- Installing: /home/melissa/Documentos/Robots_Mobiles/Mobile-Robots-2026-1/install/xarm_description/share/xarm_description//urdf/gripper/xarm_gripper_macro.xacro
[10.050s] -- Installing: /home/melissa/Documentos/Robots_Mobiles/Mobile-Robots-2026-1/install/xarm_description/share/xarm_description//urdf/gripper/bio_gripper.transmission.xacro
[10.054s] -- Installing: /home/melissa/Documentos/Robots_Mobiles/Mobile-Robots-2026-1/install/xarm_description/share/xarm_description//urdf/gripper/gripper_macro.xacro
[10.057s] -- Installing: /home/melissa/Documentos/Robots_Mobiles/Mobile-Robots-2026-1/install/xarm_description/share/xarm_description//urdf/gripper/lite_gripper.urdf.xacro
[10.065s] -- Installing: /home/melissa/Documentos/Robots_Mobiles/Mobile-Robots-2026-1/install/xarm_description/share/xarm_description//urdf/gripper/bio_gripper.urdf.xacro
[10.070s] -- Installing: /home/melissa/Documentos/Robots_Mobiles/Mobile-Robots-2026-1/install/xarm_description/share/xarm_description//urdf/gripper/bio_gripper_macro.xacro
[10.080s] -- Installing: /home/melissa/Documentos/Robots_Mobiles/Mobile-Robots-2026-1/install/xarm_description/share/xarm_description//urdf/gripper/xarm_gripper.urdf.xacro
[10.084s] -- Installing: /home/melissa/Documentos/Robots_Mobiles/Mobile-Robots-2026-1/install/xarm_description/share/xarm_description//urdf/other
[10.089s] -- Installing: /home/melissa/Documentos/Robots_Mobiles/Mobile-Robots-2026-1/install/xarm_description/share/xarm_description//urdf/other/other_geometry.urdf.xacro
[10.097s] -- Installing: /home/melissa/Documentos/Robots_Mobiles/Mobile-Robots-2026-1/install/xarm_description/share/xarm_description//urdf/xarm_device_macro.xacro
[10.099s] -- Installing: /home/melissa/Documentos/Robots_Mobiles/Mobile-Robots-2026-1/install/xarm_description/share/xarm_description//urdf/xarm7_mirror
[10.106s] -- Installing: /home/melissa/Documentos/Robots_Mobiles/Mobile-Robots-2026-1/install/xarm_description/share/xarm_description//urdf/xarm7_mirror/xarm7_mirror.gazebo.xacro
[10.110s] -- Installing: /home/melissa/Documentos/Robots_Mobiles/Mobile-Robots-2026-1/install/xarm_description/share/xarm_description//urdf/xarm7_mirror/xarm7_mirror_robot_macro.xacro
[10.114s] -- Installing: /home/melissa/Documentos/Robots_Mobiles/Mobile-Robots-2026-1/install/xarm_description/share/xarm_description//urdf/xarm7_mirror/xarm7_mirror.urdf.xacro
[10.116s] -- Installing: /home/melissa/Documentos/Robots_Mobiles/Mobile-Robots-2026-1/install/xarm_description/share/xarm_description//urdf/xarm7_mirror/xarm7_mirror.ros2_control.xacro
[10.121s] -- Installing: /home/melissa/Documentos/Robots_Mobiles/Mobile-Robots-2026-1/install/xarm_description/share/xarm_description//urdf/xarm7_mirror/xarm7_mirror.transmission.xacro
[10.127s] -- Installing: /home/melissa/Documentos/Robots_Mobiles/Mobile-Robots-2026-1/install/xarm_description/share/xarm_description//urdf/xarm_device.urdf.xacro
[10.128s] -- Installing: /home/melissa/Documentos/Robots_Mobiles/Mobile-Robots-2026-1/install/xarm_description/share/xarm_description//urdf/uf850
[10.132s] -- Installing: /home/melissa/Documentos/Robots_Mobiles/Mobile-Robots-2026-1/install/xarm_description/share/xarm_description//urdf/uf850/uf850.urdf.xacro
[10.134s] -- Installing: /home/melissa/Documentos/Robots_Mobiles/Mobile-Robots-2026-1/install/xarm_description/share/xarm_description//urdf/uf850/uf850.transmission.xacro
[10.139s] -- Installing: /home/melissa/Documentos/Robots_Mobiles/Mobile-Robots-2026-1/install/xarm_description/share/xarm_description//urdf/uf850/uf850.gazebo.xacro
[10.142s] -- Installing: /home/melissa/Documentos/Robots_Mobiles/Mobile-Robots-2026-1/install/xarm_description/share/xarm_description//urdf/uf850/uf850.ros2_control.xacro
[10.146s] -- Installing: /home/melissa/Documentos/Robots_Mobiles/Mobile-Robots-2026-1/install/xarm_description/share/xarm_description//urdf/uf850/uf850_robot_macro.xacro
[10.150s] -- Installing: /home/melissa/Documentos/Robots_Mobiles/Mobile-Robots-2026-1/install/xarm_description/share/xarm_description//urdf/dual_xarm_device.urdf.xacro
[10.153s] -- Installing: /home/melissa/Documentos/Robots_Mobiles/Mobile-Robots-2026-1/install/xarm_description/share/xarm_description//urdf/xarm7
[10.156s] -- Installing: /home/melissa/Documentos/Robots_Mobiles/Mobile-Robots-2026-1/install/xarm_description/share/xarm_description//urdf/xarm7/xarm7.transmission.xacro
[10.157s] -- Installing: /home/melissa/Documentos/Robots_Mobiles/Mobile-Robots-2026-1/install/xarm_description/share/xarm_description//urdf/xarm7/xarm7.gazebo.xacro
[10.171s] -- Installing: /home/melissa/Documentos/Robots_Mobiles/Mobile-Robots-2026-1/install/xarm_description/share/xarm_description//urdf/xarm7/xarm7.urdf.xacro
[10.177s] -- Installing: /home/melissa/Documentos/Robots_Mobiles/Mobile-Robots-2026-1/install/xarm_description/share/xarm_description//urdf/xarm7/xarm7.ros2_control.xacro
[10.178s] -- Installing: /home/melissa/Documentos/Robots_Mobiles/Mobile-Robots-2026-1/install/xarm_description/share/xarm_description//urdf/xarm7/xarm7_robot_macro.xacro
[10.188s] -- Installing: /home/melissa/Documentos/Robots_Mobiles/Mobile-Robots-2026-1/install/xarm_description/share/xarm_description//urdf/lite6
[10.189s] -- Installing: /home/melissa/Documentos/Robots_Mobiles/Mobile-Robots-2026-1/install/xarm_description/share/xarm_description//urdf/lite6/lite6.gazebo.xacro
[10.196s] -- Installing: /home/melissa/Documentos/Robots_Mobiles/Mobile-Robots-2026-1/install/xarm_description/share/xarm_description//urdf/lite6/lite6.ros2_control.xacro
[10.203s] -- Installing: /home/melissa/Documentos/Robots_Mobiles/Mobile-Robots-2026-1/install/xarm_description/share/xarm_description//urdf/lite6/lite6_robot_macro.xacro
[10.205s] -- Installing: /home/melissa/Documentos/Robots_Mobiles/Mobile-Robots-2026-1/install/xarm_description/share/xarm_description//urdf/lite6/lite6.urdf.xacro
[10.214s] -- Installing: /home/melissa/Documentos/Robots_Mobiles/Mobile-Robots-2026-1/install/xarm_description/share/xarm_description//urdf/lite6/lite6.transmission.xacro
[10.216s] -- Installing: /home/melissa/Documentos/Robots_Mobiles/Mobile-Robots-2026-1/install/xarm_description/share/xarm_description//urdf/vacuum_gripper
[10.227s] -- Installing: /home/melissa/Documentos/Robots_Mobiles/Mobile-Robots-2026-1/install/xarm_description/share/xarm_description//urdf/vacuum_gripper/lite_vacuum_gripper.urdf.xacro
[10.231s] -- Installing: /home/melissa/Documentos/Robots_Mobiles/Mobile-Robots-2026-1/install/xarm_description/share/xarm_description//urdf/vacuum_gripper/xarm_vacuum_gripper.urdf.xacro
[10.236s] -- Installing: /home/melissa/Documentos/Robots_Mobiles/Mobile-Robots-2026-1/install/xarm_description/share/xarm_description//urdf/vacuum_gripper/vacuum_gripper.urdf.xacro
[10.242s] -- Installing: /home/melissa/Documentos/Robots_Mobiles/Mobile-Robots-2026-1/install/xarm_description/share/xarm_description//urdf/vacuum_gripper/vacuum_gripper_macro.xacro
[10.243s] -- Installing: /home/melissa/Documentos/Robots_Mobiles/Mobile-Robots-2026-1/install/xarm_description/share/xarm_description//config
[10.251s] -- Installing: /home/melissa/Documentos/Robots_Mobiles/Mobile-Robots-2026-1/install/xarm_description/share/xarm_description//config/kinematics
[10.252s] -- Installing: /home/melissa/Documentos/Robots_Mobiles/Mobile-Robots-2026-1/install/xarm_description/share/xarm_description//config/kinematics/gen_kinematics_params.py
[10.260s] -- Installing: /home/melissa/Documentos/Robots_Mobiles/Mobile-Robots-2026-1/install/xarm_description/share/xarm_description//config/kinematics/default
[10.263s] -- Installing: /home/melissa/Documentos/Robots_Mobiles/Mobile-Robots-2026-1/install/xarm_description/share/xarm_description//config/kinematics/default/uf850_default_kinematics.yaml
[10.269s] -- Installing: /home/melissa/Documentos/Robots_Mobiles/Mobile-Robots-2026-1/install/xarm_description/share/xarm_description//config/kinematics/default/xarm7_default_kinematics.yaml
[10.274s] -- Installing: /home/melissa/Documentos/Robots_Mobiles/Mobile-Robots-2026-1/install/xarm_description/share/xarm_description//config/kinematics/default/xarm7_mirror_default_kinematics.yaml
[10.282s] -- Installing: /home/melissa/Documentos/Robots_Mobiles/Mobile-Robots-2026-1/install/xarm_description/share/xarm_description//config/kinematics/default/xarm6_default_kinematics.yaml
[10.283s] -- Installing: /home/melissa/Documentos/Robots_Mobiles/Mobile-Robots-2026-1/install/xarm_description/share/xarm_description//config/kinematics/default/lite6_default_kinematics.yaml
[10.294s] -- Installing: /home/melissa/Documentos/Robots_Mobiles/Mobile-Robots-2026-1/install/xarm_description/share/xarm_description//config/kinematics/default/xarm5_default_kinematics.yaml
[10.296s] -- Installing: /home/melissa/Documentos/Robots_Mobiles/Mobile-Robots-2026-1/install/xarm_description/share/xarm_description//config/link_inertial
[10.304s] -- Installing: /home/melissa/Documentos/Robots_Mobiles/Mobile-Robots-2026-1/install/xarm_description/share/xarm_description//config/link_inertial/xarm6_type11_HT_LD.yaml
[10.307s] -- Installing: /home/melissa/Documentos/Robots_Mobiles/Mobile-Robots-2026-1/install/xarm_description/share/xarm_description//config/link_inertial/xarm7_type13_HT_BR2.yaml
[10.312s] -- Installing: /home/melissa/Documentos/Robots_Mobiles/Mobile-Robots-2026-1/install/xarm_description/share/xarm_description//config/link_inertial/xarm6_type12_HT_LDBR2.yaml
[10.316s] -- Installing: /home/melissa/Documentos/Robots_Mobiles/Mobile-Robots-2026-1/install/xarm_description/share/xarm_description//config/link_inertial/xarm6_type6_HT_BR2.yaml
[10.322s] -- Installing: /home/melissa/Documentos/Robots_Mobiles/Mobile-Robots-2026-1/install/xarm_description/share/xarm_description//config/link_inertial/xarm7_type3_YT_SP.yaml
[10.323s] -- Installing: /home/melissa/Documentos/Robots_Mobiles/Mobile-Robots-2026-1/install/xarm_description/share/xarm_description//config/link_inertial/xarm5_type5_HT_BR2.yaml
[10.329s] -- Installing: /home/melissa/Documentos/Robots_Mobiles/Mobile-Robots-2026-1/install/xarm_description/share/xarm_description//config/link_inertial/xarm6_type8_HT2_BR2.yaml
[10.333s] -- Installing: /home/melissa/Documentos/Robots_Mobiles/Mobile-Robots-2026-1/install/xarm_description/share/xarm_description//config/link_inertial/xarm7_type7_HT_LD.yaml
[10.334s] -- Installing: /home/melissa/Documentos/Robots_Mobiles/Mobile-Robots-2026-1/install/xarm_description/share/xarm_description//config/link_inertial/xarm6_type6_HT2_LD.yaml
[10.339s] -- Installing: /home/melissa/Documentos/Robots_Mobiles/Mobile-Robots-2026-1/install/xarm_description/share/xarm_description//config/link_inertial/xarm7_type7_HT_BR2.yaml
[10.346s] -- Installing: /home/melissa/Documentos/Robots_Mobiles/Mobile-Robots-2026-1/install/xarm_description/share/xarm_description//config/link_inertial/gen_link_inertial_params.py
[10.347s] -- Installing: /home/melissa/Documentos/Robots_Mobiles/Mobile-Robots-2026-1/install/xarm_description/share/xarm_description//config/link_inertial/xarm7_type7_HT_BR.yaml
[10.348s] -- Installing: /home/melissa/Documentos/Robots_Mobiles/Mobile-Robots-2026-1/install/xarm_description/share/xarm_description//config/link_inertial/xarm6_type9_HT_BR2.yaml
[10.355s] -- Installing: /home/melissa/Documentos/Robots_Mobiles/Mobile-Robots-2026-1/install/xarm_description/share/xarm_description//config/link_inertial/xarm6_type6_UJ_BR_2403.yaml
[10.359s] -- Installing: /home/melissa/Documentos/Robots_Mobiles/Mobile-Robots-2026-1/install/xarm_description/share/xarm_description//config/link_inertial/xarm5_type5_UJ_BR_2403.yaml
[10.361s] -- Installing: /home/melissa/Documentos/Robots_Mobiles/Mobile-Robots-2026-1/install/xarm_description/share/xarm_description//config/link_inertial/xarm5_type5_HT_LD.yaml
[10.365s] -- Installing: /home/melissa/Documentos/Robots_Mobiles/Mobile-Robots-2026-1/install/xarm_description/share/xarm_description//config/link_inertial/xarm7_type7_UJ_BR_2403.yaml
[10.366s] -- Installing: /home/melissa/Documentos/Robots_Mobiles/Mobile-Robots-2026-1/install/xarm_description/share/xarm_description//config/link_inertial/xarm6_type6_HT_LD.yaml
[10.367s] -- Installing: /home/melissa/Documentos/Robots_Mobiles/Mobile-Robots-2026-1/install/xarm_description/share/xarm_description//config/link_inertial/xarm6_type6_HT_BR.yaml
[10.375s] -- Installing: /home/melissa/Documentos/Robots_Mobiles/Mobile-Robots-2026-1/install/xarm_description/share/xarm_description//config/link_inertial/xarm5_type5_HT_BR.yaml
[10.386s] -- Installing: /home/melissa/Documentos/Robots_Mobiles/Mobile-Robots-2026-1/install/xarm_description/share/xarm_description//meshes
[10.390s] -- Installing: /home/melissa/Documentos/Robots_Mobiles/Mobile-Robots-2026-1/install/xarm_description/share/xarm_description//meshes/camera
[10.391s] -- Installing: /home/melissa/Documentos/Robots_Mobiles/Mobile-Robots-2026-1/install/xarm_description/share/xarm_description//meshes/camera/realsense
[10.395s] -- Installing: /home/melissa/Documentos/Robots_Mobiles/Mobile-Robots-2026-1/install/xarm_description/share/xarm_description//meshes/camera/realsense/collision
[10.397s] -- Installing: /home/melissa/Documentos/Robots_Mobiles/Mobile-Robots-2026-1/install/xarm_description/share/xarm_description//meshes/camera/realsense/collision/d435_with_cam_stand.stl
[10.401s] -- Installing: /home/melissa/Documentos/Robots_Mobiles/Mobile-Robots-2026-1/install/xarm_description/share/xarm_description//meshes/camera/realsense/visual
[10.402s] -- Installing: /home/melissa/Documentos/Robots_Mobiles/Mobile-Robots-2026-1/install/xarm_description/share/xarm_description//meshes/camera/realsense/visual/d435_with_cam_stand.stl
[10.417s] -- Installing: /home/melissa/Documentos/Robots_Mobiles/Mobile-Robots-2026-1/install/xarm_description/share/xarm_description//meshes/xarm6
[10.420s] -- Installing: /home/melissa/Documentos/Robots_Mobiles/Mobile-Robots-2026-1/install/xarm_description/share/xarm_description//meshes/xarm6/visual
[10.423s] -- Installing: /home/melissa/Documentos/Robots_Mobiles/Mobile-Robots-2026-1/install/xarm_description/share/xarm_description//meshes/xarm6/visual/link_base.stl
[10.431s] -- Installing: /home/melissa/Documentos/Robots_Mobiles/Mobile-Robots-2026-1/install/xarm_description/share/xarm_description//meshes/xarm6/visual/link5.stl
[10.439s] -- Installing: /home/melissa/Documentos/Robots_Mobiles/Mobile-Robots-2026-1/install/xarm_description/share/xarm_description//meshes/xarm6/visual/link2.stl
[10.461s] -- Installing: /home/melissa/Documentos/Robots_Mobiles/Mobile-Robots-2026-1/install/xarm_description/share/xarm_description//meshes/xarm6/visual/link6.stl
[10.469s] -- Installing: /home/melissa/Documentos/Robots_Mobiles/Mobile-Robots-2026-1/install/xarm_description/share/xarm_description//meshes/xarm6/visual/link4.stl
[10.482s] -- Installing: /home/melissa/Documentos/Robots_Mobiles/Mobile-Robots-2026-1/install/xarm_description/share/xarm_description//meshes/xarm6/visual/link1.stl
[10.492s] -- Installing: /home/melissa/Documentos/Robots_Mobiles/Mobile-Robots-2026-1/install/xarm_description/share/xarm_description//meshes/xarm6/visual/link3.stl
[10.509s] -- Installing: /home/melissa/Documentos/Robots_Mobiles/Mobile-Robots-2026-1/install/xarm_description/share/xarm_description//meshes/xarm5
[10.510s] -- Installing: /home/melissa/Documentos/Robots_Mobiles/Mobile-Robots-2026-1/install/xarm_description/share/xarm_description//meshes/xarm5/visual
[10.521s] -- Installing: /home/melissa/Documentos/Robots_Mobiles/Mobile-Robots-2026-1/install/xarm_description/share/xarm_description//meshes/xarm5/visual/link_base.stl
[10.531s] -- Installing: /home/melissa/Documentos/Robots_Mobiles/Mobile-Robots-2026-1/install/xarm_description/share/xarm_description//meshes/xarm5/visual/link5.stl
[10.537s] -- Installing: /home/melissa/Documentos/Robots_Mobiles/Mobile-Robots-2026-1/install/xarm_description/share/xarm_description//meshes/xarm5/visual/link2.stl
[10.572s] -- Installing: /home/melissa/Documentos/Robots_Mobiles/Mobile-Robots-2026-1/install/xarm_description/share/xarm_description//meshes/xarm5/visual/link4.stl
[10.578s] -- Installing: /home/melissa/Documentos/Robots_Mobiles/Mobile-Robots-2026-1/install/xarm_description/share/xarm_description//meshes/xarm5/visual/link1.stl
[10.597s] -- Installing: /home/melissa/Documentos/Robots_Mobiles/Mobile-Robots-2026-1/install/xarm_description/share/xarm_description//meshes/xarm5/visual/link3.stl
[10.606s] -- Installing: /home/melissa/Documentos/Robots_Mobiles/Mobile-Robots-2026-1/install/xarm_description/share/xarm_description//meshes/gripper
[10.613s] -- Installing: /home/melissa/Documentos/Robots_Mobiles/Mobile-Robots-2026-1/install/xarm_description/share/xarm_description//meshes/gripper/bio
[10.615s] -- Installing: /home/melissa/Documentos/Robots_Mobiles/Mobile-Robots-2026-1/install/xarm_description/share/xarm_description//meshes/gripper/bio/link_base.stl
[10.618s] -- Installing: /home/melissa/Documentos/Robots_Mobiles/Mobile-Robots-2026-1/install/xarm_description/share/xarm_description//meshes/gripper/bio/right_finger.stl
[10.623s] -- Installing: /home/melissa/Documentos/Robots_Mobiles/Mobile-Robots-2026-1/install/xarm_description/share/xarm_description//meshes/gripper/bio/left_finger.stl
[10.629s] -- Installing: /home/melissa/Documentos/Robots_Mobiles/Mobile-Robots-2026-1/install/xarm_description/share/xarm_description//meshes/gripper/xarm
[10.634s] -- Installing: /home/melissa/Documentos/Robots_Mobiles/Mobile-Robots-2026-1/install/xarm_description/share/xarm_description//meshes/gripper/xarm/right_finger.stl
[10.638s] -- Installing: /home/melissa/Documentos/Robots_Mobiles/Mobile-Robots-2026-1/install/xarm_description/share/xarm_description//meshes/gripper/xarm/right_inner_knuckle.stl
[10.646s] -- Installing: /home/melissa/Documentos/Robots_Mobiles/Mobile-Robots-2026-1/install/xarm_description/share/xarm_description//meshes/gripper/xarm/base_link.stl
[10.684s] -- Installing: /home/melissa/Documentos/Robots_Mobiles/Mobile-Robots-2026-1/install/xarm_description/share/xarm_description//meshes/gripper/xarm/right_outer_knuckle.stl
[10.695s] -- Installing: /home/melissa/Documentos/Robots_Mobiles/Mobile-Robots-2026-1/install/xarm_description/share/xarm_description//meshes/gripper/xarm/left_finger.stl
[10.705s] -- Installing: /home/melissa/Documentos/Robots_Mobiles/Mobile-Robots-2026-1/install/xarm_description/share/xarm_description//meshes/gripper/xarm/left_outer_knuckle.stl
[10.711s] -- Installing: /home/melissa/Documentos/Robots_Mobiles/Mobile-Robots-2026-1/install/xarm_description/share/xarm_description//meshes/gripper/xarm/left_inner_knuckle.stl
[10.733s] -- Installing: /home/melissa/Documentos/Robots_Mobiles/Mobile-Robots-2026-1/install/xarm_description/share/xarm_description//meshes/gripper/lite
[10.739s] -- Installing: /home/melissa/Documentos/Robots_Mobiles/Mobile-Robots-2026-1/install/xarm_description/share/xarm_description//meshes/gripper/lite/collision
[10.743s] -- Installing: /home/melissa/Documentos/Robots_Mobiles/Mobile-Robots-2026-1/install/xarm_description/share/xarm_description//meshes/gripper/lite/collision/gripper_lite.stl
[10.745s] -- Installing: /home/melissa/Documentos/Robots_Mobiles/Mobile-Robots-2026-1/install/xarm_description/share/xarm_description//meshes/gripper/lite/visual
[10.748s] -- Installing: /home/melissa/Documentos/Robots_Mobiles/Mobile-Robots-2026-1/install/xarm_description/share/xarm_description//meshes/gripper/lite/visual/gripper_lite.stl
[10.756s] -- Installing: /home/melissa/Documentos/Robots_Mobiles/Mobile-Robots-2026-1/install/xarm_description/share/xarm_description//meshes/xarm7_mirror
[10.760s] -- Installing: /home/melissa/Documentos/Robots_Mobiles/Mobile-Robots-2026-1/install/xarm_description/share/xarm_description//meshes/xarm7_mirror/collision
[10.761s] -- Installing: /home/melissa/Documentos/Robots_Mobiles/Mobile-Robots-2026-1/install/xarm_description/share/xarm_description//meshes/xarm7_mirror/collision/link_base.stl
[10.766s] -- Installing: /home/melissa/Documentos/Robots_Mobiles/Mobile-Robots-2026-1/install/xarm_description/share/xarm_description//meshes/xarm7_mirror/collision/link5.stl
[10.772s] -- Installing: /home/melissa/Documentos/Robots_Mobiles/Mobile-Robots-2026-1/install/xarm_description/share/xarm_description//meshes/xarm7_mirror/collision/link2.stl
[10.777s] -- Installing: /home/melissa/Documentos/Robots_Mobiles/Mobile-Robots-2026-1/install/xarm_description/share/xarm_description//meshes/xarm7_mirror/collision/link6.stl
[10.784s] -- Installing: /home/melissa/Documentos/Robots_Mobiles/Mobile-Robots-2026-1/install/xarm_description/share/xarm_description//meshes/xarm7_mirror/collision/link4.stl
[10.791s] -- Installing: /home/melissa/Documentos/Robots_Mobiles/Mobile-Robots-2026-1/install/xarm_description/share/xarm_description//meshes/xarm7_mirror/collision/link1.stl
[10.805s] -- Installing: /home/melissa/Documentos/Robots_Mobiles/Mobile-Robots-2026-1/install/xarm_description/share/xarm_description//meshes/xarm7_mirror/collision/link3.stl
[10.812s] -- Installing: /home/melissa/Documentos/Robots_Mobiles/Mobile-Robots-2026-1/install/xarm_description/share/xarm_description//meshes/xarm7_mirror/collision/link7.stl
[10.822s] -- Installing: /home/melissa/Documentos/Robots_Mobiles/Mobile-Robots-2026-1/install/xarm_description/share/xarm_description//meshes/xarm7_mirror/visual
[10.835s] -- Installing: /home/melissa/Documentos/Robots_Mobiles/Mobile-Robots-2026-1/install/xarm_description/share/xarm_description//meshes/xarm7_mirror/visual/link_base.stl
[10.851s] -- Installing: /home/melissa/Documentos/Robots_Mobiles/Mobile-Robots-2026-1/install/xarm_description/share/xarm_description//meshes/xarm7_mirror/visual/link5.stl
[10.859s] -- Installing: /home/melissa/Documentos/Robots_Mobiles/Mobile-Robots-2026-1/install/xarm_description/share/xarm_description//meshes/xarm7_mirror/visual/link2.stl
[10.867s] -- Installing: /home/melissa/Documentos/Robots_Mobiles/Mobile-Robots-2026-1/install/xarm_description/share/xarm_description//meshes/xarm7_mirror/visual/link6.stl
[10.880s] -- Installing: /home/melissa/Documentos/Robots_Mobiles/Mobile-Robots-2026-1/install/xarm_description/share/xarm_description//meshes/xarm7_mirror/visual/link4.stl
[10.887s] -- Installing: /home/melissa/Documentos/Robots_Mobiles/Mobile-Robots-2026-1/install/xarm_description/share/xarm_description//meshes/xarm7_mirror/visual/link1.stl
[10.896s] -- Installing: /home/melissa/Documentos/Robots_Mobiles/Mobile-Robots-2026-1/install/xarm_description/share/xarm_description//meshes/xarm7_mirror/visual/link3.stl
[10.903s] -- Installing: /home/melissa/Documentos/Robots_Mobiles/Mobile-Robots-2026-1/install/xarm_description/share/xarm_description//meshes/xarm7_mirror/visual/link7.stl
[10.907s] -- Installing: /home/melissa/Documentos/Robots_Mobiles/Mobile-Robots-2026-1/install/xarm_description/share/xarm_description//meshes/xarm7_1305
[10.910s] -- Installing: /home/melissa/Documentos/Robots_Mobiles/Mobile-Robots-2026-1/install/xarm_description/share/xarm_description//meshes/xarm7_1305/collision
[10.916s] -- Installing: /home/melissa/Documentos/Robots_Mobiles/Mobile-Robots-2026-1/install/xarm_description/share/xarm_description//meshes/xarm7_1305/collision/link6.obj
[10.922s] -- Installing: /home/melissa/Documentos/Robots_Mobiles/Mobile-Robots-2026-1/install/xarm_description/share/xarm_description//meshes/xarm7_1305/collision/link2.obj
[10.929s] -- Installing: /home/melissa/Documentos/Robots_Mobiles/Mobile-Robots-2026-1/install/xarm_description/share/xarm_description//meshes/xarm7_1305/collision/link4.obj
[10.930s] -- Installing: /home/melissa/Documentos/Robots_Mobiles/Mobile-Robots-2026-1/install/xarm_description/share/xarm_description//meshes/xarm7_1305/collision/link3.obj
[10.936s] -- Installing: /home/melissa/Documentos/Robots_Mobiles/Mobile-Robots-2026-1/install/xarm_description/share/xarm_description//meshes/xarm7_1305/collision/link_base.obj
[10.942s] -- Installing: /home/melissa/Documentos/Robots_Mobiles/Mobile-Robots-2026-1/install/xarm_description/share/xarm_description//meshes/xarm7_1305/collision/link7.obj
[10.947s] -- Installing: /home/melissa/Documentos/Robots_Mobiles/Mobile-Robots-2026-1/install/xarm_description/share/xarm_description//meshes/xarm7_1305/collision/link1.obj
[10.956s] -- Installing: /home/melissa/Documentos/Robots_Mobiles/Mobile-Robots-2026-1/install/xarm_description/share/xarm_description//meshes/xarm7_1305/collision/link5.obj
[10.958s] -- Installing: /home/melissa/Documentos/Robots_Mobiles/Mobile-Robots-2026-1/install/xarm_description/share/xarm_description//meshes/xarm7_1305/visual
[10.965s] -- Installing: /home/melissa/Documentos/Robots_Mobiles/Mobile-Robots-2026-1/install/xarm_description/share/xarm_description//meshes/xarm7_1305/visual/link_base.stl
[10.966s] -- Installing: /home/melissa/Documentos/Robots_Mobiles/Mobile-Robots-2026-1/install/xarm_description/share/xarm_description//meshes/xarm7_1305/visual/link5.stl
[10.977s] -- Installing: /home/melissa/Documentos/Robots_Mobiles/Mobile-Robots-2026-1/install/xarm_description/share/xarm_description//meshes/xarm7_1305/visual/link2.stl
[10.983s] -- Installing: /home/melissa/Documentos/Robots_Mobiles/Mobile-Robots-2026-1/install/xarm_description/share/xarm_description//meshes/xarm7_1305/visual/link6.stl
[11.001s] -- Installing: /home/melissa/Documentos/Robots_Mobiles/Mobile-Robots-2026-1/install/xarm_description/share/xarm_description//meshes/xarm7_1305/visual/link4.stl
[11.006s] -- Installing: /home/melissa/Documentos/Robots_Mobiles/Mobile-Robots-2026-1/install/xarm_description/share/xarm_description//meshes/xarm7_1305/visual/link1.stl
[11.013s] -- Installing: /home/melissa/Documentos/Robots_Mobiles/Mobile-Robots-2026-1/install/xarm_description/share/xarm_description//meshes/xarm7_1305/visual/link3.stl
[11.016s] -- Installing: /home/melissa/Documentos/Robots_Mobiles/Mobile-Robots-2026-1/install/xarm_description/share/xarm_description//meshes/xarm7_1305/visual/link7.stl
[11.024s] -- Installing: /home/melissa/Documentos/Robots_Mobiles/Mobile-Robots-2026-1/install/xarm_description/share/xarm_description//meshes/end_tool
[11.027s] -- Installing: /home/melissa/Documentos/Robots_Mobiles/Mobile-Robots-2026-1/install/xarm_description/share/xarm_description//meshes/end_tool/collision
[11.030s] -- Installing: /home/melissa/Documentos/Robots_Mobiles/Mobile-Robots-2026-1/install/xarm_description/share/xarm_description//meshes/end_tool/collision/end_tool.stl
[11.036s] -- Installing: /home/melissa/Documentos/Robots_Mobiles/Mobile-Robots-2026-1/install/xarm_description/share/xarm_description//meshes/end_tool/collision/end_tool_1300.stl
[11.040s] -- Installing: /home/melissa/Documentos/Robots_Mobiles/Mobile-Robots-2026-1/install/xarm_description/share/xarm_description//meshes/end_tool/visual
[11.045s] -- Installing: /home/melissa/Documentos/Robots_Mobiles/Mobile-Robots-2026-1/install/xarm_description/share/xarm_description//meshes/end_tool/visual/end_tool_1300.stl
[11.047s] -- Installing: /home/melissa/Documentos/Robots_Mobiles/Mobile-Robots-2026-1/install/xarm_description/share/xarm_description//meshes/uf850
[11.050s] -- Installing: /home/melissa/Documentos/Robots_Mobiles/Mobile-Robots-2026-1/install/xarm_description/share/xarm_description//meshes/uf850/collision
[11.052s] -- Installing: /home/melissa/Documentos/Robots_Mobiles/Mobile-Robots-2026-1/install/xarm_description/share/xarm_description//meshes/uf850/collision/link_base.stl
[11.064s] -- Installing: /home/melissa/Documentos/Robots_Mobiles/Mobile-Robots-2026-1/install/xarm_description/share/xarm_description//meshes/uf850/collision/link5.stl
[11.067s] -- Installing: /home/melissa/Documentos/Robots_Mobiles/Mobile-Robots-2026-1/install/xarm_description/share/xarm_description//meshes/uf850/collision/link2.stl
[11.074s] -- Installing: /home/melissa/Documentos/Robots_Mobiles/Mobile-Robots-2026-1/install/xarm_description/share/xarm_description//meshes/uf850/collision/link6.stl
[11.079s] -- Installing: /home/melissa/Documentos/Robots_Mobiles/Mobile-Robots-2026-1/install/xarm_description/share/xarm_description//meshes/uf850/collision/link4.stl
[11.090s] -- Installing: /home/melissa/Documentos/Robots_Mobiles/Mobile-Robots-2026-1/install/xarm_description/share/xarm_description//meshes/uf850/collision/link1.stl
[11.098s] -- Installing: /home/melissa/Documentos/Robots_Mobiles/Mobile-Robots-2026-1/install/xarm_description/share/xarm_description//meshes/uf850/collision/link3.stl
[11.107s] -- Installing: /home/melissa/Documentos/Robots_Mobiles/Mobile-Robots-2026-1/install/xarm_description/share/xarm_description//meshes/uf850/visual
[11.108s] -- Installing: /home/melissa/Documentos/Robots_Mobiles/Mobile-Robots-2026-1/install/xarm_description/share/xarm_description//meshes/uf850/visual/link_base.stl
[11.118s] -- Installing: /home/melissa/Documentos/Robots_Mobiles/Mobile-Robots-2026-1/install/xarm_description/share/xarm_description//meshes/uf850/visual/link5.stl
[11.124s] -- Installing: /home/melissa/Documentos/Robots_Mobiles/Mobile-Robots-2026-1/install/xarm_description/share/xarm_description//meshes/uf850/visual/link2.stl
[11.129s] -- Installing: /home/melissa/Documentos/Robots_Mobiles/Mobile-Robots-2026-1/install/xarm_description/share/xarm_description//meshes/uf850/visual/link6.stl
[11.144s] -- Installing: /home/melissa/Documentos/Robots_Mobiles/Mobile-Robots-2026-1/install/xarm_description/share/xarm_description//meshes/uf850/visual/link4.stl
[11.150s] -- Installing: /home/melissa/Documentos/Robots_Mobiles/Mobile-Robots-2026-1/install/xarm_description/share/xarm_description//meshes/uf850/visual/link1.stl
[11.157s] -- Installing: /home/melissa/Documentos/Robots_Mobiles/Mobile-Robots-2026-1/install/xarm_description/share/xarm_description//meshes/uf850/visual/link3.stl
[11.169s] -- Installing: /home/melissa/Documentos/Robots_Mobiles/Mobile-Robots-2026-1/install/xarm_description/share/xarm_description//meshes/xarm6_1305
[11.171s] -- Installing: /home/melissa/Documentos/Robots_Mobiles/Mobile-Robots-2026-1/install/xarm_description/share/xarm_description//meshes/xarm6_1305/collision
[11.174s] -- Installing: /home/melissa/Documentos/Robots_Mobiles/Mobile-Robots-2026-1/install/xarm_description/share/xarm_description//meshes/xarm6_1305/collision/link6.obj
[11.176s] -- Installing: /home/melissa/Documentos/Robots_Mobiles/Mobile-Robots-2026-1/install/xarm_description/share/xarm_description//meshes/xarm6_1305/collision/link2.obj
[11.182s] -- Installing: /home/melissa/Documentos/Robots_Mobiles/Mobile-Robots-2026-1/install/xarm_description/share/xarm_description//meshes/xarm6_1305/collision/link4.obj
[11.186s] -- Installing: /home/melissa/Documentos/Robots_Mobiles/Mobile-Robots-2026-1/install/xarm_description/share/xarm_description//meshes/xarm6_1305/collision/link3.obj
[11.191s] -- Installing: /home/melissa/Documentos/Robots_Mobiles/Mobile-Robots-2026-1/install/xarm_description/share/xarm_description//meshes/xarm6_1305/collision/link_base.obj
[11.199s] -- Installing: /home/melissa/Documentos/Robots_Mobiles/Mobile-Robots-2026-1/install/xarm_description/share/xarm_description//meshes/xarm6_1305/collision/link1.obj
[11.204s] -- Installing: /home/melissa/Documentos/Robots_Mobiles/Mobile-Robots-2026-1/install/xarm_description/share/xarm_description//meshes/xarm6_1305/collision/link5.obj
[11.211s] -- Installing: /home/melissa/Documentos/Robots_Mobiles/Mobile-Robots-2026-1/install/xarm_description/share/xarm_description//meshes/xarm6_1305/visual
[11.212s] -- Installing: /home/melissa/Documentos/Robots_Mobiles/Mobile-Robots-2026-1/install/xarm_description/share/xarm_description//meshes/xarm6_1305/visual/link_base.stl
[11.218s] -- Installing: /home/melissa/Documentos/Robots_Mobiles/Mobile-Robots-2026-1/install/xarm_description/share/xarm_description//meshes/xarm6_1305/visual/link5.stl
[11.237s] -- Installing: /home/melissa/Documentos/Robots_Mobiles/Mobile-Robots-2026-1/install/xarm_description/share/xarm_description//meshes/xarm6_1305/visual/link2.stl
[11.250s] -- Installing: /home/melissa/Documentos/Robots_Mobiles/Mobile-Robots-2026-1/install/xarm_description/share/xarm_description//meshes/xarm6_1305/visual/link6.stl
[11.254s] -- Installing: /home/melissa/Documentos/Robots_Mobiles/Mobile-Robots-2026-1/install/xarm_description/share/xarm_description//meshes/xarm6_1305/visual/link4.stl
[11.271s] -- Installing: /home/melissa/Documentos/Robots_Mobiles/Mobile-Robots-2026-1/install/xarm_description/share/xarm_description//meshes/xarm6_1305/visual/link1.stl
[11.279s] -- Installing: /home/melissa/Documentos/Robots_Mobiles/Mobile-Robots-2026-1/install/xarm_description/share/xarm_description//meshes/xarm6_1305/visual/link3.stl
[11.290s] -- Installing: /home/melissa/Documentos/Robots_Mobiles/Mobile-Robots-2026-1/install/xarm_description/share/xarm_description//meshes/xarm7
[11.291s] -- Installing: /home/melissa/Documentos/Robots_Mobiles/Mobile-Robots-2026-1/install/xarm_description/share/xarm_description//meshes/xarm7/visual
[11.307s] -- Installing: /home/melissa/Documentos/Robots_Mobiles/Mobile-Robots-2026-1/install/xarm_description/share/xarm_description//meshes/xarm7/visual/link_base.stl
[11.308s] -- Installing: /home/melissa/Documentos/Robots_Mobiles/Mobile-Robots-2026-1/install/xarm_description/share/xarm_description//meshes/xarm7/visual/link5.stl
[11.316s] -- Installing: /home/melissa/Documentos/Robots_Mobiles/Mobile-Robots-2026-1/install/xarm_description/share/xarm_description//meshes/xarm7/visual/link2.stl
[11.321s] -- Installing: /home/melissa/Documentos/Robots_Mobiles/Mobile-Robots-2026-1/install/xarm_description/share/xarm_description//meshes/xarm7/visual/link6.stl
[11.326s] -- Installing: /home/melissa/Documentos/Robots_Mobiles/Mobile-Robots-2026-1/install/xarm_description/share/xarm_description//meshes/xarm7/visual/link4.stl
[11.338s] -- Installing: /home/melissa/Documentos/Robots_Mobiles/Mobile-Robots-2026-1/install/xarm_description/share/xarm_description//meshes/xarm7/visual/link1.stl
[11.349s] -- Installing: /home/melissa/Documentos/Robots_Mobiles/Mobile-Robots-2026-1/install/xarm_description/share/xarm_description//meshes/xarm7/visual/link3.stl
[11.366s] -- Installing: /home/melissa/Documentos/Robots_Mobiles/Mobile-Robots-2026-1/install/xarm_description/share/xarm_description//meshes/xarm7/visual/link7.stl
[11.369s] -- Installing: /home/melissa/Documentos/Robots_Mobiles/Mobile-Robots-2026-1/install/xarm_description/share/xarm_description//meshes/lite6
[11.371s] -- Installing: /home/melissa/Documentos/Robots_Mobiles/Mobile-Robots-2026-1/install/xarm_description/share/xarm_description//meshes/lite6/collision
[11.371s] -- Installing: /home/melissa/Documentos/Robots_Mobiles/Mobile-Robots-2026-1/install/xarm_description/share/xarm_description//meshes/lite6/collision/link_base.stl
[11.378s] -- Installing: /home/melissa/Documentos/Robots_Mobiles/Mobile-Robots-2026-1/install/xarm_description/share/xarm_description//meshes/lite6/collision/link5.stl
[11.392s] -- Installing: /home/melissa/Documentos/Robots_Mobiles/Mobile-Robots-2026-1/install/xarm_description/share/xarm_description//meshes/lite6/collision/link2.stl
[11.398s] -- Installing: /home/melissa/Documentos/Robots_Mobiles/Mobile-Robots-2026-1/install/xarm_description/share/xarm_description//meshes/lite6/collision/link6.stl
[11.401s] -- Installing: /home/melissa/Documentos/Robots_Mobiles/Mobile-Robots-2026-1/install/xarm_description/share/xarm_description//meshes/lite6/collision/link4.stl
[11.415s] -- Installing: /home/melissa/Documentos/Robots_Mobiles/Mobile-Robots-2026-1/install/xarm_description/share/xarm_description//meshes/lite6/collision/link1.stl
[11.418s] -- Installing: /home/melissa/Documentos/Robots_Mobiles/Mobile-Robots-2026-1/install/xarm_description/share/xarm_description//meshes/lite6/collision/link3.stl
[11.422s] -- Installing: /home/melissa/Documentos/Robots_Mobiles/Mobile-Robots-2026-1/install/xarm_description/share/xarm_description//meshes/lite6/visual
[11.423s] -- Installing: /home/melissa/Documentos/Robots_Mobiles/Mobile-Robots-2026-1/install/xarm_description/share/xarm_description//meshes/lite6/visual/link_base.stl
[11.436s] -- Installing: /home/melissa/Documentos/Robots_Mobiles/Mobile-Robots-2026-1/install/xarm_description/share/xarm_description//meshes/lite6/visual/link5.stl
[11.448s] -- Installing: /home/melissa/Documentos/Robots_Mobiles/Mobile-Robots-2026-1/install/xarm_description/share/xarm_description//meshes/lite6/visual/link2.stl
[11.449s] -- Installing: /home/melissa/Documentos/Robots_Mobiles/Mobile-Robots-2026-1/install/xarm_description/share/xarm_description//meshes/lite6/visual/link6.stl
[11.462s] -- Installing: /home/melissa/Documentos/Robots_Mobiles/Mobile-Robots-2026-1/install/xarm_description/share/xarm_description//meshes/lite6/visual/link4.stl
[11.470s] -- Installing: /home/melissa/Documentos/Robots_Mobiles/Mobile-Robots-2026-1/install/xarm_description/share/xarm_description//meshes/lite6/visual/link1.stl
[11.478s] -- Installing: /home/melissa/Documentos/Robots_Mobiles/Mobile-Robots-2026-1/install/xarm_description/share/xarm_description//meshes/lite6/visual/link3.stl
[11.490s] -- Installing: /home/melissa/Documentos/Robots_Mobiles/Mobile-Robots-2026-1/install/xarm_description/share/xarm_description//meshes/xarm5_1305
[11.497s] -- Installing: /home/melissa/Documentos/Robots_Mobiles/Mobile-Robots-2026-1/install/xarm_description/share/xarm_description//meshes/xarm5_1305/collision
[11.503s] -- Installing: /home/melissa/Documentos/Robots_Mobiles/Mobile-Robots-2026-1/install/xarm_description/share/xarm_description//meshes/xarm5_1305/collision/link2.obj
[11.511s] -- Installing: /home/melissa/Documentos/Robots_Mobiles/Mobile-Robots-2026-1/install/xarm_description/share/xarm_description//meshes/xarm5_1305/collision/link4.obj
[11.513s] -- Installing: /home/melissa/Documentos/Robots_Mobiles/Mobile-Robots-2026-1/install/xarm_description/share/xarm_description//meshes/xarm5_1305/collision/link3.obj
[11.522s] -- Installing: /home/melissa/Documentos/Robots_Mobiles/Mobile-Robots-2026-1/install/xarm_description/share/xarm_description//meshes/xarm5_1305/collision/link_base.obj
[11.524s] -- Installing: /home/melissa/Documentos/Robots_Mobiles/Mobile-Robots-2026-1/install/xarm_description/share/xarm_description//meshes/xarm5_1305/collision/link1.obj
[11.529s] -- Installing: /home/melissa/Documentos/Robots_Mobiles/Mobile-Robots-2026-1/install/xarm_description/share/xarm_description//meshes/xarm5_1305/collision/link5.obj
[11.530s] -- Installing: /home/melissa/Documentos/Robots_Mobiles/Mobile-Robots-2026-1/install/xarm_description/share/xarm_description//meshes/xarm5_1305/visual
[11.540s] -- Installing: /home/melissa/Documentos/Robots_Mobiles/Mobile-Robots-2026-1/install/xarm_description/share/xarm_description//meshes/xarm5_1305/visual/link_base.stl
[11.541s] -- Installing: /home/melissa/Documentos/Robots_Mobiles/Mobile-Robots-2026-1/install/xarm_description/share/xarm_description//meshes/xarm5_1305/visual/link5.stl
[11.542s] -- Installing: /home/melissa/Documentos/Robots_Mobiles/Mobile-Robots-2026-1/install/xarm_description/share/xarm_description//meshes/xarm5_1305/visual/link2.stl
[11.551s] -- Installing: /home/melissa/Documentos/Robots_Mobiles/Mobile-Robots-2026-1/install/xarm_description/share/xarm_description//meshes/xarm5_1305/visual/link4.stl
[11.571s] -- Installing: /home/melissa/Documentos/Robots_Mobiles/Mobile-Robots-2026-1/install/xarm_description/share/xarm_description//meshes/xarm5_1305/visual/link1.stl
[11.576s] -- Installing: /home/melissa/Documentos/Robots_Mobiles/Mobile-Robots-2026-1/install/xarm_description/share/xarm_description//meshes/xarm5_1305/visual/link3.stl
[11.591s] -- Installing: /home/melissa/Documentos/Robots_Mobiles/Mobile-Robots-2026-1/install/xarm_description/share/xarm_description//meshes/vacuum_gripper
[11.592s] -- Installing: /home/melissa/Documentos/Robots_Mobiles/Mobile-Robots-2026-1/install/xarm_description/share/xarm_description//meshes/vacuum_gripper/xarm
[11.592s] -- Installing: /home/melissa/Documentos/Robots_Mobiles/Mobile-Robots-2026-1/install/xarm_description/share/xarm_description//meshes/vacuum_gripper/xarm/collision
[11.603s] -- Installing: /home/melissa/Documentos/Robots_Mobiles/Mobile-Robots-2026-1/install/xarm_description/share/xarm_description//meshes/vacuum_gripper/xarm/collision/vacuum_gripper.stl
[11.605s] -- Installing: /home/melissa/Documentos/Robots_Mobiles/Mobile-Robots-2026-1/install/xarm_description/share/xarm_description//meshes/vacuum_gripper/xarm/visual
[11.609s] -- Installing: /home/melissa/Documentos/Robots_Mobiles/Mobile-Robots-2026-1/install/xarm_description/share/xarm_description//meshes/vacuum_gripper/xarm/visual/vacuum_gripper.stl
[11.618s] -- Installing: /home/melissa/Documentos/Robots_Mobiles/Mobile-Robots-2026-1/install/xarm_description/share/xarm_description//meshes/vacuum_gripper/lite
[11.619s] -- Installing: /home/melissa/Documentos/Robots_Mobiles/Mobile-Robots-2026-1/install/xarm_description/share/xarm_description//meshes/vacuum_gripper/lite/collision
[11.627s] -- Installing: /home/melissa/Documentos/Robots_Mobiles/Mobile-Robots-2026-1/install/xarm_description/share/xarm_description//meshes/vacuum_gripper/lite/collision/vacuum_gripper_lite.stl
[11.628s] -- Installing: /home/melissa/Documentos/Robots_Mobiles/Mobile-Robots-2026-1/install/xarm_description/share/xarm_description//meshes/vacuum_gripper/lite/visual
[11.631s] -- Installing: /home/melissa/Documentos/Robots_Mobiles/Mobile-Robots-2026-1/install/xarm_description/share/xarm_description//meshes/vacuum_gripper/lite/visual/vacuum_gripper_lite.stl
[11.647s] -- Installing: /home/melissa/Documentos/Robots_Mobiles/Mobile-Robots-2026-1/install/xarm_description/share/xarm_description//launch
[11.651s] -- Installing: /home/melissa/Documentos/Robots_Mobiles/Mobile-Robots-2026-1/install/xarm_description/share/xarm_description//launch/_robot_joint_state.launch.py
[11.656s] -- Installing: /home/melissa/Documentos/Robots_Mobiles/Mobile-Robots-2026-1/install/xarm_description/share/xarm_description//launch/xarm6_rviz_display.launch.py
[11.657s] -- Installing: /home/melissa/Documentos/Robots_Mobiles/Mobile-Robots-2026-1/install/xarm_description/share/xarm_description//launch/_robot_description.launch.py
[11.658s] -- Installing: /home/melissa/Documentos/Robots_Mobiles/Mobile-Robots-2026-1/install/xarm_description/share/xarm_description//launch/_rviz_display.launch.py
[11.662s] -- Installing: /home/melissa/Documentos/Robots_Mobiles/Mobile-Robots-2026-1/install/xarm_description/share/xarm_description//launch/xarm7_mirror_rviz_display.launch.py
[11.663s] -- Installing: /home/melissa/Documentos/Robots_Mobiles/Mobile-Robots-2026-1/install/xarm_description/share/xarm_description//launch/uf850_rviz_display.launch.py
[11.669s] -- Installing: /home/melissa/Documentos/Robots_Mobiles/Mobile-Robots-2026-1/install/xarm_description/share/xarm_description//launch/_robot_rviz_display.launch.py
[11.674s] -- Installing: /home/melissa/Documentos/Robots_Mobiles/Mobile-Robots-2026-1/install/xarm_description/share/xarm_description//launch/lib
[11.676s] -- Installing: /home/melissa/Documentos/Robots_Mobiles/Mobile-Robots-2026-1/install/xarm_description/share/xarm_description//launch/lib/robot_description_lib.py
[11.681s] -- Installing: /home/melissa/Documentos/Robots_Mobiles/Mobile-Robots-2026-1/install/xarm_description/share/xarm_description//launch/xarm7_rviz_display.launch.py
[11.682s] -- Installing: /home/melissa/Documentos/Robots_Mobiles/Mobile-Robots-2026-1/install/xarm_description/share/xarm_description//launch/lite6_rviz_display.launch.py
[11.687s] -- Installing: /home/melissa/Documentos/Robots_Mobiles/Mobile-Robots-2026-1/install/xarm_description/share/xarm_description//launch/xarm5_rviz_display.launch.py
[11.695s] -- Installing: /home/melissa/Documentos/Robots_Mobiles/Mobile-Robots-2026-1/install/xarm_description/share/ament_index/resource_index/package_run_dependencies/xarm_description
[11.708s] -- Installing: /home/melissa/Documentos/Robots_Mobiles/Mobile-Robots-2026-1/install/xarm_description/share/ament_index/resource_index/parent_prefix_path/xarm_description
[11.713s] -- Installing: /home/melissa/Documentos/Robots_Mobiles/Mobile-Robots-2026-1/install/xarm_description/share/xarm_description/environment/ament_prefix_path.sh
[11.717s] -- Installing: /home/melissa/Documentos/Robots_Mobiles/Mobile-Robots-2026-1/install/xarm_description/share/xarm_description/environment/ament_prefix_path.dsv
[11.721s] -- Installing: /home/melissa/Documentos/Robots_Mobiles/Mobile-Robots-2026-1/install/xarm_description/share/xarm_description/environment/path.sh
[11.723s] -- Installing: /home/melissa/Documentos/Robots_Mobiles/Mobile-Robots-2026-1/install/xarm_description/share/xarm_description/environment/path.dsv
[11.725s] -- Installing: /home/melissa/Documentos/Robots_Mobiles/Mobile-Robots-2026-1/install/xarm_description/share/xarm_description/local_setup.bash
[11.731s] -- Installing: /home/melissa/Documentos/Robots_Mobiles/Mobile-Robots-2026-1/install/xarm_description/share/xarm_description/local_setup.sh
[11.732s] -- Installing: /home/melissa/Documentos/Robots_Mobiles/Mobile-Robots-2026-1/install/xarm_description/share/xarm_description/local_setup.zsh
[11.736s] -- Installing: /home/melissa/Documentos/Robots_Mobiles/Mobile-Robots-2026-1/install/xarm_description/share/xarm_description/local_setup.dsv
[11.739s] -- Installing: /home/melissa/Documentos/Robots_Mobiles/Mobile-Robots-2026-1/install/xarm_description/share/xarm_description/package.dsv
[11.760s] -- Installing: /home/melissa/Documentos/Robots_Mobiles/Mobile-Robots-2026-1/install/xarm_description/share/ament_index/resource_index/packages/xarm_description
[11.761s] -- Installing: /home/melissa/Documentos/Robots_Mobiles/Mobile-Robots-2026-1/install/xarm_description/share/xarm_description/cmake/xarm_descriptionConfig.cmake
[11.766s] -- Installing: /home/melissa/Documentos/Robots_Mobiles/Mobile-Robots-2026-1/install/xarm_description/share/xarm_description/cmake/xarm_descriptionConfig-version.cmake
[11.767s] -- Installing: /home/melissa/Documentos/Robots_Mobiles/Mobile-Robots-2026-1/install/xarm_description/share/xarm_description/package.xml
[11.790s] Invoked command in '/home/melissa/Documentos/Robots_Mobiles/Mobile-Robots-2026-1/build/xarm_description' returned '0': CMAKE_PREFIX_PATH=${CMAKE_PREFIX_PATH}:/opt/ros/jazzy DEBUGINFOD_URLS=https://debuginfod.ubuntu.com /usr/bin/cmake --install /home/melissa/Documentos/Robots_Mobiles/Mobile-Robots-2026-1/build/xarm_description
