[0.147s] Invoking command in '/home/catcyber02/Mobile-Robots-2026-1/build/config_files': CMAKE_PREFIX_PATH=${CMAKE_PREFIX_PATH}:/home/catcyber02/Mobile-Robots-2026-1/ros2_ws/install/uf_ros_lib:/home/catcyber02/Mobile-Robots-2026-1/ros2_ws/install/simple_move:/opt/ros/jazzy DEBUGINFOD_URLS=https://debuginfod.ubuntu.com /usr/bin/cmake --build /home/catcyber02/Mobile-Robots-2026-1/build/config_files -- -j8 -l8
[1.401s] Invoked command in '/home/catcyber02/Mobile-Robots-2026-1/build/config_files' returned '0': CMAKE_PREFIX_PATH=${CMAKE_PREFIX_PATH}:/home/catcyber02/Mobile-Robots-2026-1/ros2_ws/install/uf_ros_lib:/home/catcyber02/Mobile-Robots-2026-1/ros2_ws/install/simple_move:/opt/ros/jazzy DEBUGINFOD_URLS=https://debuginfod.ubuntu.com /usr/bin/cmake --build /home/catcyber02/Mobile-Robots-2026-1/build/config_files -- -j8 -l8
[1.403s] Invoking command in '/home/catcyber02/Mobile-Robots-2026-1/build/config_files': CMAKE_PREFIX_PATH=${CMAKE_PREFIX_PATH}:/home/catcyber02/Mobile-Robots-2026-1/ros2_ws/install/uf_ros_lib:/home/catcyber02/Mobile-Robots-2026-1/ros2_ws/install/simple_move:/opt/ros/jazzy DEBUGINFOD_URLS=https://debuginfod.ubuntu.com /usr/bin/cmake --install /home/catcyber02/Mobile-Robots-2026-1/build/config_files
[1.799s] -- Install configuration: ""
[1.800s] -- Up-to-date: /home/catcyber02/Mobile-Robots-2026-1/install/config_files/share/config_files/rviz
[1.800s] -- Up-to-date: /home/catcyber02/Mobile-Robots-2026-1/install/config_files/share/config_files/rviz/simple_house.rviz
[1.800s] -- Up-to-date: /home/catcyber02/Mobile-Robots-2026-1/install/config_files/share/config_files/navigation
[1.800s] -- Up-to-date: /home/catcyber02/Mobile-Robots-2026-1/install/config_files/share/config_files/navigation/simple_house.pgm
[1.803s] -- Up-to-date: /home/catcyber02/Mobile-Robots-2026-1/install/config_files/share/config_files/navigation/simple_house.yaml
[1.804s] -- Up-to-date: /home/catcyber02/Mobile-Robots-2026-1/install/config_files/share/config_files/navigation/mapper_params.yaml
[1.805s] -- Up-to-date: /home/catcyber02/Mobile-Robots-2026-1/install/config_files/share/ament_index/resource_index/package_run_dependencies/config_files
[1.805s] -- Up-to-date: /home/catcyber02/Mobile-Robots-2026-1/install/config_files/share/ament_index/resource_index/parent_prefix_path/config_files
[1.806s] -- Up-to-date: /home/catcyber02/Mobile-Robots-2026-1/install/config_files/share/config_files/environment/ament_prefix_path.sh
[1.807s] -- Up-to-date: /home/catcyber02/Mobile-Robots-2026-1/install/config_files/share/config_files/environment/ament_prefix_path.dsv
[1.809s] -- Up-to-date: /home/catcyber02/Mobile-Robots-2026-1/install/config_files/share/config_files/environment/path.sh
[1.811s] -- Up-to-date: /home/catcyber02/Mobile-Robots-2026-1/install/config_files/share/config_files/environment/path.dsv
[1.812s] -- Up-to-date: /home/catcyber02/Mobile-Robots-2026-1/install/config_files/share/config_files/local_setup.bash
[1.813s] -- Up-to-date: /home/catcyber02/Mobile-Robots-2026-1/install/config_files/share/config_files/local_setup.sh
[1.813s] -- Up-to-date: /home/catcyber02/Mobile-Robots-2026-1/install/config_files/share/config_files/local_setup.zsh
[1.813s] -- Up-to-date: /home/catcyber02/Mobile-Robots-2026-1/install/config_files/share/config_files/local_setup.dsv
[1.814s] -- Installing: /home/catcyber02/Mobile-Robots-2026-1/install/config_files/share/config_files/package.dsv
[1.814s] -- Up-to-date: /home/catcyber02/Mobile-Robots-2026-1/install/config_files/share/ament_index/resource_index/packages/config_files
[1.814s] -- Up-to-date: /home/catcyber02/Mobile-Robots-2026-1/install/config_files/share/config_files/cmake/config_filesConfig.cmake
[1.814s] -- Up-to-date: /home/catcyber02/Mobile-Robots-2026-1/install/config_files/share/config_files/cmake/config_filesConfig-version.cmake
[1.816s] -- Up-to-date: /home/catcyber02/Mobile-Robots-2026-1/install/config_files/share/config_files/package.xml
[2.466s] Invoked command in '/home/catcyber02/Mobile-Robots-2026-1/build/config_files' returned '0': CMAKE_PREFIX_PATH=${CMAKE_PREFIX_PATH}:/home/catcyber02/Mobile-Robots-2026-1/ros2_ws/install/uf_ros_lib:/home/catcyber02/Mobile-Robots-2026-1/ros2_ws/install/simple_move:/opt/ros/jazzy DEBUGINFOD_URLS=https://debuginfod.ubuntu.com /usr/bin/cmake --install /home/catcyber02/Mobile-Robots-2026-1/build/config_files
