[0.162s] Invoking command in '/home/melissa/Documentos/Robots_Mobiles/Mobile-Robots-2026-1/build/justina_description': CMAKE_PREFIX_PATH=${CMAKE_PREFIX_PATH}:/opt/ros/jazzy DEBUGINFOD_URLS=https://debuginfod.ubuntu.com /usr/bin/cmake /home/melissa/Documentos/Robots_Mobiles/Mobile-Robots-2026-1/ros2_ws/src/hardware/justina_description -DCMAKE_INSTALL_PREFIX=/home/melissa/Documentos/Robots_Mobiles/Mobile-Robots-2026-1/install/justina_description
[0.589s] -- The C compiler identification is GNU 13.3.0
[1.047s] -- The CXX compiler identification is GNU 13.3.0
[1.177s] -- Detecting C compiler ABI info
[1.836s] -- Detecting C compiler ABI info - done
[1.949s] -- Check for working C compiler: /usr/bin/cc - skipped
[1.953s] -- Detecting C compile features
[1.967s] -- Detecting C compile features - done
[2.085s] -- Detecting CXX compiler ABI info
[3.027s] -- Detecting CXX compiler ABI info - done
[3.349s] -- Check for working CXX compiler: /usr/bin/c++ - skipped
[3.351s] -- Detecting CXX compile features
[3.357s] -- Detecting CXX compile features - done
[3.405s] -- Found ament_cmake: 2.5.4 (/opt/ros/jazzy/share/ament_cmake/cmake)
[5.360s] -- Found Python3: /usr/bin/python3 (found version "3.12.3") found components: Interpreter 
[7.587s] -- Found ament_lint_auto: 0.17.3 (/opt/ros/jazzy/share/ament_lint_auto/cmake)
[9.246s] -- Added test 'lint_cmake' to check CMake code style
[9.270s] -- Added test 'xmllint' to check XML markup files
[9.290s] -- Configuring done (9.1s)
[9.321s] -- Generating done (0.0s)
[9.338s] -- Build files have been written to: /home/melissa/Documentos/Robots_Mobiles/Mobile-Robots-2026-1/build/justina_description
[9.377s] Invoked command in '/home/melissa/Documentos/Robots_Mobiles/Mobile-Robots-2026-1/build/justina_description' returned '0': CMAKE_PREFIX_PATH=${CMAKE_PREFIX_PATH}:/opt/ros/jazzy DEBUGINFOD_URLS=https://debuginfod.ubuntu.com /usr/bin/cmake /home/melissa/Documentos/Robots_Mobiles/Mobile-Robots-2026-1/ros2_ws/src/hardware/justina_description -DCMAKE_INSTALL_PREFIX=/home/melissa/Documentos/Robots_Mobiles/Mobile-Robots-2026-1/install/justina_description
[9.382s] Invoking command in '/home/melissa/Documentos/Robots_Mobiles/Mobile-Robots-2026-1/build/justina_description': CMAKE_PREFIX_PATH=${CMAKE_PREFIX_PATH}:/opt/ros/jazzy DEBUGINFOD_URLS=https://debuginfod.ubuntu.com /usr/bin/cmake --build /home/melissa/Documentos/Robots_Mobiles/Mobile-Robots-2026-1/build/justina_description -- -j4 -l4
[9.981s] Invoked command in '/home/melissa/Documentos/Robots_Mobiles/Mobile-Robots-2026-1/build/justina_description' returned '0': CMAKE_PREFIX_PATH=${CMAKE_PREFIX_PATH}:/opt/ros/jazzy DEBUGINFOD_URLS=https://debuginfod.ubuntu.com /usr/bin/cmake --build /home/melissa/Documentos/Robots_Mobiles/Mobile-Robots-2026-1/build/justina_description -- -j4 -l4
[9.984s] Invoking command in '/home/melissa/Documentos/Robots_Mobiles/Mobile-Robots-2026-1/build/justina_description': CMAKE_PREFIX_PATH=${CMAKE_PREFIX_PATH}:/opt/ros/jazzy DEBUGINFOD_URLS=https://debuginfod.ubuntu.com /usr/bin/cmake --install /home/melissa/Documentos/Robots_Mobiles/Mobile-Robots-2026-1/build/justina_description
[10.126s] -- Install configuration: ""
[10.158s] -- Installing: /home/melissa/Documentos/Robots_Mobiles/Mobile-Robots-2026-1/install/justina_description/share/justina_description/urdf
[10.199s] -- Installing: /home/melissa/Documentos/Robots_Mobiles/Mobile-Robots-2026-1/install/justina_description/share/justina_description/urdf/justina.xacro
[10.200s] -- Installing: /home/melissa/Documentos/Robots_Mobiles/Mobile-Robots-2026-1/install/justina_description/share/justina_description/urdf/justina_base.xacro
[10.201s] -- Installing: /home/melissa/Documentos/Robots_Mobiles/Mobile-Robots-2026-1/install/justina_description/share/ament_index/resource_index/package_run_dependencies/justina_description
[10.206s] -- Installing: /home/melissa/Documentos/Robots_Mobiles/Mobile-Robots-2026-1/install/justina_description/share/ament_index/resource_index/parent_prefix_path/justina_description
[10.217s] -- Installing: /home/melissa/Documentos/Robots_Mobiles/Mobile-Robots-2026-1/install/justina_description/share/justina_description/environment/ament_prefix_path.sh
[10.232s] -- Installing: /home/melissa/Documentos/Robots_Mobiles/Mobile-Robots-2026-1/install/justina_description/share/justina_description/environment/ament_prefix_path.dsv
[10.233s] -- Installing: /home/melissa/Documentos/Robots_Mobiles/Mobile-Robots-2026-1/install/justina_description/share/justina_description/environment/path.sh
[10.233s] -- Installing: /home/melissa/Documentos/Robots_Mobiles/Mobile-Robots-2026-1/install/justina_description/share/justina_description/environment/path.dsv
[10.241s] -- Installing: /home/melissa/Documentos/Robots_Mobiles/Mobile-Robots-2026-1/install/justina_description/share/justina_description/local_setup.bash
[10.242s] -- Installing: /home/melissa/Documentos/Robots_Mobiles/Mobile-Robots-2026-1/install/justina_description/share/justina_description/local_setup.sh
[10.248s] -- Installing: /home/melissa/Documentos/Robots_Mobiles/Mobile-Robots-2026-1/install/justina_description/share/justina_description/local_setup.zsh
[10.249s] -- Installing: /home/melissa/Documentos/Robots_Mobiles/Mobile-Robots-2026-1/install/justina_description/share/justina_description/local_setup.dsv
[10.251s] -- Installing: /home/melissa/Documentos/Robots_Mobiles/Mobile-Robots-2026-1/install/justina_description/share/justina_description/package.dsv
[10.255s] -- Installing: /home/melissa/Documentos/Robots_Mobiles/Mobile-Robots-2026-1/install/justina_description/share/ament_index/resource_index/packages/justina_description
[10.256s] -- Installing: /home/melissa/Documentos/Robots_Mobiles/Mobile-Robots-2026-1/install/justina_description/share/justina_description/cmake/justina_descriptionConfig.cmake
[10.256s] -- Installing: /home/melissa/Documentos/Robots_Mobiles/Mobile-Robots-2026-1/install/justina_description/share/justina_description/cmake/justina_descriptionConfig-version.cmake
[10.266s] -- Installing: /home/melissa/Documentos/Robots_Mobiles/Mobile-Robots-2026-1/install/justina_description/share/justina_description/package.xml
[10.268s] Invoked command in '/home/melissa/Documentos/Robots_Mobiles/Mobile-Robots-2026-1/build/justina_description' returned '0': CMAKE_PREFIX_PATH=${CMAKE_PREFIX_PATH}:/opt/ros/jazzy DEBUGINFOD_URLS=https://debuginfod.ubuntu.com /usr/bin/cmake --install /home/melissa/Documentos/Robots_Mobiles/Mobile-Robots-2026-1/build/justina_description
