[0.031s] Invoking command in '/home/quarcks/Mobile-Robots-2026-1/build/justina_description': CMAKE_PREFIX_PATH=${CMAKE_PREFIX_PATH}:/home/quarcks/Mobile-Robots-2026-1/ros2_ws/install/uf_ros_lib:/home/quarcks/Mobile-Robots-2026-1/ros2_ws/install/simple_move:/opt/ros/jazzy DEBUGINFOD_URLS=https://debuginfod.ubuntu.com /usr/bin/cmake /home/quarcks/Mobile-Robots-2026-1/ros2_ws/src/hardware/justina_description -DCMAKE_INSTALL_PREFIX=/home/quarcks/Mobile-Robots-2026-1/install/justina_description
[0.791s] -- The C compiler identification is GNU 13.3.0
[0.791s] -- The CXX compiler identification is GNU 13.3.0
[0.791s] -- Detecting C compiler ABI info
[0.791s] -- Detecting C compiler ABI info - done
[0.791s] -- Check for working C compiler: /usr/bin/cc - skipped
[0.791s] -- Detecting C compile features
[0.791s] -- Detecting C compile features - done
[0.791s] -- Detecting CXX compiler ABI info
[0.791s] -- Detecting CXX compiler ABI info - done
[0.791s] -- Check for working CXX compiler: /usr/bin/c++ - skipped
[0.791s] -- Detecting CXX compile features
[0.792s] -- Detecting CXX compile features - done
[0.792s] -- Found ament_cmake: 2.5.4 (/opt/ros/jazzy/share/ament_cmake/cmake)
[0.792s] -- Found Python3: /usr/bin/python3 (found version "3.12.3") found components: Interpreter 
[0.793s] -- Found ament_lint_auto: 0.17.3 (/opt/ros/jazzy/share/ament_lint_auto/cmake)
[0.953s] -- Added test 'lint_cmake' to check CMake code style
[0.955s] -- Added test 'xmllint' to check XML markup files
[0.958s] -- Configuring done (0.9s)
[0.961s] -- Generating done (0.0s)
[0.963s] -- Build files have been written to: /home/quarcks/Mobile-Robots-2026-1/build/justina_description
[1.039s] Invoked command in '/home/quarcks/Mobile-Robots-2026-1/build/justina_description' returned '0': CMAKE_PREFIX_PATH=${CMAKE_PREFIX_PATH}:/home/quarcks/Mobile-Robots-2026-1/ros2_ws/install/uf_ros_lib:/home/quarcks/Mobile-Robots-2026-1/ros2_ws/install/simple_move:/opt/ros/jazzy DEBUGINFOD_URLS=https://debuginfod.ubuntu.com /usr/bin/cmake /home/quarcks/Mobile-Robots-2026-1/ros2_ws/src/hardware/justina_description -DCMAKE_INSTALL_PREFIX=/home/quarcks/Mobile-Robots-2026-1/install/justina_description
[1.041s] Invoking command in '/home/quarcks/Mobile-Robots-2026-1/build/justina_description': CMAKE_PREFIX_PATH=${CMAKE_PREFIX_PATH}:/home/quarcks/Mobile-Robots-2026-1/ros2_ws/install/uf_ros_lib:/home/quarcks/Mobile-Robots-2026-1/ros2_ws/install/simple_move:/opt/ros/jazzy DEBUGINFOD_URLS=https://debuginfod.ubuntu.com /usr/bin/cmake --build /home/quarcks/Mobile-Robots-2026-1/build/justina_description -- -j12 -l12
[1.089s] Invoked command in '/home/quarcks/Mobile-Robots-2026-1/build/justina_description' returned '0': CMAKE_PREFIX_PATH=${CMAKE_PREFIX_PATH}:/home/quarcks/Mobile-Robots-2026-1/ros2_ws/install/uf_ros_lib:/home/quarcks/Mobile-Robots-2026-1/ros2_ws/install/simple_move:/opt/ros/jazzy DEBUGINFOD_URLS=https://debuginfod.ubuntu.com /usr/bin/cmake --build /home/quarcks/Mobile-Robots-2026-1/build/justina_description -- -j12 -l12
[1.101s] Invoking command in '/home/quarcks/Mobile-Robots-2026-1/build/justina_description': CMAKE_PREFIX_PATH=${CMAKE_PREFIX_PATH}:/home/quarcks/Mobile-Robots-2026-1/ros2_ws/install/uf_ros_lib:/home/quarcks/Mobile-Robots-2026-1/ros2_ws/install/simple_move:/opt/ros/jazzy DEBUGINFOD_URLS=https://debuginfod.ubuntu.com /usr/bin/cmake --install /home/quarcks/Mobile-Robots-2026-1/build/justina_description
[1.111s] -- Install configuration: ""
[1.111s] -- Installing: /home/quarcks/Mobile-Robots-2026-1/install/justina_description/share/justina_description/urdf
[1.111s] -- Installing: /home/quarcks/Mobile-Robots-2026-1/install/justina_description/share/justina_description/urdf/justina_base.xacro
[1.111s] -- Installing: /home/quarcks/Mobile-Robots-2026-1/install/justina_description/share/justina_description/urdf/justina.xacro
[1.111s] -- Installing: /home/quarcks/Mobile-Robots-2026-1/install/justina_description/share/ament_index/resource_index/package_run_dependencies/justina_description
[1.112s] -- Installing: /home/quarcks/Mobile-Robots-2026-1/install/justina_description/share/ament_index/resource_index/parent_prefix_path/justina_description
[1.112s] -- Installing: /home/quarcks/Mobile-Robots-2026-1/install/justina_description/share/justina_description/environment/ament_prefix_path.sh
[1.113s] -- Installing: /home/quarcks/Mobile-Robots-2026-1/install/justina_description/share/justina_description/environment/ament_prefix_path.dsv
[1.113s] -- Installing: /home/quarcks/Mobile-Robots-2026-1/install/justina_description/share/justina_description/environment/path.sh
[1.115s] -- Installing: /home/quarcks/Mobile-Robots-2026-1/install/justina_description/share/justina_description/environment/path.dsv
[1.115s] -- Installing: /home/quarcks/Mobile-Robots-2026-1/install/justina_description/share/justina_description/local_setup.bash
[1.115s] -- Installing: /home/quarcks/Mobile-Robots-2026-1/install/justina_description/share/justina_description/local_setup.sh
[1.115s] -- Installing: /home/quarcks/Mobile-Robots-2026-1/install/justina_description/share/justina_description/local_setup.zsh
[1.116s] -- Installing: /home/quarcks/Mobile-Robots-2026-1/install/justina_description/share/justina_description/local_setup.dsv
[1.116s] -- Installing: /home/quarcks/Mobile-Robots-2026-1/install/justina_description/share/justina_description/package.dsv
[1.116s] -- Installing: /home/quarcks/Mobile-Robots-2026-1/install/justina_description/share/ament_index/resource_index/packages/justina_description
[1.117s] -- Installing: /home/quarcks/Mobile-Robots-2026-1/install/justina_description/share/justina_description/cmake/justina_descriptionConfig.cmake
[1.118s] -- Installing: /home/quarcks/Mobile-Robots-2026-1/install/justina_description/share/justina_description/cmake/justina_descriptionConfig-version.cmake
[1.118s] -- Installing: /home/quarcks/Mobile-Robots-2026-1/install/justina_description/share/justina_description/package.xml
[1.128s] Invoked command in '/home/quarcks/Mobile-Robots-2026-1/build/justina_description' returned '0': CMAKE_PREFIX_PATH=${CMAKE_PREFIX_PATH}:/home/quarcks/Mobile-Robots-2026-1/ros2_ws/install/uf_ros_lib:/home/quarcks/Mobile-Robots-2026-1/ros2_ws/install/simple_move:/opt/ros/jazzy DEBUGINFOD_URLS=https://debuginfod.ubuntu.com /usr/bin/cmake --install /home/quarcks/Mobile-Robots-2026-1/build/justina_description
