[20.006s] Invoking command in '/home/melissa/Documentos/Robots_Mobiles/Mobile-Robots-2026-1/ros2_ws/src/hardware/xarm_ros2/uf_ros_lib': DEBUGINFOD_URLS=https://debuginfod.ubuntu.com PYTHONPATH=/home/melissa/Documentos/Robots_Mobiles/Mobile-Robots-2026-1/build/uf_ros_lib/prefix_override:/usr/lib/python3/dist-packages/colcon_core/task/python/colcon_distutils_commands:/home/melissa/Documentos/Robots_Mobiles/Mobile-Robots-2026-1/install/uf_ros_lib/lib/python3.12/site-packages:${PYTHONPATH} /usr/bin/python3 -W ignore:setup.py install is deprecated -W ignore:easy_install command is deprecated setup.py egg_info --egg-base ../../../../../build/uf_ros_lib build --build-base /home/melissa/Documentos/Robots_Mobiles/Mobile-Robots-2026-1/build/uf_ros_lib/build install --record /home/melissa/Documentos/Robots_Mobiles/Mobile-Robots-2026-1/build/uf_ros_lib/install.log --single-version-externally-managed install_data
[27.539s] running egg_info
[27.553s] creating ../../../../../build/uf_ros_lib/uf_ros_lib.egg-info
[28.410s] writing ../../../../../build/uf_ros_lib/uf_ros_lib.egg-info/PKG-INFO
[28.416s] writing dependency_links to ../../../../../build/uf_ros_lib/uf_ros_lib.egg-info/dependency_links.txt
[28.418s] writing requirements to ../../../../../build/uf_ros_lib/uf_ros_lib.egg-info/requires.txt
[28.424s] writing top-level names to ../../../../../build/uf_ros_lib/uf_ros_lib.egg-info/top_level.txt
[28.427s] writing manifest file '../../../../../build/uf_ros_lib/uf_ros_lib.egg-info/SOURCES.txt'
[29.421s] reading manifest file '../../../../../build/uf_ros_lib/uf_ros_lib.egg-info/SOURCES.txt'
[29.441s] writing manifest file '../../../../../build/uf_ros_lib/uf_ros_lib.egg-info/SOURCES.txt'
[29.445s] running build
[29.451s] running build_py
[29.459s] creating /home/melissa/Documentos/Robots_Mobiles/Mobile-Robots-2026-1/build/uf_ros_lib/build
[29.470s] creating /home/melissa/Documentos/Robots_Mobiles/Mobile-Robots-2026-1/build/uf_ros_lib/build/lib
[29.471s] creating /home/melissa/Documentos/Robots_Mobiles/Mobile-Robots-2026-1/build/uf_ros_lib/build/lib/uf_ros_lib
[29.482s] copying uf_ros_lib/parameter_descriptions.py -> /home/melissa/Documentos/Robots_Mobiles/Mobile-Robots-2026-1/build/uf_ros_lib/build/lib/uf_ros_lib
[29.484s] copying uf_ros_lib/__init__.py -> /home/melissa/Documentos/Robots_Mobiles/Mobile-Robots-2026-1/build/uf_ros_lib/build/lib/uf_ros_lib
[29.494s] copying uf_ros_lib/uf_robot_utils.py -> /home/melissa/Documentos/Robots_Mobiles/Mobile-Robots-2026-1/build/uf_ros_lib/build/lib/uf_ros_lib
[29.495s] copying uf_ros_lib/moveit_configs_builder.py -> /home/melissa/Documentos/Robots_Mobiles/Mobile-Robots-2026-1/build/uf_ros_lib/build/lib/uf_ros_lib
[29.506s] creating /home/melissa/Documentos/Robots_Mobiles/Mobile-Robots-2026-1/build/uf_ros_lib/build/lib/uf_ros_lib/substitutions
[29.507s] copying uf_ros_lib/substitutions/__init__.py -> /home/melissa/Documentos/Robots_Mobiles/Mobile-Robots-2026-1/build/uf_ros_lib/build/lib/uf_ros_lib/substitutions
[29.513s] copying uf_ros_lib/substitutions/joint_limits.py -> /home/melissa/Documentos/Robots_Mobiles/Mobile-Robots-2026-1/build/uf_ros_lib/build/lib/uf_ros_lib/substitutions
[29.514s] copying uf_ros_lib/substitutions/kinematics.py -> /home/melissa/Documentos/Robots_Mobiles/Mobile-Robots-2026-1/build/uf_ros_lib/build/lib/uf_ros_lib/substitutions
[29.520s] copying uf_ros_lib/substitutions/planning_pipelines.py -> /home/melissa/Documentos/Robots_Mobiles/Mobile-Robots-2026-1/build/uf_ros_lib/build/lib/uf_ros_lib/substitutions
[29.522s] copying uf_ros_lib/substitutions/controllers.py -> /home/melissa/Documentos/Robots_Mobiles/Mobile-Robots-2026-1/build/uf_ros_lib/build/lib/uf_ros_lib/substitutions
[29.528s] copying uf_ros_lib/substitutions/common.py -> /home/melissa/Documentos/Robots_Mobiles/Mobile-Robots-2026-1/build/uf_ros_lib/build/lib/uf_ros_lib/substitutions
[29.535s] running install
[29.680s] running install_lib
[30.028s] creating /home/melissa/Documentos/Robots_Mobiles/Mobile-Robots-2026-1/install/uf_ros_lib/lib/python3.12/site-packages/uf_ros_lib
[30.032s] copying /home/melissa/Documentos/Robots_Mobiles/Mobile-Robots-2026-1/build/uf_ros_lib/build/lib/uf_ros_lib/parameter_descriptions.py -> /home/melissa/Documentos/Robots_Mobiles/Mobile-Robots-2026-1/install/uf_ros_lib/lib/python3.12/site-packages/uf_ros_lib
[30.034s] copying /home/melissa/Documentos/Robots_Mobiles/Mobile-Robots-2026-1/build/uf_ros_lib/build/lib/uf_ros_lib/__init__.py -> /home/melissa/Documentos/Robots_Mobiles/Mobile-Robots-2026-1/install/uf_ros_lib/lib/python3.12/site-packages/uf_ros_lib
[30.039s] creating /home/melissa/Documentos/Robots_Mobiles/Mobile-Robots-2026-1/install/uf_ros_lib/lib/python3.12/site-packages/uf_ros_lib/substitutions
[30.044s] copying /home/melissa/Documentos/Robots_Mobiles/Mobile-Robots-2026-1/build/uf_ros_lib/build/lib/uf_ros_lib/substitutions/__init__.py -> /home/melissa/Documentos/Robots_Mobiles/Mobile-Robots-2026-1/install/uf_ros_lib/lib/python3.12/site-packages/uf_ros_lib/substitutions
[30.045s] copying /home/melissa/Documentos/Robots_Mobiles/Mobile-Robots-2026-1/build/uf_ros_lib/build/lib/uf_ros_lib/substitutions/joint_limits.py -> /home/melissa/Documentos/Robots_Mobiles/Mobile-Robots-2026-1/install/uf_ros_lib/lib/python3.12/site-packages/uf_ros_lib/substitutions
[30.050s] copying /home/melissa/Documentos/Robots_Mobiles/Mobile-Robots-2026-1/build/uf_ros_lib/build/lib/uf_ros_lib/substitutions/kinematics.py -> /home/melissa/Documentos/Robots_Mobiles/Mobile-Robots-2026-1/install/uf_ros_lib/lib/python3.12/site-packages/uf_ros_lib/substitutions
[30.052s] copying /home/melissa/Documentos/Robots_Mobiles/Mobile-Robots-2026-1/build/uf_ros_lib/build/lib/uf_ros_lib/substitutions/planning_pipelines.py -> /home/melissa/Documentos/Robots_Mobiles/Mobile-Robots-2026-1/install/uf_ros_lib/lib/python3.12/site-packages/uf_ros_lib/substitutions
[30.053s] copying /home/melissa/Documentos/Robots_Mobiles/Mobile-Robots-2026-1/build/uf_ros_lib/build/lib/uf_ros_lib/substitutions/controllers.py -> /home/melissa/Documentos/Robots_Mobiles/Mobile-Robots-2026-1/install/uf_ros_lib/lib/python3.12/site-packages/uf_ros_lib/substitutions
[30.057s] copying /home/melissa/Documentos/Robots_Mobiles/Mobile-Robots-2026-1/build/uf_ros_lib/build/lib/uf_ros_lib/substitutions/common.py -> /home/melissa/Documentos/Robots_Mobiles/Mobile-Robots-2026-1/install/uf_ros_lib/lib/python3.12/site-packages/uf_ros_lib/substitutions
[30.058s] copying /home/melissa/Documentos/Robots_Mobiles/Mobile-Robots-2026-1/build/uf_ros_lib/build/lib/uf_ros_lib/uf_robot_utils.py -> /home/melissa/Documentos/Robots_Mobiles/Mobile-Robots-2026-1/install/uf_ros_lib/lib/python3.12/site-packages/uf_ros_lib
[30.063s] copying /home/melissa/Documentos/Robots_Mobiles/Mobile-Robots-2026-1/build/uf_ros_lib/build/lib/uf_ros_lib/moveit_configs_builder.py -> /home/melissa/Documentos/Robots_Mobiles/Mobile-Robots-2026-1/install/uf_ros_lib/lib/python3.12/site-packages/uf_ros_lib
[30.064s] byte-compiling /home/melissa/Documentos/Robots_Mobiles/Mobile-Robots-2026-1/install/uf_ros_lib/lib/python3.12/site-packages/uf_ros_lib/parameter_descriptions.py to parameter_descriptions.cpython-312.pyc
[30.069s] byte-compiling /home/melissa/Documentos/Robots_Mobiles/Mobile-Robots-2026-1/install/uf_ros_lib/lib/python3.12/site-packages/uf_ros_lib/__init__.py to __init__.cpython-312.pyc
[30.070s] byte-compiling /home/melissa/Documentos/Robots_Mobiles/Mobile-Robots-2026-1/install/uf_ros_lib/lib/python3.12/site-packages/uf_ros_lib/substitutions/__init__.py to __init__.cpython-312.pyc
[30.074s] byte-compiling /home/melissa/Documentos/Robots_Mobiles/Mobile-Robots-2026-1/install/uf_ros_lib/lib/python3.12/site-packages/uf_ros_lib/substitutions/joint_limits.py to joint_limits.cpython-312.pyc
[30.088s] byte-compiling /home/melissa/Documentos/Robots_Mobiles/Mobile-Robots-2026-1/install/uf_ros_lib/lib/python3.12/site-packages/uf_ros_lib/substitutions/kinematics.py to kinematics.cpython-312.pyc
[30.107s] byte-compiling /home/melissa/Documentos/Robots_Mobiles/Mobile-Robots-2026-1/install/uf_ros_lib/lib/python3.12/site-packages/uf_ros_lib/substitutions/planning_pipelines.py to planning_pipelines.cpython-312.pyc
[30.135s] byte-compiling /home/melissa/Documentos/Robots_Mobiles/Mobile-Robots-2026-1/install/uf_ros_lib/lib/python3.12/site-packages/uf_ros_lib/substitutions/controllers.py to controllers.cpython-312.pyc
[30.160s] byte-compiling /home/melissa/Documentos/Robots_Mobiles/Mobile-Robots-2026-1/install/uf_ros_lib/lib/python3.12/site-packages/uf_ros_lib/substitutions/common.py to common.cpython-312.pyc
[30.171s] byte-compiling /home/melissa/Documentos/Robots_Mobiles/Mobile-Robots-2026-1/install/uf_ros_lib/lib/python3.12/site-packages/uf_ros_lib/uf_robot_utils.py to uf_robot_utils.cpython-312.pyc
[30.207s] byte-compiling /home/melissa/Documentos/Robots_Mobiles/Mobile-Robots-2026-1/install/uf_ros_lib/lib/python3.12/site-packages/uf_ros_lib/moveit_configs_builder.py to moveit_configs_builder.cpython-312.pyc
[30.386s] running install_data
[30.393s] creating /home/melissa/Documentos/Robots_Mobiles/Mobile-Robots-2026-1/install/uf_ros_lib/share/ament_index
[30.401s] creating /home/melissa/Documentos/Robots_Mobiles/Mobile-Robots-2026-1/install/uf_ros_lib/share/ament_index/resource_index
[30.410s] creating /home/melissa/Documentos/Robots_Mobiles/Mobile-Robots-2026-1/install/uf_ros_lib/share/ament_index/resource_index/packages
[30.411s] copying resource/uf_ros_lib -> /home/melissa/Documentos/Robots_Mobiles/Mobile-Robots-2026-1/install/uf_ros_lib/share/ament_index/resource_index/packages
[30.424s] copying package.xml -> /home/melissa/Documentos/Robots_Mobiles/Mobile-Robots-2026-1/install/uf_ros_lib/share/uf_ros_lib
[30.425s] running install_egg_info
[30.988s] Copying ../../../../../build/uf_ros_lib/uf_ros_lib.egg-info to /home/melissa/Documentos/Robots_Mobiles/Mobile-Robots-2026-1/install/uf_ros_lib/lib/python3.12/site-packages/uf_ros_lib-0.0.0-py3.12.egg-info
[31.011s] running install_scripts
[33.694s] writing list of installed files to '/home/melissa/Documentos/Robots_Mobiles/Mobile-Robots-2026-1/build/uf_ros_lib/install.log'
[33.942s] Invoked command in '/home/melissa/Documentos/Robots_Mobiles/Mobile-Robots-2026-1/ros2_ws/src/hardware/xarm_ros2/uf_ros_lib' returned '0': DEBUGINFOD_URLS=https://debuginfod.ubuntu.com PYTHONPATH=/home/melissa/Documentos/Robots_Mobiles/Mobile-Robots-2026-1/build/uf_ros_lib/prefix_override:/usr/lib/python3/dist-packages/colcon_core/task/python/colcon_distutils_commands:/home/melissa/Documentos/Robots_Mobiles/Mobile-Robots-2026-1/install/uf_ros_lib/lib/python3.12/site-packages:${PYTHONPATH} /usr/bin/python3 -W ignore:setup.py install is deprecated -W ignore:easy_install command is deprecated setup.py egg_info --egg-base ../../../../../build/uf_ros_lib build --build-base /home/melissa/Documentos/Robots_Mobiles/Mobile-Robots-2026-1/build/uf_ros_lib/build install --record /home/melissa/Documentos/Robots_Mobiles/Mobile-Robots-2026-1/build/uf_ros_lib/install.log --single-version-externally-managed install_data
