[3.883s] Invoking command in '/home/catcyber02/Mobile-Robots-2026-1/ros2_ws/src/navigation/path_planner': DEBUGINFOD_URLS=https://debuginfod.ubuntu.com PYTHONPATH=/home/catcyber02/Mobile-Robots-2026-1/build/path_planner/prefix_override:/usr/lib/python3/dist-packages/colcon_core/task/python/colcon_distutils_commands:/home/catcyber02/Mobile-Robots-2026-1/install/path_planner/lib/python3.12/site-packages:${PYTHONPATH} /usr/bin/python3 -W ignore:setup.py install is deprecated -W ignore:easy_install command is deprecated setup.py egg_info --egg-base ../../../../build/path_planner build --build-base /home/catcyber02/Mobile-Robots-2026-1/build/path_planner/build install --record /home/catcyber02/Mobile-Robots-2026-1/build/path_planner/install.log --single-version-externally-managed install_data
[4.755s] running egg_info
[4.816s] writing ../../../../build/path_planner/path_planner.egg-info/PKG-INFO
[4.817s] writing dependency_links to ../../../../build/path_planner/path_planner.egg-info/dependency_links.txt
[4.818s] writing entry points to ../../../../build/path_planner/path_planner.egg-info/entry_points.txt
[4.819s] writing requirements to ../../../../build/path_planner/path_planner.egg-info/requires.txt
[4.819s] writing top-level names to ../../../../build/path_planner/path_planner.egg-info/top_level.txt
[4.949s] reading manifest file '../../../../build/path_planner/path_planner.egg-info/SOURCES.txt'
[4.950s] adding license file 'LICENSE'
[4.951s] writing manifest file '../../../../build/path_planner/path_planner.egg-info/SOURCES.txt'
[4.952s] running build
[4.953s] running build_py
[4.953s] copying path_planner/rrt.py -> /home/catcyber02/Mobile-Robots-2026-1/build/path_planner/build/lib/path_planner
[4.954s] running install
[4.974s] running install_lib
[5.037s] copying /home/catcyber02/Mobile-Robots-2026-1/build/path_planner/build/lib/path_planner/rrt.py -> /home/catcyber02/Mobile-Robots-2026-1/install/path_planner/lib/python3.12/site-packages/path_planner
[5.039s] byte-compiling /home/catcyber02/Mobile-Robots-2026-1/install/path_planner/lib/python3.12/site-packages/path_planner/rrt.py to rrt.cpython-312.pyc
[5.046s] running install_data
[5.047s] running install_egg_info
[5.112s] removing '/home/catcyber02/Mobile-Robots-2026-1/install/path_planner/lib/python3.12/site-packages/path_planner-0.0.0-py3.12.egg-info' (and everything under it)
[5.112s] Copying ../../../../build/path_planner/path_planner.egg-info to /home/catcyber02/Mobile-Robots-2026-1/install/path_planner/lib/python3.12/site-packages/path_planner-0.0.0-py3.12.egg-info
[5.115s] running install_scripts
[5.522s] Installing a_start script to /home/catcyber02/Mobile-Robots-2026-1/install/path_planner/lib/path_planner
[5.522s] Installing a_start_solved script to /home/catcyber02/Mobile-Robots-2026-1/install/path_planner/lib/path_planner
[5.523s] Installing cost_map script to /home/catcyber02/Mobile-Robots-2026-1/install/path_planner/lib/path_planner
[5.523s] Installing cost_map_solved script to /home/catcyber02/Mobile-Robots-2026-1/install/path_planner/lib/path_planner
[5.525s] Installing rrt script to /home/catcyber02/Mobile-Robots-2026-1/install/path_planner/lib/path_planner
[5.525s] Installing rrt_solved script to /home/catcyber02/Mobile-Robots-2026-1/install/path_planner/lib/path_planner
[5.528s] writing list of installed files to '/home/catcyber02/Mobile-Robots-2026-1/build/path_planner/install.log'
[5.629s] Invoked command in '/home/catcyber02/Mobile-Robots-2026-1/ros2_ws/src/navigation/path_planner' returned '0': DEBUGINFOD_URLS=https://debuginfod.ubuntu.com PYTHONPATH=/home/catcyber02/Mobile-Robots-2026-1/build/path_planner/prefix_override:/usr/lib/python3/dist-packages/colcon_core/task/python/colcon_distutils_commands:/home/catcyber02/Mobile-Robots-2026-1/install/path_planner/lib/python3.12/site-packages:${PYTHONPATH} /usr/bin/python3 -W ignore:setup.py install is deprecated -W ignore:easy_install command is deprecated setup.py egg_info --egg-base ../../../../build/path_planner build --build-base /home/catcyber02/Mobile-Robots-2026-1/build/path_planner/build install --record /home/catcyber02/Mobile-Robots-2026-1/build/path_planner/install.log --single-version-externally-managed install_data
