/home/catcyber02/Mobile-Robots-2026-1/install/path_planner/lib/python3.12/site-packages/path_planner/a_star.py
/home/catcyber02/Mobile-Robots-2026-1/install/path_planner/lib/python3.12/site-packages/path_planner/__init__.py
/home/catcyber02/Mobile-Robots-2026-1/install/path_planner/lib/python3.12/site-packages/path_planner/cost_map.py
/home/catcyber02/Mobile-Robots-2026-1/install/path_planner/lib/python3.12/site-packages/path_planner/rrt.py
/home/catcyber02/Mobile-Robots-2026-1/install/path_planner/lib/python3.12/site-packages/path_planner/__pycache__/a_star.cpython-312.pyc
/home/catcyber02/Mobile-Robots-2026-1/install/path_planner/lib/python3.12/site-packages/path_planner/__pycache__/__init__.cpython-312.pyc
/home/catcyber02/Mobile-Robots-2026-1/install/path_planner/lib/python3.12/site-packages/path_planner/__pycache__/cost_map.cpython-312.pyc
/home/catcyber02/Mobile-Robots-2026-1/install/path_planner/lib/python3.12/site-packages/path_planner/__pycache__/rrt.cpython-312.pyc
/home/catcyber02/Mobile-Robots-2026-1/install/path_planner/share/ament_index/resource_index/packages/path_planner
/home/catcyber02/Mobile-Robots-2026-1/install/path_planner/share/path_planner/package.xml
/home/catcyber02/Mobile-Robots-2026-1/install/path_planner/lib/python3.12/site-packages/path_planner-0.0.0-py3.12.egg-info/PKG-INFO
/home/catcyber02/Mobile-Robots-2026-1/install/path_planner/lib/python3.12/site-packages/path_planner-0.0.0-py3.12.egg-info/top_level.txt
/home/catcyber02/Mobile-Robots-2026-1/install/path_planner/lib/python3.12/site-packages/path_planner-0.0.0-py3.12.egg-info/requires.txt
/home/catcyber02/Mobile-Robots-2026-1/install/path_planner/lib/python3.12/site-packages/path_planner-0.0.0-py3.12.egg-info/entry_points.txt
/home/catcyber02/Mobile-Robots-2026-1/install/path_planner/lib/python3.12/site-packages/path_planner-0.0.0-py3.12.egg-info/SOURCES.txt
/home/catcyber02/Mobile-Robots-2026-1/install/path_planner/lib/python3.12/site-packages/path_planner-0.0.0-py3.12.egg-info/dependency_links.txt
/home/catcyber02/Mobile-Robots-2026-1/install/path_planner/lib/python3.12/site-packages/path_planner-0.0.0-py3.12.egg-info/zip-safe
/home/catcyber02/Mobile-Robots-2026-1/install/path_planner/lib/path_planner/a_start
/home/catcyber02/Mobile-Robots-2026-1/install/path_planner/lib/path_planner/a_start_solved
/home/catcyber02/Mobile-Robots-2026-1/install/path_planner/lib/path_planner/cost_map
/home/catcyber02/Mobile-Robots-2026-1/install/path_planner/lib/path_planner/cost_map_solved
/home/catcyber02/Mobile-Robots-2026-1/install/path_planner/lib/path_planner/rrt
/home/catcyber02/Mobile-Robots-2026-1/install/path_planner/lib/path_planner/rrt_solved
