[0.058s] Invoking command in '/home/catcyber02/Mobile-Robots-2026-1/build/justina_gui': CMAKE_PREFIX_PATH=${CMAKE_PREFIX_PATH}:/home/catcyber02/Mobile-Robots-2026-1/ros2_ws/install/uf_ros_lib:/home/catcyber02/Mobile-Robots-2026-1/ros2_ws/install/simple_move:/home/catcyber02/Mobile-Robots-2026-1/ros2_ws/install/path_planner:/home/catcyber02/Mobile-Robots-2026-1/ros2_ws/install/map_augmenter:/opt/ros/jazzy DEBUGINFOD_URLS=https://debuginfod.ubuntu.com /usr/bin/cmake --build /home/catcyber02/Mobile-Robots-2026-1/build/justina_gui -- -j8 -l8
[0.526s] [  0%] Built target justina_gui_node_autogen_timestamp_deps
[0.527s] [  7%] Built target justina_gui_node_autogen
[0.527s] [100%] Built target justina_gui_node
[0.562s] Invoked command in '/home/catcyber02/Mobile-Robots-2026-1/build/justina_gui' returned '0': CMAKE_PREFIX_PATH=${CMAKE_PREFIX_PATH}:/home/catcyber02/Mobile-Robots-2026-1/ros2_ws/install/uf_ros_lib:/home/catcyber02/Mobile-Robots-2026-1/ros2_ws/install/simple_move:/home/catcyber02/Mobile-Robots-2026-1/ros2_ws/install/path_planner:/home/catcyber02/Mobile-Robots-2026-1/ros2_ws/install/map_augmenter:/opt/ros/jazzy DEBUGINFOD_URLS=https://debuginfod.ubuntu.com /usr/bin/cmake --build /home/catcyber02/Mobile-Robots-2026-1/build/justina_gui -- -j8 -l8
[0.565s] Invoking command in '/home/catcyber02/Mobile-Robots-2026-1/build/justina_gui': CMAKE_PREFIX_PATH=${CMAKE_PREFIX_PATH}:/home/catcyber02/Mobile-Robots-2026-1/ros2_ws/install/uf_ros_lib:/home/catcyber02/Mobile-Robots-2026-1/ros2_ws/install/simple_move:/home/catcyber02/Mobile-Robots-2026-1/ros2_ws/install/path_planner:/home/catcyber02/Mobile-Robots-2026-1/ros2_ws/install/map_augmenter:/opt/ros/jazzy DEBUGINFOD_URLS=https://debuginfod.ubuntu.com /usr/bin/cmake --install /home/catcyber02/Mobile-Robots-2026-1/build/justina_gui
[0.722s] -- Install configuration: ""
[0.722s] -- Up-to-date: /home/catcyber02/Mobile-Robots-2026-1/install/justina_gui/lib/justina_gui/justina_gui_node
[0.722s] -- Up-to-date: /home/catcyber02/Mobile-Robots-2026-1/install/justina_gui/share/ament_index/resource_index/package_run_dependencies/justina_gui
[0.722s] -- Up-to-date: /home/catcyber02/Mobile-Robots-2026-1/install/justina_gui/share/ament_index/resource_index/parent_prefix_path/justina_gui
[0.723s] -- Up-to-date: /home/catcyber02/Mobile-Robots-2026-1/install/justina_gui/share/justina_gui/environment/ament_prefix_path.sh
[0.725s] -- Up-to-date: /home/catcyber02/Mobile-Robots-2026-1/install/justina_gui/share/justina_gui/environment/ament_prefix_path.dsv
[0.725s] -- Up-to-date: /home/catcyber02/Mobile-Robots-2026-1/install/justina_gui/share/justina_gui/environment/path.sh
[0.725s] -- Up-to-date: /home/catcyber02/Mobile-Robots-2026-1/install/justina_gui/share/justina_gui/environment/path.dsv
[0.725s] -- Up-to-date: /home/catcyber02/Mobile-Robots-2026-1/install/justina_gui/share/justina_gui/local_setup.bash
[0.726s] -- Up-to-date: /home/catcyber02/Mobile-Robots-2026-1/install/justina_gui/share/justina_gui/local_setup.sh
[0.726s] -- Up-to-date: /home/catcyber02/Mobile-Robots-2026-1/install/justina_gui/share/justina_gui/local_setup.zsh
[0.726s] -- Up-to-date: /home/catcyber02/Mobile-Robots-2026-1/install/justina_gui/share/justina_gui/local_setup.dsv
[0.727s] -- Installing: /home/catcyber02/Mobile-Robots-2026-1/install/justina_gui/share/justina_gui/package.dsv
[0.727s] -- Up-to-date: /home/catcyber02/Mobile-Robots-2026-1/install/justina_gui/share/ament_index/resource_index/packages/justina_gui
[0.727s] -- Up-to-date: /home/catcyber02/Mobile-Robots-2026-1/install/justina_gui/share/justina_gui/cmake/justina_guiConfig.cmake
[0.727s] -- Up-to-date: /home/catcyber02/Mobile-Robots-2026-1/install/justina_gui/share/justina_gui/cmake/justina_guiConfig-version.cmake
[0.728s] -- Up-to-date: /home/catcyber02/Mobile-Robots-2026-1/install/justina_gui/share/justina_gui/package.xml
[0.969s] Invoked command in '/home/catcyber02/Mobile-Robots-2026-1/build/justina_gui' returned '0': CMAKE_PREFIX_PATH=${CMAKE_PREFIX_PATH}:/home/catcyber02/Mobile-Robots-2026-1/ros2_ws/install/uf_ros_lib:/home/catcyber02/Mobile-Robots-2026-1/ros2_ws/install/simple_move:/home/catcyber02/Mobile-Robots-2026-1/ros2_ws/install/path_planner:/home/catcyber02/Mobile-Robots-2026-1/ros2_ws/install/map_augmenter:/opt/ros/jazzy DEBUGINFOD_URLS=https://debuginfod.ubuntu.com /usr/bin/cmake --install /home/catcyber02/Mobile-Robots-2026-1/build/justina_gui
