[2.937s] Invoking command in '/home/catcyber02/Mobile-Robots-2026-1/ros2_ws/src/navigation/simple_move': DEBUGINFOD_URLS=https://debuginfod.ubuntu.com PYTHONPATH=/home/catcyber02/Mobile-Robots-2026-1/build/simple_move/prefix_override:/usr/lib/python3/dist-packages/colcon_core/task/python/colcon_distutils_commands:/home/catcyber02/Mobile-Robots-2026-1/install/simple_move/lib/python3.12/site-packages:${PYTHONPATH} /usr/bin/python3 -W ignore:setup.py install is deprecated -W ignore:easy_install command is deprecated setup.py egg_info --egg-base ../../../../build/simple_move build --build-base /home/catcyber02/Mobile-Robots-2026-1/build/simple_move/build install --record /home/catcyber02/Mobile-Robots-2026-1/build/simple_move/install.log --single-version-externally-managed install_data
[3.569s] running egg_info
[3.605s] writing ../../../../build/simple_move/simple_move.egg-info/PKG-INFO
[3.606s] writing dependency_links to ../../../../build/simple_move/simple_move.egg-info/dependency_links.txt
[3.607s] writing entry points to ../../../../build/simple_move/simple_move.egg-info/entry_points.txt
[3.607s] writing requirements to ../../../../build/simple_move/simple_move.egg-info/requires.txt
[3.607s] writing top-level names to ../../../../build/simple_move/simple_move.egg-info/top_level.txt
[3.689s] reading manifest file '../../../../build/simple_move/simple_move.egg-info/SOURCES.txt'
[3.689s] adding license file 'LICENSE'
[3.690s] writing manifest file '../../../../build/simple_move/simple_move.egg-info/SOURCES.txt'
[3.691s] running build
[3.691s] running build_py
[3.692s] running install
[3.703s] running install_lib
[3.745s] running install_data
[3.746s] running install_egg_info
[3.786s] removing '/home/catcyber02/Mobile-Robots-2026-1/install/simple_move/lib/python3.12/site-packages/simple_move-0.0.0-py3.12.egg-info' (and everything under it)
[3.786s] Copying ../../../../build/simple_move/simple_move.egg-info to /home/catcyber02/Mobile-Robots-2026-1/install/simple_move/lib/python3.12/site-packages/simple_move-0.0.0-py3.12.egg-info
[3.788s] running install_scripts
[4.048s] Installing path_follower script to /home/catcyber02/Mobile-Robots-2026-1/install/simple_move/lib/simple_move
[4.049s] Installing ros_basics script to /home/catcyber02/Mobile-Robots-2026-1/install/simple_move/lib/simple_move
[4.049s] writing list of installed files to '/home/catcyber02/Mobile-Robots-2026-1/build/simple_move/install.log'
[4.126s] Invoked command in '/home/catcyber02/Mobile-Robots-2026-1/ros2_ws/src/navigation/simple_move' returned '0': DEBUGINFOD_URLS=https://debuginfod.ubuntu.com PYTHONPATH=/home/catcyber02/Mobile-Robots-2026-1/build/simple_move/prefix_override:/usr/lib/python3/dist-packages/colcon_core/task/python/colcon_distutils_commands:/home/catcyber02/Mobile-Robots-2026-1/install/simple_move/lib/python3.12/site-packages:${PYTHONPATH} /usr/bin/python3 -W ignore:setup.py install is deprecated -W ignore:easy_install command is deprecated setup.py egg_info --egg-base ../../../../build/simple_move build --build-base /home/catcyber02/Mobile-Robots-2026-1/build/simple_move/build install --record /home/catcyber02/Mobile-Robots-2026-1/build/simple_move/install.log --single-version-externally-managed install_data
