[2.406s] Invoking command in '/home/quarcks/Mobile-Robots-2026-1/ros2_ws/src/navigation/simple_move': DEBUGINFOD_URLS=https://debuginfod.ubuntu.com PYTHONPATH=/home/quarcks/Mobile-Robots-2026-1/build/simple_move/prefix_override:/usr/lib/python3/dist-packages/colcon_core/task/python/colcon_distutils_commands:/home/quarcks/Mobile-Robots-2026-1/install/simple_move/lib/python3.12/site-packages:${PYTHONPATH} /usr/bin/python3 -W ignore:setup.py install is deprecated -W ignore:easy_install command is deprecated setup.py egg_info --egg-base ../../../../build/simple_move build --build-base /home/quarcks/Mobile-Robots-2026-1/build/simple_move/build install --record /home/quarcks/Mobile-Robots-2026-1/build/simple_move/install.log --single-version-externally-managed install_data
[2.769s] running egg_info
[2.796s] writing ../../../../build/simple_move/simple_move.egg-info/PKG-INFO
[2.797s] writing dependency_links to ../../../../build/simple_move/simple_move.egg-info/dependency_links.txt
[2.797s] writing entry points to ../../../../build/simple_move/simple_move.egg-info/entry_points.txt
[2.797s] writing requirements to ../../../../build/simple_move/simple_move.egg-info/requires.txt
[2.798s] writing top-level names to ../../../../build/simple_move/simple_move.egg-info/top_level.txt
[2.853s] reading manifest file '../../../../build/simple_move/simple_move.egg-info/SOURCES.txt'
[2.853s] adding license file 'LICENSE'
[2.854s] writing manifest file '../../../../build/simple_move/simple_move.egg-info/SOURCES.txt'
[2.854s] running build
[2.854s] running build_py
[2.854s] running install
[2.862s] running install_lib
[2.890s] running install_data
[2.890s] running install_egg_info
[2.919s] removing '/home/quarcks/Mobile-Robots-2026-1/install/simple_move/lib/python3.12/site-packages/simple_move-0.0.0-py3.12.egg-info' (and everything under it)
[2.919s] Copying ../../../../build/simple_move/simple_move.egg-info to /home/quarcks/Mobile-Robots-2026-1/install/simple_move/lib/python3.12/site-packages/simple_move-0.0.0-py3.12.egg-info
[2.920s] running install_scripts
[3.103s] Installing path_follower script to /home/quarcks/Mobile-Robots-2026-1/install/simple_move/lib/simple_move
[3.104s] Installing ros_basics script to /home/quarcks/Mobile-Robots-2026-1/install/simple_move/lib/simple_move
[3.104s] writing list of installed files to '/home/quarcks/Mobile-Robots-2026-1/build/simple_move/install.log'
[3.156s] Invoked command in '/home/quarcks/Mobile-Robots-2026-1/ros2_ws/src/navigation/simple_move' returned '0': DEBUGINFOD_URLS=https://debuginfod.ubuntu.com PYTHONPATH=/home/quarcks/Mobile-Robots-2026-1/build/simple_move/prefix_override:/usr/lib/python3/dist-packages/colcon_core/task/python/colcon_distutils_commands:/home/quarcks/Mobile-Robots-2026-1/install/simple_move/lib/python3.12/site-packages:${PYTHONPATH} /usr/bin/python3 -W ignore:setup.py install is deprecated -W ignore:easy_install command is deprecated setup.py egg_info --egg-base ../../../../build/simple_move build --build-base /home/quarcks/Mobile-Robots-2026-1/build/simple_move/build install --record /home/quarcks/Mobile-Robots-2026-1/build/simple_move/install.log --single-version-externally-managed install_data
