[0.103s] Invoking command in '/home/catcyber02/Mobile-Robots-2026-1/build/justina_description': CMAKE_PREFIX_PATH=${CMAKE_PREFIX_PATH}:/home/catcyber02/Mobile-Robots-2026-1/install/uf_ros_lib:/home/catcyber02/Mobile-Robots-2026-1/install/simple_move:/home/catcyber02/Mobile-Robots-2026-1/install/path_planner:/home/catcyber02/Mobile-Robots-2026-1/install/map_augmenter:/home/catcyber02/Mobile-Robots-2026-1/ros2_ws/install/uf_ros_lib:/home/catcyber02/Mobile-Robots-2026-1/ros2_ws/install/simple_move:/home/catcyber02/Mobile-Robots-2026-1/ros2_ws/install/path_planner:/home/catcyber02/Mobile-Robots-2026-1/ros2_ws/install/map_augmenter:/opt/ros/jazzy DEBUGINFOD_URLS=https://debuginfod.ubuntu.com /usr/bin/cmake --build /home/catcyber02/Mobile-Robots-2026-1/build/justina_description -- -j8 -l8
[1.051s] Invoked command in '/home/catcyber02/Mobile-Robots-2026-1/build/justina_description' returned '0': CMAKE_PREFIX_PATH=${CMAKE_PREFIX_PATH}:/home/catcyber02/Mobile-Robots-2026-1/install/uf_ros_lib:/home/catcyber02/Mobile-Robots-2026-1/install/simple_move:/home/catcyber02/Mobile-Robots-2026-1/install/path_planner:/home/catcyber02/Mobile-Robots-2026-1/install/map_augmenter:/home/catcyber02/Mobile-Robots-2026-1/ros2_ws/install/uf_ros_lib:/home/catcyber02/Mobile-Robots-2026-1/ros2_ws/install/simple_move:/home/catcyber02/Mobile-Robots-2026-1/ros2_ws/install/path_planner:/home/catcyber02/Mobile-Robots-2026-1/ros2_ws/install/map_augmenter:/opt/ros/jazzy DEBUGINFOD_URLS=https://debuginfod.ubuntu.com /usr/bin/cmake --build /home/catcyber02/Mobile-Robots-2026-1/build/justina_description -- -j8 -l8
[1.056s] Invoking command in '/home/catcyber02/Mobile-Robots-2026-1/build/justina_description': CMAKE_PREFIX_PATH=${CMAKE_PREFIX_PATH}:/home/catcyber02/Mobile-Robots-2026-1/install/uf_ros_lib:/home/catcyber02/Mobile-Robots-2026-1/install/simple_move:/home/catcyber02/Mobile-Robots-2026-1/install/path_planner:/home/catcyber02/Mobile-Robots-2026-1/install/map_augmenter:/home/catcyber02/Mobile-Robots-2026-1/ros2_ws/install/uf_ros_lib:/home/catcyber02/Mobile-Robots-2026-1/ros2_ws/install/simple_move:/home/catcyber02/Mobile-Robots-2026-1/ros2_ws/install/path_planner:/home/catcyber02/Mobile-Robots-2026-1/ros2_ws/install/map_augmenter:/opt/ros/jazzy DEBUGINFOD_URLS=https://debuginfod.ubuntu.com /usr/bin/cmake --install /home/catcyber02/Mobile-Robots-2026-1/build/justina_description
[1.085s] -- Install configuration: ""
[1.087s] -- Up-to-date: /home/catcyber02/Mobile-Robots-2026-1/install/justina_description/share/justina_description/urdf
[1.091s] -- Up-to-date: /home/catcyber02/Mobile-Robots-2026-1/install/justina_description/share/justina_description/urdf/justina.xacro
[1.094s] -- Up-to-date: /home/catcyber02/Mobile-Robots-2026-1/install/justina_description/share/justina_description/urdf/justina_base.xacro
[1.098s] -- Up-to-date: /home/catcyber02/Mobile-Robots-2026-1/install/justina_description/share/ament_index/resource_index/package_run_dependencies/justina_description
[1.100s] -- Up-to-date: /home/catcyber02/Mobile-Robots-2026-1/install/justina_description/share/ament_index/resource_index/parent_prefix_path/justina_description
[1.101s] -- Up-to-date: /home/catcyber02/Mobile-Robots-2026-1/install/justina_description/share/justina_description/environment/ament_prefix_path.sh
[1.114s] -- Up-to-date: /home/catcyber02/Mobile-Robots-2026-1/install/justina_description/share/justina_description/environment/ament_prefix_path.dsv
[1.114s] -- Up-to-date: /home/catcyber02/Mobile-Robots-2026-1/install/justina_description/share/justina_description/environment/path.sh
[1.119s] -- Up-to-date: /home/catcyber02/Mobile-Robots-2026-1/install/justina_description/share/justina_description/environment/path.dsv
[1.119s] -- Up-to-date: /home/catcyber02/Mobile-Robots-2026-1/install/justina_description/share/justina_description/local_setup.bash
[1.120s] -- Up-to-date: /home/catcyber02/Mobile-Robots-2026-1/install/justina_description/share/justina_description/local_setup.sh
[1.120s] -- Up-to-date: /home/catcyber02/Mobile-Robots-2026-1/install/justina_description/share/justina_description/local_setup.zsh
[1.125s] -- Up-to-date: /home/catcyber02/Mobile-Robots-2026-1/install/justina_description/share/justina_description/local_setup.dsv
[1.135s] -- Installing: /home/catcyber02/Mobile-Robots-2026-1/install/justina_description/share/justina_description/package.dsv
[1.140s] -- Up-to-date: /home/catcyber02/Mobile-Robots-2026-1/install/justina_description/share/ament_index/resource_index/packages/justina_description
[1.142s] -- Up-to-date: /home/catcyber02/Mobile-Robots-2026-1/install/justina_description/share/justina_description/cmake/justina_descriptionConfig.cmake
[1.147s] -- Up-to-date: /home/catcyber02/Mobile-Robots-2026-1/install/justina_description/share/justina_description/cmake/justina_descriptionConfig-version.cmake
[1.154s] -- Up-to-date: /home/catcyber02/Mobile-Robots-2026-1/install/justina_description/share/justina_description/package.xml
[1.240s] Invoked command in '/home/catcyber02/Mobile-Robots-2026-1/build/justina_description' returned '0': CMAKE_PREFIX_PATH=${CMAKE_PREFIX_PATH}:/home/catcyber02/Mobile-Robots-2026-1/install/uf_ros_lib:/home/catcyber02/Mobile-Robots-2026-1/install/simple_move:/home/catcyber02/Mobile-Robots-2026-1/install/path_planner:/home/catcyber02/Mobile-Robots-2026-1/install/map_augmenter:/home/catcyber02/Mobile-Robots-2026-1/ros2_ws/install/uf_ros_lib:/home/catcyber02/Mobile-Robots-2026-1/ros2_ws/install/simple_move:/home/catcyber02/Mobile-Robots-2026-1/ros2_ws/install/path_planner:/home/catcyber02/Mobile-Robots-2026-1/ros2_ws/install/map_augmenter:/opt/ros/jazzy DEBUGINFOD_URLS=https://debuginfod.ubuntu.com /usr/bin/cmake --install /home/catcyber02/Mobile-Robots-2026-1/build/justina_description
