[2.322s] Invoking command in '/home/catcyber02/Mobile-Robots-2026-1/ros2_ws/src/navigation/path_planner': DEBUGINFOD_URLS=https://debuginfod.ubuntu.com PYTHONPATH=/home/catcyber02/Mobile-Robots-2026-1/build/path_planner/prefix_override:/usr/lib/python3/dist-packages/colcon_core/task/python/colcon_distutils_commands:/home/catcyber02/Mobile-Robots-2026-1/install/path_planner/lib/python3.12/site-packages:${PYTHONPATH} /usr/bin/python3 -W ignore:setup.py install is deprecated -W ignore:easy_install command is deprecated setup.py egg_info --egg-base ../../../../build/path_planner build --build-base /home/catcyber02/Mobile-Robots-2026-1/build/path_planner/build install --record /home/catcyber02/Mobile-Robots-2026-1/build/path_planner/install.log --single-version-externally-managed install_data
[2.916s] running egg_info
[2.974s] writing ../../../../build/path_planner/path_planner.egg-info/PKG-INFO
[2.974s] writing dependency_links to ../../../../build/path_planner/path_planner.egg-info/dependency_links.txt
[2.975s] writing entry points to ../../../../build/path_planner/path_planner.egg-info/entry_points.txt
[2.976s] writing requirements to ../../../../build/path_planner/path_planner.egg-info/requires.txt
[2.977s] writing top-level names to ../../../../build/path_planner/path_planner.egg-info/top_level.txt
[3.088s] reading manifest file '../../../../build/path_planner/path_planner.egg-info/SOURCES.txt'
[3.088s] adding license file 'LICENSE'
[3.090s] writing manifest file '../../../../build/path_planner/path_planner.egg-info/SOURCES.txt'
[3.091s] running build
[3.091s] running build_py
[3.091s] running install
[3.109s] running install_lib
[3.202s] running install_data
[3.203s] running install_egg_info
[3.230s] removing '/home/catcyber02/Mobile-Robots-2026-1/install/path_planner/lib/python3.12/site-packages/path_planner-0.0.0-py3.12.egg-info' (and everything under it)
[3.232s] Copying ../../../../build/path_planner/path_planner.egg-info to /home/catcyber02/Mobile-Robots-2026-1/install/path_planner/lib/python3.12/site-packages/path_planner-0.0.0-py3.12.egg-info
[3.233s] running install_scripts
[3.593s] Installing a_start script to /home/catcyber02/Mobile-Robots-2026-1/install/path_planner/lib/path_planner
[3.594s] Installing a_start_solved script to /home/catcyber02/Mobile-Robots-2026-1/install/path_planner/lib/path_planner
[3.595s] Installing cost_map script to /home/catcyber02/Mobile-Robots-2026-1/install/path_planner/lib/path_planner
[3.596s] Installing cost_map_solved script to /home/catcyber02/Mobile-Robots-2026-1/install/path_planner/lib/path_planner
[3.597s] Installing rrt script to /home/catcyber02/Mobile-Robots-2026-1/install/path_planner/lib/path_planner
[3.598s] Installing rrt_solved script to /home/catcyber02/Mobile-Robots-2026-1/install/path_planner/lib/path_planner
[3.600s] writing list of installed files to '/home/catcyber02/Mobile-Robots-2026-1/build/path_planner/install.log'
[3.686s] Invoked command in '/home/catcyber02/Mobile-Robots-2026-1/ros2_ws/src/navigation/path_planner' returned '0': DEBUGINFOD_URLS=https://debuginfod.ubuntu.com PYTHONPATH=/home/catcyber02/Mobile-Robots-2026-1/build/path_planner/prefix_override:/usr/lib/python3/dist-packages/colcon_core/task/python/colcon_distutils_commands:/home/catcyber02/Mobile-Robots-2026-1/install/path_planner/lib/python3.12/site-packages:${PYTHONPATH} /usr/bin/python3 -W ignore:setup.py install is deprecated -W ignore:easy_install command is deprecated setup.py egg_info --egg-base ../../../../build/path_planner build --build-base /home/catcyber02/Mobile-Robots-2026-1/build/path_planner/build install --record /home/catcyber02/Mobile-Robots-2026-1/build/path_planner/install.log --single-version-externally-managed install_data
