[0.094s] Invoking command in '/home/catcyber02/Mobile-Robots-2026-1/build/xarm_description': CMAKE_PREFIX_PATH=${CMAKE_PREFIX_PATH}:/home/catcyber02/Mobile-Robots-2026-1/ros2_ws/install/uf_ros_lib:/home/catcyber02/Mobile-Robots-2026-1/ros2_ws/install/simple_move:/home/catcyber02/Mobile-Robots-2026-1/ros2_ws/install/path_planner:/home/catcyber02/Mobile-Robots-2026-1/ros2_ws/install/map_augmenter:/opt/ros/jazzy DEBUGINFOD_URLS=https://debuginfod.ubuntu.com /usr/bin/cmake --build /home/catcyber02/Mobile-Robots-2026-1/build/xarm_description -- -j8 -l8
[0.869s] Invoked command in '/home/catcyber02/Mobile-Robots-2026-1/build/xarm_description' returned '0': CMAKE_PREFIX_PATH=${CMAKE_PREFIX_PATH}:/home/catcyber02/Mobile-Robots-2026-1/ros2_ws/install/uf_ros_lib:/home/catcyber02/Mobile-Robots-2026-1/ros2_ws/install/simple_move:/home/catcyber02/Mobile-Robots-2026-1/ros2_ws/install/path_planner:/home/catcyber02/Mobile-Robots-2026-1/ros2_ws/install/map_augmenter:/opt/ros/jazzy DEBUGINFOD_URLS=https://debuginfod.ubuntu.com /usr/bin/cmake --build /home/catcyber02/Mobile-Robots-2026-1/build/xarm_description -- -j8 -l8
[0.872s] Invoking command in '/home/catcyber02/Mobile-Robots-2026-1/build/xarm_description': CMAKE_PREFIX_PATH=${CMAKE_PREFIX_PATH}:/home/catcyber02/Mobile-Robots-2026-1/ros2_ws/install/uf_ros_lib:/home/catcyber02/Mobile-Robots-2026-1/ros2_ws/install/simple_move:/home/catcyber02/Mobile-Robots-2026-1/ros2_ws/install/path_planner:/home/catcyber02/Mobile-Robots-2026-1/ros2_ws/install/map_augmenter:/opt/ros/jazzy DEBUGINFOD_URLS=https://debuginfod.ubuntu.com /usr/bin/cmake --install /home/catcyber02/Mobile-Robots-2026-1/build/xarm_description
[0.967s] -- Install configuration: ""
[0.967s] -- Execute custom install script
[0.971s] -- Up-to-date symlink: /home/catcyber02/Mobile-Robots-2026-1/install/xarm_description/share/xarm_description//rviz/display.rviz
[0.972s] -- Up-to-date symlink: /home/catcyber02/Mobile-Robots-2026-1/install/xarm_description/share/xarm_description//urdf/_private_macro.xacro
[0.972s] -- Up-to-date symlink: /home/catcyber02/Mobile-Robots-2026-1/install/xarm_description/share/xarm_description//urdf/camera/camera.gazebo.xacro
[0.972s] -- Up-to-date symlink: /home/catcyber02/Mobile-Robots-2026-1/install/xarm_description/share/xarm_description//urdf/camera/realsense.gazebo.xacro
[0.972s] -- Up-to-date symlink: /home/catcyber02/Mobile-Robots-2026-1/install/xarm_description/share/xarm_description//urdf/camera/realsense_d435i.urdf.xacro
[0.973s] -- Up-to-date symlink: /home/catcyber02/Mobile-Robots-2026-1/install/xarm_description/share/xarm_description//urdf/common/common.gazebo.xacro
[0.973s] -- Up-to-date symlink: /home/catcyber02/Mobile-Robots-2026-1/install/xarm_description/share/xarm_description//urdf/common/common.link.xacro
[0.973s] -- Up-to-date symlink: /home/catcyber02/Mobile-Robots-2026-1/install/xarm_description/share/xarm_description//urdf/common/common.material.xacro
[0.973s] -- Up-to-date symlink: /home/catcyber02/Mobile-Robots-2026-1/install/xarm_description/share/xarm_description//urdf/dual_xarm_device.urdf.xacro
[0.974s] -- Up-to-date symlink: /home/catcyber02/Mobile-Robots-2026-1/install/xarm_description/share/xarm_description//urdf/gripper/bio_gripper.gazebo.xacro
[0.974s] -- Up-to-date symlink: /home/catcyber02/Mobile-Robots-2026-1/install/xarm_description/share/xarm_description//urdf/gripper/bio_gripper.ros2_control.xacro
[0.976s] -- Up-to-date symlink: /home/catcyber02/Mobile-Robots-2026-1/install/xarm_description/share/xarm_description//urdf/gripper/bio_gripper.transmission.xacro
[0.976s] -- Up-to-date symlink: /home/catcyber02/Mobile-Robots-2026-1/install/xarm_description/share/xarm_description//urdf/gripper/bio_gripper.urdf.xacro
[0.977s] -- Up-to-date symlink: /home/catcyber02/Mobile-Robots-2026-1/install/xarm_description/share/xarm_description//urdf/gripper/bio_gripper_macro.xacro
[0.978s] -- Up-to-date symlink: /home/catcyber02/Mobile-Robots-2026-1/install/xarm_description/share/xarm_description//urdf/gripper/gripper.urdf.xacro
[0.979s] -- Up-to-date symlink: /home/catcyber02/Mobile-Robots-2026-1/install/xarm_description/share/xarm_description//urdf/gripper/gripper_macro.xacro
[0.980s] -- Up-to-date symlink: /home/catcyber02/Mobile-Robots-2026-1/install/xarm_description/share/xarm_description//urdf/gripper/lite_gripper.urdf.xacro
[0.980s] -- Up-to-date symlink: /home/catcyber02/Mobile-Robots-2026-1/install/xarm_description/share/xarm_description//urdf/gripper/xarm_gripper.gazebo.xacro
[0.981s] -- Up-to-date symlink: /home/catcyber02/Mobile-Robots-2026-1/install/xarm_description/share/xarm_description//urdf/gripper/xarm_gripper.ros2_control.xacro
[0.982s] -- Up-to-date symlink: /home/catcyber02/Mobile-Robots-2026-1/install/xarm_description/share/xarm_description//urdf/gripper/xarm_gripper.transmission.xacro
[0.982s] -- Up-to-date symlink: /home/catcyber02/Mobile-Robots-2026-1/install/xarm_description/share/xarm_description//urdf/gripper/xarm_gripper.urdf.xacro
[0.983s] -- Up-to-date symlink: /home/catcyber02/Mobile-Robots-2026-1/install/xarm_description/share/xarm_description//urdf/gripper/xarm_gripper_macro.xacro
[0.983s] -- Up-to-date symlink: /home/catcyber02/Mobile-Robots-2026-1/install/xarm_description/share/xarm_description//urdf/lite6/lite6.gazebo.xacro
[0.983s] -- Up-to-date symlink: /home/catcyber02/Mobile-Robots-2026-1/install/xarm_description/share/xarm_description//urdf/lite6/lite6.ros2_control.xacro
[0.983s] -- Up-to-date symlink: /home/catcyber02/Mobile-Robots-2026-1/install/xarm_description/share/xarm_description//urdf/lite6/lite6.transmission.xacro
[0.984s] -- Up-to-date symlink: /home/catcyber02/Mobile-Robots-2026-1/install/xarm_description/share/xarm_description//urdf/lite6/lite6.urdf.xacro
[0.984s] -- Up-to-date symlink: /home/catcyber02/Mobile-Robots-2026-1/install/xarm_description/share/xarm_description//urdf/lite6/lite6_robot_macro.xacro
[0.984s] -- Up-to-date symlink: /home/catcyber02/Mobile-Robots-2026-1/install/xarm_description/share/xarm_description//urdf/other/other_geometry.urdf.xacro
[0.984s] -- Up-to-date symlink: /home/catcyber02/Mobile-Robots-2026-1/install/xarm_description/share/xarm_description//urdf/uf850/uf850.gazebo.xacro
[0.985s] -- Up-to-date symlink: /home/catcyber02/Mobile-Robots-2026-1/install/xarm_description/share/xarm_description//urdf/uf850/uf850.ros2_control.xacro
[0.985s] -- Up-to-date symlink: /home/catcyber02/Mobile-Robots-2026-1/install/xarm_description/share/xarm_description//urdf/uf850/uf850.transmission.xacro
[0.986s] -- Up-to-date symlink: /home/catcyber02/Mobile-Robots-2026-1/install/xarm_description/share/xarm_description//urdf/uf850/uf850.urdf.xacro
[0.986s] -- Up-to-date symlink: /home/catcyber02/Mobile-Robots-2026-1/install/xarm_description/share/xarm_description//urdf/uf850/uf850_robot_macro.xacro
[0.987s] -- Up-to-date symlink: /home/catcyber02/Mobile-Robots-2026-1/install/xarm_description/share/xarm_description//urdf/vacuum_gripper/lite_vacuum_gripper.urdf.xacro
[0.987s] -- Up-to-date symlink: /home/catcyber02/Mobile-Robots-2026-1/install/xarm_description/share/xarm_description//urdf/vacuum_gripper/vacuum_gripper.urdf.xacro
[0.988s] -- Up-to-date symlink: /home/catcyber02/Mobile-Robots-2026-1/install/xarm_description/share/xarm_description//urdf/vacuum_gripper/vacuum_gripper_macro.xacro
[0.989s] -- Up-to-date symlink: /home/catcyber02/Mobile-Robots-2026-1/install/xarm_description/share/xarm_description//urdf/vacuum_gripper/xarm_vacuum_gripper.urdf.xacro
[0.989s] -- Up-to-date symlink: /home/catcyber02/Mobile-Robots-2026-1/install/xarm_description/share/xarm_description//urdf/xarm5/xarm5.gazebo.xacro
[0.990s] -- Up-to-date symlink: /home/catcyber02/Mobile-Robots-2026-1/install/xarm_description/share/xarm_description//urdf/xarm5/xarm5.ros2_control.xacro
[0.990s] -- Up-to-date symlink: /home/catcyber02/Mobile-Robots-2026-1/install/xarm_description/share/xarm_description//urdf/xarm5/xarm5.transmission.xacro
[0.991s] -- Up-to-date symlink: /home/catcyber02/Mobile-Robots-2026-1/install/xarm_description/share/xarm_description//urdf/xarm5/xarm5.urdf.xacro
[0.992s] -- Up-to-date symlink: /home/catcyber02/Mobile-Robots-2026-1/install/xarm_description/share/xarm_description//urdf/xarm5/xarm5_robot_macro.xacro
[0.992s] -- Up-to-date symlink: /home/catcyber02/Mobile-Robots-2026-1/install/xarm_description/share/xarm_description//urdf/xarm6/xarm6.gazebo.xacro
[0.993s] -- Up-to-date symlink: /home/catcyber02/Mobile-Robots-2026-1/install/xarm_description/share/xarm_description//urdf/xarm6/xarm6.ros2_control.xacro
[0.993s] -- Up-to-date symlink: /home/catcyber02/Mobile-Robots-2026-1/install/xarm_description/share/xarm_description//urdf/xarm6/xarm6.transmission.xacro
[0.993s] -- Up-to-date symlink: /home/catcyber02/Mobile-Robots-2026-1/install/xarm_description/share/xarm_description//urdf/xarm6/xarm6.urdf.xacro
[0.994s] -- Up-to-date symlink: /home/catcyber02/Mobile-Robots-2026-1/install/xarm_description/share/xarm_description//urdf/xarm6/xarm6_robot_macro.xacro
[0.994s] -- Up-to-date symlink: /home/catcyber02/Mobile-Robots-2026-1/install/xarm_description/share/xarm_description//urdf/xarm7/xarm7.gazebo.xacro
[0.994s] -- Up-to-date symlink: /home/catcyber02/Mobile-Robots-2026-1/install/xarm_description/share/xarm_description//urdf/xarm7/xarm7.ros2_control.xacro
[0.995s] -- Up-to-date symlink: /home/catcyber02/Mobile-Robots-2026-1/install/xarm_description/share/xarm_description//urdf/xarm7/xarm7.transmission.xacro
[0.995s] -- Up-to-date symlink: /home/catcyber02/Mobile-Robots-2026-1/install/xarm_description/share/xarm_description//urdf/xarm7/xarm7.urdf.xacro
[0.995s] -- Up-to-date symlink: /home/catcyber02/Mobile-Robots-2026-1/install/xarm_description/share/xarm_description//urdf/xarm7/xarm7_robot_macro.xacro
[0.996s] -- Up-to-date symlink: /home/catcyber02/Mobile-Robots-2026-1/install/xarm_description/share/xarm_description//urdf/xarm7_mirror/xarm7_mirror.gazebo.xacro
[0.997s] -- Up-to-date symlink: /home/catcyber02/Mobile-Robots-2026-1/install/xarm_description/share/xarm_description//urdf/xarm7_mirror/xarm7_mirror.ros2_control.xacro
[0.998s] -- Up-to-date symlink: /home/catcyber02/Mobile-Robots-2026-1/install/xarm_description/share/xarm_description//urdf/xarm7_mirror/xarm7_mirror.transmission.xacro
[1.012s] -- Up-to-date symlink: /home/catcyber02/Mobile-Robots-2026-1/install/xarm_description/share/xarm_description//urdf/xarm7_mirror/xarm7_mirror.urdf.xacro
[1.012s] -- Up-to-date symlink: /home/catcyber02/Mobile-Robots-2026-1/install/xarm_description/share/xarm_description//urdf/xarm7_mirror/xarm7_mirror_robot_macro.xacro
[1.012s] -- Up-to-date symlink: /home/catcyber02/Mobile-Robots-2026-1/install/xarm_description/share/xarm_description//urdf/xarm_device.urdf.xacro
[1.013s] -- Up-to-date symlink: /home/catcyber02/Mobile-Robots-2026-1/install/xarm_description/share/xarm_description//urdf/xarm_device_macro.xacro
[1.013s] -- Up-to-date symlink: /home/catcyber02/Mobile-Robots-2026-1/install/xarm_description/share/xarm_description//config/kinematics/default/lite6_default_kinematics.yaml
[1.013s] -- Up-to-date symlink: /home/catcyber02/Mobile-Robots-2026-1/install/xarm_description/share/xarm_description//config/kinematics/default/uf850_default_kinematics.yaml
[1.014s] -- Up-to-date symlink: /home/catcyber02/Mobile-Robots-2026-1/install/xarm_description/share/xarm_description//config/kinematics/default/xarm5_default_kinematics.yaml
[1.015s] -- Up-to-date symlink: /home/catcyber02/Mobile-Robots-2026-1/install/xarm_description/share/xarm_description//config/kinematics/default/xarm6_default_kinematics.yaml
[1.015s] -- Up-to-date symlink: /home/catcyber02/Mobile-Robots-2026-1/install/xarm_description/share/xarm_description//config/kinematics/default/xarm7_default_kinematics.yaml
[1.016s] -- Up-to-date symlink: /home/catcyber02/Mobile-Robots-2026-1/install/xarm_description/share/xarm_description//config/kinematics/default/xarm7_mirror_default_kinematics.yaml
[1.017s] -- Up-to-date symlink: /home/catcyber02/Mobile-Robots-2026-1/install/xarm_description/share/xarm_description//config/kinematics/gen_kinematics_params.py
[1.018s] -- Up-to-date symlink: /home/catcyber02/Mobile-Robots-2026-1/install/xarm_description/share/xarm_description//config/link_inertial/gen_link_inertial_params.py
[1.019s] -- Up-to-date symlink: /home/catcyber02/Mobile-Robots-2026-1/install/xarm_description/share/xarm_description//config/link_inertial/xarm5_type5_HT_BR.yaml
[1.020s] -- Up-to-date symlink: /home/catcyber02/Mobile-Robots-2026-1/install/xarm_description/share/xarm_description//config/link_inertial/xarm5_type5_HT_BR2.yaml
[1.020s] -- Up-to-date symlink: /home/catcyber02/Mobile-Robots-2026-1/install/xarm_description/share/xarm_description//config/link_inertial/xarm5_type5_HT_LD.yaml
[1.021s] -- Up-to-date symlink: /home/catcyber02/Mobile-Robots-2026-1/install/xarm_description/share/xarm_description//config/link_inertial/xarm5_type5_UJ_BR_2403.yaml
[1.022s] -- Up-to-date symlink: /home/catcyber02/Mobile-Robots-2026-1/install/xarm_description/share/xarm_description//config/link_inertial/xarm6_type11_HT_LD.yaml
[1.022s] -- Up-to-date symlink: /home/catcyber02/Mobile-Robots-2026-1/install/xarm_description/share/xarm_description//config/link_inertial/xarm6_type12_HT_LDBR2.yaml
[1.023s] -- Up-to-date symlink: /home/catcyber02/Mobile-Robots-2026-1/install/xarm_description/share/xarm_description//config/link_inertial/xarm6_type6_HT2_LD.yaml
[1.024s] -- Up-to-date symlink: /home/catcyber02/Mobile-Robots-2026-1/install/xarm_description/share/xarm_description//config/link_inertial/xarm6_type6_HT_BR.yaml
[1.024s] -- Up-to-date symlink: /home/catcyber02/Mobile-Robots-2026-1/install/xarm_description/share/xarm_description//config/link_inertial/xarm6_type6_HT_BR2.yaml
[1.024s] -- Up-to-date symlink: /home/catcyber02/Mobile-Robots-2026-1/install/xarm_description/share/xarm_description//config/link_inertial/xarm6_type6_HT_LD.yaml
[1.025s] -- Up-to-date symlink: /home/catcyber02/Mobile-Robots-2026-1/install/xarm_description/share/xarm_description//config/link_inertial/xarm6_type6_UJ_BR_2403.yaml
[1.025s] -- Up-to-date symlink: /home/catcyber02/Mobile-Robots-2026-1/install/xarm_description/share/xarm_description//config/link_inertial/xarm6_type8_HT2_BR2.yaml
[1.025s] -- Up-to-date symlink: /home/catcyber02/Mobile-Robots-2026-1/install/xarm_description/share/xarm_description//config/link_inertial/xarm6_type9_HT_BR2.yaml
[1.025s] -- Up-to-date symlink: /home/catcyber02/Mobile-Robots-2026-1/install/xarm_description/share/xarm_description//config/link_inertial/xarm7_type13_HT_BR2.yaml
[1.026s] -- Up-to-date symlink: /home/catcyber02/Mobile-Robots-2026-1/install/xarm_description/share/xarm_description//config/link_inertial/xarm7_type3_YT_SP.yaml
[1.027s] -- Up-to-date symlink: /home/catcyber02/Mobile-Robots-2026-1/install/xarm_description/share/xarm_description//config/link_inertial/xarm7_type7_HT_BR.yaml
[1.027s] -- Up-to-date symlink: /home/catcyber02/Mobile-Robots-2026-1/install/xarm_description/share/xarm_description//config/link_inertial/xarm7_type7_HT_BR2.yaml
[1.027s] -- Up-to-date symlink: /home/catcyber02/Mobile-Robots-2026-1/install/xarm_description/share/xarm_description//config/link_inertial/xarm7_type7_HT_LD.yaml
[1.028s] -- Up-to-date symlink: /home/catcyber02/Mobile-Robots-2026-1/install/xarm_description/share/xarm_description//config/link_inertial/xarm7_type7_UJ_BR_2403.yaml
[1.028s] -- Up-to-date symlink: /home/catcyber02/Mobile-Robots-2026-1/install/xarm_description/share/xarm_description//meshes/camera/realsense/collision/d435_with_cam_stand.stl
[1.029s] -- Up-to-date symlink: /home/catcyber02/Mobile-Robots-2026-1/install/xarm_description/share/xarm_description//meshes/camera/realsense/visual/d435_with_cam_stand.stl
[1.029s] -- Up-to-date symlink: /home/catcyber02/Mobile-Robots-2026-1/install/xarm_description/share/xarm_description//meshes/end_tool/collision/end_tool.stl
[1.029s] -- Up-to-date symlink: /home/catcyber02/Mobile-Robots-2026-1/install/xarm_description/share/xarm_description//meshes/end_tool/collision/end_tool_1300.stl
[1.030s] -- Up-to-date symlink: /home/catcyber02/Mobile-Robots-2026-1/install/xarm_description/share/xarm_description//meshes/end_tool/visual/end_tool_1300.stl
[1.030s] -- Up-to-date symlink: /home/catcyber02/Mobile-Robots-2026-1/install/xarm_description/share/xarm_description//meshes/gripper/bio/left_finger.stl
[1.030s] -- Up-to-date symlink: /home/catcyber02/Mobile-Robots-2026-1/install/xarm_description/share/xarm_description//meshes/gripper/bio/link_base.stl
[1.031s] -- Up-to-date symlink: /home/catcyber02/Mobile-Robots-2026-1/install/xarm_description/share/xarm_description//meshes/gripper/bio/right_finger.stl
[1.031s] -- Up-to-date symlink: /home/catcyber02/Mobile-Robots-2026-1/install/xarm_description/share/xarm_description//meshes/gripper/lite/collision/gripper_lite.stl
[1.032s] -- Up-to-date symlink: /home/catcyber02/Mobile-Robots-2026-1/install/xarm_description/share/xarm_description//meshes/gripper/lite/visual/gripper_lite.stl
[1.032s] -- Up-to-date symlink: /home/catcyber02/Mobile-Robots-2026-1/install/xarm_description/share/xarm_description//meshes/gripper/xarm/base_link.stl
[1.054s] -- Up-to-date symlink: /home/catcyber02/Mobile-Robots-2026-1/install/xarm_description/share/xarm_description//meshes/gripper/xarm/left_finger.stl
[1.054s] -- Up-to-date symlink: /home/catcyber02/Mobile-Robots-2026-1/install/xarm_description/share/xarm_description//meshes/gripper/xarm/left_inner_knuckle.stl
[1.054s] -- Up-to-date symlink: /home/catcyber02/Mobile-Robots-2026-1/install/xarm_description/share/xarm_description//meshes/gripper/xarm/left_outer_knuckle.stl
[1.055s] -- Up-to-date symlink: /home/catcyber02/Mobile-Robots-2026-1/install/xarm_description/share/xarm_description//meshes/gripper/xarm/right_finger.stl
[1.056s] -- Up-to-date symlink: /home/catcyber02/Mobile-Robots-2026-1/install/xarm_description/share/xarm_description//meshes/gripper/xarm/right_inner_knuckle.stl
[1.059s] -- Up-to-date symlink: /home/catcyber02/Mobile-Robots-2026-1/install/xarm_description/share/xarm_description//meshes/gripper/xarm/right_outer_knuckle.stl
[1.059s] -- Up-to-date symlink: /home/catcyber02/Mobile-Robots-2026-1/install/xarm_description/share/xarm_description//meshes/lite6/collision/link1.stl
[1.059s] -- Up-to-date symlink: /home/catcyber02/Mobile-Robots-2026-1/install/xarm_description/share/xarm_description//meshes/lite6/collision/link2.stl
[1.060s] -- Up-to-date symlink: /home/catcyber02/Mobile-Robots-2026-1/install/xarm_description/share/xarm_description//meshes/lite6/collision/link3.stl
[1.060s] -- Up-to-date symlink: /home/catcyber02/Mobile-Robots-2026-1/install/xarm_description/share/xarm_description//meshes/lite6/collision/link4.stl
[1.060s] -- Up-to-date symlink: /home/catcyber02/Mobile-Robots-2026-1/install/xarm_description/share/xarm_description//meshes/lite6/collision/link5.stl
[1.063s] -- Up-to-date symlink: /home/catcyber02/Mobile-Robots-2026-1/install/xarm_description/share/xarm_description//meshes/lite6/collision/link6.stl
[1.063s] -- Up-to-date symlink: /home/catcyber02/Mobile-Robots-2026-1/install/xarm_description/share/xarm_description//meshes/lite6/collision/link_base.stl
[1.064s] -- Up-to-date symlink: /home/catcyber02/Mobile-Robots-2026-1/install/xarm_description/share/xarm_description//meshes/lite6/visual/link1.stl
[1.064s] -- Up-to-date symlink: /home/catcyber02/Mobile-Robots-2026-1/install/xarm_description/share/xarm_description//meshes/lite6/visual/link2.stl
[1.064s] -- Up-to-date symlink: /home/catcyber02/Mobile-Robots-2026-1/install/xarm_description/share/xarm_description//meshes/lite6/visual/link3.stl
[1.064s] -- Up-to-date symlink: /home/catcyber02/Mobile-Robots-2026-1/install/xarm_description/share/xarm_description//meshes/lite6/visual/link4.stl
[1.065s] -- Up-to-date symlink: /home/catcyber02/Mobile-Robots-2026-1/install/xarm_description/share/xarm_description//meshes/lite6/visual/link5.stl
[1.067s] -- Up-to-date symlink: /home/catcyber02/Mobile-Robots-2026-1/install/xarm_description/share/xarm_description//meshes/lite6/visual/link6.stl
[1.068s] -- Up-to-date symlink: /home/catcyber02/Mobile-Robots-2026-1/install/xarm_description/share/xarm_description//meshes/lite6/visual/link_base.stl
[1.068s] -- Up-to-date symlink: /home/catcyber02/Mobile-Robots-2026-1/install/xarm_description/share/xarm_description//meshes/uf850/collision/link1.stl
[1.069s] -- Up-to-date symlink: /home/catcyber02/Mobile-Robots-2026-1/install/xarm_description/share/xarm_description//meshes/uf850/collision/link2.stl
[1.070s] -- Up-to-date symlink: /home/catcyber02/Mobile-Robots-2026-1/install/xarm_description/share/xarm_description//meshes/uf850/collision/link3.stl
[1.070s] -- Up-to-date symlink: /home/catcyber02/Mobile-Robots-2026-1/install/xarm_description/share/xarm_description//meshes/uf850/collision/link4.stl
[1.071s] -- Up-to-date symlink: /home/catcyber02/Mobile-Robots-2026-1/install/xarm_description/share/xarm_description//meshes/uf850/collision/link5.stl
[1.071s] -- Up-to-date symlink: /home/catcyber02/Mobile-Robots-2026-1/install/xarm_description/share/xarm_description//meshes/uf850/collision/link6.stl
[1.074s] -- Up-to-date symlink: /home/catcyber02/Mobile-Robots-2026-1/install/xarm_description/share/xarm_description//meshes/uf850/collision/link_base.stl
[1.074s] -- Up-to-date symlink: /home/catcyber02/Mobile-Robots-2026-1/install/xarm_description/share/xarm_description//meshes/uf850/visual/link1.stl
[1.075s] -- Up-to-date symlink: /home/catcyber02/Mobile-Robots-2026-1/install/xarm_description/share/xarm_description//meshes/uf850/visual/link2.stl
[1.075s] -- Up-to-date symlink: /home/catcyber02/Mobile-Robots-2026-1/install/xarm_description/share/xarm_description//meshes/uf850/visual/link3.stl
[1.075s] -- Up-to-date symlink: /home/catcyber02/Mobile-Robots-2026-1/install/xarm_description/share/xarm_description//meshes/uf850/visual/link4.stl
[1.075s] -- Up-to-date symlink: /home/catcyber02/Mobile-Robots-2026-1/install/xarm_description/share/xarm_description//meshes/uf850/visual/link5.stl
[1.076s] -- Up-to-date symlink: /home/catcyber02/Mobile-Robots-2026-1/install/xarm_description/share/xarm_description//meshes/uf850/visual/link6.stl
[1.077s] -- Up-to-date symlink: /home/catcyber02/Mobile-Robots-2026-1/install/xarm_description/share/xarm_description//meshes/uf850/visual/link_base.stl
[1.078s] -- Up-to-date symlink: /home/catcyber02/Mobile-Robots-2026-1/install/xarm_description/share/xarm_description//meshes/vacuum_gripper/lite/collision/vacuum_gripper_lite.stl
[1.078s] -- Up-to-date symlink: /home/catcyber02/Mobile-Robots-2026-1/install/xarm_description/share/xarm_description//meshes/vacuum_gripper/lite/visual/vacuum_gripper_lite.stl
[1.079s] -- Up-to-date symlink: /home/catcyber02/Mobile-Robots-2026-1/install/xarm_description/share/xarm_description//meshes/vacuum_gripper/xarm/collision/vacuum_gripper.stl
[1.079s] -- Up-to-date symlink: /home/catcyber02/Mobile-Robots-2026-1/install/xarm_description/share/xarm_description//meshes/vacuum_gripper/xarm/visual/vacuum_gripper.stl
[1.080s] -- Up-to-date symlink: /home/catcyber02/Mobile-Robots-2026-1/install/xarm_description/share/xarm_description//meshes/xarm5/visual/link1.stl
[1.081s] -- Up-to-date symlink: /home/catcyber02/Mobile-Robots-2026-1/install/xarm_description/share/xarm_description//meshes/xarm5/visual/link2.stl
[1.082s] -- Up-to-date symlink: /home/catcyber02/Mobile-Robots-2026-1/install/xarm_description/share/xarm_description//meshes/xarm5/visual/link3.stl
[1.083s] -- Up-to-date symlink: /home/catcyber02/Mobile-Robots-2026-1/install/xarm_description/share/xarm_description//meshes/xarm5/visual/link4.stl
[1.083s] -- Up-to-date symlink: /home/catcyber02/Mobile-Robots-2026-1/install/xarm_description/share/xarm_description//meshes/xarm5/visual/link5.stl
[1.084s] -- Up-to-date symlink: /home/catcyber02/Mobile-Robots-2026-1/install/xarm_description/share/xarm_description//meshes/xarm5/visual/link_base.stl
[1.084s] -- Up-to-date symlink: /home/catcyber02/Mobile-Robots-2026-1/install/xarm_description/share/xarm_description//meshes/xarm5_1305/collision/link1.obj
[1.085s] -- Up-to-date symlink: /home/catcyber02/Mobile-Robots-2026-1/install/xarm_description/share/xarm_description//meshes/xarm5_1305/collision/link2.obj
[1.086s] -- Up-to-date symlink: /home/catcyber02/Mobile-Robots-2026-1/install/xarm_description/share/xarm_description//meshes/xarm5_1305/collision/link3.obj
[1.087s] -- Up-to-date symlink: /home/catcyber02/Mobile-Robots-2026-1/install/xarm_description/share/xarm_description//meshes/xarm5_1305/collision/link4.obj
[1.087s] -- Up-to-date symlink: /home/catcyber02/Mobile-Robots-2026-1/install/xarm_description/share/xarm_description//meshes/xarm5_1305/collision/link5.obj
[1.087s] -- Up-to-date symlink: /home/catcyber02/Mobile-Robots-2026-1/install/xarm_description/share/xarm_description//meshes/xarm5_1305/collision/link_base.obj
[1.088s] -- Up-to-date symlink: /home/catcyber02/Mobile-Robots-2026-1/install/xarm_description/share/xarm_description//meshes/xarm5_1305/visual/link1.stl
[1.088s] -- Up-to-date symlink: /home/catcyber02/Mobile-Robots-2026-1/install/xarm_description/share/xarm_description//meshes/xarm5_1305/visual/link2.stl
[1.089s] -- Up-to-date symlink: /home/catcyber02/Mobile-Robots-2026-1/install/xarm_description/share/xarm_description//meshes/xarm5_1305/visual/link3.stl
[1.089s] -- Up-to-date symlink: /home/catcyber02/Mobile-Robots-2026-1/install/xarm_description/share/xarm_description//meshes/xarm5_1305/visual/link4.stl
[1.089s] -- Up-to-date symlink: /home/catcyber02/Mobile-Robots-2026-1/install/xarm_description/share/xarm_description//meshes/xarm5_1305/visual/link5.stl
[1.090s] -- Up-to-date symlink: /home/catcyber02/Mobile-Robots-2026-1/install/xarm_description/share/xarm_description//meshes/xarm5_1305/visual/link_base.stl
[1.090s] -- Up-to-date symlink: /home/catcyber02/Mobile-Robots-2026-1/install/xarm_description/share/xarm_description//meshes/xarm6/visual/link1.stl
[1.091s] -- Up-to-date symlink: /home/catcyber02/Mobile-Robots-2026-1/install/xarm_description/share/xarm_description//meshes/xarm6/visual/link2.stl
[1.091s] -- Up-to-date symlink: /home/catcyber02/Mobile-Robots-2026-1/install/xarm_description/share/xarm_description//meshes/xarm6/visual/link3.stl
[1.091s] -- Up-to-date symlink: /home/catcyber02/Mobile-Robots-2026-1/install/xarm_description/share/xarm_description//meshes/xarm6/visual/link4.stl
[1.092s] -- Up-to-date symlink: /home/catcyber02/Mobile-Robots-2026-1/install/xarm_description/share/xarm_description//meshes/xarm6/visual/link5.stl
[1.092s] -- Up-to-date symlink: /home/catcyber02/Mobile-Robots-2026-1/install/xarm_description/share/xarm_description//meshes/xarm6/visual/link6.stl
[1.095s] -- Up-to-date symlink: /home/catcyber02/Mobile-Robots-2026-1/install/xarm_description/share/xarm_description//meshes/xarm6/visual/link_base.stl
[1.095s] -- Up-to-date symlink: /home/catcyber02/Mobile-Robots-2026-1/install/xarm_description/share/xarm_description//meshes/xarm6_1305/collision/link1.obj
[1.095s] -- Up-to-date symlink: /home/catcyber02/Mobile-Robots-2026-1/install/xarm_description/share/xarm_description//meshes/xarm6_1305/collision/link2.obj
[1.096s] -- Up-to-date symlink: /home/catcyber02/Mobile-Robots-2026-1/install/xarm_description/share/xarm_description//meshes/xarm6_1305/collision/link3.obj
[1.096s] -- Up-to-date symlink: /home/catcyber02/Mobile-Robots-2026-1/install/xarm_description/share/xarm_description//meshes/xarm6_1305/collision/link4.obj
[1.096s] -- Up-to-date symlink: /home/catcyber02/Mobile-Robots-2026-1/install/xarm_description/share/xarm_description//meshes/xarm6_1305/collision/link5.obj
[1.097s] -- Up-to-date symlink: /home/catcyber02/Mobile-Robots-2026-1/install/xarm_description/share/xarm_description//meshes/xarm6_1305/collision/link6.obj
[1.097s] -- Up-to-date symlink: /home/catcyber02/Mobile-Robots-2026-1/install/xarm_description/share/xarm_description//meshes/xarm6_1305/collision/link_base.obj
[1.098s] -- Up-to-date symlink: /home/catcyber02/Mobile-Robots-2026-1/install/xarm_description/share/xarm_description//meshes/xarm6_1305/visual/link1.stl
[1.098s] -- Up-to-date symlink: /home/catcyber02/Mobile-Robots-2026-1/install/xarm_description/share/xarm_description//meshes/xarm6_1305/visual/link2.stl
[1.101s] -- Up-to-date symlink: /home/catcyber02/Mobile-Robots-2026-1/install/xarm_description/share/xarm_description//meshes/xarm6_1305/visual/link3.stl
[1.101s] -- Up-to-date symlink: /home/catcyber02/Mobile-Robots-2026-1/install/xarm_description/share/xarm_description//meshes/xarm6_1305/visual/link4.stl
[1.102s] -- Up-to-date symlink: /home/catcyber02/Mobile-Robots-2026-1/install/xarm_description/share/xarm_description//meshes/xarm6_1305/visual/link5.stl
[1.102s] -- Up-to-date symlink: /home/catcyber02/Mobile-Robots-2026-1/install/xarm_description/share/xarm_description//meshes/xarm6_1305/visual/link6.stl
[1.102s] -- Up-to-date symlink: /home/catcyber02/Mobile-Robots-2026-1/install/xarm_description/share/xarm_description//meshes/xarm6_1305/visual/link_base.stl
[1.102s] -- Up-to-date symlink: /home/catcyber02/Mobile-Robots-2026-1/install/xarm_description/share/xarm_description//meshes/xarm7/visual/link1.stl
[1.103s] -- Up-to-date symlink: /home/catcyber02/Mobile-Robots-2026-1/install/xarm_description/share/xarm_description//meshes/xarm7/visual/link2.stl
[1.103s] -- Up-to-date symlink: /home/catcyber02/Mobile-Robots-2026-1/install/xarm_description/share/xarm_description//meshes/xarm7/visual/link3.stl
[1.103s] -- Up-to-date symlink: /home/catcyber02/Mobile-Robots-2026-1/install/xarm_description/share/xarm_description//meshes/xarm7/visual/link4.stl
[1.104s] -- Up-to-date symlink: /home/catcyber02/Mobile-Robots-2026-1/install/xarm_description/share/xarm_description//meshes/xarm7/visual/link5.stl
[1.104s] -- Up-to-date symlink: /home/catcyber02/Mobile-Robots-2026-1/install/xarm_description/share/xarm_description//meshes/xarm7/visual/link6.stl
[1.104s] -- Up-to-date symlink: /home/catcyber02/Mobile-Robots-2026-1/install/xarm_description/share/xarm_description//meshes/xarm7/visual/link7.stl
[1.105s] -- Up-to-date symlink: /home/catcyber02/Mobile-Robots-2026-1/install/xarm_description/share/xarm_description//meshes/xarm7/visual/link_base.stl
[1.105s] -- Up-to-date symlink: /home/catcyber02/Mobile-Robots-2026-1/install/xarm_description/share/xarm_description//meshes/xarm7_1305/collision/link1.obj
[1.106s] -- Up-to-date symlink: /home/catcyber02/Mobile-Robots-2026-1/install/xarm_description/share/xarm_description//meshes/xarm7_1305/collision/link2.obj
[1.107s] -- Up-to-date symlink: /home/catcyber02/Mobile-Robots-2026-1/install/xarm_description/share/xarm_description//meshes/xarm7_1305/collision/link3.obj
[1.107s] -- Up-to-date symlink: /home/catcyber02/Mobile-Robots-2026-1/install/xarm_description/share/xarm_description//meshes/xarm7_1305/collision/link4.obj
[1.107s] -- Up-to-date symlink: /home/catcyber02/Mobile-Robots-2026-1/install/xarm_description/share/xarm_description//meshes/xarm7_1305/collision/link5.obj
[1.108s] -- Up-to-date symlink: /home/catcyber02/Mobile-Robots-2026-1/install/xarm_description/share/xarm_description//meshes/xarm7_1305/collision/link6.obj
[1.109s] -- Up-to-date symlink: /home/catcyber02/Mobile-Robots-2026-1/install/xarm_description/share/xarm_description//meshes/xarm7_1305/collision/link7.obj
[1.110s] -- Up-to-date symlink: /home/catcyber02/Mobile-Robots-2026-1/install/xarm_description/share/xarm_description//meshes/xarm7_1305/collision/link_base.obj
[1.110s] -- Up-to-date symlink: /home/catcyber02/Mobile-Robots-2026-1/install/xarm_description/share/xarm_description//meshes/xarm7_1305/visual/link1.stl
[1.111s] -- Up-to-date symlink: /home/catcyber02/Mobile-Robots-2026-1/install/xarm_description/share/xarm_description//meshes/xarm7_1305/visual/link2.stl
[1.112s] -- Up-to-date symlink: /home/catcyber02/Mobile-Robots-2026-1/install/xarm_description/share/xarm_description//meshes/xarm7_1305/visual/link3.stl
[1.112s] -- Up-to-date symlink: /home/catcyber02/Mobile-Robots-2026-1/install/xarm_description/share/xarm_description//meshes/xarm7_1305/visual/link4.stl
[1.113s] -- Up-to-date symlink: /home/catcyber02/Mobile-Robots-2026-1/install/xarm_description/share/xarm_description//meshes/xarm7_1305/visual/link5.stl
[1.114s] -- Up-to-date symlink: /home/catcyber02/Mobile-Robots-2026-1/install/xarm_description/share/xarm_description//meshes/xarm7_1305/visual/link6.stl
[1.116s] -- Up-to-date symlink: /home/catcyber02/Mobile-Robots-2026-1/install/xarm_description/share/xarm_description//meshes/xarm7_1305/visual/link7.stl
[1.116s] -- Up-to-date symlink: /home/catcyber02/Mobile-Robots-2026-1/install/xarm_description/share/xarm_description//meshes/xarm7_1305/visual/link_base.stl
[1.117s] -- Up-to-date symlink: /home/catcyber02/Mobile-Robots-2026-1/install/xarm_description/share/xarm_description//meshes/xarm7_mirror/collision/link1.stl
[1.117s] -- Up-to-date symlink: /home/catcyber02/Mobile-Robots-2026-1/install/xarm_description/share/xarm_description//meshes/xarm7_mirror/collision/link2.stl
[1.118s] -- Up-to-date symlink: /home/catcyber02/Mobile-Robots-2026-1/install/xarm_description/share/xarm_description//meshes/xarm7_mirror/collision/link3.stl
[1.118s] -- Up-to-date symlink: /home/catcyber02/Mobile-Robots-2026-1/install/xarm_description/share/xarm_description//meshes/xarm7_mirror/collision/link4.stl
[1.119s] -- Up-to-date symlink: /home/catcyber02/Mobile-Robots-2026-1/install/xarm_description/share/xarm_description//meshes/xarm7_mirror/collision/link5.stl
[1.120s] -- Up-to-date symlink: /home/catcyber02/Mobile-Robots-2026-1/install/xarm_description/share/xarm_description//meshes/xarm7_mirror/collision/link6.stl
[1.121s] -- Up-to-date symlink: /home/catcyber02/Mobile-Robots-2026-1/install/xarm_description/share/xarm_description//meshes/xarm7_mirror/collision/link7.stl
[1.121s] -- Up-to-date symlink: /home/catcyber02/Mobile-Robots-2026-1/install/xarm_description/share/xarm_description//meshes/xarm7_mirror/collision/link_base.stl
[1.121s] -- Up-to-date symlink: /home/catcyber02/Mobile-Robots-2026-1/install/xarm_description/share/xarm_description//meshes/xarm7_mirror/visual/link1.stl
[1.122s] -- Up-to-date symlink: /home/catcyber02/Mobile-Robots-2026-1/install/xarm_description/share/xarm_description//meshes/xarm7_mirror/visual/link2.stl
[1.123s] -- Up-to-date symlink: /home/catcyber02/Mobile-Robots-2026-1/install/xarm_description/share/xarm_description//meshes/xarm7_mirror/visual/link3.stl
[1.124s] -- Up-to-date symlink: /home/catcyber02/Mobile-Robots-2026-1/install/xarm_description/share/xarm_description//meshes/xarm7_mirror/visual/link4.stl
[1.125s] -- Up-to-date symlink: /home/catcyber02/Mobile-Robots-2026-1/install/xarm_description/share/xarm_description//meshes/xarm7_mirror/visual/link5.stl
[1.125s] -- Up-to-date symlink: /home/catcyber02/Mobile-Robots-2026-1/install/xarm_description/share/xarm_description//meshes/xarm7_mirror/visual/link6.stl
[1.125s] -- Up-to-date symlink: /home/catcyber02/Mobile-Robots-2026-1/install/xarm_description/share/xarm_description//meshes/xarm7_mirror/visual/link7.stl
[1.125s] -- Up-to-date symlink: /home/catcyber02/Mobile-Robots-2026-1/install/xarm_description/share/xarm_description//meshes/xarm7_mirror/visual/link_base.stl
[1.126s] -- Up-to-date symlink: /home/catcyber02/Mobile-Robots-2026-1/install/xarm_description/share/xarm_description//launch/_robot_description.launch.py
[1.127s] -- Up-to-date symlink: /home/catcyber02/Mobile-Robots-2026-1/install/xarm_description/share/xarm_description//launch/_robot_joint_state.launch.py
[1.127s] -- Up-to-date symlink: /home/catcyber02/Mobile-Robots-2026-1/install/xarm_description/share/xarm_description//launch/_robot_rviz_display.launch.py
[1.128s] -- Up-to-date symlink: /home/catcyber02/Mobile-Robots-2026-1/install/xarm_description/share/xarm_description//launch/_rviz_display.launch.py
[1.128s] -- Up-to-date symlink: /home/catcyber02/Mobile-Robots-2026-1/install/xarm_description/share/xarm_description//launch/lib/robot_description_lib.py
[1.129s] -- Up-to-date symlink: /home/catcyber02/Mobile-Robots-2026-1/install/xarm_description/share/xarm_description//launch/lite6_rviz_display.launch.py
[1.130s] -- Up-to-date symlink: /home/catcyber02/Mobile-Robots-2026-1/install/xarm_description/share/xarm_description//launch/uf850_rviz_display.launch.py
[1.130s] -- Up-to-date symlink: /home/catcyber02/Mobile-Robots-2026-1/install/xarm_description/share/xarm_description//launch/xarm5_rviz_display.launch.py
[1.131s] -- Up-to-date symlink: /home/catcyber02/Mobile-Robots-2026-1/install/xarm_description/share/xarm_description//launch/xarm6_rviz_display.launch.py
[1.132s] -- Up-to-date symlink: /home/catcyber02/Mobile-Robots-2026-1/install/xarm_description/share/xarm_description//launch/xarm7_mirror_rviz_display.launch.py
[1.133s] -- Up-to-date symlink: /home/catcyber02/Mobile-Robots-2026-1/install/xarm_description/share/xarm_description//launch/xarm7_rviz_display.launch.py
[1.133s] -- Up-to-date symlink: /home/catcyber02/Mobile-Robots-2026-1/install/xarm_description/share/ament_index/resource_index/package_run_dependencies/xarm_description
[1.134s] -- Up-to-date symlink: /home/catcyber02/Mobile-Robots-2026-1/install/xarm_description/share/ament_index/resource_index/parent_prefix_path/xarm_description
[1.135s] -- Up-to-date symlink: /home/catcyber02/Mobile-Robots-2026-1/install/xarm_description/share/xarm_description/environment/ament_prefix_path.sh
[1.135s] -- Up-to-date symlink: /home/catcyber02/Mobile-Robots-2026-1/install/xarm_description/share/xarm_description/environment/ament_prefix_path.dsv
[1.136s] -- Up-to-date symlink: /home/catcyber02/Mobile-Robots-2026-1/install/xarm_description/share/xarm_description/environment/path.sh
[1.137s] -- Up-to-date symlink: /home/catcyber02/Mobile-Robots-2026-1/install/xarm_description/share/xarm_description/environment/path.dsv
[1.137s] -- Up-to-date symlink: /home/catcyber02/Mobile-Robots-2026-1/install/xarm_description/share/xarm_description/local_setup.bash
[1.138s] -- Up-to-date symlink: /home/catcyber02/Mobile-Robots-2026-1/install/xarm_description/share/xarm_description/local_setup.sh
[1.138s] -- Up-to-date symlink: /home/catcyber02/Mobile-Robots-2026-1/install/xarm_description/share/xarm_description/local_setup.zsh
[1.140s] -- Up-to-date symlink: /home/catcyber02/Mobile-Robots-2026-1/install/xarm_description/share/xarm_description/local_setup.dsv
[1.140s] -- Up-to-date symlink: /home/catcyber02/Mobile-Robots-2026-1/install/xarm_description/share/xarm_description/package.dsv
[1.142s] -- Up-to-date symlink: /home/catcyber02/Mobile-Robots-2026-1/install/xarm_description/share/ament_index/resource_index/packages/xarm_description
[1.143s] -- Up-to-date symlink: /home/catcyber02/Mobile-Robots-2026-1/install/xarm_description/share/xarm_description/cmake/xarm_descriptionConfig.cmake
[1.143s] -- Up-to-date symlink: /home/catcyber02/Mobile-Robots-2026-1/install/xarm_description/share/xarm_description/cmake/xarm_descriptionConfig-version.cmake
[1.143s] -- Up-to-date symlink: /home/catcyber02/Mobile-Robots-2026-1/install/xarm_description/share/xarm_description/package.xml
