[2.396s] Invoking command in '/home/catcyber02/Mobile-Robots-2026-1/ros2_ws/src/navigation/path_planner': DEBUGINFOD_URLS=https://debuginfod.ubuntu.com PYTHONPATH=/home/catcyber02/Mobile-Robots-2026-1/build/path_planner/prefix_override:/usr/lib/python3/dist-packages/colcon_core/task/python/colcon_distutils_commands:/home/catcyber02/Mobile-Robots-2026-1/install/path_planner/lib/python3.12/site-packages:${PYTHONPATH} /usr/bin/python3 -W ignore:setup.py install is deprecated -W ignore:easy_install command is deprecated setup.py egg_info --egg-base ../../../../build/path_planner build --build-base /home/catcyber02/Mobile-Robots-2026-1/build/path_planner/build install --record /home/catcyber02/Mobile-Robots-2026-1/build/path_planner/install.log --single-version-externally-managed install_data
[2.832s] running egg_info
[2.864s] writing ../../../../build/path_planner/path_planner.egg-info/PKG-INFO
[2.864s] writing dependency_links to ../../../../build/path_planner/path_planner.egg-info/dependency_links.txt
[2.865s] writing entry points to ../../../../build/path_planner/path_planner.egg-info/entry_points.txt
[2.865s] writing requirements to ../../../../build/path_planner/path_planner.egg-info/requires.txt
[2.865s] writing top-level names to ../../../../build/path_planner/path_planner.egg-info/top_level.txt
[2.929s] reading manifest file '../../../../build/path_planner/path_planner.egg-info/SOURCES.txt'
[2.929s] adding license file 'LICENSE'
[2.930s] writing manifest file '../../../../build/path_planner/path_planner.egg-info/SOURCES.txt'
[2.930s] running build
[2.931s] running build_py
[2.931s] running install
[2.940s] running install_lib
[2.973s] running install_data
[2.974s] running install_egg_info
[3.008s] removing '/home/catcyber02/Mobile-Robots-2026-1/install/path_planner/lib/python3.12/site-packages/path_planner-0.0.0-py3.12.egg-info' (and everything under it)
[3.009s] Copying ../../../../build/path_planner/path_planner.egg-info to /home/catcyber02/Mobile-Robots-2026-1/install/path_planner/lib/python3.12/site-packages/path_planner-0.0.0-py3.12.egg-info
[3.010s] running install_scripts
[3.223s] Installing a_start script to /home/catcyber02/Mobile-Robots-2026-1/install/path_planner/lib/path_planner
[3.223s] Installing a_start_solved script to /home/catcyber02/Mobile-Robots-2026-1/install/path_planner/lib/path_planner
[3.224s] Installing cost_map script to /home/catcyber02/Mobile-Robots-2026-1/install/path_planner/lib/path_planner
[3.224s] Installing cost_map_solved script to /home/catcyber02/Mobile-Robots-2026-1/install/path_planner/lib/path_planner
[3.224s] Installing rrt script to /home/catcyber02/Mobile-Robots-2026-1/install/path_planner/lib/path_planner
[3.225s] Installing rrt_solved script to /home/catcyber02/Mobile-Robots-2026-1/install/path_planner/lib/path_planner
[3.225s] writing list of installed files to '/home/catcyber02/Mobile-Robots-2026-1/build/path_planner/install.log'
[3.289s] Invoked command in '/home/catcyber02/Mobile-Robots-2026-1/ros2_ws/src/navigation/path_planner' returned '0': DEBUGINFOD_URLS=https://debuginfod.ubuntu.com PYTHONPATH=/home/catcyber02/Mobile-Robots-2026-1/build/path_planner/prefix_override:/usr/lib/python3/dist-packages/colcon_core/task/python/colcon_distutils_commands:/home/catcyber02/Mobile-Robots-2026-1/install/path_planner/lib/python3.12/site-packages:${PYTHONPATH} /usr/bin/python3 -W ignore:setup.py install is deprecated -W ignore:easy_install command is deprecated setup.py egg_info --egg-base ../../../../build/path_planner build --build-base /home/catcyber02/Mobile-Robots-2026-1/build/path_planner/build install --record /home/catcyber02/Mobile-Robots-2026-1/build/path_planner/install.log --single-version-externally-managed install_data
