[0.176s] Invoking command in '/home/catcyber02/Mobile-Robots-2026-1/build/xarm_description': CMAKE_PREFIX_PATH=${CMAKE_PREFIX_PATH}:/home/catcyber02/Mobile-Robots-2026-1/install/uf_ros_lib:/home/catcyber02/Mobile-Robots-2026-1/install/simple_move:/home/catcyber02/Mobile-Robots-2026-1/install/path_planner:/home/catcyber02/Mobile-Robots-2026-1/install/map_augmenter:/home/catcyber02/Mobile-Robots-2026-1/ros2_ws/install/uf_ros_lib:/home/catcyber02/Mobile-Robots-2026-1/ros2_ws/install/simple_move:/home/catcyber02/Mobile-Robots-2026-1/ros2_ws/install/path_planner:/home/catcyber02/Mobile-Robots-2026-1/ros2_ws/install/map_augmenter:/opt/ros/jazzy DEBUGINFOD_URLS=https://debuginfod.ubuntu.com /usr/bin/cmake /home/catcyber02/Mobile-Robots-2026-1/ros2_ws/src/hardware/xarm_ros2/xarm_description -DCMAKE_INSTALL_PREFIX=/home/catcyber02/Mobile-Robots-2026-1/install/xarm_description
[0.239s] -- Found ament_cmake: 2.5.4 (/opt/ros/jazzy/share/ament_cmake/cmake)
[1.929s] -- Override CMake install command with custom implementation using symlinks instead of copying resources
[1.969s] -- Found ament_lint_auto: 0.17.3 (/opt/ros/jazzy/share/ament_lint_auto/cmake)
[2.568s] -- Added test 'copyright' to check source files copyright and LICENSE
[2.772s] -- Added test 'flake8' to check Python code syntax and style conventions
[2.777s] -- Configured 'flake8' exclude dirs and/or files: 
[2.786s] -- Added test 'lint_cmake' to check CMake code style
[2.793s] -- Added test 'pep257' to check Python code against some of the docstring style conventions in PEP 257
[2.859s] -- Added test 'xmllint' to check XML markup files
[2.869s] -- Configuring done (2.7s)
[2.892s] -- Generating done (0.0s)
[2.913s] -- Build files have been written to: /home/catcyber02/Mobile-Robots-2026-1/build/xarm_description
[2.938s] Invoked command in '/home/catcyber02/Mobile-Robots-2026-1/build/xarm_description' returned '0': CMAKE_PREFIX_PATH=${CMAKE_PREFIX_PATH}:/home/catcyber02/Mobile-Robots-2026-1/install/uf_ros_lib:/home/catcyber02/Mobile-Robots-2026-1/install/simple_move:/home/catcyber02/Mobile-Robots-2026-1/install/path_planner:/home/catcyber02/Mobile-Robots-2026-1/install/map_augmenter:/home/catcyber02/Mobile-Robots-2026-1/ros2_ws/install/uf_ros_lib:/home/catcyber02/Mobile-Robots-2026-1/ros2_ws/install/simple_move:/home/catcyber02/Mobile-Robots-2026-1/ros2_ws/install/path_planner:/home/catcyber02/Mobile-Robots-2026-1/ros2_ws/install/map_augmenter:/opt/ros/jazzy DEBUGINFOD_URLS=https://debuginfod.ubuntu.com /usr/bin/cmake /home/catcyber02/Mobile-Robots-2026-1/ros2_ws/src/hardware/xarm_ros2/xarm_description -DCMAKE_INSTALL_PREFIX=/home/catcyber02/Mobile-Robots-2026-1/install/xarm_description
[2.945s] Invoking command in '/home/catcyber02/Mobile-Robots-2026-1/build/xarm_description': CMAKE_PREFIX_PATH=${CMAKE_PREFIX_PATH}:/home/catcyber02/Mobile-Robots-2026-1/install/uf_ros_lib:/home/catcyber02/Mobile-Robots-2026-1/install/simple_move:/home/catcyber02/Mobile-Robots-2026-1/install/path_planner:/home/catcyber02/Mobile-Robots-2026-1/install/map_augmenter:/home/catcyber02/Mobile-Robots-2026-1/ros2_ws/install/uf_ros_lib:/home/catcyber02/Mobile-Robots-2026-1/ros2_ws/install/simple_move:/home/catcyber02/Mobile-Robots-2026-1/ros2_ws/install/path_planner:/home/catcyber02/Mobile-Robots-2026-1/ros2_ws/install/map_augmenter:/opt/ros/jazzy DEBUGINFOD_URLS=https://debuginfod.ubuntu.com /usr/bin/cmake --build /home/catcyber02/Mobile-Robots-2026-1/build/xarm_description -- -j8 -l8
[3.219s] Invoked command in '/home/catcyber02/Mobile-Robots-2026-1/build/xarm_description' returned '0': CMAKE_PREFIX_PATH=${CMAKE_PREFIX_PATH}:/home/catcyber02/Mobile-Robots-2026-1/install/uf_ros_lib:/home/catcyber02/Mobile-Robots-2026-1/install/simple_move:/home/catcyber02/Mobile-Robots-2026-1/install/path_planner:/home/catcyber02/Mobile-Robots-2026-1/install/map_augmenter:/home/catcyber02/Mobile-Robots-2026-1/ros2_ws/install/uf_ros_lib:/home/catcyber02/Mobile-Robots-2026-1/ros2_ws/install/simple_move:/home/catcyber02/Mobile-Robots-2026-1/ros2_ws/install/path_planner:/home/catcyber02/Mobile-Robots-2026-1/ros2_ws/install/map_augmenter:/opt/ros/jazzy DEBUGINFOD_URLS=https://debuginfod.ubuntu.com /usr/bin/cmake --build /home/catcyber02/Mobile-Robots-2026-1/build/xarm_description -- -j8 -l8
[3.269s] Invoking command in '/home/catcyber02/Mobile-Robots-2026-1/build/xarm_description': CMAKE_PREFIX_PATH=${CMAKE_PREFIX_PATH}:/home/catcyber02/Mobile-Robots-2026-1/install/uf_ros_lib:/home/catcyber02/Mobile-Robots-2026-1/install/simple_move:/home/catcyber02/Mobile-Robots-2026-1/install/path_planner:/home/catcyber02/Mobile-Robots-2026-1/install/map_augmenter:/home/catcyber02/Mobile-Robots-2026-1/ros2_ws/install/uf_ros_lib:/home/catcyber02/Mobile-Robots-2026-1/ros2_ws/install/simple_move:/home/catcyber02/Mobile-Robots-2026-1/ros2_ws/install/path_planner:/home/catcyber02/Mobile-Robots-2026-1/ros2_ws/install/map_augmenter:/opt/ros/jazzy DEBUGINFOD_URLS=https://debuginfod.ubuntu.com /usr/bin/cmake --install /home/catcyber02/Mobile-Robots-2026-1/build/xarm_description
[3.381s] -- Install configuration: ""
[3.382s] -- Execute custom install script
[3.384s] -- Up-to-date symlink: /home/catcyber02/Mobile-Robots-2026-1/install/xarm_description/share/xarm_description//rviz/display.rviz
[3.384s] -- Up-to-date symlink: /home/catcyber02/Mobile-Robots-2026-1/install/xarm_description/share/xarm_description//urdf/_private_macro.xacro
[3.385s] -- Up-to-date symlink: /home/catcyber02/Mobile-Robots-2026-1/install/xarm_description/share/xarm_description//urdf/camera/camera.gazebo.xacro
[3.385s] -- Up-to-date symlink: /home/catcyber02/Mobile-Robots-2026-1/install/xarm_description/share/xarm_description//urdf/camera/realsense.gazebo.xacro
[3.387s] -- Up-to-date symlink: /home/catcyber02/Mobile-Robots-2026-1/install/xarm_description/share/xarm_description//urdf/camera/realsense_d435i.urdf.xacro
[3.398s] -- Up-to-date symlink: /home/catcyber02/Mobile-Robots-2026-1/install/xarm_description/share/xarm_description//urdf/common/common.gazebo.xacro
[3.399s] -- Up-to-date symlink: /home/catcyber02/Mobile-Robots-2026-1/install/xarm_description/share/xarm_description//urdf/common/common.link.xacro
[3.405s] -- Up-to-date symlink: /home/catcyber02/Mobile-Robots-2026-1/install/xarm_description/share/xarm_description//urdf/common/common.material.xacro
[3.405s] -- Up-to-date symlink: /home/catcyber02/Mobile-Robots-2026-1/install/xarm_description/share/xarm_description//urdf/dual_xarm_device.urdf.xacro
[3.406s] -- Up-to-date symlink: /home/catcyber02/Mobile-Robots-2026-1/install/xarm_description/share/xarm_description//urdf/gripper/bio_gripper.gazebo.xacro
[3.406s] -- Up-to-date symlink: /home/catcyber02/Mobile-Robots-2026-1/install/xarm_description/share/xarm_description//urdf/gripper/bio_gripper.ros2_control.xacro
[3.408s] -- Up-to-date symlink: /home/catcyber02/Mobile-Robots-2026-1/install/xarm_description/share/xarm_description//urdf/gripper/bio_gripper.transmission.xacro
[3.408s] -- Up-to-date symlink: /home/catcyber02/Mobile-Robots-2026-1/install/xarm_description/share/xarm_description//urdf/gripper/bio_gripper.urdf.xacro
[3.409s] -- Up-to-date symlink: /home/catcyber02/Mobile-Robots-2026-1/install/xarm_description/share/xarm_description//urdf/gripper/bio_gripper_macro.xacro
[3.409s] -- Up-to-date symlink: /home/catcyber02/Mobile-Robots-2026-1/install/xarm_description/share/xarm_description//urdf/gripper/gripper.urdf.xacro
[3.409s] -- Up-to-date symlink: /home/catcyber02/Mobile-Robots-2026-1/install/xarm_description/share/xarm_description//urdf/gripper/gripper_macro.xacro
[3.413s] -- Up-to-date symlink: /home/catcyber02/Mobile-Robots-2026-1/install/xarm_description/share/xarm_description//urdf/gripper/lite_gripper.urdf.xacro
[3.413s] -- Up-to-date symlink: /home/catcyber02/Mobile-Robots-2026-1/install/xarm_description/share/xarm_description//urdf/gripper/xarm_gripper.gazebo.xacro
[3.418s] -- Up-to-date symlink: /home/catcyber02/Mobile-Robots-2026-1/install/xarm_description/share/xarm_description//urdf/gripper/xarm_gripper.ros2_control.xacro
[3.418s] -- Up-to-date symlink: /home/catcyber02/Mobile-Robots-2026-1/install/xarm_description/share/xarm_description//urdf/gripper/xarm_gripper.transmission.xacro
[3.419s] -- Up-to-date symlink: /home/catcyber02/Mobile-Robots-2026-1/install/xarm_description/share/xarm_description//urdf/gripper/xarm_gripper.urdf.xacro
[3.419s] -- Up-to-date symlink: /home/catcyber02/Mobile-Robots-2026-1/install/xarm_description/share/xarm_description//urdf/gripper/xarm_gripper_macro.xacro
[3.420s] -- Up-to-date symlink: /home/catcyber02/Mobile-Robots-2026-1/install/xarm_description/share/xarm_description//urdf/lite6/lite6.gazebo.xacro
[3.420s] -- Up-to-date symlink: /home/catcyber02/Mobile-Robots-2026-1/install/xarm_description/share/xarm_description//urdf/lite6/lite6.ros2_control.xacro
[3.420s] -- Up-to-date symlink: /home/catcyber02/Mobile-Robots-2026-1/install/xarm_description/share/xarm_description//urdf/lite6/lite6.transmission.xacro
[3.421s] -- Up-to-date symlink: /home/catcyber02/Mobile-Robots-2026-1/install/xarm_description/share/xarm_description//urdf/lite6/lite6.urdf.xacro
[3.421s] -- Up-to-date symlink: /home/catcyber02/Mobile-Robots-2026-1/install/xarm_description/share/xarm_description//urdf/lite6/lite6_robot_macro.xacro
[3.426s] -- Up-to-date symlink: /home/catcyber02/Mobile-Robots-2026-1/install/xarm_description/share/xarm_description//urdf/other/other_geometry.urdf.xacro
[3.427s] -- Up-to-date symlink: /home/catcyber02/Mobile-Robots-2026-1/install/xarm_description/share/xarm_description//urdf/uf850/uf850.gazebo.xacro
[3.432s] -- Up-to-date symlink: /home/catcyber02/Mobile-Robots-2026-1/install/xarm_description/share/xarm_description//urdf/uf850/uf850.ros2_control.xacro
[3.432s] -- Up-to-date symlink: /home/catcyber02/Mobile-Robots-2026-1/install/xarm_description/share/xarm_description//urdf/uf850/uf850.transmission.xacro
[3.433s] -- Up-to-date symlink: /home/catcyber02/Mobile-Robots-2026-1/install/xarm_description/share/xarm_description//urdf/uf850/uf850.urdf.xacro
[3.434s] -- Up-to-date symlink: /home/catcyber02/Mobile-Robots-2026-1/install/xarm_description/share/xarm_description//urdf/uf850/uf850_robot_macro.xacro
[3.435s] -- Up-to-date symlink: /home/catcyber02/Mobile-Robots-2026-1/install/xarm_description/share/xarm_description//urdf/vacuum_gripper/lite_vacuum_gripper.urdf.xacro
[3.436s] -- Up-to-date symlink: /home/catcyber02/Mobile-Robots-2026-1/install/xarm_description/share/xarm_description//urdf/vacuum_gripper/vacuum_gripper.urdf.xacro
[3.436s] -- Up-to-date symlink: /home/catcyber02/Mobile-Robots-2026-1/install/xarm_description/share/xarm_description//urdf/vacuum_gripper/vacuum_gripper_macro.xacro
[3.438s] -- Up-to-date symlink: /home/catcyber02/Mobile-Robots-2026-1/install/xarm_description/share/xarm_description//urdf/vacuum_gripper/xarm_vacuum_gripper.urdf.xacro
[3.440s] -- Up-to-date symlink: /home/catcyber02/Mobile-Robots-2026-1/install/xarm_description/share/xarm_description//urdf/xarm5/xarm5.gazebo.xacro
[3.444s] -- Up-to-date symlink: /home/catcyber02/Mobile-Robots-2026-1/install/xarm_description/share/xarm_description//urdf/xarm5/xarm5.ros2_control.xacro
[3.445s] -- Up-to-date symlink: /home/catcyber02/Mobile-Robots-2026-1/install/xarm_description/share/xarm_description//urdf/xarm5/xarm5.transmission.xacro
[3.446s] -- Up-to-date symlink: /home/catcyber02/Mobile-Robots-2026-1/install/xarm_description/share/xarm_description//urdf/xarm5/xarm5.urdf.xacro
[3.449s] -- Up-to-date symlink: /home/catcyber02/Mobile-Robots-2026-1/install/xarm_description/share/xarm_description//urdf/xarm5/xarm5_robot_macro.xacro
[3.449s] -- Up-to-date symlink: /home/catcyber02/Mobile-Robots-2026-1/install/xarm_description/share/xarm_description//urdf/xarm6/xarm6.gazebo.xacro
[3.455s] -- Up-to-date symlink: /home/catcyber02/Mobile-Robots-2026-1/install/xarm_description/share/xarm_description//urdf/xarm6/xarm6.ros2_control.xacro
[3.456s] -- Up-to-date symlink: /home/catcyber02/Mobile-Robots-2026-1/install/xarm_description/share/xarm_description//urdf/xarm6/xarm6.transmission.xacro
[3.456s] -- Up-to-date symlink: /home/catcyber02/Mobile-Robots-2026-1/install/xarm_description/share/xarm_description//urdf/xarm6/xarm6.urdf.xacro
[3.456s] -- Up-to-date symlink: /home/catcyber02/Mobile-Robots-2026-1/install/xarm_description/share/xarm_description//urdf/xarm6/xarm6_robot_macro.xacro
[3.457s] -- Up-to-date symlink: /home/catcyber02/Mobile-Robots-2026-1/install/xarm_description/share/xarm_description//urdf/xarm7/xarm7.gazebo.xacro
[3.457s] -- Up-to-date symlink: /home/catcyber02/Mobile-Robots-2026-1/install/xarm_description/share/xarm_description//urdf/xarm7/xarm7.ros2_control.xacro
[3.462s] -- Up-to-date symlink: /home/catcyber02/Mobile-Robots-2026-1/install/xarm_description/share/xarm_description//urdf/xarm7/xarm7.transmission.xacro
[3.464s] -- Up-to-date symlink: /home/catcyber02/Mobile-Robots-2026-1/install/xarm_description/share/xarm_description//urdf/xarm7/xarm7.urdf.xacro
[3.464s] -- Up-to-date symlink: /home/catcyber02/Mobile-Robots-2026-1/install/xarm_description/share/xarm_description//urdf/xarm7/xarm7_robot_macro.xacro
[3.469s] -- Up-to-date symlink: /home/catcyber02/Mobile-Robots-2026-1/install/xarm_description/share/xarm_description//urdf/xarm7_mirror/xarm7_mirror.gazebo.xacro
[3.470s] -- Up-to-date symlink: /home/catcyber02/Mobile-Robots-2026-1/install/xarm_description/share/xarm_description//urdf/xarm7_mirror/xarm7_mirror.ros2_control.xacro
[3.470s] -- Up-to-date symlink: /home/catcyber02/Mobile-Robots-2026-1/install/xarm_description/share/xarm_description//urdf/xarm7_mirror/xarm7_mirror.transmission.xacro
[3.474s] -- Up-to-date symlink: /home/catcyber02/Mobile-Robots-2026-1/install/xarm_description/share/xarm_description//urdf/xarm7_mirror/xarm7_mirror.urdf.xacro
[3.474s] -- Up-to-date symlink: /home/catcyber02/Mobile-Robots-2026-1/install/xarm_description/share/xarm_description//urdf/xarm7_mirror/xarm7_mirror_robot_macro.xacro
[3.475s] -- Up-to-date symlink: /home/catcyber02/Mobile-Robots-2026-1/install/xarm_description/share/xarm_description//urdf/xarm_device.urdf.xacro
[3.476s] -- Up-to-date symlink: /home/catcyber02/Mobile-Robots-2026-1/install/xarm_description/share/xarm_description//urdf/xarm_device_macro.xacro
[3.476s] -- Up-to-date symlink: /home/catcyber02/Mobile-Robots-2026-1/install/xarm_description/share/xarm_description//config/kinematics/default/lite6_default_kinematics.yaml
[3.476s] -- Up-to-date symlink: /home/catcyber02/Mobile-Robots-2026-1/install/xarm_description/share/xarm_description//config/kinematics/default/uf850_default_kinematics.yaml
[3.479s] -- Up-to-date symlink: /home/catcyber02/Mobile-Robots-2026-1/install/xarm_description/share/xarm_description//config/kinematics/default/xarm5_default_kinematics.yaml
[3.479s] -- Up-to-date symlink: /home/catcyber02/Mobile-Robots-2026-1/install/xarm_description/share/xarm_description//config/kinematics/default/xarm6_default_kinematics.yaml
[3.480s] -- Up-to-date symlink: /home/catcyber02/Mobile-Robots-2026-1/install/xarm_description/share/xarm_description//config/kinematics/default/xarm7_default_kinematics.yaml
[3.480s] -- Up-to-date symlink: /home/catcyber02/Mobile-Robots-2026-1/install/xarm_description/share/xarm_description//config/kinematics/default/xarm7_mirror_default_kinematics.yaml
[3.480s] -- Up-to-date symlink: /home/catcyber02/Mobile-Robots-2026-1/install/xarm_description/share/xarm_description//config/kinematics/gen_kinematics_params.py
[3.481s] -- Up-to-date symlink: /home/catcyber02/Mobile-Robots-2026-1/install/xarm_description/share/xarm_description//config/link_inertial/gen_link_inertial_params.py
[3.481s] -- Up-to-date symlink: /home/catcyber02/Mobile-Robots-2026-1/install/xarm_description/share/xarm_description//config/link_inertial/xarm5_type5_HT_BR.yaml
[3.485s] -- Up-to-date symlink: /home/catcyber02/Mobile-Robots-2026-1/install/xarm_description/share/xarm_description//config/link_inertial/xarm5_type5_HT_BR2.yaml
[3.486s] -- Up-to-date symlink: /home/catcyber02/Mobile-Robots-2026-1/install/xarm_description/share/xarm_description//config/link_inertial/xarm5_type5_HT_LD.yaml
[3.486s] -- Up-to-date symlink: /home/catcyber02/Mobile-Robots-2026-1/install/xarm_description/share/xarm_description//config/link_inertial/xarm5_type5_UJ_BR_2403.yaml
[3.491s] -- Up-to-date symlink: /home/catcyber02/Mobile-Robots-2026-1/install/xarm_description/share/xarm_description//config/link_inertial/xarm6_type11_HT_LD.yaml
[3.491s] -- Up-to-date symlink: /home/catcyber02/Mobile-Robots-2026-1/install/xarm_description/share/xarm_description//config/link_inertial/xarm6_type12_HT_LDBR2.yaml
[3.491s] -- Up-to-date symlink: /home/catcyber02/Mobile-Robots-2026-1/install/xarm_description/share/xarm_description//config/link_inertial/xarm6_type6_HT2_LD.yaml
[3.492s] -- Up-to-date symlink: /home/catcyber02/Mobile-Robots-2026-1/install/xarm_description/share/xarm_description//config/link_inertial/xarm6_type6_HT_BR.yaml
[3.492s] -- Up-to-date symlink: /home/catcyber02/Mobile-Robots-2026-1/install/xarm_description/share/xarm_description//config/link_inertial/xarm6_type6_HT_BR2.yaml
[3.494s] -- Up-to-date symlink: /home/catcyber02/Mobile-Robots-2026-1/install/xarm_description/share/xarm_description//config/link_inertial/xarm6_type6_HT_LD.yaml
[3.496s] -- Up-to-date symlink: /home/catcyber02/Mobile-Robots-2026-1/install/xarm_description/share/xarm_description//config/link_inertial/xarm6_type6_UJ_BR_2403.yaml
[3.500s] -- Up-to-date symlink: /home/catcyber02/Mobile-Robots-2026-1/install/xarm_description/share/xarm_description//config/link_inertial/xarm6_type8_HT2_BR2.yaml
[3.503s] -- Up-to-date symlink: /home/catcyber02/Mobile-Robots-2026-1/install/xarm_description/share/xarm_description//config/link_inertial/xarm6_type9_HT_BR2.yaml
[3.507s] -- Up-to-date symlink: /home/catcyber02/Mobile-Robots-2026-1/install/xarm_description/share/xarm_description//config/link_inertial/xarm7_type13_HT_BR2.yaml
[3.509s] -- Up-to-date symlink: /home/catcyber02/Mobile-Robots-2026-1/install/xarm_description/share/xarm_description//config/link_inertial/xarm7_type3_YT_SP.yaml
[3.512s] -- Up-to-date symlink: /home/catcyber02/Mobile-Robots-2026-1/install/xarm_description/share/xarm_description//config/link_inertial/xarm7_type7_HT_BR.yaml
[3.514s] -- Up-to-date symlink: /home/catcyber02/Mobile-Robots-2026-1/install/xarm_description/share/xarm_description//config/link_inertial/xarm7_type7_HT_BR2.yaml
[3.516s] -- Up-to-date symlink: /home/catcyber02/Mobile-Robots-2026-1/install/xarm_description/share/xarm_description//config/link_inertial/xarm7_type7_HT_LD.yaml
[3.518s] -- Up-to-date symlink: /home/catcyber02/Mobile-Robots-2026-1/install/xarm_description/share/xarm_description//config/link_inertial/xarm7_type7_UJ_BR_2403.yaml
[3.522s] -- Up-to-date symlink: /home/catcyber02/Mobile-Robots-2026-1/install/xarm_description/share/xarm_description//meshes/camera/realsense/collision/d435_with_cam_stand.stl
[3.524s] -- Up-to-date symlink: /home/catcyber02/Mobile-Robots-2026-1/install/xarm_description/share/xarm_description//meshes/camera/realsense/visual/d435_with_cam_stand.stl
[3.526s] -- Up-to-date symlink: /home/catcyber02/Mobile-Robots-2026-1/install/xarm_description/share/xarm_description//meshes/end_tool/collision/end_tool.stl
[3.529s] -- Up-to-date symlink: /home/catcyber02/Mobile-Robots-2026-1/install/xarm_description/share/xarm_description//meshes/end_tool/collision/end_tool_1300.stl
[3.530s] -- Up-to-date symlink: /home/catcyber02/Mobile-Robots-2026-1/install/xarm_description/share/xarm_description//meshes/end_tool/visual/end_tool_1300.stl
[3.532s] -- Up-to-date symlink: /home/catcyber02/Mobile-Robots-2026-1/install/xarm_description/share/xarm_description//meshes/gripper/bio/left_finger.stl
[3.534s] -- Up-to-date symlink: /home/catcyber02/Mobile-Robots-2026-1/install/xarm_description/share/xarm_description//meshes/gripper/bio/link_base.stl
[3.536s] -- Up-to-date symlink: /home/catcyber02/Mobile-Robots-2026-1/install/xarm_description/share/xarm_description//meshes/gripper/bio/right_finger.stl
[3.538s] -- Up-to-date symlink: /home/catcyber02/Mobile-Robots-2026-1/install/xarm_description/share/xarm_description//meshes/gripper/lite/collision/gripper_lite.stl
[3.540s] -- Up-to-date symlink: /home/catcyber02/Mobile-Robots-2026-1/install/xarm_description/share/xarm_description//meshes/gripper/lite/visual/gripper_lite.stl
[3.541s] -- Up-to-date symlink: /home/catcyber02/Mobile-Robots-2026-1/install/xarm_description/share/xarm_description//meshes/gripper/xarm/base_link.stl
[3.541s] -- Up-to-date symlink: /home/catcyber02/Mobile-Robots-2026-1/install/xarm_description/share/xarm_description//meshes/gripper/xarm/left_finger.stl
[3.541s] -- Up-to-date symlink: /home/catcyber02/Mobile-Robots-2026-1/install/xarm_description/share/xarm_description//meshes/gripper/xarm/left_inner_knuckle.stl
[3.542s] -- Up-to-date symlink: /home/catcyber02/Mobile-Robots-2026-1/install/xarm_description/share/xarm_description//meshes/gripper/xarm/left_outer_knuckle.stl
[3.542s] -- Up-to-date symlink: /home/catcyber02/Mobile-Robots-2026-1/install/xarm_description/share/xarm_description//meshes/gripper/xarm/right_finger.stl
[3.546s] -- Up-to-date symlink: /home/catcyber02/Mobile-Robots-2026-1/install/xarm_description/share/xarm_description//meshes/gripper/xarm/right_inner_knuckle.stl
[3.548s] -- Up-to-date symlink: /home/catcyber02/Mobile-Robots-2026-1/install/xarm_description/share/xarm_description//meshes/gripper/xarm/right_outer_knuckle.stl
[3.554s] -- Up-to-date symlink: /home/catcyber02/Mobile-Robots-2026-1/install/xarm_description/share/xarm_description//meshes/lite6/collision/link1.stl
[3.555s] -- Up-to-date symlink: /home/catcyber02/Mobile-Robots-2026-1/install/xarm_description/share/xarm_description//meshes/lite6/collision/link2.stl
[3.559s] -- Up-to-date symlink: /home/catcyber02/Mobile-Robots-2026-1/install/xarm_description/share/xarm_description//meshes/lite6/collision/link3.stl
[3.560s] -- Up-to-date symlink: /home/catcyber02/Mobile-Robots-2026-1/install/xarm_description/share/xarm_description//meshes/lite6/collision/link4.stl
[3.562s] -- Up-to-date symlink: /home/catcyber02/Mobile-Robots-2026-1/install/xarm_description/share/xarm_description//meshes/lite6/collision/link5.stl
[3.563s] -- Up-to-date symlink: /home/catcyber02/Mobile-Robots-2026-1/install/xarm_description/share/xarm_description//meshes/lite6/collision/link6.stl
[3.565s] -- Up-to-date symlink: /home/catcyber02/Mobile-Robots-2026-1/install/xarm_description/share/xarm_description//meshes/lite6/collision/link_base.stl
[3.565s] -- Up-to-date symlink: /home/catcyber02/Mobile-Robots-2026-1/install/xarm_description/share/xarm_description//meshes/lite6/visual/link1.stl
[3.566s] -- Up-to-date symlink: /home/catcyber02/Mobile-Robots-2026-1/install/xarm_description/share/xarm_description//meshes/lite6/visual/link2.stl
[3.566s] -- Up-to-date symlink: /home/catcyber02/Mobile-Robots-2026-1/install/xarm_description/share/xarm_description//meshes/lite6/visual/link3.stl
[3.571s] -- Up-to-date symlink: /home/catcyber02/Mobile-Robots-2026-1/install/xarm_description/share/xarm_description//meshes/lite6/visual/link4.stl
[3.574s] -- Up-to-date symlink: /home/catcyber02/Mobile-Robots-2026-1/install/xarm_description/share/xarm_description//meshes/lite6/visual/link5.stl
[3.579s] -- Up-to-date symlink: /home/catcyber02/Mobile-Robots-2026-1/install/xarm_description/share/xarm_description//meshes/lite6/visual/link6.stl
[3.579s] -- Up-to-date symlink: /home/catcyber02/Mobile-Robots-2026-1/install/xarm_description/share/xarm_description//meshes/lite6/visual/link_base.stl
[3.580s] -- Up-to-date symlink: /home/catcyber02/Mobile-Robots-2026-1/install/xarm_description/share/xarm_description//meshes/uf850/collision/link1.stl
[3.588s] -- Up-to-date symlink: /home/catcyber02/Mobile-Robots-2026-1/install/xarm_description/share/xarm_description//meshes/uf850/collision/link2.stl
[3.589s] -- Up-to-date symlink: /home/catcyber02/Mobile-Robots-2026-1/install/xarm_description/share/xarm_description//meshes/uf850/collision/link3.stl
[3.589s] -- Up-to-date symlink: /home/catcyber02/Mobile-Robots-2026-1/install/xarm_description/share/xarm_description//meshes/uf850/collision/link4.stl
[3.590s] -- Up-to-date symlink: /home/catcyber02/Mobile-Robots-2026-1/install/xarm_description/share/xarm_description//meshes/uf850/collision/link5.stl
[3.590s] -- Up-to-date symlink: /home/catcyber02/Mobile-Robots-2026-1/install/xarm_description/share/xarm_description//meshes/uf850/collision/link6.stl
[3.591s] -- Up-to-date symlink: /home/catcyber02/Mobile-Robots-2026-1/install/xarm_description/share/xarm_description//meshes/uf850/collision/link_base.stl
[3.592s] -- Up-to-date symlink: /home/catcyber02/Mobile-Robots-2026-1/install/xarm_description/share/xarm_description//meshes/uf850/visual/link1.stl
[3.594s] -- Up-to-date symlink: /home/catcyber02/Mobile-Robots-2026-1/install/xarm_description/share/xarm_description//meshes/uf850/visual/link2.stl
[3.594s] -- Up-to-date symlink: /home/catcyber02/Mobile-Robots-2026-1/install/xarm_description/share/xarm_description//meshes/uf850/visual/link3.stl
[3.595s] -- Up-to-date symlink: /home/catcyber02/Mobile-Robots-2026-1/install/xarm_description/share/xarm_description//meshes/uf850/visual/link4.stl
[3.595s] -- Up-to-date symlink: /home/catcyber02/Mobile-Robots-2026-1/install/xarm_description/share/xarm_description//meshes/uf850/visual/link5.stl
[3.596s] -- Up-to-date symlink: /home/catcyber02/Mobile-Robots-2026-1/install/xarm_description/share/xarm_description//meshes/uf850/visual/link6.stl
[3.596s] -- Up-to-date symlink: /home/catcyber02/Mobile-Robots-2026-1/install/xarm_description/share/xarm_description//meshes/uf850/visual/link_base.stl
[3.596s] -- Up-to-date symlink: /home/catcyber02/Mobile-Robots-2026-1/install/xarm_description/share/xarm_description//meshes/vacuum_gripper/lite/collision/vacuum_gripper_lite.stl
[3.597s] -- Up-to-date symlink: /home/catcyber02/Mobile-Robots-2026-1/install/xarm_description/share/xarm_description//meshes/vacuum_gripper/lite/visual/vacuum_gripper_lite.stl
[3.597s] -- Up-to-date symlink: /home/catcyber02/Mobile-Robots-2026-1/install/xarm_description/share/xarm_description//meshes/vacuum_gripper/xarm/collision/vacuum_gripper.stl
[3.597s] -- Up-to-date symlink: /home/catcyber02/Mobile-Robots-2026-1/install/xarm_description/share/xarm_description//meshes/vacuum_gripper/xarm/visual/vacuum_gripper.stl
[3.597s] -- Up-to-date symlink: /home/catcyber02/Mobile-Robots-2026-1/install/xarm_description/share/xarm_description//meshes/xarm5/visual/link1.stl
[3.598s] -- Up-to-date symlink: /home/catcyber02/Mobile-Robots-2026-1/install/xarm_description/share/xarm_description//meshes/xarm5/visual/link2.stl
[3.598s] -- Up-to-date symlink: /home/catcyber02/Mobile-Robots-2026-1/install/xarm_description/share/xarm_description//meshes/xarm5/visual/link3.stl
[3.598s] -- Up-to-date symlink: /home/catcyber02/Mobile-Robots-2026-1/install/xarm_description/share/xarm_description//meshes/xarm5/visual/link4.stl
[3.599s] -- Up-to-date symlink: /home/catcyber02/Mobile-Robots-2026-1/install/xarm_description/share/xarm_description//meshes/xarm5/visual/link5.stl
[3.599s] -- Up-to-date symlink: /home/catcyber02/Mobile-Robots-2026-1/install/xarm_description/share/xarm_description//meshes/xarm5/visual/link_base.stl
[3.600s] -- Up-to-date symlink: /home/catcyber02/Mobile-Robots-2026-1/install/xarm_description/share/xarm_description//meshes/xarm5_1305/collision/link1.obj
[3.600s] -- Up-to-date symlink: /home/catcyber02/Mobile-Robots-2026-1/install/xarm_description/share/xarm_description//meshes/xarm5_1305/collision/link2.obj
[3.600s] -- Up-to-date symlink: /home/catcyber02/Mobile-Robots-2026-1/install/xarm_description/share/xarm_description//meshes/xarm5_1305/collision/link3.obj
[3.601s] -- Up-to-date symlink: /home/catcyber02/Mobile-Robots-2026-1/install/xarm_description/share/xarm_description//meshes/xarm5_1305/collision/link4.obj
[3.602s] -- Up-to-date symlink: /home/catcyber02/Mobile-Robots-2026-1/install/xarm_description/share/xarm_description//meshes/xarm5_1305/collision/link5.obj
[3.602s] -- Up-to-date symlink: /home/catcyber02/Mobile-Robots-2026-1/install/xarm_description/share/xarm_description//meshes/xarm5_1305/collision/link_base.obj
[3.603s] -- Up-to-date symlink: /home/catcyber02/Mobile-Robots-2026-1/install/xarm_description/share/xarm_description//meshes/xarm5_1305/visual/link1.stl
[3.603s] -- Up-to-date symlink: /home/catcyber02/Mobile-Robots-2026-1/install/xarm_description/share/xarm_description//meshes/xarm5_1305/visual/link2.stl
[3.604s] -- Up-to-date symlink: /home/catcyber02/Mobile-Robots-2026-1/install/xarm_description/share/xarm_description//meshes/xarm5_1305/visual/link3.stl
[3.604s] -- Up-to-date symlink: /home/catcyber02/Mobile-Robots-2026-1/install/xarm_description/share/xarm_description//meshes/xarm5_1305/visual/link4.stl
[3.604s] -- Up-to-date symlink: /home/catcyber02/Mobile-Robots-2026-1/install/xarm_description/share/xarm_description//meshes/xarm5_1305/visual/link5.stl
[3.605s] -- Up-to-date symlink: /home/catcyber02/Mobile-Robots-2026-1/install/xarm_description/share/xarm_description//meshes/xarm5_1305/visual/link_base.stl
[3.605s] -- Up-to-date symlink: /home/catcyber02/Mobile-Robots-2026-1/install/xarm_description/share/xarm_description//meshes/xarm6/visual/link1.stl
[3.605s] -- Up-to-date symlink: /home/catcyber02/Mobile-Robots-2026-1/install/xarm_description/share/xarm_description//meshes/xarm6/visual/link2.stl
[3.609s] -- Up-to-date symlink: /home/catcyber02/Mobile-Robots-2026-1/install/xarm_description/share/xarm_description//meshes/xarm6/visual/link3.stl
[3.609s] -- Up-to-date symlink: /home/catcyber02/Mobile-Robots-2026-1/install/xarm_description/share/xarm_description//meshes/xarm6/visual/link4.stl
[3.610s] -- Up-to-date symlink: /home/catcyber02/Mobile-Robots-2026-1/install/xarm_description/share/xarm_description//meshes/xarm6/visual/link5.stl
[3.610s] -- Up-to-date symlink: /home/catcyber02/Mobile-Robots-2026-1/install/xarm_description/share/xarm_description//meshes/xarm6/visual/link6.stl
[3.617s] -- Up-to-date symlink: /home/catcyber02/Mobile-Robots-2026-1/install/xarm_description/share/xarm_description//meshes/xarm6/visual/link_base.stl
[3.622s] -- Up-to-date symlink: /home/catcyber02/Mobile-Robots-2026-1/install/xarm_description/share/xarm_description//meshes/xarm6_1305/collision/link1.obj
[3.623s] -- Up-to-date symlink: /home/catcyber02/Mobile-Robots-2026-1/install/xarm_description/share/xarm_description//meshes/xarm6_1305/collision/link2.obj
[3.623s] -- Up-to-date symlink: /home/catcyber02/Mobile-Robots-2026-1/install/xarm_description/share/xarm_description//meshes/xarm6_1305/collision/link3.obj
[3.624s] -- Up-to-date symlink: /home/catcyber02/Mobile-Robots-2026-1/install/xarm_description/share/xarm_description//meshes/xarm6_1305/collision/link4.obj
[3.624s] -- Up-to-date symlink: /home/catcyber02/Mobile-Robots-2026-1/install/xarm_description/share/xarm_description//meshes/xarm6_1305/collision/link5.obj
[3.624s] -- Up-to-date symlink: /home/catcyber02/Mobile-Robots-2026-1/install/xarm_description/share/xarm_description//meshes/xarm6_1305/collision/link6.obj
[3.637s] -- Up-to-date symlink: /home/catcyber02/Mobile-Robots-2026-1/install/xarm_description/share/xarm_description//meshes/xarm6_1305/collision/link_base.obj
[3.640s] -- Up-to-date symlink: /home/catcyber02/Mobile-Robots-2026-1/install/xarm_description/share/xarm_description//meshes/xarm6_1305/visual/link1.stl
[3.640s] -- Up-to-date symlink: /home/catcyber02/Mobile-Robots-2026-1/install/xarm_description/share/xarm_description//meshes/xarm6_1305/visual/link2.stl
[3.641s] -- Up-to-date symlink: /home/catcyber02/Mobile-Robots-2026-1/install/xarm_description/share/xarm_description//meshes/xarm6_1305/visual/link3.stl
[3.641s] -- Up-to-date symlink: /home/catcyber02/Mobile-Robots-2026-1/install/xarm_description/share/xarm_description//meshes/xarm6_1305/visual/link4.stl
[3.642s] -- Up-to-date symlink: /home/catcyber02/Mobile-Robots-2026-1/install/xarm_description/share/xarm_description//meshes/xarm6_1305/visual/link5.stl
[3.642s] -- Up-to-date symlink: /home/catcyber02/Mobile-Robots-2026-1/install/xarm_description/share/xarm_description//meshes/xarm6_1305/visual/link6.stl
[3.645s] -- Up-to-date symlink: /home/catcyber02/Mobile-Robots-2026-1/install/xarm_description/share/xarm_description//meshes/xarm6_1305/visual/link_base.stl
[3.646s] -- Up-to-date symlink: /home/catcyber02/Mobile-Robots-2026-1/install/xarm_description/share/xarm_description//meshes/xarm7/visual/link1.stl
[3.651s] -- Up-to-date symlink: /home/catcyber02/Mobile-Robots-2026-1/install/xarm_description/share/xarm_description//meshes/xarm7/visual/link2.stl
[3.652s] -- Up-to-date symlink: /home/catcyber02/Mobile-Robots-2026-1/install/xarm_description/share/xarm_description//meshes/xarm7/visual/link3.stl
[3.652s] -- Up-to-date symlink: /home/catcyber02/Mobile-Robots-2026-1/install/xarm_description/share/xarm_description//meshes/xarm7/visual/link4.stl
[3.653s] -- Up-to-date symlink: /home/catcyber02/Mobile-Robots-2026-1/install/xarm_description/share/xarm_description//meshes/xarm7/visual/link5.stl
[3.653s] -- Up-to-date symlink: /home/catcyber02/Mobile-Robots-2026-1/install/xarm_description/share/xarm_description//meshes/xarm7/visual/link6.stl
[3.653s] -- Up-to-date symlink: /home/catcyber02/Mobile-Robots-2026-1/install/xarm_description/share/xarm_description//meshes/xarm7/visual/link7.stl
[3.653s] -- Up-to-date symlink: /home/catcyber02/Mobile-Robots-2026-1/install/xarm_description/share/xarm_description//meshes/xarm7/visual/link_base.stl
[3.654s] -- Up-to-date symlink: /home/catcyber02/Mobile-Robots-2026-1/install/xarm_description/share/xarm_description//meshes/xarm7_1305/collision/link1.obj
[3.654s] -- Up-to-date symlink: /home/catcyber02/Mobile-Robots-2026-1/install/xarm_description/share/xarm_description//meshes/xarm7_1305/collision/link2.obj
[3.654s] -- Up-to-date symlink: /home/catcyber02/Mobile-Robots-2026-1/install/xarm_description/share/xarm_description//meshes/xarm7_1305/collision/link3.obj
[3.658s] -- Up-to-date symlink: /home/catcyber02/Mobile-Robots-2026-1/install/xarm_description/share/xarm_description//meshes/xarm7_1305/collision/link4.obj
[3.664s] -- Up-to-date symlink: /home/catcyber02/Mobile-Robots-2026-1/install/xarm_description/share/xarm_description//meshes/xarm7_1305/collision/link5.obj
[3.672s] -- Up-to-date symlink: /home/catcyber02/Mobile-Robots-2026-1/install/xarm_description/share/xarm_description//meshes/xarm7_1305/collision/link6.obj
[3.672s] -- Up-to-date symlink: /home/catcyber02/Mobile-Robots-2026-1/install/xarm_description/share/xarm_description//meshes/xarm7_1305/collision/link7.obj
[3.686s] -- Up-to-date symlink: /home/catcyber02/Mobile-Robots-2026-1/install/xarm_description/share/xarm_description//meshes/xarm7_1305/collision/link_base.obj
[3.688s] -- Up-to-date symlink: /home/catcyber02/Mobile-Robots-2026-1/install/xarm_description/share/xarm_description//meshes/xarm7_1305/visual/link1.stl
[3.688s] -- Up-to-date symlink: /home/catcyber02/Mobile-Robots-2026-1/install/xarm_description/share/xarm_description//meshes/xarm7_1305/visual/link2.stl
[3.697s] -- Up-to-date symlink: /home/catcyber02/Mobile-Robots-2026-1/install/xarm_description/share/xarm_description//meshes/xarm7_1305/visual/link3.stl
[3.697s] -- Up-to-date symlink: /home/catcyber02/Mobile-Robots-2026-1/install/xarm_description/share/xarm_description//meshes/xarm7_1305/visual/link4.stl
[3.698s] -- Up-to-date symlink: /home/catcyber02/Mobile-Robots-2026-1/install/xarm_description/share/xarm_description//meshes/xarm7_1305/visual/link5.stl
[3.698s] -- Up-to-date symlink: /home/catcyber02/Mobile-Robots-2026-1/install/xarm_description/share/xarm_description//meshes/xarm7_1305/visual/link6.stl
[3.698s] -- Up-to-date symlink: /home/catcyber02/Mobile-Robots-2026-1/install/xarm_description/share/xarm_description//meshes/xarm7_1305/visual/link7.stl
[3.698s] -- Up-to-date symlink: /home/catcyber02/Mobile-Robots-2026-1/install/xarm_description/share/xarm_description//meshes/xarm7_1305/visual/link_base.stl
[3.699s] -- Up-to-date symlink: /home/catcyber02/Mobile-Robots-2026-1/install/xarm_description/share/xarm_description//meshes/xarm7_mirror/collision/link1.stl
[3.699s] -- Up-to-date symlink: /home/catcyber02/Mobile-Robots-2026-1/install/xarm_description/share/xarm_description//meshes/xarm7_mirror/collision/link2.stl
[3.699s] -- Up-to-date symlink: /home/catcyber02/Mobile-Robots-2026-1/install/xarm_description/share/xarm_description//meshes/xarm7_mirror/collision/link3.stl
[3.703s] -- Up-to-date symlink: /home/catcyber02/Mobile-Robots-2026-1/install/xarm_description/share/xarm_description//meshes/xarm7_mirror/collision/link4.stl
[3.705s] -- Up-to-date symlink: /home/catcyber02/Mobile-Robots-2026-1/install/xarm_description/share/xarm_description//meshes/xarm7_mirror/collision/link5.stl
[3.712s] -- Up-to-date symlink: /home/catcyber02/Mobile-Robots-2026-1/install/xarm_description/share/xarm_description//meshes/xarm7_mirror/collision/link6.stl
[3.718s] -- Up-to-date symlink: /home/catcyber02/Mobile-Robots-2026-1/install/xarm_description/share/xarm_description//meshes/xarm7_mirror/collision/link7.stl
[3.722s] -- Up-to-date symlink: /home/catcyber02/Mobile-Robots-2026-1/install/xarm_description/share/xarm_description//meshes/xarm7_mirror/collision/link_base.stl
[3.724s] -- Up-to-date symlink: /home/catcyber02/Mobile-Robots-2026-1/install/xarm_description/share/xarm_description//meshes/xarm7_mirror/visual/link1.stl
[3.728s] -- Up-to-date symlink: /home/catcyber02/Mobile-Robots-2026-1/install/xarm_description/share/xarm_description//meshes/xarm7_mirror/visual/link2.stl
[3.729s] -- Up-to-date symlink: /home/catcyber02/Mobile-Robots-2026-1/install/xarm_description/share/xarm_description//meshes/xarm7_mirror/visual/link3.stl
[3.733s] -- Up-to-date symlink: /home/catcyber02/Mobile-Robots-2026-1/install/xarm_description/share/xarm_description//meshes/xarm7_mirror/visual/link4.stl
[3.736s] -- Up-to-date symlink: /home/catcyber02/Mobile-Robots-2026-1/install/xarm_description/share/xarm_description//meshes/xarm7_mirror/visual/link5.stl
[3.739s] -- Up-to-date symlink: /home/catcyber02/Mobile-Robots-2026-1/install/xarm_description/share/xarm_description//meshes/xarm7_mirror/visual/link6.stl
[3.740s] -- Up-to-date symlink: /home/catcyber02/Mobile-Robots-2026-1/install/xarm_description/share/xarm_description//meshes/xarm7_mirror/visual/link7.stl
[3.742s] -- Up-to-date symlink: /home/catcyber02/Mobile-Robots-2026-1/install/xarm_description/share/xarm_description//meshes/xarm7_mirror/visual/link_base.stl
[3.743s] -- Up-to-date symlink: /home/catcyber02/Mobile-Robots-2026-1/install/xarm_description/share/xarm_description//launch/_robot_description.launch.py
[3.744s] -- Up-to-date symlink: /home/catcyber02/Mobile-Robots-2026-1/install/xarm_description/share/xarm_description//launch/_robot_joint_state.launch.py
[3.746s] -- Up-to-date symlink: /home/catcyber02/Mobile-Robots-2026-1/install/xarm_description/share/xarm_description//launch/_robot_rviz_display.launch.py
[3.748s] -- Up-to-date symlink: /home/catcyber02/Mobile-Robots-2026-1/install/xarm_description/share/xarm_description//launch/_rviz_display.launch.py
[3.749s] -- Up-to-date symlink: /home/catcyber02/Mobile-Robots-2026-1/install/xarm_description/share/xarm_description//launch/lib/robot_description_lib.py
[3.750s] -- Up-to-date symlink: /home/catcyber02/Mobile-Robots-2026-1/install/xarm_description/share/xarm_description//launch/lite6_rviz_display.launch.py
[3.751s] -- Up-to-date symlink: /home/catcyber02/Mobile-Robots-2026-1/install/xarm_description/share/xarm_description//launch/uf850_rviz_display.launch.py
[3.754s] -- Up-to-date symlink: /home/catcyber02/Mobile-Robots-2026-1/install/xarm_description/share/xarm_description//launch/xarm5_rviz_display.launch.py
[3.755s] -- Up-to-date symlink: /home/catcyber02/Mobile-Robots-2026-1/install/xarm_description/share/xarm_description//launch/xarm6_rviz_display.launch.py
[3.757s] -- Up-to-date symlink: /home/catcyber02/Mobile-Robots-2026-1/install/xarm_description/share/xarm_description//launch/xarm7_mirror_rviz_display.launch.py
[3.759s] -- Up-to-date symlink: /home/catcyber02/Mobile-Robots-2026-1/install/xarm_description/share/xarm_description//launch/xarm7_rviz_display.launch.py
[3.760s] -- Up-to-date symlink: /home/catcyber02/Mobile-Robots-2026-1/install/xarm_description/share/ament_index/resource_index/package_run_dependencies/xarm_description
[3.761s] -- Up-to-date symlink: /home/catcyber02/Mobile-Robots-2026-1/install/xarm_description/share/ament_index/resource_index/parent_prefix_path/xarm_description
[3.763s] -- Up-to-date symlink: /home/catcyber02/Mobile-Robots-2026-1/install/xarm_description/share/xarm_description/environment/ament_prefix_path.sh
[3.765s] -- Up-to-date symlink: /home/catcyber02/Mobile-Robots-2026-1/install/xarm_description/share/xarm_description/environment/ament_prefix_path.dsv
[3.767s] -- Up-to-date symlink: /home/catcyber02/Mobile-Robots-2026-1/install/xarm_description/share/xarm_description/environment/path.sh
[3.772s] -- Up-to-date symlink: /home/catcyber02/Mobile-Robots-2026-1/install/xarm_description/share/xarm_description/environment/path.dsv
[3.774s] -- Up-to-date symlink: /home/catcyber02/Mobile-Robots-2026-1/install/xarm_description/share/xarm_description/local_setup.bash
[3.777s] -- Up-to-date symlink: /home/catcyber02/Mobile-Robots-2026-1/install/xarm_description/share/xarm_description/local_setup.sh
[3.778s] -- Up-to-date symlink: /home/catcyber02/Mobile-Robots-2026-1/install/xarm_description/share/xarm_description/local_setup.zsh
[3.779s] -- Up-to-date symlink: /home/catcyber02/Mobile-Robots-2026-1/install/xarm_description/share/xarm_description/local_setup.dsv
[3.781s] -- Up-to-date symlink: /home/catcyber02/Mobile-Robots-2026-1/install/xarm_description/share/xarm_description/package.dsv
[3.784s] -- Up-to-date symlink: /home/catcyber02/Mobile-Robots-2026-1/install/xarm_description/share/ament_index/resource_index/packages/xarm_description
[3.785s] -- Up-to-date symlink: /home/catcyber02/Mobile-Robots-2026-1/install/xarm_description/share/xarm_description/cmake/xarm_descriptionConfig.cmake
[3.790s] -- Up-to-date symlink: /home/catcyber02/Mobile-Robots-2026-1/install/xarm_description/share/xarm_description/cmake/xarm_descriptionConfig-version.cmake
[3.791s] -- Up-to-date symlink: /home/catcyber02/Mobile-Robots-2026-1/install/xarm_description/share/xarm_description/package.xml
[3.794s] Invoked command in '/home/catcyber02/Mobile-Robots-2026-1/build/xarm_description' returned '0': CMAKE_PREFIX_PATH=${CMAKE_PREFIX_PATH}:/home/catcyber02/Mobile-Robots-2026-1/install/uf_ros_lib:/home/catcyber02/Mobile-Robots-2026-1/install/simple_move:/home/catcyber02/Mobile-Robots-2026-1/install/path_planner:/home/catcyber02/Mobile-Robots-2026-1/install/map_augmenter:/home/catcyber02/Mobile-Robots-2026-1/ros2_ws/install/uf_ros_lib:/home/catcyber02/Mobile-Robots-2026-1/ros2_ws/install/simple_move:/home/catcyber02/Mobile-Robots-2026-1/ros2_ws/install/path_planner:/home/catcyber02/Mobile-Robots-2026-1/ros2_ws/install/map_augmenter:/opt/ros/jazzy DEBUGINFOD_URLS=https://debuginfod.ubuntu.com /usr/bin/cmake --install /home/catcyber02/Mobile-Robots-2026-1/build/xarm_description
