running egg_info
creating ../../../../build/path_planner/path_planner.egg-info
writing ../../../../build/path_planner/path_planner.egg-info/PKG-INFO
writing dependency_links to ../../../../build/path_planner/path_planner.egg-info/dependency_links.txt
writing entry points to ../../../../build/path_planner/path_planner.egg-info/entry_points.txt
writing requirements to ../../../../build/path_planner/path_planner.egg-info/requires.txt
writing top-level names to ../../../../build/path_planner/path_planner.egg-info/top_level.txt
writing manifest file '../../../../build/path_planner/path_planner.egg-info/SOURCES.txt'
reading manifest file '../../../../build/path_planner/path_planner.egg-info/SOURCES.txt'
adding license file 'LICENSE'
writing manifest file '../../../../build/path_planner/path_planner.egg-info/SOURCES.txt'
running build
running build_py
creating /home/melissa/Documentos/Robots_Mobiles/Mobile-Robots-2026-1/build/path_planner/build
creating /home/melissa/Documentos/Robots_Mobiles/Mobile-Robots-2026-1/build/path_planner/build/lib
creating /home/melissa/Documentos/Robots_Mobiles/Mobile-Robots-2026-1/build/path_planner/build/lib/path_planner
copying path_planner/__init__.py -> /home/melissa/Documentos/Robots_Mobiles/Mobile-Robots-2026-1/build/path_planner/build/lib/path_planner
copying path_planner/rrt.py -> /home/melissa/Documentos/Robots_Mobiles/Mobile-Robots-2026-1/build/path_planner/build/lib/path_planner
copying path_planner/cost_map.py -> /home/melissa/Documentos/Robots_Mobiles/Mobile-Robots-2026-1/build/path_planner/build/lib/path_planner
copying path_planner/a_star.py -> /home/melissa/Documentos/Robots_Mobiles/Mobile-Robots-2026-1/build/path_planner/build/lib/path_planner
running install
running install_lib
creating /home/melissa/Documentos/Robots_Mobiles/Mobile-Robots-2026-1/install/path_planner/lib/python3.12/site-packages/path_planner
copying /home/melissa/Documentos/Robots_Mobiles/Mobile-Robots-2026-1/build/path_planner/build/lib/path_planner/__init__.py -> /home/melissa/Documentos/Robots_Mobiles/Mobile-Robots-2026-1/install/path_planner/lib/python3.12/site-packages/path_planner
copying /home/melissa/Documentos/Robots_Mobiles/Mobile-Robots-2026-1/build/path_planner/build/lib/path_planner/rrt.py -> /home/melissa/Documentos/Robots_Mobiles/Mobile-Robots-2026-1/install/path_planner/lib/python3.12/site-packages/path_planner
copying /home/melissa/Documentos/Robots_Mobiles/Mobile-Robots-2026-1/build/path_planner/build/lib/path_planner/cost_map.py -> /home/melissa/Documentos/Robots_Mobiles/Mobile-Robots-2026-1/install/path_planner/lib/python3.12/site-packages/path_planner
copying /home/melissa/Documentos/Robots_Mobiles/Mobile-Robots-2026-1/build/path_planner/build/lib/path_planner/a_star.py -> /home/melissa/Documentos/Robots_Mobiles/Mobile-Robots-2026-1/install/path_planner/lib/python3.12/site-packages/path_planner
byte-compiling /home/melissa/Documentos/Robots_Mobiles/Mobile-Robots-2026-1/install/path_planner/lib/python3.12/site-packages/path_planner/__init__.py to __init__.cpython-312.pyc
byte-compiling /home/melissa/Documentos/Robots_Mobiles/Mobile-Robots-2026-1/install/path_planner/lib/python3.12/site-packages/path_planner/rrt.py to rrt.cpython-312.pyc
byte-compiling /home/melissa/Documentos/Robots_Mobiles/Mobile-Robots-2026-1/install/path_planner/lib/python3.12/site-packages/path_planner/cost_map.py to cost_map.cpython-312.pyc
byte-compiling /home/melissa/Documentos/Robots_Mobiles/Mobile-Robots-2026-1/install/path_planner/lib/python3.12/site-packages/path_planner/a_star.py to a_star.cpython-312.pyc
running install_data
creating /home/melissa/Documentos/Robots_Mobiles/Mobile-Robots-2026-1/install/path_planner/share/ament_index
creating /home/melissa/Documentos/Robots_Mobiles/Mobile-Robots-2026-1/install/path_planner/share/ament_index/resource_index
creating /home/melissa/Documentos/Robots_Mobiles/Mobile-Robots-2026-1/install/path_planner/share/ament_index/resource_index/packages
copying resource/path_planner -> /home/melissa/Documentos/Robots_Mobiles/Mobile-Robots-2026-1/install/path_planner/share/ament_index/resource_index/packages
copying package.xml -> /home/melissa/Documentos/Robots_Mobiles/Mobile-Robots-2026-1/install/path_planner/share/path_planner
running install_egg_info
Copying ../../../../build/path_planner/path_planner.egg-info to /home/melissa/Documentos/Robots_Mobiles/Mobile-Robots-2026-1/install/path_planner/lib/python3.12/site-packages/path_planner-0.0.0-py3.12.egg-info
running install_scripts
Installing a_start script to /home/melissa/Documentos/Robots_Mobiles/Mobile-Robots-2026-1/install/path_planner/lib/path_planner
Installing a_start_solved script to /home/melissa/Documentos/Robots_Mobiles/Mobile-Robots-2026-1/install/path_planner/lib/path_planner
Installing cost_map script to /home/melissa/Documentos/Robots_Mobiles/Mobile-Robots-2026-1/install/path_planner/lib/path_planner
Installing cost_map_solved script to /home/melissa/Documentos/Robots_Mobiles/Mobile-Robots-2026-1/install/path_planner/lib/path_planner
Installing rrt script to /home/melissa/Documentos/Robots_Mobiles/Mobile-Robots-2026-1/install/path_planner/lib/path_planner
Installing rrt_solved script to /home/melissa/Documentos/Robots_Mobiles/Mobile-Robots-2026-1/install/path_planner/lib/path_planner
writing list of installed files to '/home/melissa/Documentos/Robots_Mobiles/Mobile-Robots-2026-1/build/path_planner/install.log'
