[15.917s] Invoking command in '/home/melissa/Documentos/Robots_Mobiles/Mobile-Robots-2026-1/ros2_ws/src/navigation/path_planner': DEBUGINFOD_URLS=https://debuginfod.ubuntu.com PYTHONPATH=/home/melissa/Documentos/Robots_Mobiles/Mobile-Robots-2026-1/build/path_planner/prefix_override:/usr/lib/python3/dist-packages/colcon_core/task/python/colcon_distutils_commands:/home/melissa/Documentos/Robots_Mobiles/Mobile-Robots-2026-1/install/path_planner/lib/python3.12/site-packages:${PYTHONPATH} /usr/bin/python3 -W ignore:setup.py install is deprecated -W ignore:easy_install command is deprecated setup.py egg_info --egg-base ../../../../build/path_planner build --build-base /home/melissa/Documentos/Robots_Mobiles/Mobile-Robots-2026-1/build/path_planner/build install --record /home/melissa/Documentos/Robots_Mobiles/Mobile-Robots-2026-1/build/path_planner/install.log --single-version-externally-managed install_data
[28.218s] running egg_info
[28.225s] creating ../../../../build/path_planner/path_planner.egg-info
[29.290s] writing ../../../../build/path_planner/path_planner.egg-info/PKG-INFO
[29.299s] writing dependency_links to ../../../../build/path_planner/path_planner.egg-info/dependency_links.txt
[29.307s] writing entry points to ../../../../build/path_planner/path_planner.egg-info/entry_points.txt
[29.308s] writing requirements to ../../../../build/path_planner/path_planner.egg-info/requires.txt
[29.309s] writing top-level names to ../../../../build/path_planner/path_planner.egg-info/top_level.txt
[29.319s] writing manifest file '../../../../build/path_planner/path_planner.egg-info/SOURCES.txt'
[31.120s] reading manifest file '../../../../build/path_planner/path_planner.egg-info/SOURCES.txt'
[31.124s] adding license file 'LICENSE'
[31.133s] writing manifest file '../../../../build/path_planner/path_planner.egg-info/SOURCES.txt'
[31.136s] running build
[31.139s] running build_py
[31.143s] creating /home/melissa/Documentos/Robots_Mobiles/Mobile-Robots-2026-1/build/path_planner/build
[31.146s] creating /home/melissa/Documentos/Robots_Mobiles/Mobile-Robots-2026-1/build/path_planner/build/lib
[31.149s] creating /home/melissa/Documentos/Robots_Mobiles/Mobile-Robots-2026-1/build/path_planner/build/lib/path_planner
[31.151s] copying path_planner/__init__.py -> /home/melissa/Documentos/Robots_Mobiles/Mobile-Robots-2026-1/build/path_planner/build/lib/path_planner
[31.152s] copying path_planner/rrt.py -> /home/melissa/Documentos/Robots_Mobiles/Mobile-Robots-2026-1/build/path_planner/build/lib/path_planner
[31.156s] copying path_planner/cost_map.py -> /home/melissa/Documentos/Robots_Mobiles/Mobile-Robots-2026-1/build/path_planner/build/lib/path_planner
[31.158s] copying path_planner/a_star.py -> /home/melissa/Documentos/Robots_Mobiles/Mobile-Robots-2026-1/build/path_planner/build/lib/path_planner
[31.162s] running install
[31.258s] running install_lib
[31.681s] creating /home/melissa/Documentos/Robots_Mobiles/Mobile-Robots-2026-1/install/path_planner/lib/python3.12/site-packages/path_planner
[31.684s] copying /home/melissa/Documentos/Robots_Mobiles/Mobile-Robots-2026-1/build/path_planner/build/lib/path_planner/__init__.py -> /home/melissa/Documentos/Robots_Mobiles/Mobile-Robots-2026-1/install/path_planner/lib/python3.12/site-packages/path_planner
[31.692s] copying /home/melissa/Documentos/Robots_Mobiles/Mobile-Robots-2026-1/build/path_planner/build/lib/path_planner/rrt.py -> /home/melissa/Documentos/Robots_Mobiles/Mobile-Robots-2026-1/install/path_planner/lib/python3.12/site-packages/path_planner
[31.695s] copying /home/melissa/Documentos/Robots_Mobiles/Mobile-Robots-2026-1/build/path_planner/build/lib/path_planner/cost_map.py -> /home/melissa/Documentos/Robots_Mobiles/Mobile-Robots-2026-1/install/path_planner/lib/python3.12/site-packages/path_planner
[31.709s] copying /home/melissa/Documentos/Robots_Mobiles/Mobile-Robots-2026-1/build/path_planner/build/lib/path_planner/a_star.py -> /home/melissa/Documentos/Robots_Mobiles/Mobile-Robots-2026-1/install/path_planner/lib/python3.12/site-packages/path_planner
[31.717s] byte-compiling /home/melissa/Documentos/Robots_Mobiles/Mobile-Robots-2026-1/install/path_planner/lib/python3.12/site-packages/path_planner/__init__.py to __init__.cpython-312.pyc
[31.721s] byte-compiling /home/melissa/Documentos/Robots_Mobiles/Mobile-Robots-2026-1/install/path_planner/lib/python3.12/site-packages/path_planner/rrt.py to rrt.cpython-312.pyc
[31.767s] byte-compiling /home/melissa/Documentos/Robots_Mobiles/Mobile-Robots-2026-1/install/path_planner/lib/python3.12/site-packages/path_planner/cost_map.py to cost_map.cpython-312.pyc
[31.778s] byte-compiling /home/melissa/Documentos/Robots_Mobiles/Mobile-Robots-2026-1/install/path_planner/lib/python3.12/site-packages/path_planner/a_star.py to a_star.cpython-312.pyc
[31.815s] running install_data
[31.818s] creating /home/melissa/Documentos/Robots_Mobiles/Mobile-Robots-2026-1/install/path_planner/share/ament_index
[31.821s] creating /home/melissa/Documentos/Robots_Mobiles/Mobile-Robots-2026-1/install/path_planner/share/ament_index/resource_index
[31.826s] creating /home/melissa/Documentos/Robots_Mobiles/Mobile-Robots-2026-1/install/path_planner/share/ament_index/resource_index/packages
[31.832s] copying resource/path_planner -> /home/melissa/Documentos/Robots_Mobiles/Mobile-Robots-2026-1/install/path_planner/share/ament_index/resource_index/packages
[31.835s] copying package.xml -> /home/melissa/Documentos/Robots_Mobiles/Mobile-Robots-2026-1/install/path_planner/share/path_planner
[31.851s] running install_egg_info
[32.892s] Copying ../../../../build/path_planner/path_planner.egg-info to /home/melissa/Documentos/Robots_Mobiles/Mobile-Robots-2026-1/install/path_planner/lib/python3.12/site-packages/path_planner-0.0.0-py3.12.egg-info
[32.902s] running install_scripts
[37.468s] Installing a_start script to /home/melissa/Documentos/Robots_Mobiles/Mobile-Robots-2026-1/install/path_planner/lib/path_planner
[37.474s] Installing a_start_solved script to /home/melissa/Documentos/Robots_Mobiles/Mobile-Robots-2026-1/install/path_planner/lib/path_planner
[37.476s] Installing cost_map script to /home/melissa/Documentos/Robots_Mobiles/Mobile-Robots-2026-1/install/path_planner/lib/path_planner
[37.484s] Installing cost_map_solved script to /home/melissa/Documentos/Robots_Mobiles/Mobile-Robots-2026-1/install/path_planner/lib/path_planner
[37.485s] Installing rrt script to /home/melissa/Documentos/Robots_Mobiles/Mobile-Robots-2026-1/install/path_planner/lib/path_planner
[37.491s] Installing rrt_solved script to /home/melissa/Documentos/Robots_Mobiles/Mobile-Robots-2026-1/install/path_planner/lib/path_planner
[37.500s] writing list of installed files to '/home/melissa/Documentos/Robots_Mobiles/Mobile-Robots-2026-1/build/path_planner/install.log'
[37.974s] Invoked command in '/home/melissa/Documentos/Robots_Mobiles/Mobile-Robots-2026-1/ros2_ws/src/navigation/path_planner' returned '0': DEBUGINFOD_URLS=https://debuginfod.ubuntu.com PYTHONPATH=/home/melissa/Documentos/Robots_Mobiles/Mobile-Robots-2026-1/build/path_planner/prefix_override:/usr/lib/python3/dist-packages/colcon_core/task/python/colcon_distutils_commands:/home/melissa/Documentos/Robots_Mobiles/Mobile-Robots-2026-1/install/path_planner/lib/python3.12/site-packages:${PYTHONPATH} /usr/bin/python3 -W ignore:setup.py install is deprecated -W ignore:easy_install command is deprecated setup.py egg_info --egg-base ../../../../build/path_planner build --build-base /home/melissa/Documentos/Robots_Mobiles/Mobile-Robots-2026-1/build/path_planner/build install --record /home/melissa/Documentos/Robots_Mobiles/Mobile-Robots-2026-1/build/path_planner/install.log --single-version-externally-managed install_data
