[0.044s] Invoking command in '/home/catcyber02/Mobile-Robots-2026-1/build/xarm_api': AMENT_PREFIX_PATH=/home/catcyber02/Mobile-Robots-2026-1/install/xarm_sdk:/home/catcyber02/Mobile-Robots-2026-1/install/xarm_msgs:/home/catcyber02/Mobile-Robots-2026-1/install/xarm_description:${AMENT_PREFIX_PATH} CMAKE_PREFIX_PATH=/home/catcyber02/Mobile-Robots-2026-1/install/xarm_sdk:/home/catcyber02/Mobile-Robots-2026-1/install/xarm_msgs:/home/catcyber02/Mobile-Robots-2026-1/install/xarm_description:/home/catcyber02/Mobile-Robots-2026-1/ros2_ws/install/xarm_controller:/home/catcyber02/Mobile-Robots-2026-1/ros2_ws/install/xarm_api:/home/catcyber02/Mobile-Robots-2026-1/ros2_ws/install/xarm_sdk:/home/catcyber02/Mobile-Robots-2026-1/ros2_ws/install/xarm_msgs:/home/catcyber02/Mobile-Robots-2026-1/ros2_ws/install/xarm_description:/home/catcyber02/Mobile-Robots-2026-1/ros2_ws/install/justina_gui:/home/catcyber02/Mobile-Robots-2026-1/ros2_ws/install/justina_description:/home/catcyber02/Mobile-Robots-2026-1/ros2_ws/install/gazebo_envs:/home/catcyber02/Mobile-Robots-2026-1/ros2_ws/install/config_files:/opt/ros/jazzy/opt/gz_sim_vendor:/opt/ros/jazzy/opt/gz_sensors_vendor:/opt/ros/jazzy/opt/gz_physics_vendor:/opt/ros/jazzy/opt/sdformat_vendor:/opt/ros/jazzy/opt/gz_gui_vendor:/opt/ros/jazzy/opt/gz_transport_vendor:/opt/ros/jazzy/opt/gz_rendering_vendor:/opt/ros/jazzy/opt/gz_plugin_vendor:/opt/ros/jazzy/opt/gz_fuel_tools_vendor:/opt/ros/jazzy/opt/gz_msgs_vendor:/opt/ros/jazzy/opt/gz_common_vendor:/opt/ros/jazzy/opt/gz_math_vendor:/opt/ros/jazzy/opt/gz_utils_vendor:/opt/ros/jazzy/opt/gz_tools_vendor:/opt/ros/jazzy/opt/gz_ogre_next_vendor:/opt/ros/jazzy/opt/gz_dartsim_vendor:/opt/ros/jazzy/opt/gz_cmake_vendor:/home/catcyber02/Mobile-Robots-2026-1/ros2_ws/install/uf_ros_lib:/home/catcyber02/Mobile-Robots-2026-1/ros2_ws/install/simple_move:/opt/ros/jazzy DEBUGINFOD_URLS=https://debuginfod.ubuntu.com LD_LIBRARY_PATH=/home/catcyber02/Mobile-Robots-2026-1/install/xarm_sdk/lib:/home/catcyber02/Mobile-Robots-2026-1/install/xarm_msgs/lib:${LD_LIBRARY_PATH} PYTHONPATH=/home/catcyber02/Mobile-Robots-2026-1/install/xarm_msgs/lib/python3.12/site-packages:${PYTHONPATH} /usr/bin/cmake --build /home/catcyber02/Mobile-Robots-2026-1/build/xarm_api -- -j8 -l8
[0.260s] [ 15%] Built target xarm_ros_client
[0.261s] [ 30%] Built target test_robot_states
[0.273s] [ 53%] Built target xarm_ros_driver
[0.363s] [ 69%] Built target test_xarm_velo_move
[0.382s] [ 84%] Built target test_xarm_ros_client
[0.396s] [100%] Built target xarm_driver_node
[0.431s] Invoked command in '/home/catcyber02/Mobile-Robots-2026-1/build/xarm_api' returned '0': AMENT_PREFIX_PATH=/home/catcyber02/Mobile-Robots-2026-1/install/xarm_sdk:/home/catcyber02/Mobile-Robots-2026-1/install/xarm_msgs:/home/catcyber02/Mobile-Robots-2026-1/install/xarm_description:${AMENT_PREFIX_PATH} CMAKE_PREFIX_PATH=/home/catcyber02/Mobile-Robots-2026-1/install/xarm_sdk:/home/catcyber02/Mobile-Robots-2026-1/install/xarm_msgs:/home/catcyber02/Mobile-Robots-2026-1/install/xarm_description:/home/catcyber02/Mobile-Robots-2026-1/ros2_ws/install/xarm_controller:/home/catcyber02/Mobile-Robots-2026-1/ros2_ws/install/xarm_api:/home/catcyber02/Mobile-Robots-2026-1/ros2_ws/install/xarm_sdk:/home/catcyber02/Mobile-Robots-2026-1/ros2_ws/install/xarm_msgs:/home/catcyber02/Mobile-Robots-2026-1/ros2_ws/install/xarm_description:/home/catcyber02/Mobile-Robots-2026-1/ros2_ws/install/justina_gui:/home/catcyber02/Mobile-Robots-2026-1/ros2_ws/install/justina_description:/home/catcyber02/Mobile-Robots-2026-1/ros2_ws/install/gazebo_envs:/home/catcyber02/Mobile-Robots-2026-1/ros2_ws/install/config_files:/opt/ros/jazzy/opt/gz_sim_vendor:/opt/ros/jazzy/opt/gz_sensors_vendor:/opt/ros/jazzy/opt/gz_physics_vendor:/opt/ros/jazzy/opt/sdformat_vendor:/opt/ros/jazzy/opt/gz_gui_vendor:/opt/ros/jazzy/opt/gz_transport_vendor:/opt/ros/jazzy/opt/gz_rendering_vendor:/opt/ros/jazzy/opt/gz_plugin_vendor:/opt/ros/jazzy/opt/gz_fuel_tools_vendor:/opt/ros/jazzy/opt/gz_msgs_vendor:/opt/ros/jazzy/opt/gz_common_vendor:/opt/ros/jazzy/opt/gz_math_vendor:/opt/ros/jazzy/opt/gz_utils_vendor:/opt/ros/jazzy/opt/gz_tools_vendor:/opt/ros/jazzy/opt/gz_ogre_next_vendor:/opt/ros/jazzy/opt/gz_dartsim_vendor:/opt/ros/jazzy/opt/gz_cmake_vendor:/home/catcyber02/Mobile-Robots-2026-1/ros2_ws/install/uf_ros_lib:/home/catcyber02/Mobile-Robots-2026-1/ros2_ws/install/simple_move:/opt/ros/jazzy DEBUGINFOD_URLS=https://debuginfod.ubuntu.com LD_LIBRARY_PATH=/home/catcyber02/Mobile-Robots-2026-1/install/xarm_sdk/lib:/home/catcyber02/Mobile-Robots-2026-1/install/xarm_msgs/lib:${LD_LIBRARY_PATH} PYTHONPATH=/home/catcyber02/Mobile-Robots-2026-1/install/xarm_msgs/lib/python3.12/site-packages:${PYTHONPATH} /usr/bin/cmake --build /home/catcyber02/Mobile-Robots-2026-1/build/xarm_api -- -j8 -l8
[0.434s] Invoking command in '/home/catcyber02/Mobile-Robots-2026-1/build/xarm_api': AMENT_PREFIX_PATH=/home/catcyber02/Mobile-Robots-2026-1/install/xarm_sdk:/home/catcyber02/Mobile-Robots-2026-1/install/xarm_msgs:/home/catcyber02/Mobile-Robots-2026-1/install/xarm_description:${AMENT_PREFIX_PATH} CMAKE_PREFIX_PATH=/home/catcyber02/Mobile-Robots-2026-1/install/xarm_sdk:/home/catcyber02/Mobile-Robots-2026-1/install/xarm_msgs:/home/catcyber02/Mobile-Robots-2026-1/install/xarm_description:/home/catcyber02/Mobile-Robots-2026-1/ros2_ws/install/xarm_controller:/home/catcyber02/Mobile-Robots-2026-1/ros2_ws/install/xarm_api:/home/catcyber02/Mobile-Robots-2026-1/ros2_ws/install/xarm_sdk:/home/catcyber02/Mobile-Robots-2026-1/ros2_ws/install/xarm_msgs:/home/catcyber02/Mobile-Robots-2026-1/ros2_ws/install/xarm_description:/home/catcyber02/Mobile-Robots-2026-1/ros2_ws/install/justina_gui:/home/catcyber02/Mobile-Robots-2026-1/ros2_ws/install/justina_description:/home/catcyber02/Mobile-Robots-2026-1/ros2_ws/install/gazebo_envs:/home/catcyber02/Mobile-Robots-2026-1/ros2_ws/install/config_files:/opt/ros/jazzy/opt/gz_sim_vendor:/opt/ros/jazzy/opt/gz_sensors_vendor:/opt/ros/jazzy/opt/gz_physics_vendor:/opt/ros/jazzy/opt/sdformat_vendor:/opt/ros/jazzy/opt/gz_gui_vendor:/opt/ros/jazzy/opt/gz_transport_vendor:/opt/ros/jazzy/opt/gz_rendering_vendor:/opt/ros/jazzy/opt/gz_plugin_vendor:/opt/ros/jazzy/opt/gz_fuel_tools_vendor:/opt/ros/jazzy/opt/gz_msgs_vendor:/opt/ros/jazzy/opt/gz_common_vendor:/opt/ros/jazzy/opt/gz_math_vendor:/opt/ros/jazzy/opt/gz_utils_vendor:/opt/ros/jazzy/opt/gz_tools_vendor:/opt/ros/jazzy/opt/gz_ogre_next_vendor:/opt/ros/jazzy/opt/gz_dartsim_vendor:/opt/ros/jazzy/opt/gz_cmake_vendor:/home/catcyber02/Mobile-Robots-2026-1/ros2_ws/install/uf_ros_lib:/home/catcyber02/Mobile-Robots-2026-1/ros2_ws/install/simple_move:/opt/ros/jazzy DEBUGINFOD_URLS=https://debuginfod.ubuntu.com LD_LIBRARY_PATH=/home/catcyber02/Mobile-Robots-2026-1/install/xarm_sdk/lib:/home/catcyber02/Mobile-Robots-2026-1/install/xarm_msgs/lib:${LD_LIBRARY_PATH} PYTHONPATH=/home/catcyber02/Mobile-Robots-2026-1/install/xarm_msgs/lib/python3.12/site-packages:${PYTHONPATH} /usr/bin/cmake --install /home/catcyber02/Mobile-Robots-2026-1/build/xarm_api
[0.456s] -- Install configuration: ""
[0.456s] -- Up-to-date: /home/catcyber02/Mobile-Robots-2026-1/install/xarm_api/share/xarm_api/environment/library_path.sh
[0.456s] -- Up-to-date: /home/catcyber02/Mobile-Robots-2026-1/install/xarm_api/share/xarm_api/environment/library_path.dsv
[0.457s] -- Up-to-date: /home/catcyber02/Mobile-Robots-2026-1/install/xarm_api/include
[0.457s] -- Up-to-date: /home/catcyber02/Mobile-Robots-2026-1/install/xarm_api/include/xarm_api
[0.457s] -- Up-to-date: /home/catcyber02/Mobile-Robots-2026-1/install/xarm_api/include/xarm_api/visibility_control.h
[0.457s] -- Up-to-date: /home/catcyber02/Mobile-Robots-2026-1/install/xarm_api/include/xarm_api/xarm_msgs.h
[0.458s] -- Up-to-date: /home/catcyber02/Mobile-Robots-2026-1/install/xarm_api/include/xarm_api/xarm_driver.h
[0.458s] -- Up-to-date: /home/catcyber02/Mobile-Robots-2026-1/install/xarm_api/include/xarm_api/xarm_ros_client.h
[0.458s] -- Up-to-date: /home/catcyber02/Mobile-Robots-2026-1/install/xarm_api/lib/libxarm_ros_driver.so
[0.458s] -- Up-to-date: /home/catcyber02/Mobile-Robots-2026-1/install/xarm_api/lib/libxarm_ros_client.so
[0.459s] -- Up-to-date: /home/catcyber02/Mobile-Robots-2026-1/install/xarm_api/lib/xarm_api/xarm_driver_node
[0.460s] -- Up-to-date: /home/catcyber02/Mobile-Robots-2026-1/install/xarm_api/lib/xarm_api/test_xarm_ros_client
[0.461s] -- Up-to-date: /home/catcyber02/Mobile-Robots-2026-1/install/xarm_api/lib/xarm_api/test_xarm_velo_move
[0.462s] -- Up-to-date: /home/catcyber02/Mobile-Robots-2026-1/install/xarm_api/lib/xarm_api/test_robot_states
[0.462s] -- Up-to-date: /home/catcyber02/Mobile-Robots-2026-1/install/xarm_api/share/xarm_api//launch
[0.463s] -- Up-to-date: /home/catcyber02/Mobile-Robots-2026-1/install/xarm_api/share/xarm_api//launch/xarm6_driver.launch.py
[0.463s] -- Up-to-date: /home/catcyber02/Mobile-Robots-2026-1/install/xarm_api/share/xarm_api//launch/lite6_driver.launch.py
[0.464s] -- Up-to-date: /home/catcyber02/Mobile-Robots-2026-1/install/xarm_api/share/xarm_api//launch/xarm7_driver.launch.py
[0.464s] -- Up-to-date: /home/catcyber02/Mobile-Robots-2026-1/install/xarm_api/share/xarm_api//launch/lib
[0.464s] -- Up-to-date: /home/catcyber02/Mobile-Robots-2026-1/install/xarm_api/share/xarm_api//launch/lib/robot_api_lib.py
[0.464s] -- Up-to-date: /home/catcyber02/Mobile-Robots-2026-1/install/xarm_api/share/xarm_api//launch/uf850_driver.launch.py
[0.465s] -- Up-to-date: /home/catcyber02/Mobile-Robots-2026-1/install/xarm_api/share/xarm_api//launch/xarm5_driver.launch.py
[0.465s] -- Up-to-date: /home/catcyber02/Mobile-Robots-2026-1/install/xarm_api/share/xarm_api//launch/_robot_driver.launch.py
[0.465s] -- Up-to-date: /home/catcyber02/Mobile-Robots-2026-1/install/xarm_api/share/xarm_api//config
[0.466s] -- Up-to-date: /home/catcyber02/Mobile-Robots-2026-1/install/xarm_api/share/xarm_api//config/xarm_params.yaml
[0.466s] -- Up-to-date: /home/catcyber02/Mobile-Robots-2026-1/install/xarm_api/share/ament_index/resource_index/package_run_dependencies/xarm_api
[0.466s] -- Up-to-date: /home/catcyber02/Mobile-Robots-2026-1/install/xarm_api/share/ament_index/resource_index/parent_prefix_path/xarm_api
[0.467s] -- Up-to-date: /home/catcyber02/Mobile-Robots-2026-1/install/xarm_api/share/xarm_api/environment/ament_prefix_path.sh
[0.467s] -- Up-to-date: /home/catcyber02/Mobile-Robots-2026-1/install/xarm_api/share/xarm_api/environment/ament_prefix_path.dsv
[0.467s] -- Up-to-date: /home/catcyber02/Mobile-Robots-2026-1/install/xarm_api/share/xarm_api/environment/path.sh
[0.467s] -- Up-to-date: /home/catcyber02/Mobile-Robots-2026-1/install/xarm_api/share/xarm_api/environment/path.dsv
[0.468s] -- Up-to-date: /home/catcyber02/Mobile-Robots-2026-1/install/xarm_api/share/xarm_api/local_setup.bash
[0.468s] -- Up-to-date: /home/catcyber02/Mobile-Robots-2026-1/install/xarm_api/share/xarm_api/local_setup.sh
[0.468s] -- Up-to-date: /home/catcyber02/Mobile-Robots-2026-1/install/xarm_api/share/xarm_api/local_setup.zsh
[0.468s] -- Up-to-date: /home/catcyber02/Mobile-Robots-2026-1/install/xarm_api/share/xarm_api/local_setup.dsv
[0.468s] -- Installing: /home/catcyber02/Mobile-Robots-2026-1/install/xarm_api/share/xarm_api/package.dsv
[0.469s] -- Up-to-date: /home/catcyber02/Mobile-Robots-2026-1/install/xarm_api/share/ament_index/resource_index/packages/xarm_api
[0.469s] -- Up-to-date: /home/catcyber02/Mobile-Robots-2026-1/install/xarm_api/share/xarm_api/cmake/ament_cmake_export_libraries-extras.cmake
[0.469s] -- Up-to-date: /home/catcyber02/Mobile-Robots-2026-1/install/xarm_api/share/xarm_api/cmake/ament_cmake_export_include_directories-extras.cmake
[0.469s] -- Up-to-date: /home/catcyber02/Mobile-Robots-2026-1/install/xarm_api/share/xarm_api/cmake/xarm_apiConfig.cmake
[0.469s] -- Up-to-date: /home/catcyber02/Mobile-Robots-2026-1/install/xarm_api/share/xarm_api/cmake/xarm_apiConfig-version.cmake
[0.470s] -- Up-to-date: /home/catcyber02/Mobile-Robots-2026-1/install/xarm_api/share/xarm_api/package.xml
[0.473s] Invoked command in '/home/catcyber02/Mobile-Robots-2026-1/build/xarm_api' returned '0': AMENT_PREFIX_PATH=/home/catcyber02/Mobile-Robots-2026-1/install/xarm_sdk:/home/catcyber02/Mobile-Robots-2026-1/install/xarm_msgs:/home/catcyber02/Mobile-Robots-2026-1/install/xarm_description:${AMENT_PREFIX_PATH} CMAKE_PREFIX_PATH=/home/catcyber02/Mobile-Robots-2026-1/install/xarm_sdk:/home/catcyber02/Mobile-Robots-2026-1/install/xarm_msgs:/home/catcyber02/Mobile-Robots-2026-1/install/xarm_description:/home/catcyber02/Mobile-Robots-2026-1/ros2_ws/install/xarm_controller:/home/catcyber02/Mobile-Robots-2026-1/ros2_ws/install/xarm_api:/home/catcyber02/Mobile-Robots-2026-1/ros2_ws/install/xarm_sdk:/home/catcyber02/Mobile-Robots-2026-1/ros2_ws/install/xarm_msgs:/home/catcyber02/Mobile-Robots-2026-1/ros2_ws/install/xarm_description:/home/catcyber02/Mobile-Robots-2026-1/ros2_ws/install/justina_gui:/home/catcyber02/Mobile-Robots-2026-1/ros2_ws/install/justina_description:/home/catcyber02/Mobile-Robots-2026-1/ros2_ws/install/gazebo_envs:/home/catcyber02/Mobile-Robots-2026-1/ros2_ws/install/config_files:/opt/ros/jazzy/opt/gz_sim_vendor:/opt/ros/jazzy/opt/gz_sensors_vendor:/opt/ros/jazzy/opt/gz_physics_vendor:/opt/ros/jazzy/opt/sdformat_vendor:/opt/ros/jazzy/opt/gz_gui_vendor:/opt/ros/jazzy/opt/gz_transport_vendor:/opt/ros/jazzy/opt/gz_rendering_vendor:/opt/ros/jazzy/opt/gz_plugin_vendor:/opt/ros/jazzy/opt/gz_fuel_tools_vendor:/opt/ros/jazzy/opt/gz_msgs_vendor:/opt/ros/jazzy/opt/gz_common_vendor:/opt/ros/jazzy/opt/gz_math_vendor:/opt/ros/jazzy/opt/gz_utils_vendor:/opt/ros/jazzy/opt/gz_tools_vendor:/opt/ros/jazzy/opt/gz_ogre_next_vendor:/opt/ros/jazzy/opt/gz_dartsim_vendor:/opt/ros/jazzy/opt/gz_cmake_vendor:/home/catcyber02/Mobile-Robots-2026-1/ros2_ws/install/uf_ros_lib:/home/catcyber02/Mobile-Robots-2026-1/ros2_ws/install/simple_move:/opt/ros/jazzy DEBUGINFOD_URLS=https://debuginfod.ubuntu.com LD_LIBRARY_PATH=/home/catcyber02/Mobile-Robots-2026-1/install/xarm_sdk/lib:/home/catcyber02/Mobile-Robots-2026-1/install/xarm_msgs/lib:${LD_LIBRARY_PATH} PYTHONPATH=/home/catcyber02/Mobile-Robots-2026-1/install/xarm_msgs/lib/python3.12/site-packages:${PYTHONPATH} /usr/bin/cmake --install /home/catcyber02/Mobile-Robots-2026-1/build/xarm_api
