[0.102s] Invoking command in '/home/melissa/Documentos/Robots_Mobiles/Mobile-Robots-2026-1/build/xarm_api': AMENT_PREFIX_PATH=/home/melissa/Documentos/Robots_Mobiles/Mobile-Robots-2026-1/install/xarm_sdk:/home/melissa/Documentos/Robots_Mobiles/Mobile-Robots-2026-1/install/xarm_msgs:/home/melissa/Documentos/Robots_Mobiles/Mobile-Robots-2026-1/install/xarm_description:${AMENT_PREFIX_PATH} CMAKE_PREFIX_PATH=/home/melissa/Documentos/Robots_Mobiles/Mobile-Robots-2026-1/install/xarm_sdk:/home/melissa/Documentos/Robots_Mobiles/Mobile-Robots-2026-1/install/xarm_msgs:/home/melissa/Documentos/Robots_Mobiles/Mobile-Robots-2026-1/install/xarm_description:/opt/ros/jazzy/opt/gz_sim_vendor:/opt/ros/jazzy/opt/gz_sensors_vendor:/opt/ros/jazzy/opt/gz_physics_vendor:/opt/ros/jazzy/opt/sdformat_vendor:/opt/ros/jazzy/opt/gz_gui_vendor:/opt/ros/jazzy/opt/gz_transport_vendor:/opt/ros/jazzy/opt/gz_rendering_vendor:/opt/ros/jazzy/opt/gz_plugin_vendor:/opt/ros/jazzy/opt/gz_fuel_tools_vendor:/opt/ros/jazzy/opt/gz_msgs_vendor:/opt/ros/jazzy/opt/gz_common_vendor:/opt/ros/jazzy/opt/gz_math_vendor:/opt/ros/jazzy/opt/gz_utils_vendor:/opt/ros/jazzy/opt/gz_tools_vendor:/opt/ros/jazzy/opt/gz_ogre_next_vendor:/opt/ros/jazzy/opt/gz_dartsim_vendor:/opt/ros/jazzy/opt/gz_cmake_vendor:/opt/ros/jazzy DEBUGINFOD_URLS=https://debuginfod.ubuntu.com LD_LIBRARY_PATH=/home/melissa/Documentos/Robots_Mobiles/Mobile-Robots-2026-1/install/xarm_sdk/lib:/home/melissa/Documentos/Robots_Mobiles/Mobile-Robots-2026-1/install/xarm_msgs/lib:${LD_LIBRARY_PATH} PYTHONPATH=/home/melissa/Documentos/Robots_Mobiles/Mobile-Robots-2026-1/install/xarm_msgs/lib/python3.12/site-packages:${PYTHONPATH} /usr/bin/cmake /home/melissa/Documentos/Robots_Mobiles/Mobile-Robots-2026-1/ros2_ws/src/hardware/xarm_ros2/xarm_api -DCMAKE_INSTALL_PREFIX=/home/melissa/Documentos/Robots_Mobiles/Mobile-Robots-2026-1/install/xarm_api
[0.523s] -- The C compiler identification is GNU 13.3.0
[0.956s] -- The CXX compiler identification is GNU 13.3.0
[1.095s] -- Detecting C compiler ABI info
[1.787s] -- Detecting C compiler ABI info - done
[1.853s] -- Check for working C compiler: /usr/bin/cc - skipped
[1.855s] -- Detecting C compile features
[1.858s] -- Detecting C compile features - done
[1.926s] -- Detecting CXX compiler ABI info
[2.710s] -- Detecting CXX compiler ABI info - done
[2.780s] -- Check for working CXX compiler: /usr/bin/c++ - skipped
[2.783s] -- Detecting CXX compile features
[2.786s] -- Detecting CXX compile features - done
[2.818s] -- Found ament_cmake: 2.5.4 (/opt/ros/jazzy/share/ament_cmake/cmake)
[4.001s] -- Found Python3: /usr/bin/python3 (found version "3.12.3") found components: Interpreter 
[5.009s] -- Found ament_lint_auto: 0.17.3 (/opt/ros/jazzy/share/ament_lint_auto/cmake)
[5.949s] -- Found rclcpp: 28.1.11 (/opt/ros/jazzy/share/rclcpp/cmake)
[6.378s] -- Found rosidl_generator_c: 4.6.6 (/opt/ros/jazzy/share/rosidl_generator_c/cmake)
[6.525s] -- Found rosidl_generator_cpp: 4.6.6 (/opt/ros/jazzy/share/rosidl_generator_cpp/cmake)
[6.672s] -- Using all available rosidl_typesupport_c: rosidl_typesupport_fastrtps_c;rosidl_typesupport_introspection_c
[6.874s] -- Using all available rosidl_typesupport_cpp: rosidl_typesupport_fastrtps_cpp;rosidl_typesupport_introspection_cpp
[7.560s] -- Found rmw_implementation_cmake: 7.3.2 (/opt/ros/jazzy/share/rmw_implementation_cmake/cmake)
[7.591s] -- Found rmw_fastrtps_cpp: 8.4.3 (/opt/ros/jazzy/share/rmw_fastrtps_cpp/cmake)
[8.326s] -- Found OpenSSL: /usr/lib/x86_64-linux-gnu/libcrypto.so (found version "3.0.13")  
[8.497s] -- Found FastRTPS: /opt/ros/jazzy/include (Required is at least version "2.13") 
[8.699s] -- Using RMW implementation 'rmw_fastrtps_cpp' as default
[9.319s] -- Found rclcpp_action: 28.1.11 (/opt/ros/jazzy/share/rclcpp_action/cmake)
[9.661s] -- Found std_msgs: 5.3.6 (/opt/ros/jazzy/share/std_msgs/cmake)
[9.789s] -- Found sensor_msgs: 5.3.6 (/opt/ros/jazzy/share/sensor_msgs/cmake)
[10.077s] -- Found control_msgs: 5.5.0 (/opt/ros/jazzy/share/control_msgs/cmake)
[10.542s] -- Found xarm_msgs: 0.0.0 (/home/melissa/Documentos/Robots_Mobiles/Mobile-Robots-2026-1/install/xarm_msgs/share/xarm_msgs/cmake)
[11.064s] -- Found xarm_sdk: 0.0.0 (/home/melissa/Documentos/Robots_Mobiles/Mobile-Robots-2026-1/install/xarm_sdk/share/xarm_sdk/cmake)
[11.259s] -- Added test 'copyright' to check source files copyright and LICENSE
[11.280s] -- Added test 'cppcheck' to perform static code analysis on C / C++ code
[11.285s] -- Configured cppcheck include dirs: /home/melissa/Documentos/Robots_Mobiles/Mobile-Robots-2026-1/ros2_ws/src/hardware/xarm_ros2/xarm_api/include
[11.286s] -- Configured cppcheck exclude dirs and/or files: 
[11.301s] -- Added test 'cpplint' to check C / C++ code against the Google style
[11.302s] -- Configured cpplint exclude dirs and/or files: 
[11.308s] -- Added test 'flake8' to check Python code syntax and style conventions
[11.309s] -- Configured 'flake8' exclude dirs and/or files: 
[11.317s] -- Added test 'lint_cmake' to check CMake code style
[11.324s] -- Added test 'pep257' to check Python code against some of the docstring style conventions in PEP 257
[11.344s] -- Added test 'uncrustify' to check C / C++ code style
[11.345s] -- Configured uncrustify additional arguments: 
[11.352s] -- Added test 'xmllint' to check XML markup files
[11.373s] -- Configuring done (11.2s)
[11.701s] -- Generating done (0.2s)
[11.789s] -- Build files have been written to: /home/melissa/Documentos/Robots_Mobiles/Mobile-Robots-2026-1/build/xarm_api
[11.853s] Invoked command in '/home/melissa/Documentos/Robots_Mobiles/Mobile-Robots-2026-1/build/xarm_api' returned '0': AMENT_PREFIX_PATH=/home/melissa/Documentos/Robots_Mobiles/Mobile-Robots-2026-1/install/xarm_sdk:/home/melissa/Documentos/Robots_Mobiles/Mobile-Robots-2026-1/install/xarm_msgs:/home/melissa/Documentos/Robots_Mobiles/Mobile-Robots-2026-1/install/xarm_description:${AMENT_PREFIX_PATH} CMAKE_PREFIX_PATH=/home/melissa/Documentos/Robots_Mobiles/Mobile-Robots-2026-1/install/xarm_sdk:/home/melissa/Documentos/Robots_Mobiles/Mobile-Robots-2026-1/install/xarm_msgs:/home/melissa/Documentos/Robots_Mobiles/Mobile-Robots-2026-1/install/xarm_description:/opt/ros/jazzy/opt/gz_sim_vendor:/opt/ros/jazzy/opt/gz_sensors_vendor:/opt/ros/jazzy/opt/gz_physics_vendor:/opt/ros/jazzy/opt/sdformat_vendor:/opt/ros/jazzy/opt/gz_gui_vendor:/opt/ros/jazzy/opt/gz_transport_vendor:/opt/ros/jazzy/opt/gz_rendering_vendor:/opt/ros/jazzy/opt/gz_plugin_vendor:/opt/ros/jazzy/opt/gz_fuel_tools_vendor:/opt/ros/jazzy/opt/gz_msgs_vendor:/opt/ros/jazzy/opt/gz_common_vendor:/opt/ros/jazzy/opt/gz_math_vendor:/opt/ros/jazzy/opt/gz_utils_vendor:/opt/ros/jazzy/opt/gz_tools_vendor:/opt/ros/jazzy/opt/gz_ogre_next_vendor:/opt/ros/jazzy/opt/gz_dartsim_vendor:/opt/ros/jazzy/opt/gz_cmake_vendor:/opt/ros/jazzy DEBUGINFOD_URLS=https://debuginfod.ubuntu.com LD_LIBRARY_PATH=/home/melissa/Documentos/Robots_Mobiles/Mobile-Robots-2026-1/install/xarm_sdk/lib:/home/melissa/Documentos/Robots_Mobiles/Mobile-Robots-2026-1/install/xarm_msgs/lib:${LD_LIBRARY_PATH} PYTHONPATH=/home/melissa/Documentos/Robots_Mobiles/Mobile-Robots-2026-1/install/xarm_msgs/lib/python3.12/site-packages:${PYTHONPATH} /usr/bin/cmake /home/melissa/Documentos/Robots_Mobiles/Mobile-Robots-2026-1/ros2_ws/src/hardware/xarm_ros2/xarm_api -DCMAKE_INSTALL_PREFIX=/home/melissa/Documentos/Robots_Mobiles/Mobile-Robots-2026-1/install/xarm_api
[11.861s] Invoking command in '/home/melissa/Documentos/Robots_Mobiles/Mobile-Robots-2026-1/build/xarm_api': AMENT_PREFIX_PATH=/home/melissa/Documentos/Robots_Mobiles/Mobile-Robots-2026-1/install/xarm_sdk:/home/melissa/Documentos/Robots_Mobiles/Mobile-Robots-2026-1/install/xarm_msgs:/home/melissa/Documentos/Robots_Mobiles/Mobile-Robots-2026-1/install/xarm_description:${AMENT_PREFIX_PATH} CMAKE_PREFIX_PATH=/home/melissa/Documentos/Robots_Mobiles/Mobile-Robots-2026-1/install/xarm_sdk:/home/melissa/Documentos/Robots_Mobiles/Mobile-Robots-2026-1/install/xarm_msgs:/home/melissa/Documentos/Robots_Mobiles/Mobile-Robots-2026-1/install/xarm_description:/opt/ros/jazzy/opt/gz_sim_vendor:/opt/ros/jazzy/opt/gz_sensors_vendor:/opt/ros/jazzy/opt/gz_physics_vendor:/opt/ros/jazzy/opt/sdformat_vendor:/opt/ros/jazzy/opt/gz_gui_vendor:/opt/ros/jazzy/opt/gz_transport_vendor:/opt/ros/jazzy/opt/gz_rendering_vendor:/opt/ros/jazzy/opt/gz_plugin_vendor:/opt/ros/jazzy/opt/gz_fuel_tools_vendor:/opt/ros/jazzy/opt/gz_msgs_vendor:/opt/ros/jazzy/opt/gz_common_vendor:/opt/ros/jazzy/opt/gz_math_vendor:/opt/ros/jazzy/opt/gz_utils_vendor:/opt/ros/jazzy/opt/gz_tools_vendor:/opt/ros/jazzy/opt/gz_ogre_next_vendor:/opt/ros/jazzy/opt/gz_dartsim_vendor:/opt/ros/jazzy/opt/gz_cmake_vendor:/opt/ros/jazzy DEBUGINFOD_URLS=https://debuginfod.ubuntu.com LD_LIBRARY_PATH=/home/melissa/Documentos/Robots_Mobiles/Mobile-Robots-2026-1/install/xarm_sdk/lib:/home/melissa/Documentos/Robots_Mobiles/Mobile-Robots-2026-1/install/xarm_msgs/lib:${LD_LIBRARY_PATH} PYTHONPATH=/home/melissa/Documentos/Robots_Mobiles/Mobile-Robots-2026-1/install/xarm_msgs/lib/python3.12/site-packages:${PYTHONPATH} /usr/bin/cmake --build /home/melissa/Documentos/Robots_Mobiles/Mobile-Robots-2026-1/build/xarm_api -- -j4 -l4
[12.350s] [  7%] [32mBuilding CXX object CMakeFiles/xarm_ros_driver.dir/src/xarm_driver.cpp.o[0m
[12.353s] [ 15%] [32mBuilding CXX object CMakeFiles/xarm_ros_client.dir/src/xarm_ros_client.cpp.o[0m
[12.363s] [ 23%] [32mBuilding CXX object CMakeFiles/xarm_ros_driver.dir/src/xarm_driver_service.cpp.o[0m
[12.388s] [ 30%] [32mBuilding CXX object CMakeFiles/test_robot_states.dir/test/test_robot_states.cpp.o[0m
[172.170s] [ 38%] [32m[1mLinking CXX executable test_robot_states[0m
[177.882s] [ 38%] Built target test_robot_states
[239.372s] [ 46%] [32m[1mLinking CXX shared library libxarm_ros_client.so[0m
[247.115s] [ 46%] Built target xarm_ros_client
[307.919s] [ 53%] [32m[1mLinking CXX shared library libxarm_ros_driver.so[0m
[318.437s] [ 53%] Built target xarm_ros_driver
[318.619s] [ 61%] [32mBuilding CXX object CMakeFiles/test_xarm_ros_client.dir/test/test_xarm_ros_client.cpp.o[0m
[318.657s] [ 69%] [32mBuilding CXX object CMakeFiles/xarm_driver_node.dir/src/xarm_driver_node.cpp.o[0m
[318.660s] [ 76%] [32mBuilding CXX object CMakeFiles/test_xarm_velo_move.dir/test/test_xarm_velo_move.cpp.o[0m
[374.499s] [ 84%] [32m[1mLinking CXX executable test_xarm_ros_client[0m
[377.022s] [ 92%] [32m[1mLinking CXX executable test_xarm_velo_move[0m
[380.413s] [ 92%] Built target test_xarm_ros_client
[382.299s] [ 92%] Built target test_xarm_velo_move
[382.732s] [100%] [32m[1mLinking CXX executable xarm_driver_node[0m
[388.565s] [100%] Built target xarm_driver_node
[388.637s] Invoked command in '/home/melissa/Documentos/Robots_Mobiles/Mobile-Robots-2026-1/build/xarm_api' returned '0': AMENT_PREFIX_PATH=/home/melissa/Documentos/Robots_Mobiles/Mobile-Robots-2026-1/install/xarm_sdk:/home/melissa/Documentos/Robots_Mobiles/Mobile-Robots-2026-1/install/xarm_msgs:/home/melissa/Documentos/Robots_Mobiles/Mobile-Robots-2026-1/install/xarm_description:${AMENT_PREFIX_PATH} CMAKE_PREFIX_PATH=/home/melissa/Documentos/Robots_Mobiles/Mobile-Robots-2026-1/install/xarm_sdk:/home/melissa/Documentos/Robots_Mobiles/Mobile-Robots-2026-1/install/xarm_msgs:/home/melissa/Documentos/Robots_Mobiles/Mobile-Robots-2026-1/install/xarm_description:/opt/ros/jazzy/opt/gz_sim_vendor:/opt/ros/jazzy/opt/gz_sensors_vendor:/opt/ros/jazzy/opt/gz_physics_vendor:/opt/ros/jazzy/opt/sdformat_vendor:/opt/ros/jazzy/opt/gz_gui_vendor:/opt/ros/jazzy/opt/gz_transport_vendor:/opt/ros/jazzy/opt/gz_rendering_vendor:/opt/ros/jazzy/opt/gz_plugin_vendor:/opt/ros/jazzy/opt/gz_fuel_tools_vendor:/opt/ros/jazzy/opt/gz_msgs_vendor:/opt/ros/jazzy/opt/gz_common_vendor:/opt/ros/jazzy/opt/gz_math_vendor:/opt/ros/jazzy/opt/gz_utils_vendor:/opt/ros/jazzy/opt/gz_tools_vendor:/opt/ros/jazzy/opt/gz_ogre_next_vendor:/opt/ros/jazzy/opt/gz_dartsim_vendor:/opt/ros/jazzy/opt/gz_cmake_vendor:/opt/ros/jazzy DEBUGINFOD_URLS=https://debuginfod.ubuntu.com LD_LIBRARY_PATH=/home/melissa/Documentos/Robots_Mobiles/Mobile-Robots-2026-1/install/xarm_sdk/lib:/home/melissa/Documentos/Robots_Mobiles/Mobile-Robots-2026-1/install/xarm_msgs/lib:${LD_LIBRARY_PATH} PYTHONPATH=/home/melissa/Documentos/Robots_Mobiles/Mobile-Robots-2026-1/install/xarm_msgs/lib/python3.12/site-packages:${PYTHONPATH} /usr/bin/cmake --build /home/melissa/Documentos/Robots_Mobiles/Mobile-Robots-2026-1/build/xarm_api -- -j4 -l4
[388.644s] Invoking command in '/home/melissa/Documentos/Robots_Mobiles/Mobile-Robots-2026-1/build/xarm_api': AMENT_PREFIX_PATH=/home/melissa/Documentos/Robots_Mobiles/Mobile-Robots-2026-1/install/xarm_sdk:/home/melissa/Documentos/Robots_Mobiles/Mobile-Robots-2026-1/install/xarm_msgs:/home/melissa/Documentos/Robots_Mobiles/Mobile-Robots-2026-1/install/xarm_description:${AMENT_PREFIX_PATH} CMAKE_PREFIX_PATH=/home/melissa/Documentos/Robots_Mobiles/Mobile-Robots-2026-1/install/xarm_sdk:/home/melissa/Documentos/Robots_Mobiles/Mobile-Robots-2026-1/install/xarm_msgs:/home/melissa/Documentos/Robots_Mobiles/Mobile-Robots-2026-1/install/xarm_description:/opt/ros/jazzy/opt/gz_sim_vendor:/opt/ros/jazzy/opt/gz_sensors_vendor:/opt/ros/jazzy/opt/gz_physics_vendor:/opt/ros/jazzy/opt/sdformat_vendor:/opt/ros/jazzy/opt/gz_gui_vendor:/opt/ros/jazzy/opt/gz_transport_vendor:/opt/ros/jazzy/opt/gz_rendering_vendor:/opt/ros/jazzy/opt/gz_plugin_vendor:/opt/ros/jazzy/opt/gz_fuel_tools_vendor:/opt/ros/jazzy/opt/gz_msgs_vendor:/opt/ros/jazzy/opt/gz_common_vendor:/opt/ros/jazzy/opt/gz_math_vendor:/opt/ros/jazzy/opt/gz_utils_vendor:/opt/ros/jazzy/opt/gz_tools_vendor:/opt/ros/jazzy/opt/gz_ogre_next_vendor:/opt/ros/jazzy/opt/gz_dartsim_vendor:/opt/ros/jazzy/opt/gz_cmake_vendor:/opt/ros/jazzy DEBUGINFOD_URLS=https://debuginfod.ubuntu.com LD_LIBRARY_PATH=/home/melissa/Documentos/Robots_Mobiles/Mobile-Robots-2026-1/install/xarm_sdk/lib:/home/melissa/Documentos/Robots_Mobiles/Mobile-Robots-2026-1/install/xarm_msgs/lib:${LD_LIBRARY_PATH} PYTHONPATH=/home/melissa/Documentos/Robots_Mobiles/Mobile-Robots-2026-1/install/xarm_msgs/lib/python3.12/site-packages:${PYTHONPATH} /usr/bin/cmake --install /home/melissa/Documentos/Robots_Mobiles/Mobile-Robots-2026-1/build/xarm_api
[388.708s] -- Install configuration: ""
[388.709s] -- Installing: /home/melissa/Documentos/Robots_Mobiles/Mobile-Robots-2026-1/install/xarm_api/share/xarm_api/environment/library_path.sh
[388.713s] -- Installing: /home/melissa/Documentos/Robots_Mobiles/Mobile-Robots-2026-1/install/xarm_api/share/xarm_api/environment/library_path.dsv
[388.715s] -- Installing: /home/melissa/Documentos/Robots_Mobiles/Mobile-Robots-2026-1/install/xarm_api/include
[388.715s] -- Installing: /home/melissa/Documentos/Robots_Mobiles/Mobile-Robots-2026-1/install/xarm_api/include/xarm_api
[388.718s] -- Installing: /home/melissa/Documentos/Robots_Mobiles/Mobile-Robots-2026-1/install/xarm_api/include/xarm_api/xarm_ros_client.h
[388.720s] -- Installing: /home/melissa/Documentos/Robots_Mobiles/Mobile-Robots-2026-1/install/xarm_api/include/xarm_api/xarm_msgs.h
[388.720s] -- Installing: /home/melissa/Documentos/Robots_Mobiles/Mobile-Robots-2026-1/install/xarm_api/include/xarm_api/visibility_control.h
[388.723s] -- Installing: /home/melissa/Documentos/Robots_Mobiles/Mobile-Robots-2026-1/install/xarm_api/include/xarm_api/xarm_driver.h
[388.724s] -- Installing: /home/melissa/Documentos/Robots_Mobiles/Mobile-Robots-2026-1/install/xarm_api/lib/libxarm_ros_driver.so
[388.894s] -- Set non-toolchain portion of runtime path of "/home/melissa/Documentos/Robots_Mobiles/Mobile-Robots-2026-1/install/xarm_api/lib/libxarm_ros_driver.so" to ""
[388.895s] -- Installing: /home/melissa/Documentos/Robots_Mobiles/Mobile-Robots-2026-1/install/xarm_api/lib/libxarm_ros_client.so
[388.988s] -- Set non-toolchain portion of runtime path of "/home/melissa/Documentos/Robots_Mobiles/Mobile-Robots-2026-1/install/xarm_api/lib/libxarm_ros_client.so" to ""
[388.991s] -- Installing: /home/melissa/Documentos/Robots_Mobiles/Mobile-Robots-2026-1/install/xarm_api/lib/xarm_api/xarm_driver_node
[388.996s] -- Set non-toolchain portion of runtime path of "/home/melissa/Documentos/Robots_Mobiles/Mobile-Robots-2026-1/install/xarm_api/lib/xarm_api/xarm_driver_node" to ""
[388.998s] -- Installing: /home/melissa/Documentos/Robots_Mobiles/Mobile-Robots-2026-1/install/xarm_api/lib/xarm_api/test_xarm_ros_client
[389.001s] -- Set non-toolchain portion of runtime path of "/home/melissa/Documentos/Robots_Mobiles/Mobile-Robots-2026-1/install/xarm_api/lib/xarm_api/test_xarm_ros_client" to ""
[389.004s] -- Installing: /home/melissa/Documentos/Robots_Mobiles/Mobile-Robots-2026-1/install/xarm_api/lib/xarm_api/test_xarm_velo_move
[389.007s] -- Set non-toolchain portion of runtime path of "/home/melissa/Documentos/Robots_Mobiles/Mobile-Robots-2026-1/install/xarm_api/lib/xarm_api/test_xarm_velo_move" to ""
[389.009s] -- Installing: /home/melissa/Documentos/Robots_Mobiles/Mobile-Robots-2026-1/install/xarm_api/lib/xarm_api/test_robot_states
[389.051s] -- Set non-toolchain portion of runtime path of "/home/melissa/Documentos/Robots_Mobiles/Mobile-Robots-2026-1/install/xarm_api/lib/xarm_api/test_robot_states" to ""
[389.053s] -- Installing: /home/melissa/Documentos/Robots_Mobiles/Mobile-Robots-2026-1/install/xarm_api/share/xarm_api//launch
[389.054s] -- Installing: /home/melissa/Documentos/Robots_Mobiles/Mobile-Robots-2026-1/install/xarm_api/share/xarm_api//launch/xarm5_driver.launch.py
[389.065s] -- Installing: /home/melissa/Documentos/Robots_Mobiles/Mobile-Robots-2026-1/install/xarm_api/share/xarm_api//launch/lite6_driver.launch.py
[389.067s] -- Installing: /home/melissa/Documentos/Robots_Mobiles/Mobile-Robots-2026-1/install/xarm_api/share/xarm_api//launch/lib
[389.069s] -- Installing: /home/melissa/Documentos/Robots_Mobiles/Mobile-Robots-2026-1/install/xarm_api/share/xarm_api//launch/lib/robot_api_lib.py
[389.071s] -- Installing: /home/melissa/Documentos/Robots_Mobiles/Mobile-Robots-2026-1/install/xarm_api/share/xarm_api//launch/xarm6_driver.launch.py
[389.074s] -- Installing: /home/melissa/Documentos/Robots_Mobiles/Mobile-Robots-2026-1/install/xarm_api/share/xarm_api//launch/xarm7_driver.launch.py
[389.077s] -- Installing: /home/melissa/Documentos/Robots_Mobiles/Mobile-Robots-2026-1/install/xarm_api/share/xarm_api//launch/_robot_driver.launch.py
[389.077s] -- Installing: /home/melissa/Documentos/Robots_Mobiles/Mobile-Robots-2026-1/install/xarm_api/share/xarm_api//launch/uf850_driver.launch.py
[389.078s] -- Installing: /home/melissa/Documentos/Robots_Mobiles/Mobile-Robots-2026-1/install/xarm_api/share/xarm_api//config
[389.079s] -- Installing: /home/melissa/Documentos/Robots_Mobiles/Mobile-Robots-2026-1/install/xarm_api/share/xarm_api//config/xarm_params.yaml
[389.081s] -- Installing: /home/melissa/Documentos/Robots_Mobiles/Mobile-Robots-2026-1/install/xarm_api/share/ament_index/resource_index/package_run_dependencies/xarm_api
[389.088s] -- Installing: /home/melissa/Documentos/Robots_Mobiles/Mobile-Robots-2026-1/install/xarm_api/share/ament_index/resource_index/parent_prefix_path/xarm_api
[389.090s] -- Installing: /home/melissa/Documentos/Robots_Mobiles/Mobile-Robots-2026-1/install/xarm_api/share/xarm_api/environment/ament_prefix_path.sh
[389.098s] -- Installing: /home/melissa/Documentos/Robots_Mobiles/Mobile-Robots-2026-1/install/xarm_api/share/xarm_api/environment/ament_prefix_path.dsv
[389.106s] -- Installing: /home/melissa/Documentos/Robots_Mobiles/Mobile-Robots-2026-1/install/xarm_api/share/xarm_api/environment/path.sh
[389.106s] -- Installing: /home/melissa/Documentos/Robots_Mobiles/Mobile-Robots-2026-1/install/xarm_api/share/xarm_api/environment/path.dsv
[389.110s] -- Installing: /home/melissa/Documentos/Robots_Mobiles/Mobile-Robots-2026-1/install/xarm_api/share/xarm_api/local_setup.bash
[389.110s] -- Installing: /home/melissa/Documentos/Robots_Mobiles/Mobile-Robots-2026-1/install/xarm_api/share/xarm_api/local_setup.sh
[389.111s] -- Installing: /home/melissa/Documentos/Robots_Mobiles/Mobile-Robots-2026-1/install/xarm_api/share/xarm_api/local_setup.zsh
[389.113s] -- Installing: /home/melissa/Documentos/Robots_Mobiles/Mobile-Robots-2026-1/install/xarm_api/share/xarm_api/local_setup.dsv
[389.114s] -- Installing: /home/melissa/Documentos/Robots_Mobiles/Mobile-Robots-2026-1/install/xarm_api/share/xarm_api/package.dsv
[389.114s] -- Installing: /home/melissa/Documentos/Robots_Mobiles/Mobile-Robots-2026-1/install/xarm_api/share/ament_index/resource_index/packages/xarm_api
[389.123s] -- Installing: /home/melissa/Documentos/Robots_Mobiles/Mobile-Robots-2026-1/install/xarm_api/share/xarm_api/cmake/ament_cmake_export_libraries-extras.cmake
[389.124s] -- Installing: /home/melissa/Documentos/Robots_Mobiles/Mobile-Robots-2026-1/install/xarm_api/share/xarm_api/cmake/ament_cmake_export_include_directories-extras.cmake
[389.128s] -- Installing: /home/melissa/Documentos/Robots_Mobiles/Mobile-Robots-2026-1/install/xarm_api/share/xarm_api/cmake/xarm_apiConfig.cmake
[389.128s] -- Installing: /home/melissa/Documentos/Robots_Mobiles/Mobile-Robots-2026-1/install/xarm_api/share/xarm_api/cmake/xarm_apiConfig-version.cmake
[389.129s] -- Installing: /home/melissa/Documentos/Robots_Mobiles/Mobile-Robots-2026-1/install/xarm_api/share/xarm_api/package.xml
[389.133s] Invoked command in '/home/melissa/Documentos/Robots_Mobiles/Mobile-Robots-2026-1/build/xarm_api' returned '0': AMENT_PREFIX_PATH=/home/melissa/Documentos/Robots_Mobiles/Mobile-Robots-2026-1/install/xarm_sdk:/home/melissa/Documentos/Robots_Mobiles/Mobile-Robots-2026-1/install/xarm_msgs:/home/melissa/Documentos/Robots_Mobiles/Mobile-Robots-2026-1/install/xarm_description:${AMENT_PREFIX_PATH} CMAKE_PREFIX_PATH=/home/melissa/Documentos/Robots_Mobiles/Mobile-Robots-2026-1/install/xarm_sdk:/home/melissa/Documentos/Robots_Mobiles/Mobile-Robots-2026-1/install/xarm_msgs:/home/melissa/Documentos/Robots_Mobiles/Mobile-Robots-2026-1/install/xarm_description:/opt/ros/jazzy/opt/gz_sim_vendor:/opt/ros/jazzy/opt/gz_sensors_vendor:/opt/ros/jazzy/opt/gz_physics_vendor:/opt/ros/jazzy/opt/sdformat_vendor:/opt/ros/jazzy/opt/gz_gui_vendor:/opt/ros/jazzy/opt/gz_transport_vendor:/opt/ros/jazzy/opt/gz_rendering_vendor:/opt/ros/jazzy/opt/gz_plugin_vendor:/opt/ros/jazzy/opt/gz_fuel_tools_vendor:/opt/ros/jazzy/opt/gz_msgs_vendor:/opt/ros/jazzy/opt/gz_common_vendor:/opt/ros/jazzy/opt/gz_math_vendor:/opt/ros/jazzy/opt/gz_utils_vendor:/opt/ros/jazzy/opt/gz_tools_vendor:/opt/ros/jazzy/opt/gz_ogre_next_vendor:/opt/ros/jazzy/opt/gz_dartsim_vendor:/opt/ros/jazzy/opt/gz_cmake_vendor:/opt/ros/jazzy DEBUGINFOD_URLS=https://debuginfod.ubuntu.com LD_LIBRARY_PATH=/home/melissa/Documentos/Robots_Mobiles/Mobile-Robots-2026-1/install/xarm_sdk/lib:/home/melissa/Documentos/Robots_Mobiles/Mobile-Robots-2026-1/install/xarm_msgs/lib:${LD_LIBRARY_PATH} PYTHONPATH=/home/melissa/Documentos/Robots_Mobiles/Mobile-Robots-2026-1/install/xarm_msgs/lib/python3.12/site-packages:${PYTHONPATH} /usr/bin/cmake --install /home/melissa/Documentos/Robots_Mobiles/Mobile-Robots-2026-1/build/xarm_api
