[2.575s] Invoking command in '/home/quarcks/Mobile-Robots-2026-1/ros2_ws/src/navigation/simple_move': DEBUGINFOD_URLS=https://debuginfod.ubuntu.com PYTHONPATH=/home/quarcks/Mobile-Robots-2026-1/build/simple_move/prefix_override:/usr/lib/python3/dist-packages/colcon_core/task/python/colcon_distutils_commands:/home/quarcks/Mobile-Robots-2026-1/install/simple_move/lib/python3.12/site-packages:${PYTHONPATH} /usr/bin/python3 -W ignore:setup.py install is deprecated -W ignore:easy_install command is deprecated setup.py egg_info --egg-base ../../../../build/simple_move build --build-base /home/quarcks/Mobile-Robots-2026-1/build/simple_move/build install --record /home/quarcks/Mobile-Robots-2026-1/build/simple_move/install.log --single-version-externally-managed install_data
[2.940s] running egg_info
[2.968s] writing ../../../../build/simple_move/simple_move.egg-info/PKG-INFO
[2.968s] writing dependency_links to ../../../../build/simple_move/simple_move.egg-info/dependency_links.txt
[2.968s] writing entry points to ../../../../build/simple_move/simple_move.egg-info/entry_points.txt
[2.968s] writing requirements to ../../../../build/simple_move/simple_move.egg-info/requires.txt
[2.969s] writing top-level names to ../../../../build/simple_move/simple_move.egg-info/top_level.txt
[3.024s] reading manifest file '../../../../build/simple_move/simple_move.egg-info/SOURCES.txt'
[3.024s] adding license file 'LICENSE'
[3.025s] writing manifest file '../../../../build/simple_move/simple_move.egg-info/SOURCES.txt'
[3.025s] running build
[3.025s] running build_py
[3.025s] running install
[3.033s] running install_lib
[3.061s] running install_data
[3.061s] running install_egg_info
[3.091s] removing '/home/quarcks/Mobile-Robots-2026-1/install/simple_move/lib/python3.12/site-packages/simple_move-0.0.0-py3.12.egg-info' (and everything under it)
[3.091s] Copying ../../../../build/simple_move/simple_move.egg-info to /home/quarcks/Mobile-Robots-2026-1/install/simple_move/lib/python3.12/site-packages/simple_move-0.0.0-py3.12.egg-info
[3.091s] running install_scripts
[3.282s] Installing path_follower script to /home/quarcks/Mobile-Robots-2026-1/install/simple_move/lib/simple_move
[3.282s] Installing ros_basics script to /home/quarcks/Mobile-Robots-2026-1/install/simple_move/lib/simple_move
[3.282s] writing list of installed files to '/home/quarcks/Mobile-Robots-2026-1/build/simple_move/install.log'
[3.319s] Invoked command in '/home/quarcks/Mobile-Robots-2026-1/ros2_ws/src/navigation/simple_move' returned '0': DEBUGINFOD_URLS=https://debuginfod.ubuntu.com PYTHONPATH=/home/quarcks/Mobile-Robots-2026-1/build/simple_move/prefix_override:/usr/lib/python3/dist-packages/colcon_core/task/python/colcon_distutils_commands:/home/quarcks/Mobile-Robots-2026-1/install/simple_move/lib/python3.12/site-packages:${PYTHONPATH} /usr/bin/python3 -W ignore:setup.py install is deprecated -W ignore:easy_install command is deprecated setup.py egg_info --egg-base ../../../../build/simple_move build --build-base /home/quarcks/Mobile-Robots-2026-1/build/simple_move/build install --record /home/quarcks/Mobile-Robots-2026-1/build/simple_move/install.log --single-version-externally-managed install_data
