[3.446s] Invoking command in '/home/catcyber02/Mobile-Robots-2026-1/ros2_ws/src/navigation/path_planner': DEBUGINFOD_URLS=https://debuginfod.ubuntu.com PYTHONPATH=/home/catcyber02/Mobile-Robots-2026-1/build/path_planner/prefix_override:/usr/lib/python3/dist-packages/colcon_core/task/python/colcon_distutils_commands:/home/catcyber02/Mobile-Robots-2026-1/install/path_planner/lib/python3.12/site-packages:${PYTHONPATH} /usr/bin/python3 -W ignore:setup.py install is deprecated -W ignore:easy_install command is deprecated setup.py egg_info --egg-base ../../../../build/path_planner build --build-base /home/catcyber02/Mobile-Robots-2026-1/build/path_planner/build install --record /home/catcyber02/Mobile-Robots-2026-1/build/path_planner/install.log --single-version-externally-managed install_data
[4.033s] running egg_info
[4.076s] writing ../../../../build/path_planner/path_planner.egg-info/PKG-INFO
[4.077s] writing dependency_links to ../../../../build/path_planner/path_planner.egg-info/dependency_links.txt
[4.078s] writing entry points to ../../../../build/path_planner/path_planner.egg-info/entry_points.txt
[4.078s] writing requirements to ../../../../build/path_planner/path_planner.egg-info/requires.txt
[4.079s] writing top-level names to ../../../../build/path_planner/path_planner.egg-info/top_level.txt
[4.163s] reading manifest file '../../../../build/path_planner/path_planner.egg-info/SOURCES.txt'
[4.164s] adding license file 'LICENSE'
[4.165s] writing manifest file '../../../../build/path_planner/path_planner.egg-info/SOURCES.txt'
[4.166s] running build
[4.166s] running build_py
[4.167s] running install
[4.179s] running install_lib
[4.223s] running install_data
[4.223s] running install_egg_info
[4.269s] removing '/home/catcyber02/Mobile-Robots-2026-1/install/path_planner/lib/python3.12/site-packages/path_planner-0.0.0-py3.12.egg-info' (and everything under it)
[4.269s] Copying ../../../../build/path_planner/path_planner.egg-info to /home/catcyber02/Mobile-Robots-2026-1/install/path_planner/lib/python3.12/site-packages/path_planner-0.0.0-py3.12.egg-info
[4.272s] running install_scripts
[4.563s] Installing a_start script to /home/catcyber02/Mobile-Robots-2026-1/install/path_planner/lib/path_planner
[4.564s] Installing a_start_solved script to /home/catcyber02/Mobile-Robots-2026-1/install/path_planner/lib/path_planner
[4.564s] Installing cost_map script to /home/catcyber02/Mobile-Robots-2026-1/install/path_planner/lib/path_planner
[4.564s] Installing cost_map_solved script to /home/catcyber02/Mobile-Robots-2026-1/install/path_planner/lib/path_planner
[4.564s] Installing rrt script to /home/catcyber02/Mobile-Robots-2026-1/install/path_planner/lib/path_planner
[4.565s] Installing rrt_solved script to /home/catcyber02/Mobile-Robots-2026-1/install/path_planner/lib/path_planner
[4.565s] writing list of installed files to '/home/catcyber02/Mobile-Robots-2026-1/build/path_planner/install.log'
[4.677s] Invoked command in '/home/catcyber02/Mobile-Robots-2026-1/ros2_ws/src/navigation/path_planner' returned '0': DEBUGINFOD_URLS=https://debuginfod.ubuntu.com PYTHONPATH=/home/catcyber02/Mobile-Robots-2026-1/build/path_planner/prefix_override:/usr/lib/python3/dist-packages/colcon_core/task/python/colcon_distutils_commands:/home/catcyber02/Mobile-Robots-2026-1/install/path_planner/lib/python3.12/site-packages:${PYTHONPATH} /usr/bin/python3 -W ignore:setup.py install is deprecated -W ignore:easy_install command is deprecated setup.py egg_info --egg-base ../../../../build/path_planner build --build-base /home/catcyber02/Mobile-Robots-2026-1/build/path_planner/build install --record /home/catcyber02/Mobile-Robots-2026-1/build/path_planner/install.log --single-version-externally-managed install_data
