[0.014s] Invoking command in '/home/quarcks/Mobile-Robots-2026-1/build/xarm_api': AMENT_PREFIX_PATH=/home/quarcks/Mobile-Robots-2026-1/install/xarm_sdk:/home/quarcks/Mobile-Robots-2026-1/install/xarm_msgs:/home/quarcks/Mobile-Robots-2026-1/install/xarm_description:${AMENT_PREFIX_PATH} CMAKE_PREFIX_PATH=/home/quarcks/Mobile-Robots-2026-1/install/xarm_sdk:/home/quarcks/Mobile-Robots-2026-1/install/xarm_msgs:/home/quarcks/Mobile-Robots-2026-1/install/xarm_description:/home/quarcks/Mobile-Robots-2026-1/ros2_ws/install/xarm_controller:/home/quarcks/Mobile-Robots-2026-1/ros2_ws/install/xarm_api:/home/quarcks/Mobile-Robots-2026-1/ros2_ws/install/xarm_sdk:/home/quarcks/Mobile-Robots-2026-1/ros2_ws/install/xarm_msgs:/home/quarcks/Mobile-Robots-2026-1/ros2_ws/install/xarm_description:/home/quarcks/Mobile-Robots-2026-1/ros2_ws/install/justina_gui:/home/quarcks/Mobile-Robots-2026-1/ros2_ws/install/justina_description:/home/quarcks/Mobile-Robots-2026-1/ros2_ws/install/gazebo_envs:/home/quarcks/Mobile-Robots-2026-1/ros2_ws/install/config_files:/opt/ros/jazzy/opt/gz_sim_vendor:/opt/ros/jazzy/opt/gz_sensors_vendor:/opt/ros/jazzy/opt/gz_physics_vendor:/opt/ros/jazzy/opt/sdformat_vendor:/opt/ros/jazzy/opt/gz_gui_vendor:/opt/ros/jazzy/opt/gz_transport_vendor:/opt/ros/jazzy/opt/gz_rendering_vendor:/opt/ros/jazzy/opt/gz_plugin_vendor:/opt/ros/jazzy/opt/gz_fuel_tools_vendor:/opt/ros/jazzy/opt/gz_msgs_vendor:/opt/ros/jazzy/opt/gz_common_vendor:/opt/ros/jazzy/opt/gz_math_vendor:/opt/ros/jazzy/opt/gz_utils_vendor:/opt/ros/jazzy/opt/gz_tools_vendor:/opt/ros/jazzy/opt/gz_ogre_next_vendor:/opt/ros/jazzy/opt/gz_dartsim_vendor:/opt/ros/jazzy/opt/gz_cmake_vendor:/home/quarcks/Mobile-Robots-2026-1/ros2_ws/install/uf_ros_lib:/home/quarcks/Mobile-Robots-2026-1/ros2_ws/install/simple_move:/opt/ros/jazzy DEBUGINFOD_URLS=https://debuginfod.ubuntu.com LD_LIBRARY_PATH=/home/quarcks/Mobile-Robots-2026-1/install/xarm_sdk/lib:/home/quarcks/Mobile-Robots-2026-1/install/xarm_msgs/lib:${LD_LIBRARY_PATH} PYTHONPATH=/home/quarcks/Mobile-Robots-2026-1/install/xarm_msgs/lib/python3.12/site-packages:${PYTHONPATH} /usr/bin/cmake /home/quarcks/Mobile-Robots-2026-1/ros2_ws/src/hardware/xarm_ros2/xarm_api -DCMAKE_INSTALL_PREFIX=/home/quarcks/Mobile-Robots-2026-1/install/xarm_api
[0.062s] -- The C compiler identification is GNU 13.3.0
[0.118s] -- The CXX compiler identification is GNU 13.3.0
[0.136s] -- Detecting C compiler ABI info
[0.249s] -- Detecting C compiler ABI info - done
[0.257s] -- Check for working C compiler: /usr/bin/cc - skipped
[0.257s] -- Detecting C compile features
[0.258s] -- Detecting C compile features - done
[0.267s] -- Detecting CXX compiler ABI info
[0.381s] -- Detecting CXX compiler ABI info - done
[0.388s] -- Check for working CXX compiler: /usr/bin/c++ - skipped
[0.388s] -- Detecting CXX compile features
[0.388s] -- Detecting CXX compile features - done
[0.391s] -- Found ament_cmake: 2.5.4 (/opt/ros/jazzy/share/ament_cmake/cmake)
[0.564s] -- Found Python3: /usr/bin/python3 (found version "3.12.3") found components: Interpreter 
[0.660s] -- Found ament_lint_auto: 0.17.3 (/opt/ros/jazzy/share/ament_lint_auto/cmake)
[0.759s] -- Found rclcpp: 28.1.11 (/opt/ros/jazzy/share/rclcpp/cmake)
[0.801s] -- Found rosidl_generator_c: 4.6.6 (/opt/ros/jazzy/share/rosidl_generator_c/cmake)
[0.814s] -- Found rosidl_generator_cpp: 4.6.6 (/opt/ros/jazzy/share/rosidl_generator_cpp/cmake)
[0.829s] -- Using all available rosidl_typesupport_c: rosidl_typesupport_fastrtps_c;rosidl_typesupport_introspection_c
[0.846s] -- Using all available rosidl_typesupport_cpp: rosidl_typesupport_fastrtps_cpp;rosidl_typesupport_introspection_cpp
[0.915s] -- Found rmw_implementation_cmake: 7.3.2 (/opt/ros/jazzy/share/rmw_implementation_cmake/cmake)
[0.919s] -- Found rmw_fastrtps_cpp: 8.4.3 (/opt/ros/jazzy/share/rmw_fastrtps_cpp/cmake)
[1.009s] -- Found OpenSSL: /usr/lib/x86_64-linux-gnu/libcrypto.so (found version "3.0.13")  
[1.029s] -- Found FastRTPS: /opt/ros/jazzy/include (Required is at least version "2.13") 
[1.060s] -- Using RMW implementation 'rmw_fastrtps_cpp' as default
[1.128s] -- Found rclcpp_action: 28.1.11 (/opt/ros/jazzy/share/rclcpp_action/cmake)
[1.165s] -- Found std_msgs: 5.3.6 (/opt/ros/jazzy/share/std_msgs/cmake)
[1.177s] -- Found sensor_msgs: 5.3.6 (/opt/ros/jazzy/share/sensor_msgs/cmake)
[1.212s] -- Found control_msgs: 5.5.0 (/opt/ros/jazzy/share/control_msgs/cmake)
[1.260s] -- Found xarm_msgs: 0.0.0 (/home/quarcks/Mobile-Robots-2026-1/install/xarm_msgs/share/xarm_msgs/cmake)
[1.310s] -- Found xarm_sdk: 0.0.0 (/home/quarcks/Mobile-Robots-2026-1/install/xarm_sdk/share/xarm_sdk/cmake)
[1.331s] -- Added test 'copyright' to check source files copyright and LICENSE
[1.332s] -- Added test 'cppcheck' to perform static code analysis on C / C++ code
[1.332s] -- Configured cppcheck include dirs: /home/quarcks/Mobile-Robots-2026-1/ros2_ws/src/hardware/xarm_ros2/xarm_api/include
[1.332s] -- Configured cppcheck exclude dirs and/or files: 
[1.334s] -- Added test 'cpplint' to check C / C++ code against the Google style
[1.334s] -- Configured cpplint exclude dirs and/or files: 
[1.334s] -- Added test 'flake8' to check Python code syntax and style conventions
[1.334s] -- Configured 'flake8' exclude dirs and/or files: 
[1.335s] -- Added test 'lint_cmake' to check CMake code style
[1.336s] -- Added test 'pep257' to check Python code against some of the docstring style conventions in PEP 257
[1.337s] -- Added test 'uncrustify' to check C / C++ code style
[1.337s] -- Configured uncrustify additional arguments: 
[1.337s] -- Added test 'xmllint' to check XML markup files
[1.339s] -- Configuring done (1.3s)
[1.367s] -- Generating done (0.0s)
[1.376s] -- Build files have been written to: /home/quarcks/Mobile-Robots-2026-1/build/xarm_api
[1.386s] Invoked command in '/home/quarcks/Mobile-Robots-2026-1/build/xarm_api' returned '0': AMENT_PREFIX_PATH=/home/quarcks/Mobile-Robots-2026-1/install/xarm_sdk:/home/quarcks/Mobile-Robots-2026-1/install/xarm_msgs:/home/quarcks/Mobile-Robots-2026-1/install/xarm_description:${AMENT_PREFIX_PATH} CMAKE_PREFIX_PATH=/home/quarcks/Mobile-Robots-2026-1/install/xarm_sdk:/home/quarcks/Mobile-Robots-2026-1/install/xarm_msgs:/home/quarcks/Mobile-Robots-2026-1/install/xarm_description:/home/quarcks/Mobile-Robots-2026-1/ros2_ws/install/xarm_controller:/home/quarcks/Mobile-Robots-2026-1/ros2_ws/install/xarm_api:/home/quarcks/Mobile-Robots-2026-1/ros2_ws/install/xarm_sdk:/home/quarcks/Mobile-Robots-2026-1/ros2_ws/install/xarm_msgs:/home/quarcks/Mobile-Robots-2026-1/ros2_ws/install/xarm_description:/home/quarcks/Mobile-Robots-2026-1/ros2_ws/install/justina_gui:/home/quarcks/Mobile-Robots-2026-1/ros2_ws/install/justina_description:/home/quarcks/Mobile-Robots-2026-1/ros2_ws/install/gazebo_envs:/home/quarcks/Mobile-Robots-2026-1/ros2_ws/install/config_files:/opt/ros/jazzy/opt/gz_sim_vendor:/opt/ros/jazzy/opt/gz_sensors_vendor:/opt/ros/jazzy/opt/gz_physics_vendor:/opt/ros/jazzy/opt/sdformat_vendor:/opt/ros/jazzy/opt/gz_gui_vendor:/opt/ros/jazzy/opt/gz_transport_vendor:/opt/ros/jazzy/opt/gz_rendering_vendor:/opt/ros/jazzy/opt/gz_plugin_vendor:/opt/ros/jazzy/opt/gz_fuel_tools_vendor:/opt/ros/jazzy/opt/gz_msgs_vendor:/opt/ros/jazzy/opt/gz_common_vendor:/opt/ros/jazzy/opt/gz_math_vendor:/opt/ros/jazzy/opt/gz_utils_vendor:/opt/ros/jazzy/opt/gz_tools_vendor:/opt/ros/jazzy/opt/gz_ogre_next_vendor:/opt/ros/jazzy/opt/gz_dartsim_vendor:/opt/ros/jazzy/opt/gz_cmake_vendor:/home/quarcks/Mobile-Robots-2026-1/ros2_ws/install/uf_ros_lib:/home/quarcks/Mobile-Robots-2026-1/ros2_ws/install/simple_move:/opt/ros/jazzy DEBUGINFOD_URLS=https://debuginfod.ubuntu.com LD_LIBRARY_PATH=/home/quarcks/Mobile-Robots-2026-1/install/xarm_sdk/lib:/home/quarcks/Mobile-Robots-2026-1/install/xarm_msgs/lib:${LD_LIBRARY_PATH} PYTHONPATH=/home/quarcks/Mobile-Robots-2026-1/install/xarm_msgs/lib/python3.12/site-packages:${PYTHONPATH} /usr/bin/cmake /home/quarcks/Mobile-Robots-2026-1/ros2_ws/src/hardware/xarm_ros2/xarm_api -DCMAKE_INSTALL_PREFIX=/home/quarcks/Mobile-Robots-2026-1/install/xarm_api
[1.386s] Invoking command in '/home/quarcks/Mobile-Robots-2026-1/build/xarm_api': AMENT_PREFIX_PATH=/home/quarcks/Mobile-Robots-2026-1/install/xarm_sdk:/home/quarcks/Mobile-Robots-2026-1/install/xarm_msgs:/home/quarcks/Mobile-Robots-2026-1/install/xarm_description:${AMENT_PREFIX_PATH} CMAKE_PREFIX_PATH=/home/quarcks/Mobile-Robots-2026-1/install/xarm_sdk:/home/quarcks/Mobile-Robots-2026-1/install/xarm_msgs:/home/quarcks/Mobile-Robots-2026-1/install/xarm_description:/home/quarcks/Mobile-Robots-2026-1/ros2_ws/install/xarm_controller:/home/quarcks/Mobile-Robots-2026-1/ros2_ws/install/xarm_api:/home/quarcks/Mobile-Robots-2026-1/ros2_ws/install/xarm_sdk:/home/quarcks/Mobile-Robots-2026-1/ros2_ws/install/xarm_msgs:/home/quarcks/Mobile-Robots-2026-1/ros2_ws/install/xarm_description:/home/quarcks/Mobile-Robots-2026-1/ros2_ws/install/justina_gui:/home/quarcks/Mobile-Robots-2026-1/ros2_ws/install/justina_description:/home/quarcks/Mobile-Robots-2026-1/ros2_ws/install/gazebo_envs:/home/quarcks/Mobile-Robots-2026-1/ros2_ws/install/config_files:/opt/ros/jazzy/opt/gz_sim_vendor:/opt/ros/jazzy/opt/gz_sensors_vendor:/opt/ros/jazzy/opt/gz_physics_vendor:/opt/ros/jazzy/opt/sdformat_vendor:/opt/ros/jazzy/opt/gz_gui_vendor:/opt/ros/jazzy/opt/gz_transport_vendor:/opt/ros/jazzy/opt/gz_rendering_vendor:/opt/ros/jazzy/opt/gz_plugin_vendor:/opt/ros/jazzy/opt/gz_fuel_tools_vendor:/opt/ros/jazzy/opt/gz_msgs_vendor:/opt/ros/jazzy/opt/gz_common_vendor:/opt/ros/jazzy/opt/gz_math_vendor:/opt/ros/jazzy/opt/gz_utils_vendor:/opt/ros/jazzy/opt/gz_tools_vendor:/opt/ros/jazzy/opt/gz_ogre_next_vendor:/opt/ros/jazzy/opt/gz_dartsim_vendor:/opt/ros/jazzy/opt/gz_cmake_vendor:/home/quarcks/Mobile-Robots-2026-1/ros2_ws/install/uf_ros_lib:/home/quarcks/Mobile-Robots-2026-1/ros2_ws/install/simple_move:/opt/ros/jazzy DEBUGINFOD_URLS=https://debuginfod.ubuntu.com LD_LIBRARY_PATH=/home/quarcks/Mobile-Robots-2026-1/install/xarm_sdk/lib:/home/quarcks/Mobile-Robots-2026-1/install/xarm_msgs/lib:${LD_LIBRARY_PATH} PYTHONPATH=/home/quarcks/Mobile-Robots-2026-1/install/xarm_msgs/lib/python3.12/site-packages:${PYTHONPATH} /usr/bin/cmake --build /home/quarcks/Mobile-Robots-2026-1/build/xarm_api -- -j12 -l12
[1.443s] [  7%] [32mBuilding CXX object CMakeFiles/xarm_ros_driver.dir/src/xarm_driver_service.cpp.o[0m
[1.444s] [ 15%] [32mBuilding CXX object CMakeFiles/test_robot_states.dir/test/test_robot_states.cpp.o[0m
[1.446s] [ 23%] [32mBuilding CXX object CMakeFiles/xarm_ros_driver.dir/src/xarm_driver.cpp.o[0m
[1.446s] [ 30%] [32mBuilding CXX object CMakeFiles/xarm_ros_client.dir/src/xarm_ros_client.cpp.o[0m
[13.375s] [ 38%] [32m[1mLinking CXX executable test_robot_states[0m
[14.145s] [ 38%] Built target test_robot_states
[24.399s] [ 46%] [32m[1mLinking CXX shared library libxarm_ros_client.so[0m
[25.259s] [ 46%] Built target xarm_ros_client
[25.286s] [ 61%] [32mBuilding CXX object CMakeFiles/test_xarm_ros_client.dir/test/test_xarm_ros_client.cpp.o[0m
[25.286s] [ 61%] [32mBuilding CXX object CMakeFiles/test_xarm_velo_move.dir/test/test_xarm_velo_move.cpp.o[0m
[29.537s] [ 69%] [32m[1mLinking CXX executable test_xarm_velo_move[0m
[30.066s] [ 69%] Built target test_xarm_velo_move
[31.432s] [ 76%] [32m[1mLinking CXX executable test_xarm_ros_client[0m
[31.904s] [ 76%] Built target test_xarm_ros_client
[33.597s] [ 84%] [32m[1mLinking CXX shared library libxarm_ros_driver.so[0m
[35.248s] [ 84%] Built target xarm_ros_driver
[35.268s] [ 92%] [32mBuilding CXX object CMakeFiles/xarm_driver_node.dir/src/xarm_driver_node.cpp.o[0m
[39.268s] [100%] [32m[1mLinking CXX executable xarm_driver_node[0m
[40.108s] [100%] Built target xarm_driver_node
[40.123s] Invoked command in '/home/quarcks/Mobile-Robots-2026-1/build/xarm_api' returned '0': AMENT_PREFIX_PATH=/home/quarcks/Mobile-Robots-2026-1/install/xarm_sdk:/home/quarcks/Mobile-Robots-2026-1/install/xarm_msgs:/home/quarcks/Mobile-Robots-2026-1/install/xarm_description:${AMENT_PREFIX_PATH} CMAKE_PREFIX_PATH=/home/quarcks/Mobile-Robots-2026-1/install/xarm_sdk:/home/quarcks/Mobile-Robots-2026-1/install/xarm_msgs:/home/quarcks/Mobile-Robots-2026-1/install/xarm_description:/home/quarcks/Mobile-Robots-2026-1/ros2_ws/install/xarm_controller:/home/quarcks/Mobile-Robots-2026-1/ros2_ws/install/xarm_api:/home/quarcks/Mobile-Robots-2026-1/ros2_ws/install/xarm_sdk:/home/quarcks/Mobile-Robots-2026-1/ros2_ws/install/xarm_msgs:/home/quarcks/Mobile-Robots-2026-1/ros2_ws/install/xarm_description:/home/quarcks/Mobile-Robots-2026-1/ros2_ws/install/justina_gui:/home/quarcks/Mobile-Robots-2026-1/ros2_ws/install/justina_description:/home/quarcks/Mobile-Robots-2026-1/ros2_ws/install/gazebo_envs:/home/quarcks/Mobile-Robots-2026-1/ros2_ws/install/config_files:/opt/ros/jazzy/opt/gz_sim_vendor:/opt/ros/jazzy/opt/gz_sensors_vendor:/opt/ros/jazzy/opt/gz_physics_vendor:/opt/ros/jazzy/opt/sdformat_vendor:/opt/ros/jazzy/opt/gz_gui_vendor:/opt/ros/jazzy/opt/gz_transport_vendor:/opt/ros/jazzy/opt/gz_rendering_vendor:/opt/ros/jazzy/opt/gz_plugin_vendor:/opt/ros/jazzy/opt/gz_fuel_tools_vendor:/opt/ros/jazzy/opt/gz_msgs_vendor:/opt/ros/jazzy/opt/gz_common_vendor:/opt/ros/jazzy/opt/gz_math_vendor:/opt/ros/jazzy/opt/gz_utils_vendor:/opt/ros/jazzy/opt/gz_tools_vendor:/opt/ros/jazzy/opt/gz_ogre_next_vendor:/opt/ros/jazzy/opt/gz_dartsim_vendor:/opt/ros/jazzy/opt/gz_cmake_vendor:/home/quarcks/Mobile-Robots-2026-1/ros2_ws/install/uf_ros_lib:/home/quarcks/Mobile-Robots-2026-1/ros2_ws/install/simple_move:/opt/ros/jazzy DEBUGINFOD_URLS=https://debuginfod.ubuntu.com LD_LIBRARY_PATH=/home/quarcks/Mobile-Robots-2026-1/install/xarm_sdk/lib:/home/quarcks/Mobile-Robots-2026-1/install/xarm_msgs/lib:${LD_LIBRARY_PATH} PYTHONPATH=/home/quarcks/Mobile-Robots-2026-1/install/xarm_msgs/lib/python3.12/site-packages:${PYTHONPATH} /usr/bin/cmake --build /home/quarcks/Mobile-Robots-2026-1/build/xarm_api -- -j12 -l12
[40.125s] Invoking command in '/home/quarcks/Mobile-Robots-2026-1/build/xarm_api': AMENT_PREFIX_PATH=/home/quarcks/Mobile-Robots-2026-1/install/xarm_sdk:/home/quarcks/Mobile-Robots-2026-1/install/xarm_msgs:/home/quarcks/Mobile-Robots-2026-1/install/xarm_description:${AMENT_PREFIX_PATH} CMAKE_PREFIX_PATH=/home/quarcks/Mobile-Robots-2026-1/install/xarm_sdk:/home/quarcks/Mobile-Robots-2026-1/install/xarm_msgs:/home/quarcks/Mobile-Robots-2026-1/install/xarm_description:/home/quarcks/Mobile-Robots-2026-1/ros2_ws/install/xarm_controller:/home/quarcks/Mobile-Robots-2026-1/ros2_ws/install/xarm_api:/home/quarcks/Mobile-Robots-2026-1/ros2_ws/install/xarm_sdk:/home/quarcks/Mobile-Robots-2026-1/ros2_ws/install/xarm_msgs:/home/quarcks/Mobile-Robots-2026-1/ros2_ws/install/xarm_description:/home/quarcks/Mobile-Robots-2026-1/ros2_ws/install/justina_gui:/home/quarcks/Mobile-Robots-2026-1/ros2_ws/install/justina_description:/home/quarcks/Mobile-Robots-2026-1/ros2_ws/install/gazebo_envs:/home/quarcks/Mobile-Robots-2026-1/ros2_ws/install/config_files:/opt/ros/jazzy/opt/gz_sim_vendor:/opt/ros/jazzy/opt/gz_sensors_vendor:/opt/ros/jazzy/opt/gz_physics_vendor:/opt/ros/jazzy/opt/sdformat_vendor:/opt/ros/jazzy/opt/gz_gui_vendor:/opt/ros/jazzy/opt/gz_transport_vendor:/opt/ros/jazzy/opt/gz_rendering_vendor:/opt/ros/jazzy/opt/gz_plugin_vendor:/opt/ros/jazzy/opt/gz_fuel_tools_vendor:/opt/ros/jazzy/opt/gz_msgs_vendor:/opt/ros/jazzy/opt/gz_common_vendor:/opt/ros/jazzy/opt/gz_math_vendor:/opt/ros/jazzy/opt/gz_utils_vendor:/opt/ros/jazzy/opt/gz_tools_vendor:/opt/ros/jazzy/opt/gz_ogre_next_vendor:/opt/ros/jazzy/opt/gz_dartsim_vendor:/opt/ros/jazzy/opt/gz_cmake_vendor:/home/quarcks/Mobile-Robots-2026-1/ros2_ws/install/uf_ros_lib:/home/quarcks/Mobile-Robots-2026-1/ros2_ws/install/simple_move:/opt/ros/jazzy DEBUGINFOD_URLS=https://debuginfod.ubuntu.com LD_LIBRARY_PATH=/home/quarcks/Mobile-Robots-2026-1/install/xarm_sdk/lib:/home/quarcks/Mobile-Robots-2026-1/install/xarm_msgs/lib:${LD_LIBRARY_PATH} PYTHONPATH=/home/quarcks/Mobile-Robots-2026-1/install/xarm_msgs/lib/python3.12/site-packages:${PYTHONPATH} /usr/bin/cmake --install /home/quarcks/Mobile-Robots-2026-1/build/xarm_api
[40.138s] -- Install configuration: ""
[40.138s] -- Installing: /home/quarcks/Mobile-Robots-2026-1/install/xarm_api/share/xarm_api/environment/library_path.sh
[40.138s] -- Installing: /home/quarcks/Mobile-Robots-2026-1/install/xarm_api/share/xarm_api/environment/library_path.dsv
[40.139s] -- Installing: /home/quarcks/Mobile-Robots-2026-1/install/xarm_api/include
[40.139s] -- Installing: /home/quarcks/Mobile-Robots-2026-1/install/xarm_api/include/xarm_api
[40.139s] -- Installing: /home/quarcks/Mobile-Robots-2026-1/install/xarm_api/include/xarm_api/xarm_msgs.h
[40.139s] -- Installing: /home/quarcks/Mobile-Robots-2026-1/install/xarm_api/include/xarm_api/xarm_driver.h
[40.139s] -- Installing: /home/quarcks/Mobile-Robots-2026-1/install/xarm_api/include/xarm_api/xarm_ros_client.h
[40.139s] -- Installing: /home/quarcks/Mobile-Robots-2026-1/install/xarm_api/include/xarm_api/visibility_control.h
[40.139s] -- Installing: /home/quarcks/Mobile-Robots-2026-1/install/xarm_api/lib/libxarm_ros_driver.so
[40.156s] -- Set non-toolchain portion of runtime path of "/home/quarcks/Mobile-Robots-2026-1/install/xarm_api/lib/libxarm_ros_driver.so" to ""
[40.156s] -- Installing: /home/quarcks/Mobile-Robots-2026-1/install/xarm_api/lib/libxarm_ros_client.so
[40.165s] -- Set non-toolchain portion of runtime path of "/home/quarcks/Mobile-Robots-2026-1/install/xarm_api/lib/libxarm_ros_client.so" to ""
[40.166s] -- Installing: /home/quarcks/Mobile-Robots-2026-1/install/xarm_api/lib/xarm_api/xarm_driver_node
[40.166s] -- Set non-toolchain portion of runtime path of "/home/quarcks/Mobile-Robots-2026-1/install/xarm_api/lib/xarm_api/xarm_driver_node" to ""
[40.166s] -- Installing: /home/quarcks/Mobile-Robots-2026-1/install/xarm_api/lib/xarm_api/test_xarm_ros_client
[40.166s] -- Set non-toolchain portion of runtime path of "/home/quarcks/Mobile-Robots-2026-1/install/xarm_api/lib/xarm_api/test_xarm_ros_client" to ""
[40.166s] -- Installing: /home/quarcks/Mobile-Robots-2026-1/install/xarm_api/lib/xarm_api/test_xarm_velo_move
[40.166s] -- Set non-toolchain portion of runtime path of "/home/quarcks/Mobile-Robots-2026-1/install/xarm_api/lib/xarm_api/test_xarm_velo_move" to ""
[40.166s] -- Installing: /home/quarcks/Mobile-Robots-2026-1/install/xarm_api/lib/xarm_api/test_robot_states
[40.170s] -- Set non-toolchain portion of runtime path of "/home/quarcks/Mobile-Robots-2026-1/install/xarm_api/lib/xarm_api/test_robot_states" to ""
[40.170s] -- Installing: /home/quarcks/Mobile-Robots-2026-1/install/xarm_api/share/xarm_api//launch
[40.170s] -- Installing: /home/quarcks/Mobile-Robots-2026-1/install/xarm_api/share/xarm_api//launch/lite6_driver.launch.py
[40.170s] -- Installing: /home/quarcks/Mobile-Robots-2026-1/install/xarm_api/share/xarm_api//launch/uf850_driver.launch.py
[40.171s] -- Installing: /home/quarcks/Mobile-Robots-2026-1/install/xarm_api/share/xarm_api//launch/_robot_driver.launch.py
[40.171s] -- Installing: /home/quarcks/Mobile-Robots-2026-1/install/xarm_api/share/xarm_api//launch/xarm5_driver.launch.py
[40.171s] -- Installing: /home/quarcks/Mobile-Robots-2026-1/install/xarm_api/share/xarm_api//launch/xarm7_driver.launch.py
[40.171s] -- Installing: /home/quarcks/Mobile-Robots-2026-1/install/xarm_api/share/xarm_api//launch/xarm6_driver.launch.py
[40.171s] -- Installing: /home/quarcks/Mobile-Robots-2026-1/install/xarm_api/share/xarm_api//launch/lib
[40.171s] -- Installing: /home/quarcks/Mobile-Robots-2026-1/install/xarm_api/share/xarm_api//launch/lib/robot_api_lib.py
[40.171s] -- Installing: /home/quarcks/Mobile-Robots-2026-1/install/xarm_api/share/xarm_api//config
[40.172s] -- Installing: /home/quarcks/Mobile-Robots-2026-1/install/xarm_api/share/xarm_api//config/xarm_params.yaml
[40.172s] -- Installing: /home/quarcks/Mobile-Robots-2026-1/install/xarm_api/share/ament_index/resource_index/package_run_dependencies/xarm_api
[40.172s] -- Installing: /home/quarcks/Mobile-Robots-2026-1/install/xarm_api/share/ament_index/resource_index/parent_prefix_path/xarm_api
[40.172s] -- Installing: /home/quarcks/Mobile-Robots-2026-1/install/xarm_api/share/xarm_api/environment/ament_prefix_path.sh
[40.172s] -- Installing: /home/quarcks/Mobile-Robots-2026-1/install/xarm_api/share/xarm_api/environment/ament_prefix_path.dsv
[40.172s] -- Installing: /home/quarcks/Mobile-Robots-2026-1/install/xarm_api/share/xarm_api/environment/path.sh
[40.172s] -- Installing: /home/quarcks/Mobile-Robots-2026-1/install/xarm_api/share/xarm_api/environment/path.dsv
[40.172s] -- Installing: /home/quarcks/Mobile-Robots-2026-1/install/xarm_api/share/xarm_api/local_setup.bash
[40.172s] -- Installing: /home/quarcks/Mobile-Robots-2026-1/install/xarm_api/share/xarm_api/local_setup.sh
[40.172s] -- Installing: /home/quarcks/Mobile-Robots-2026-1/install/xarm_api/share/xarm_api/local_setup.zsh
[40.173s] -- Installing: /home/quarcks/Mobile-Robots-2026-1/install/xarm_api/share/xarm_api/local_setup.dsv
[40.173s] -- Installing: /home/quarcks/Mobile-Robots-2026-1/install/xarm_api/share/xarm_api/package.dsv
[40.173s] -- Installing: /home/quarcks/Mobile-Robots-2026-1/install/xarm_api/share/ament_index/resource_index/packages/xarm_api
[40.173s] -- Installing: /home/quarcks/Mobile-Robots-2026-1/install/xarm_api/share/xarm_api/cmake/ament_cmake_export_libraries-extras.cmake
[40.173s] -- Installing: /home/quarcks/Mobile-Robots-2026-1/install/xarm_api/share/xarm_api/cmake/ament_cmake_export_include_directories-extras.cmake
[40.173s] -- Installing: /home/quarcks/Mobile-Robots-2026-1/install/xarm_api/share/xarm_api/cmake/xarm_apiConfig.cmake
[40.173s] -- Installing: /home/quarcks/Mobile-Robots-2026-1/install/xarm_api/share/xarm_api/cmake/xarm_apiConfig-version.cmake
[40.173s] -- Installing: /home/quarcks/Mobile-Robots-2026-1/install/xarm_api/share/xarm_api/package.xml
[40.174s] Invoked command in '/home/quarcks/Mobile-Robots-2026-1/build/xarm_api' returned '0': AMENT_PREFIX_PATH=/home/quarcks/Mobile-Robots-2026-1/install/xarm_sdk:/home/quarcks/Mobile-Robots-2026-1/install/xarm_msgs:/home/quarcks/Mobile-Robots-2026-1/install/xarm_description:${AMENT_PREFIX_PATH} CMAKE_PREFIX_PATH=/home/quarcks/Mobile-Robots-2026-1/install/xarm_sdk:/home/quarcks/Mobile-Robots-2026-1/install/xarm_msgs:/home/quarcks/Mobile-Robots-2026-1/install/xarm_description:/home/quarcks/Mobile-Robots-2026-1/ros2_ws/install/xarm_controller:/home/quarcks/Mobile-Robots-2026-1/ros2_ws/install/xarm_api:/home/quarcks/Mobile-Robots-2026-1/ros2_ws/install/xarm_sdk:/home/quarcks/Mobile-Robots-2026-1/ros2_ws/install/xarm_msgs:/home/quarcks/Mobile-Robots-2026-1/ros2_ws/install/xarm_description:/home/quarcks/Mobile-Robots-2026-1/ros2_ws/install/justina_gui:/home/quarcks/Mobile-Robots-2026-1/ros2_ws/install/justina_description:/home/quarcks/Mobile-Robots-2026-1/ros2_ws/install/gazebo_envs:/home/quarcks/Mobile-Robots-2026-1/ros2_ws/install/config_files:/opt/ros/jazzy/opt/gz_sim_vendor:/opt/ros/jazzy/opt/gz_sensors_vendor:/opt/ros/jazzy/opt/gz_physics_vendor:/opt/ros/jazzy/opt/sdformat_vendor:/opt/ros/jazzy/opt/gz_gui_vendor:/opt/ros/jazzy/opt/gz_transport_vendor:/opt/ros/jazzy/opt/gz_rendering_vendor:/opt/ros/jazzy/opt/gz_plugin_vendor:/opt/ros/jazzy/opt/gz_fuel_tools_vendor:/opt/ros/jazzy/opt/gz_msgs_vendor:/opt/ros/jazzy/opt/gz_common_vendor:/opt/ros/jazzy/opt/gz_math_vendor:/opt/ros/jazzy/opt/gz_utils_vendor:/opt/ros/jazzy/opt/gz_tools_vendor:/opt/ros/jazzy/opt/gz_ogre_next_vendor:/opt/ros/jazzy/opt/gz_dartsim_vendor:/opt/ros/jazzy/opt/gz_cmake_vendor:/home/quarcks/Mobile-Robots-2026-1/ros2_ws/install/uf_ros_lib:/home/quarcks/Mobile-Robots-2026-1/ros2_ws/install/simple_move:/opt/ros/jazzy DEBUGINFOD_URLS=https://debuginfod.ubuntu.com LD_LIBRARY_PATH=/home/quarcks/Mobile-Robots-2026-1/install/xarm_sdk/lib:/home/quarcks/Mobile-Robots-2026-1/install/xarm_msgs/lib:${LD_LIBRARY_PATH} PYTHONPATH=/home/quarcks/Mobile-Robots-2026-1/install/xarm_msgs/lib/python3.12/site-packages:${PYTHONPATH} /usr/bin/cmake --install /home/quarcks/Mobile-Robots-2026-1/build/xarm_api
