[2.208s] Invoking command in '/home/catcyber02/Mobile-Robots-2026-1/ros2_ws/src/navigation/map_augmenter': DEBUGINFOD_URLS=https://debuginfod.ubuntu.com PYTHONPATH=/home/catcyber02/Mobile-Robots-2026-1/build/map_augmenter/prefix_override:/usr/lib/python3/dist-packages/colcon_core/task/python/colcon_distutils_commands:/home/catcyber02/Mobile-Robots-2026-1/install/map_augmenter/lib/python3.12/site-packages:${PYTHONPATH} /usr/bin/python3 -W ignore:setup.py install is deprecated -W ignore:easy_install command is deprecated setup.py egg_info --egg-base ../../../../build/map_augmenter build --build-base /home/catcyber02/Mobile-Robots-2026-1/build/map_augmenter/build install --record /home/catcyber02/Mobile-Robots-2026-1/build/map_augmenter/install.log --single-version-externally-managed install_data
[2.799s] running egg_info
[2.849s] writing ../../../../build/map_augmenter/map_augmenter.egg-info/PKG-INFO
[2.849s] writing dependency_links to ../../../../build/map_augmenter/map_augmenter.egg-info/dependency_links.txt
[2.849s] writing entry points to ../../../../build/map_augmenter/map_augmenter.egg-info/entry_points.txt
[2.853s] writing requirements to ../../../../build/map_augmenter/map_augmenter.egg-info/requires.txt
[2.853s] writing top-level names to ../../../../build/map_augmenter/map_augmenter.egg-info/top_level.txt
[2.919s] reading manifest file '../../../../build/map_augmenter/map_augmenter.egg-info/SOURCES.txt'
[2.919s] adding license file 'LICENSE'
[2.920s] writing manifest file '../../../../build/map_augmenter/map_augmenter.egg-info/SOURCES.txt'
[2.921s] running build
[2.921s] running build_py
[2.921s] running install
[2.931s] running install_lib
[2.966s] running install_data
[2.967s] running install_egg_info
[3.002s] removing '/home/catcyber02/Mobile-Robots-2026-1/install/map_augmenter/lib/python3.12/site-packages/map_augmenter-0.0.0-py3.12.egg-info' (and everything under it)
[3.003s] Copying ../../../../build/map_augmenter/map_augmenter.egg-info to /home/catcyber02/Mobile-Robots-2026-1/install/map_augmenter/lib/python3.12/site-packages/map_augmenter-0.0.0-py3.12.egg-info
[3.004s] running install_scripts
[3.232s] Installing gvd script to /home/catcyber02/Mobile-Robots-2026-1/install/map_augmenter/lib/map_augmenter
[3.232s] Installing gvd_solved script to /home/catcyber02/Mobile-Robots-2026-1/install/map_augmenter/lib/map_augmenter
[3.232s] Installing map_inflater script to /home/catcyber02/Mobile-Robots-2026-1/install/map_augmenter/lib/map_augmenter
[3.233s] Installing map_inflater_solved script to /home/catcyber02/Mobile-Robots-2026-1/install/map_augmenter/lib/map_augmenter
[3.233s] Installing split_and_merge script to /home/catcyber02/Mobile-Robots-2026-1/install/map_augmenter/lib/map_augmenter
[3.234s] Installing split_and_merge_solved script to /home/catcyber02/Mobile-Robots-2026-1/install/map_augmenter/lib/map_augmenter
[3.234s] writing list of installed files to '/home/catcyber02/Mobile-Robots-2026-1/build/map_augmenter/install.log'
[3.298s] Invoked command in '/home/catcyber02/Mobile-Robots-2026-1/ros2_ws/src/navigation/map_augmenter' returned '0': DEBUGINFOD_URLS=https://debuginfod.ubuntu.com PYTHONPATH=/home/catcyber02/Mobile-Robots-2026-1/build/map_augmenter/prefix_override:/usr/lib/python3/dist-packages/colcon_core/task/python/colcon_distutils_commands:/home/catcyber02/Mobile-Robots-2026-1/install/map_augmenter/lib/python3.12/site-packages:${PYTHONPATH} /usr/bin/python3 -W ignore:setup.py install is deprecated -W ignore:easy_install command is deprecated setup.py egg_info --egg-base ../../../../build/map_augmenter build --build-base /home/catcyber02/Mobile-Robots-2026-1/build/map_augmenter/build install --record /home/catcyber02/Mobile-Robots-2026-1/build/map_augmenter/install.log --single-version-externally-managed install_data
