[4.068s] Invoking command in '/home/catcyber02/Mobile-Robots-2026-1/ros2_ws/src/navigation/simple_move': DEBUGINFOD_URLS=https://debuginfod.ubuntu.com PYTHONPATH=/home/catcyber02/Mobile-Robots-2026-1/build/simple_move/prefix_override:/usr/lib/python3/dist-packages/colcon_core/task/python/colcon_distutils_commands:/home/catcyber02/Mobile-Robots-2026-1/install/simple_move/lib/python3.12/site-packages:${PYTHONPATH} /usr/bin/python3 -W ignore:setup.py install is deprecated -W ignore:easy_install command is deprecated setup.py egg_info --egg-base ../../../../build/simple_move build --build-base /home/catcyber02/Mobile-Robots-2026-1/build/simple_move/build install --record /home/catcyber02/Mobile-Robots-2026-1/build/simple_move/install.log --single-version-externally-managed install_data
[4.798s] running egg_info
[4.854s] writing ../../../../build/simple_move/simple_move.egg-info/PKG-INFO
[4.855s] writing dependency_links to ../../../../build/simple_move/simple_move.egg-info/dependency_links.txt
[4.856s] writing entry points to ../../../../build/simple_move/simple_move.egg-info/entry_points.txt
[4.857s] writing requirements to ../../../../build/simple_move/simple_move.egg-info/requires.txt
[4.857s] writing top-level names to ../../../../build/simple_move/simple_move.egg-info/top_level.txt
[4.992s] reading manifest file '../../../../build/simple_move/simple_move.egg-info/SOURCES.txt'
[4.993s] adding license file 'LICENSE'
[4.998s] writing manifest file '../../../../build/simple_move/simple_move.egg-info/SOURCES.txt'
[4.999s] running build
[4.999s] running build_py
[4.999s] running install
[5.014s] running install_lib
[5.081s] running install_data
[5.082s] running install_egg_info
[5.147s] removing '/home/catcyber02/Mobile-Robots-2026-1/install/simple_move/lib/python3.12/site-packages/simple_move-0.0.0-py3.12.egg-info' (and everything under it)
[5.148s] Copying ../../../../build/simple_move/simple_move.egg-info to /home/catcyber02/Mobile-Robots-2026-1/install/simple_move/lib/python3.12/site-packages/simple_move-0.0.0-py3.12.egg-info
[5.151s] running install_scripts
[5.490s] Installing path_follower script to /home/catcyber02/Mobile-Robots-2026-1/install/simple_move/lib/simple_move
[5.491s] Installing ros_basics script to /home/catcyber02/Mobile-Robots-2026-1/install/simple_move/lib/simple_move
[5.492s] writing list of installed files to '/home/catcyber02/Mobile-Robots-2026-1/build/simple_move/install.log'
[5.580s] Invoked command in '/home/catcyber02/Mobile-Robots-2026-1/ros2_ws/src/navigation/simple_move' returned '0': DEBUGINFOD_URLS=https://debuginfod.ubuntu.com PYTHONPATH=/home/catcyber02/Mobile-Robots-2026-1/build/simple_move/prefix_override:/usr/lib/python3/dist-packages/colcon_core/task/python/colcon_distutils_commands:/home/catcyber02/Mobile-Robots-2026-1/install/simple_move/lib/python3.12/site-packages:${PYTHONPATH} /usr/bin/python3 -W ignore:setup.py install is deprecated -W ignore:easy_install command is deprecated setup.py egg_info --egg-base ../../../../build/simple_move build --build-base /home/catcyber02/Mobile-Robots-2026-1/build/simple_move/build install --record /home/catcyber02/Mobile-Robots-2026-1/build/simple_move/install.log --single-version-externally-managed install_data
