[10.869s] Invoking command in '/home/melissa/Documentos/Robots_Mobiles/Mobile-Robots-2026-1/ros2_ws/src/navigation/map_augmenter': DEBUGINFOD_URLS=https://debuginfod.ubuntu.com PYTHONPATH=/home/melissa/Documentos/Robots_Mobiles/Mobile-Robots-2026-1/build/map_augmenter/prefix_override:/usr/lib/python3/dist-packages/colcon_core/task/python/colcon_distutils_commands:/home/melissa/Documentos/Robots_Mobiles/Mobile-Robots-2026-1/install/map_augmenter/lib/python3.12/site-packages:${PYTHONPATH} /usr/bin/python3 -W ignore:setup.py install is deprecated -W ignore:easy_install command is deprecated setup.py egg_info --egg-base ../../../../build/map_augmenter build --build-base /home/melissa/Documentos/Robots_Mobiles/Mobile-Robots-2026-1/build/map_augmenter/build install --record /home/melissa/Documentos/Robots_Mobiles/Mobile-Robots-2026-1/build/map_augmenter/install.log --single-version-externally-managed install_data
[15.867s] running egg_info
[15.871s] creating ../../../../build/map_augmenter/map_augmenter.egg-info
[16.102s] writing ../../../../build/map_augmenter/map_augmenter.egg-info/PKG-INFO
[16.102s] writing dependency_links to ../../../../build/map_augmenter/map_augmenter.egg-info/dependency_links.txt
[16.106s] writing entry points to ../../../../build/map_augmenter/map_augmenter.egg-info/entry_points.txt
[16.113s] writing requirements to ../../../../build/map_augmenter/map_augmenter.egg-info/requires.txt
[16.114s] writing top-level names to ../../../../build/map_augmenter/map_augmenter.egg-info/top_level.txt
[16.119s] writing manifest file '../../../../build/map_augmenter/map_augmenter.egg-info/SOURCES.txt'
[16.906s] reading manifest file '../../../../build/map_augmenter/map_augmenter.egg-info/SOURCES.txt'
[16.907s] adding license file 'LICENSE'
[16.915s] writing manifest file '../../../../build/map_augmenter/map_augmenter.egg-info/SOURCES.txt'
[16.916s] running build
[16.919s] running build_py
[16.923s] creating /home/melissa/Documentos/Robots_Mobiles/Mobile-Robots-2026-1/build/map_augmenter/build
[16.924s] creating /home/melissa/Documentos/Robots_Mobiles/Mobile-Robots-2026-1/build/map_augmenter/build/lib
[16.925s] creating /home/melissa/Documentos/Robots_Mobiles/Mobile-Robots-2026-1/build/map_augmenter/build/lib/map_augmenter
[16.930s] copying map_augmenter/__init__.py -> /home/melissa/Documentos/Robots_Mobiles/Mobile-Robots-2026-1/build/map_augmenter/build/lib/map_augmenter
[16.931s] copying map_augmenter/split_and_merge.py -> /home/melissa/Documentos/Robots_Mobiles/Mobile-Robots-2026-1/build/map_augmenter/build/lib/map_augmenter
[16.937s] copying map_augmenter/gvd.py -> /home/melissa/Documentos/Robots_Mobiles/Mobile-Robots-2026-1/build/map_augmenter/build/lib/map_augmenter
[16.942s] copying map_augmenter/map_inflater.py -> /home/melissa/Documentos/Robots_Mobiles/Mobile-Robots-2026-1/build/map_augmenter/build/lib/map_augmenter
[16.943s] running install
[17.211s] running install_lib
[17.559s] creating /home/melissa/Documentos/Robots_Mobiles/Mobile-Robots-2026-1/install/map_augmenter/lib/python3.12/site-packages/map_augmenter
[17.566s] copying /home/melissa/Documentos/Robots_Mobiles/Mobile-Robots-2026-1/build/map_augmenter/build/lib/map_augmenter/__init__.py -> /home/melissa/Documentos/Robots_Mobiles/Mobile-Robots-2026-1/install/map_augmenter/lib/python3.12/site-packages/map_augmenter
[17.569s] copying /home/melissa/Documentos/Robots_Mobiles/Mobile-Robots-2026-1/build/map_augmenter/build/lib/map_augmenter/split_and_merge.py -> /home/melissa/Documentos/Robots_Mobiles/Mobile-Robots-2026-1/install/map_augmenter/lib/python3.12/site-packages/map_augmenter
[17.581s] copying /home/melissa/Documentos/Robots_Mobiles/Mobile-Robots-2026-1/build/map_augmenter/build/lib/map_augmenter/gvd.py -> /home/melissa/Documentos/Robots_Mobiles/Mobile-Robots-2026-1/install/map_augmenter/lib/python3.12/site-packages/map_augmenter
[17.585s] copying /home/melissa/Documentos/Robots_Mobiles/Mobile-Robots-2026-1/build/map_augmenter/build/lib/map_augmenter/map_inflater.py -> /home/melissa/Documentos/Robots_Mobiles/Mobile-Robots-2026-1/install/map_augmenter/lib/python3.12/site-packages/map_augmenter
[17.585s] byte-compiling /home/melissa/Documentos/Robots_Mobiles/Mobile-Robots-2026-1/install/map_augmenter/lib/python3.12/site-packages/map_augmenter/__init__.py to __init__.cpython-312.pyc
[17.586s] byte-compiling /home/melissa/Documentos/Robots_Mobiles/Mobile-Robots-2026-1/install/map_augmenter/lib/python3.12/site-packages/map_augmenter/split_and_merge.py to split_and_merge.cpython-312.pyc
[17.608s] byte-compiling /home/melissa/Documentos/Robots_Mobiles/Mobile-Robots-2026-1/install/map_augmenter/lib/python3.12/site-packages/map_augmenter/gvd.py to gvd.cpython-312.pyc
[17.610s] byte-compiling /home/melissa/Documentos/Robots_Mobiles/Mobile-Robots-2026-1/install/map_augmenter/lib/python3.12/site-packages/map_augmenter/map_inflater.py to map_inflater.cpython-312.pyc
[17.610s] running install_data
[17.611s] creating /home/melissa/Documentos/Robots_Mobiles/Mobile-Robots-2026-1/install/map_augmenter/share/ament_index
[17.631s] creating /home/melissa/Documentos/Robots_Mobiles/Mobile-Robots-2026-1/install/map_augmenter/share/ament_index/resource_index
[17.632s] creating /home/melissa/Documentos/Robots_Mobiles/Mobile-Robots-2026-1/install/map_augmenter/share/ament_index/resource_index/packages
[17.646s] copying resource/map_augmenter -> /home/melissa/Documentos/Robots_Mobiles/Mobile-Robots-2026-1/install/map_augmenter/share/ament_index/resource_index/packages
[17.646s] copying package.xml -> /home/melissa/Documentos/Robots_Mobiles/Mobile-Robots-2026-1/install/map_augmenter/share/map_augmenter
[17.647s] running install_egg_info
[17.825s] Copying ../../../../build/map_augmenter/map_augmenter.egg-info to /home/melissa/Documentos/Robots_Mobiles/Mobile-Robots-2026-1/install/map_augmenter/lib/python3.12/site-packages/map_augmenter-0.0.0-py3.12.egg-info
[17.845s] running install_scripts
[19.249s] Installing gvd script to /home/melissa/Documentos/Robots_Mobiles/Mobile-Robots-2026-1/install/map_augmenter/lib/map_augmenter
[19.253s] Installing gvd_solved script to /home/melissa/Documentos/Robots_Mobiles/Mobile-Robots-2026-1/install/map_augmenter/lib/map_augmenter
[19.254s] Installing map_inflater script to /home/melissa/Documentos/Robots_Mobiles/Mobile-Robots-2026-1/install/map_augmenter/lib/map_augmenter
[19.262s] Installing map_inflater_solved script to /home/melissa/Documentos/Robots_Mobiles/Mobile-Robots-2026-1/install/map_augmenter/lib/map_augmenter
[19.263s] Installing split_and_merge script to /home/melissa/Documentos/Robots_Mobiles/Mobile-Robots-2026-1/install/map_augmenter/lib/map_augmenter
[19.264s] Installing split_and_merge_solved script to /home/melissa/Documentos/Robots_Mobiles/Mobile-Robots-2026-1/install/map_augmenter/lib/map_augmenter
[19.272s] writing list of installed files to '/home/melissa/Documentos/Robots_Mobiles/Mobile-Robots-2026-1/build/map_augmenter/install.log'
[19.433s] Invoked command in '/home/melissa/Documentos/Robots_Mobiles/Mobile-Robots-2026-1/ros2_ws/src/navigation/map_augmenter' returned '0': DEBUGINFOD_URLS=https://debuginfod.ubuntu.com PYTHONPATH=/home/melissa/Documentos/Robots_Mobiles/Mobile-Robots-2026-1/build/map_augmenter/prefix_override:/usr/lib/python3/dist-packages/colcon_core/task/python/colcon_distutils_commands:/home/melissa/Documentos/Robots_Mobiles/Mobile-Robots-2026-1/install/map_augmenter/lib/python3.12/site-packages:${PYTHONPATH} /usr/bin/python3 -W ignore:setup.py install is deprecated -W ignore:easy_install command is deprecated setup.py egg_info --egg-base ../../../../build/map_augmenter build --build-base /home/melissa/Documentos/Robots_Mobiles/Mobile-Robots-2026-1/build/map_augmenter/build install --record /home/melissa/Documentos/Robots_Mobiles/Mobile-Robots-2026-1/build/map_augmenter/install.log --single-version-externally-managed install_data
