[3.259s] Invoking command in '/home/quarcks/Mobile-Robots-2026-1/ros2_ws/src/navigation/path_planner': DEBUGINFOD_URLS=https://debuginfod.ubuntu.com PYTHONPATH=/home/quarcks/Mobile-Robots-2026-1/build/path_planner/prefix_override:/usr/lib/python3/dist-packages/colcon_core/task/python/colcon_distutils_commands:/home/quarcks/Mobile-Robots-2026-1/install/path_planner/lib/python3.12/site-packages:${PYTHONPATH} /usr/bin/python3 -W ignore:setup.py install is deprecated -W ignore:easy_install command is deprecated setup.py egg_info --egg-base ../../../../build/path_planner build --build-base /home/quarcks/Mobile-Robots-2026-1/build/path_planner/build install --record /home/quarcks/Mobile-Robots-2026-1/build/path_planner/install.log --single-version-externally-managed install_data
[3.653s] running egg_info
[3.682s] writing ../../../../build/path_planner/path_planner.egg-info/PKG-INFO
[3.682s] writing dependency_links to ../../../../build/path_planner/path_planner.egg-info/dependency_links.txt
[3.682s] writing entry points to ../../../../build/path_planner/path_planner.egg-info/entry_points.txt
[3.683s] writing requirements to ../../../../build/path_planner/path_planner.egg-info/requires.txt
[3.683s] writing top-level names to ../../../../build/path_planner/path_planner.egg-info/top_level.txt
[3.739s] reading manifest file '../../../../build/path_planner/path_planner.egg-info/SOURCES.txt'
[3.739s] adding license file 'LICENSE'
[3.740s] writing manifest file '../../../../build/path_planner/path_planner.egg-info/SOURCES.txt'
[3.740s] running build
[3.740s] running build_py
[3.740s] running install
[3.748s] running install_lib
[3.776s] running install_data
[3.776s] running install_egg_info
[3.805s] removing '/home/quarcks/Mobile-Robots-2026-1/install/path_planner/lib/python3.12/site-packages/path_planner-0.0.0-py3.12.egg-info' (and everything under it)
[3.806s] Copying ../../../../build/path_planner/path_planner.egg-info to /home/quarcks/Mobile-Robots-2026-1/install/path_planner/lib/python3.12/site-packages/path_planner-0.0.0-py3.12.egg-info
[3.806s] running install_scripts
[3.989s] Installing a_start script to /home/quarcks/Mobile-Robots-2026-1/install/path_planner/lib/path_planner
[3.990s] Installing a_start_solved script to /home/quarcks/Mobile-Robots-2026-1/install/path_planner/lib/path_planner
[3.990s] Installing cost_map script to /home/quarcks/Mobile-Robots-2026-1/install/path_planner/lib/path_planner
[3.990s] Installing cost_map_solved script to /home/quarcks/Mobile-Robots-2026-1/install/path_planner/lib/path_planner
[3.990s] Installing rrt script to /home/quarcks/Mobile-Robots-2026-1/install/path_planner/lib/path_planner
[3.990s] Installing rrt_solved script to /home/quarcks/Mobile-Robots-2026-1/install/path_planner/lib/path_planner
[3.990s] writing list of installed files to '/home/quarcks/Mobile-Robots-2026-1/build/path_planner/install.log'
[4.025s] Invoked command in '/home/quarcks/Mobile-Robots-2026-1/ros2_ws/src/navigation/path_planner' returned '0': DEBUGINFOD_URLS=https://debuginfod.ubuntu.com PYTHONPATH=/home/quarcks/Mobile-Robots-2026-1/build/path_planner/prefix_override:/usr/lib/python3/dist-packages/colcon_core/task/python/colcon_distutils_commands:/home/quarcks/Mobile-Robots-2026-1/install/path_planner/lib/python3.12/site-packages:${PYTHONPATH} /usr/bin/python3 -W ignore:setup.py install is deprecated -W ignore:easy_install command is deprecated setup.py egg_info --egg-base ../../../../build/path_planner build --build-base /home/quarcks/Mobile-Robots-2026-1/build/path_planner/build install --record /home/quarcks/Mobile-Robots-2026-1/build/path_planner/install.log --single-version-externally-managed install_data
