[0.083s] Invoking command in '/home/catcyber02/Mobile-Robots-2026-1/build/xarm_sdk': CMAKE_PREFIX_PATH=${CMAKE_PREFIX_PATH}:/home/catcyber02/Mobile-Robots-2026-1/ros2_ws/install/uf_ros_lib:/home/catcyber02/Mobile-Robots-2026-1/ros2_ws/install/simple_move:/opt/ros/jazzy DEBUGINFOD_URLS=https://debuginfod.ubuntu.com /usr/bin/cmake /home/catcyber02/Mobile-Robots-2026-1/ros2_ws/src/hardware/xarm_ros2/xarm_sdk -DCMAKE_INSTALL_PREFIX=/home/catcyber02/Mobile-Robots-2026-1/install/xarm_sdk
[0.447s] -- The C compiler identification is GNU 13.3.0
[0.708s] -- The CXX compiler identification is GNU 13.3.0
[0.765s] -- Detecting C compiler ABI info
[1.118s] -- Detecting C compiler ABI info - done
[1.148s] -- Check for working C compiler: /usr/bin/cc - skipped
[1.154s] -- Detecting C compile features
[1.154s] -- Detecting C compile features - done
[1.179s] -- Detecting CXX compiler ABI info
[1.579s] -- Detecting CXX compiler ABI info - done
[1.611s] -- Check for working CXX compiler: /usr/bin/c++ - skipped
[1.612s] -- Detecting CXX compile features
[1.614s] -- Detecting CXX compile features - done
[1.635s] -- Found ament_cmake: 2.5.4 (/opt/ros/jazzy/share/ament_cmake/cmake)
[2.260s] -- Found Python3: /usr/bin/python3 (found version "3.12.3") found components: Interpreter 
[2.766s] -- Found ament_lint_auto: 0.17.3 (/opt/ros/jazzy/share/ament_lint_auto/cmake)
[3.319s] -- Added test 'copyright' to check source files copyright and LICENSE
[3.372s] -- Added test 'cppcheck' to perform static code analysis on C / C++ code
[3.372s] -- Configured cppcheck include dirs: /home/catcyber02/Mobile-Robots-2026-1/ros2_ws/src/hardware/xarm_ros2/xarm_sdk/cxx/include
[3.372s] -- Configured cppcheck exclude dirs and/or files: 
[3.423s] -- Added test 'cpplint' to check C / C++ code against the Google style
[3.425s] -- Configured cpplint exclude dirs and/or files: 
[3.442s] -- Added test 'lint_cmake' to check CMake code style
[3.501s] -- Added test 'uncrustify' to check C / C++ code style
[3.501s] -- Configured uncrustify additional arguments: 
[3.515s] -- Added test 'xmllint' to check XML markup files
[3.529s] -- Configuring done (3.4s)
[3.561s] -- Generating done (0.0s)
[3.573s] -- Build files have been written to: /home/catcyber02/Mobile-Robots-2026-1/build/xarm_sdk
[3.595s] Invoked command in '/home/catcyber02/Mobile-Robots-2026-1/build/xarm_sdk' returned '0': CMAKE_PREFIX_PATH=${CMAKE_PREFIX_PATH}:/home/catcyber02/Mobile-Robots-2026-1/ros2_ws/install/uf_ros_lib:/home/catcyber02/Mobile-Robots-2026-1/ros2_ws/install/simple_move:/opt/ros/jazzy DEBUGINFOD_URLS=https://debuginfod.ubuntu.com /usr/bin/cmake /home/catcyber02/Mobile-Robots-2026-1/ros2_ws/src/hardware/xarm_ros2/xarm_sdk -DCMAKE_INSTALL_PREFIX=/home/catcyber02/Mobile-Robots-2026-1/install/xarm_sdk
[3.597s] Invoking command in '/home/catcyber02/Mobile-Robots-2026-1/build/xarm_sdk': CMAKE_PREFIX_PATH=${CMAKE_PREFIX_PATH}:/home/catcyber02/Mobile-Robots-2026-1/ros2_ws/install/uf_ros_lib:/home/catcyber02/Mobile-Robots-2026-1/ros2_ws/install/simple_move:/opt/ros/jazzy DEBUGINFOD_URLS=https://debuginfod.ubuntu.com /usr/bin/cmake --build /home/catcyber02/Mobile-Robots-2026-1/build/xarm_sdk -- -j8 -l8
[3.892s] [  3%] [32mBuilding CXX object CMakeFiles/xarm_cxx_sdk.dir/cxx/src/serial/impl/list_ports/list_ports_osx.cc.o[0m
[3.899s] [  6%] [32mBuilding CXX object CMakeFiles/xarm_cxx_sdk.dir/cxx/src/serial/impl/list_ports/list_ports_win.cc.o[0m
[3.899s] [  9%] [32mBuilding CXX object CMakeFiles/xarm_cxx_sdk.dir/cxx/src/serial/impl/list_ports/list_ports_linux.cc.o[0m
[3.919s] [ 12%] [32mBuilding CXX object CMakeFiles/xarm_cxx_sdk.dir/cxx/src/serial/impl/unix.cc.o[0m
[3.926s] [ 15%] [32mBuilding CXX object CMakeFiles/xarm_cxx_sdk.dir/cxx/src/xarm/core/common/crc16.cc.o[0m
[3.938s] [ 18%] [32mBuilding CXX object CMakeFiles/xarm_cxx_sdk.dir/cxx/src/serial/impl/win.cc.o[0m
[3.938s] [ 21%] [32mBuilding CXX object CMakeFiles/xarm_cxx_sdk.dir/cxx/src/serial/serial.cc.o[0m
[3.938s] [ 25%] [32mBuilding CXX object CMakeFiles/xarm_cxx_sdk.dir/cxx/src/xarm/core/common/queue_memcpy.cc.o[0m
[3.987s] [ 28%] [32mBuilding CXX object CMakeFiles/xarm_cxx_sdk.dir/cxx/src/xarm/core/connect.cc.o[0m
[4.000s] [ 31%] [32mBuilding CXX object CMakeFiles/xarm_cxx_sdk.dir/cxx/src/xarm/core/debug/debug_print.cc.o[0m
[4.005s] [ 34%] [32mBuilding CXX object CMakeFiles/xarm_cxx_sdk.dir/cxx/src/xarm/core/instruction/uxbus_cmd.cc.o[0m
[4.157s] [ 37%] [32mBuilding CXX object CMakeFiles/xarm_cxx_sdk.dir/cxx/src/xarm/core/instruction/uxbus_cmd_ser.cc.o[0m
[4.224s] [ 40%] [32mBuilding CXX object CMakeFiles/xarm_cxx_sdk.dir/cxx/src/xarm/core/instruction/uxbus_cmd_tcp.cc.o[0m
[4.874s] [ 43%] [32mBuilding CXX object CMakeFiles/xarm_cxx_sdk.dir/cxx/src/xarm/core/os/network.cc.o[0m
[6.526s] [ 46%] [32mBuilding CXX object CMakeFiles/xarm_cxx_sdk.dir/cxx/src/xarm/core/port/ser.cc.o[0m
[6.651s] [ 50%] [32mBuilding CXX object CMakeFiles/xarm_cxx_sdk.dir/cxx/src/xarm/core/port/socket.cc.o[0m
[6.807s] [ 53%] [32mBuilding CXX object CMakeFiles/xarm_cxx_sdk.dir/cxx/src/xarm/core/report_data.cc.o[0m
[6.853s] [ 56%] [32mBuilding CXX object CMakeFiles/xarm_cxx_sdk.dir/cxx/src/xarm/wrapper/xarm_api.cc.o[0m
[6.895s] [ 59%] [32mBuilding CXX object CMakeFiles/xarm_cxx_sdk.dir/cxx/src/xarm/wrapper/xarm_bio.cc.o[0m
[7.045s] [ 62%] [32mBuilding CXX object CMakeFiles/xarm_cxx_sdk.dir/cxx/src/xarm/wrapper/xarm_events.cc.o[0m
[7.389s] [ 65%] [32mBuilding CXX object CMakeFiles/xarm_cxx_sdk.dir/cxx/src/xarm/wrapper/xarm_ft_sensor.cc.o[0m
[8.262s] [ 68%] [32mBuilding CXX object CMakeFiles/xarm_cxx_sdk.dir/cxx/src/xarm/wrapper/xarm_gpio.cc.o[0m
[9.008s] [ 71%] [32mBuilding CXX object CMakeFiles/xarm_cxx_sdk.dir/cxx/src/xarm/wrapper/xarm_gripper.cc.o[0m
[9.119s] [ 75%] [32mBuilding CXX object CMakeFiles/xarm_cxx_sdk.dir/cxx/src/xarm/wrapper/xarm_linear_motor.cc.o[0m
[11.111s] [ 78%] [32mBuilding CXX object CMakeFiles/xarm_cxx_sdk.dir/cxx/src/xarm/wrapper/xarm_modbus_tcp.cc.o[0m
[12.795s] [ 81%] [32mBuilding CXX object CMakeFiles/xarm_cxx_sdk.dir/cxx/src/xarm/wrapper/xarm_motion.cc.o[0m
[12.827s] [ 84%] [32mBuilding CXX object CMakeFiles/xarm_cxx_sdk.dir/cxx/src/xarm/wrapper/xarm_params.cc.o[0m
[13.604s] [ 87%] [32mBuilding CXX object CMakeFiles/xarm_cxx_sdk.dir/cxx/src/xarm/wrapper/xarm_record.cc.o[0m
[14.225s] [ 90%] [32mBuilding CXX object CMakeFiles/xarm_cxx_sdk.dir/cxx/src/xarm/wrapper/xarm_report.cc.o[0m
[16.465s] [ 93%] [32mBuilding CXX object CMakeFiles/xarm_cxx_sdk.dir/cxx/src/xarm/wrapper/xarm_robotiq.cc.o[0m
[17.042s] [ 96%] [32mBuilding CXX object CMakeFiles/xarm_cxx_sdk.dir/cxx/src/xarm/wrapper/xarm_servo.cc.o[0m
[26.065s] [100%] [32m[1mLinking CXX shared library libxarm_cxx_sdk.so[0m
[26.892s] [100%] Built target xarm_cxx_sdk
[26.949s] Invoked command in '/home/catcyber02/Mobile-Robots-2026-1/build/xarm_sdk' returned '0': CMAKE_PREFIX_PATH=${CMAKE_PREFIX_PATH}:/home/catcyber02/Mobile-Robots-2026-1/ros2_ws/install/uf_ros_lib:/home/catcyber02/Mobile-Robots-2026-1/ros2_ws/install/simple_move:/opt/ros/jazzy DEBUGINFOD_URLS=https://debuginfod.ubuntu.com /usr/bin/cmake --build /home/catcyber02/Mobile-Robots-2026-1/build/xarm_sdk -- -j8 -l8
[26.957s] Invoking command in '/home/catcyber02/Mobile-Robots-2026-1/build/xarm_sdk': CMAKE_PREFIX_PATH=${CMAKE_PREFIX_PATH}:/home/catcyber02/Mobile-Robots-2026-1/ros2_ws/install/uf_ros_lib:/home/catcyber02/Mobile-Robots-2026-1/ros2_ws/install/simple_move:/opt/ros/jazzy DEBUGINFOD_URLS=https://debuginfod.ubuntu.com /usr/bin/cmake --install /home/catcyber02/Mobile-Robots-2026-1/build/xarm_sdk
[26.991s] -- Install configuration: ""
[26.992s] -- Installing: /home/catcyber02/Mobile-Robots-2026-1/install/xarm_sdk/share/xarm_sdk/environment/library_path.sh
[26.993s] -- Installing: /home/catcyber02/Mobile-Robots-2026-1/install/xarm_sdk/share/xarm_sdk/environment/library_path.dsv
[26.994s] -- Installing: /home/catcyber02/Mobile-Robots-2026-1/install/xarm_sdk/cxx/include
[26.996s] -- Installing: /home/catcyber02/Mobile-Robots-2026-1/install/xarm_sdk/cxx/include/xarm
[26.997s] -- Installing: /home/catcyber02/Mobile-Robots-2026-1/install/xarm_sdk/cxx/include/xarm/core
[26.998s] -- Installing: /home/catcyber02/Mobile-Robots-2026-1/install/xarm_sdk/cxx/include/xarm/core/port
[27.000s] -- Installing: /home/catcyber02/Mobile-Robots-2026-1/install/xarm_sdk/cxx/include/xarm/core/port/socket.h
[27.000s] -- Installing: /home/catcyber02/Mobile-Robots-2026-1/install/xarm_sdk/cxx/include/xarm/core/port/ser.h
[27.001s] -- Installing: /home/catcyber02/Mobile-Robots-2026-1/install/xarm_sdk/cxx/include/xarm/core/xarm_config.h
[27.002s] -- Installing: /home/catcyber02/Mobile-Robots-2026-1/install/xarm_sdk/cxx/include/xarm/core/common
[27.003s] -- Installing: /home/catcyber02/Mobile-Robots-2026-1/install/xarm_sdk/cxx/include/xarm/core/common/data_type.h
[27.004s] -- Installing: /home/catcyber02/Mobile-Robots-2026-1/install/xarm_sdk/cxx/include/xarm/core/common/crc16.h
[27.005s] -- Installing: /home/catcyber02/Mobile-Robots-2026-1/install/xarm_sdk/cxx/include/xarm/core/common/queue_memcpy.h
[27.006s] -- Installing: /home/catcyber02/Mobile-Robots-2026-1/install/xarm_sdk/cxx/include/xarm/core/report_data.h
[27.007s] -- Installing: /home/catcyber02/Mobile-Robots-2026-1/install/xarm_sdk/cxx/include/xarm/core/debug
[27.008s] -- Installing: /home/catcyber02/Mobile-Robots-2026-1/install/xarm_sdk/cxx/include/xarm/core/debug/debug_print.h
[27.009s] -- Installing: /home/catcyber02/Mobile-Robots-2026-1/install/xarm_sdk/cxx/include/xarm/core/instruction
[27.010s] -- Installing: /home/catcyber02/Mobile-Robots-2026-1/install/xarm_sdk/cxx/include/xarm/core/instruction/servo3_config.h
[27.011s] -- Installing: /home/catcyber02/Mobile-Robots-2026-1/install/xarm_sdk/cxx/include/xarm/core/instruction/uxbus_cmd_config.h
[27.012s] -- Installing: /home/catcyber02/Mobile-Robots-2026-1/install/xarm_sdk/cxx/include/xarm/core/instruction/uxbus_cmd_ser.h
[27.013s] -- Installing: /home/catcyber02/Mobile-Robots-2026-1/install/xarm_sdk/cxx/include/xarm/core/instruction/uxbus_cmd.h
[27.013s] -- Installing: /home/catcyber02/Mobile-Robots-2026-1/install/xarm_sdk/cxx/include/xarm/core/instruction/uxbus_cmd_tcp.h
[27.016s] -- Installing: /home/catcyber02/Mobile-Robots-2026-1/install/xarm_sdk/cxx/include/xarm/core/connect.h
[27.017s] -- Installing: /home/catcyber02/Mobile-Robots-2026-1/install/xarm_sdk/cxx/include/xarm/core/os
[27.019s] -- Installing: /home/catcyber02/Mobile-Robots-2026-1/install/xarm_sdk/cxx/include/xarm/core/os/network.h
[27.020s] -- Installing: /home/catcyber02/Mobile-Robots-2026-1/install/xarm_sdk/cxx/include/xarm/core/os/bak
[27.021s] -- Installing: /home/catcyber02/Mobile-Robots-2026-1/install/xarm_sdk/cxx/include/xarm/core/os/bak/thread.h
[27.022s] -- Installing: /home/catcyber02/Mobile-Robots-2026-1/install/xarm_sdk/cxx/include/xarm/wrapper
[27.023s] -- Installing: /home/catcyber02/Mobile-Robots-2026-1/install/xarm_sdk/cxx/include/xarm/wrapper/common
[27.024s] -- Installing: /home/catcyber02/Mobile-Robots-2026-1/install/xarm_sdk/cxx/include/xarm/wrapper/common/utils.h
[27.025s] -- Installing: /home/catcyber02/Mobile-Robots-2026-1/install/xarm_sdk/cxx/include/xarm/wrapper/common/timer.h
[27.026s] -- Installing: /home/catcyber02/Mobile-Robots-2026-1/install/xarm_sdk/cxx/include/xarm/wrapper/xarm_api.h
[27.027s] -- Installing: /home/catcyber02/Mobile-Robots-2026-1/install/xarm_sdk/cxx/include/serial
[27.028s] -- Installing: /home/catcyber02/Mobile-Robots-2026-1/install/xarm_sdk/cxx/include/serial/v8stdint.h
[27.028s] -- Installing: /home/catcyber02/Mobile-Robots-2026-1/install/xarm_sdk/cxx/include/serial/serial.h
[27.029s] -- Installing: /home/catcyber02/Mobile-Robots-2026-1/install/xarm_sdk/cxx/include/serial/impl
[27.030s] -- Installing: /home/catcyber02/Mobile-Robots-2026-1/install/xarm_sdk/cxx/include/serial/impl/unix.h
[27.031s] -- Installing: /home/catcyber02/Mobile-Robots-2026-1/install/xarm_sdk/cxx/include/serial/impl/win.h
[27.031s] -- Installing: /home/catcyber02/Mobile-Robots-2026-1/install/xarm_sdk/lib/libxarm_cxx_sdk.so
[27.035s] -- Installing: /home/catcyber02/Mobile-Robots-2026-1/install/xarm_sdk/share/ament_index/resource_index/package_run_dependencies/xarm_sdk
[27.036s] -- Installing: /home/catcyber02/Mobile-Robots-2026-1/install/xarm_sdk/share/ament_index/resource_index/parent_prefix_path/xarm_sdk
[27.038s] -- Installing: /home/catcyber02/Mobile-Robots-2026-1/install/xarm_sdk/share/xarm_sdk/environment/ament_prefix_path.sh
[27.040s] -- Installing: /home/catcyber02/Mobile-Robots-2026-1/install/xarm_sdk/share/xarm_sdk/environment/ament_prefix_path.dsv
[27.044s] -- Installing: /home/catcyber02/Mobile-Robots-2026-1/install/xarm_sdk/share/xarm_sdk/environment/path.sh
[27.048s] -- Installing: /home/catcyber02/Mobile-Robots-2026-1/install/xarm_sdk/share/xarm_sdk/environment/path.dsv
[27.049s] -- Installing: /home/catcyber02/Mobile-Robots-2026-1/install/xarm_sdk/share/xarm_sdk/local_setup.bash
[27.051s] -- Installing: /home/catcyber02/Mobile-Robots-2026-1/install/xarm_sdk/share/xarm_sdk/local_setup.sh
[27.054s] -- Installing: /home/catcyber02/Mobile-Robots-2026-1/install/xarm_sdk/share/xarm_sdk/local_setup.zsh
[27.056s] -- Installing: /home/catcyber02/Mobile-Robots-2026-1/install/xarm_sdk/share/xarm_sdk/local_setup.dsv
[27.057s] -- Installing: /home/catcyber02/Mobile-Robots-2026-1/install/xarm_sdk/share/xarm_sdk/package.dsv
[27.058s] -- Installing: /home/catcyber02/Mobile-Robots-2026-1/install/xarm_sdk/share/ament_index/resource_index/packages/xarm_sdk
[27.061s] -- Installing: /home/catcyber02/Mobile-Robots-2026-1/install/xarm_sdk/share/xarm_sdk/cmake/ament_cmake_export_libraries-extras.cmake
[27.062s] -- Installing: /home/catcyber02/Mobile-Robots-2026-1/install/xarm_sdk/share/xarm_sdk/cmake/ament_cmake_export_include_directories-extras.cmake
[27.063s] -- Installing: /home/catcyber02/Mobile-Robots-2026-1/install/xarm_sdk/share/xarm_sdk/cmake/xarm_sdkConfig.cmake
[27.064s] -- Installing: /home/catcyber02/Mobile-Robots-2026-1/install/xarm_sdk/share/xarm_sdk/cmake/xarm_sdkConfig-version.cmake
[27.067s] -- Installing: /home/catcyber02/Mobile-Robots-2026-1/install/xarm_sdk/share/xarm_sdk/package.xml
[27.072s] Invoked command in '/home/catcyber02/Mobile-Robots-2026-1/build/xarm_sdk' returned '0': CMAKE_PREFIX_PATH=${CMAKE_PREFIX_PATH}:/home/catcyber02/Mobile-Robots-2026-1/ros2_ws/install/uf_ros_lib:/home/catcyber02/Mobile-Robots-2026-1/ros2_ws/install/simple_move:/opt/ros/jazzy DEBUGINFOD_URLS=https://debuginfod.ubuntu.com /usr/bin/cmake --install /home/catcyber02/Mobile-Robots-2026-1/build/xarm_sdk
