running egg_info
creating ../../../../build/map_augmenter/map_augmenter.egg-info
writing ../../../../build/map_augmenter/map_augmenter.egg-info/PKG-INFO
writing dependency_links to ../../../../build/map_augmenter/map_augmenter.egg-info/dependency_links.txt
writing entry points to ../../../../build/map_augmenter/map_augmenter.egg-info/entry_points.txt
writing requirements to ../../../../build/map_augmenter/map_augmenter.egg-info/requires.txt
writing top-level names to ../../../../build/map_augmenter/map_augmenter.egg-info/top_level.txt
writing manifest file '../../../../build/map_augmenter/map_augmenter.egg-info/SOURCES.txt'
reading manifest file '../../../../build/map_augmenter/map_augmenter.egg-info/SOURCES.txt'
adding license file 'LICENSE'
writing manifest file '../../../../build/map_augmenter/map_augmenter.egg-info/SOURCES.txt'
running build
running build_py
creating /home/quarcks/Mobile-Robots-2026-1/build/map_augmenter/build
creating /home/quarcks/Mobile-Robots-2026-1/build/map_augmenter/build/lib
creating /home/quarcks/Mobile-Robots-2026-1/build/map_augmenter/build/lib/map_augmenter
copying map_augmenter/gvd.py -> /home/quarcks/Mobile-Robots-2026-1/build/map_augmenter/build/lib/map_augmenter
copying map_augmenter/split_and_merge.py -> /home/quarcks/Mobile-Robots-2026-1/build/map_augmenter/build/lib/map_augmenter
copying map_augmenter/__init__.py -> /home/quarcks/Mobile-Robots-2026-1/build/map_augmenter/build/lib/map_augmenter
copying map_augmenter/map_inflater.py -> /home/quarcks/Mobile-Robots-2026-1/build/map_augmenter/build/lib/map_augmenter
running install
running install_lib
creating /home/quarcks/Mobile-Robots-2026-1/install/map_augmenter/lib/python3.12/site-packages/map_augmenter
copying /home/quarcks/Mobile-Robots-2026-1/build/map_augmenter/build/lib/map_augmenter/gvd.py -> /home/quarcks/Mobile-Robots-2026-1/install/map_augmenter/lib/python3.12/site-packages/map_augmenter
copying /home/quarcks/Mobile-Robots-2026-1/build/map_augmenter/build/lib/map_augmenter/split_and_merge.py -> /home/quarcks/Mobile-Robots-2026-1/install/map_augmenter/lib/python3.12/site-packages/map_augmenter
copying /home/quarcks/Mobile-Robots-2026-1/build/map_augmenter/build/lib/map_augmenter/__init__.py -> /home/quarcks/Mobile-Robots-2026-1/install/map_augmenter/lib/python3.12/site-packages/map_augmenter
copying /home/quarcks/Mobile-Robots-2026-1/build/map_augmenter/build/lib/map_augmenter/map_inflater.py -> /home/quarcks/Mobile-Robots-2026-1/install/map_augmenter/lib/python3.12/site-packages/map_augmenter
byte-compiling /home/quarcks/Mobile-Robots-2026-1/install/map_augmenter/lib/python3.12/site-packages/map_augmenter/gvd.py to gvd.cpython-312.pyc
byte-compiling /home/quarcks/Mobile-Robots-2026-1/install/map_augmenter/lib/python3.12/site-packages/map_augmenter/split_and_merge.py to split_and_merge.cpython-312.pyc
byte-compiling /home/quarcks/Mobile-Robots-2026-1/install/map_augmenter/lib/python3.12/site-packages/map_augmenter/__init__.py to __init__.cpython-312.pyc
byte-compiling /home/quarcks/Mobile-Robots-2026-1/install/map_augmenter/lib/python3.12/site-packages/map_augmenter/map_inflater.py to map_inflater.cpython-312.pyc
running install_data
creating /home/quarcks/Mobile-Robots-2026-1/install/map_augmenter/share/ament_index
creating /home/quarcks/Mobile-Robots-2026-1/install/map_augmenter/share/ament_index/resource_index
creating /home/quarcks/Mobile-Robots-2026-1/install/map_augmenter/share/ament_index/resource_index/packages
copying resource/map_augmenter -> /home/quarcks/Mobile-Robots-2026-1/install/map_augmenter/share/ament_index/resource_index/packages
copying package.xml -> /home/quarcks/Mobile-Robots-2026-1/install/map_augmenter/share/map_augmenter
running install_egg_info
Copying ../../../../build/map_augmenter/map_augmenter.egg-info to /home/quarcks/Mobile-Robots-2026-1/install/map_augmenter/lib/python3.12/site-packages/map_augmenter-0.0.0-py3.12.egg-info
running install_scripts
Installing gvd script to /home/quarcks/Mobile-Robots-2026-1/install/map_augmenter/lib/map_augmenter
Installing gvd_solved script to /home/quarcks/Mobile-Robots-2026-1/install/map_augmenter/lib/map_augmenter
Installing map_inflater script to /home/quarcks/Mobile-Robots-2026-1/install/map_augmenter/lib/map_augmenter
Installing map_inflater_solved script to /home/quarcks/Mobile-Robots-2026-1/install/map_augmenter/lib/map_augmenter
Installing split_and_merge script to /home/quarcks/Mobile-Robots-2026-1/install/map_augmenter/lib/map_augmenter
Installing split_and_merge_solved script to /home/quarcks/Mobile-Robots-2026-1/install/map_augmenter/lib/map_augmenter
writing list of installed files to '/home/quarcks/Mobile-Robots-2026-1/build/map_augmenter/install.log'
