[2.460s] Invoking command in '/home/quarcks/Mobile-Robots-2026-1/ros2_ws/src/navigation/map_augmenter': DEBUGINFOD_URLS=https://debuginfod.ubuntu.com PYTHONPATH=/home/quarcks/Mobile-Robots-2026-1/build/map_augmenter/prefix_override:/usr/lib/python3/dist-packages/colcon_core/task/python/colcon_distutils_commands:/home/quarcks/Mobile-Robots-2026-1/install/map_augmenter/lib/python3.12/site-packages:${PYTHONPATH} /usr/bin/python3 -W ignore:setup.py install is deprecated -W ignore:easy_install command is deprecated setup.py egg_info --egg-base ../../../../build/map_augmenter build --build-base /home/quarcks/Mobile-Robots-2026-1/build/map_augmenter/build install --record /home/quarcks/Mobile-Robots-2026-1/build/map_augmenter/install.log --single-version-externally-managed install_data
[3.151s] running egg_info
[3.152s] creating ../../../../build/map_augmenter/map_augmenter.egg-info
[3.199s] writing ../../../../build/map_augmenter/map_augmenter.egg-info/PKG-INFO
[3.202s] writing dependency_links to ../../../../build/map_augmenter/map_augmenter.egg-info/dependency_links.txt
[3.202s] writing entry points to ../../../../build/map_augmenter/map_augmenter.egg-info/entry_points.txt
[3.203s] writing requirements to ../../../../build/map_augmenter/map_augmenter.egg-info/requires.txt
[3.203s] writing top-level names to ../../../../build/map_augmenter/map_augmenter.egg-info/top_level.txt
[3.203s] writing manifest file '../../../../build/map_augmenter/map_augmenter.egg-info/SOURCES.txt'
[3.310s] reading manifest file '../../../../build/map_augmenter/map_augmenter.egg-info/SOURCES.txt'
[3.310s] adding license file 'LICENSE'
[3.320s] writing manifest file '../../../../build/map_augmenter/map_augmenter.egg-info/SOURCES.txt'
[3.320s] running build
[3.320s] running build_py
[3.320s] creating /home/quarcks/Mobile-Robots-2026-1/build/map_augmenter/build
[3.320s] creating /home/quarcks/Mobile-Robots-2026-1/build/map_augmenter/build/lib
[3.320s] creating /home/quarcks/Mobile-Robots-2026-1/build/map_augmenter/build/lib/map_augmenter
[3.320s] copying map_augmenter/gvd.py -> /home/quarcks/Mobile-Robots-2026-1/build/map_augmenter/build/lib/map_augmenter
[3.320s] copying map_augmenter/split_and_merge.py -> /home/quarcks/Mobile-Robots-2026-1/build/map_augmenter/build/lib/map_augmenter
[3.320s] copying map_augmenter/__init__.py -> /home/quarcks/Mobile-Robots-2026-1/build/map_augmenter/build/lib/map_augmenter
[3.320s] copying map_augmenter/map_inflater.py -> /home/quarcks/Mobile-Robots-2026-1/build/map_augmenter/build/lib/map_augmenter
[3.320s] running install
[3.326s] running install_lib
[3.374s] creating /home/quarcks/Mobile-Robots-2026-1/install/map_augmenter/lib/python3.12/site-packages/map_augmenter
[3.374s] copying /home/quarcks/Mobile-Robots-2026-1/build/map_augmenter/build/lib/map_augmenter/gvd.py -> /home/quarcks/Mobile-Robots-2026-1/install/map_augmenter/lib/python3.12/site-packages/map_augmenter
[3.375s] copying /home/quarcks/Mobile-Robots-2026-1/build/map_augmenter/build/lib/map_augmenter/split_and_merge.py -> /home/quarcks/Mobile-Robots-2026-1/install/map_augmenter/lib/python3.12/site-packages/map_augmenter
[3.375s] copying /home/quarcks/Mobile-Robots-2026-1/build/map_augmenter/build/lib/map_augmenter/__init__.py -> /home/quarcks/Mobile-Robots-2026-1/install/map_augmenter/lib/python3.12/site-packages/map_augmenter
[3.375s] copying /home/quarcks/Mobile-Robots-2026-1/build/map_augmenter/build/lib/map_augmenter/map_inflater.py -> /home/quarcks/Mobile-Robots-2026-1/install/map_augmenter/lib/python3.12/site-packages/map_augmenter
[3.376s] byte-compiling /home/quarcks/Mobile-Robots-2026-1/install/map_augmenter/lib/python3.12/site-packages/map_augmenter/gvd.py to gvd.cpython-312.pyc
[3.383s] byte-compiling /home/quarcks/Mobile-Robots-2026-1/install/map_augmenter/lib/python3.12/site-packages/map_augmenter/split_and_merge.py to split_and_merge.cpython-312.pyc
[3.384s] byte-compiling /home/quarcks/Mobile-Robots-2026-1/install/map_augmenter/lib/python3.12/site-packages/map_augmenter/__init__.py to __init__.cpython-312.pyc
[3.384s] byte-compiling /home/quarcks/Mobile-Robots-2026-1/install/map_augmenter/lib/python3.12/site-packages/map_augmenter/map_inflater.py to map_inflater.cpython-312.pyc
[3.384s] running install_data
[3.384s] creating /home/quarcks/Mobile-Robots-2026-1/install/map_augmenter/share/ament_index
[3.384s] creating /home/quarcks/Mobile-Robots-2026-1/install/map_augmenter/share/ament_index/resource_index
[3.384s] creating /home/quarcks/Mobile-Robots-2026-1/install/map_augmenter/share/ament_index/resource_index/packages
[3.384s] copying resource/map_augmenter -> /home/quarcks/Mobile-Robots-2026-1/install/map_augmenter/share/ament_index/resource_index/packages
[3.385s] copying package.xml -> /home/quarcks/Mobile-Robots-2026-1/install/map_augmenter/share/map_augmenter
[3.385s] running install_egg_info
[3.436s] Copying ../../../../build/map_augmenter/map_augmenter.egg-info to /home/quarcks/Mobile-Robots-2026-1/install/map_augmenter/lib/python3.12/site-packages/map_augmenter-0.0.0-py3.12.egg-info
[3.438s] running install_scripts
[3.854s] Installing gvd script to /home/quarcks/Mobile-Robots-2026-1/install/map_augmenter/lib/map_augmenter
[3.855s] Installing gvd_solved script to /home/quarcks/Mobile-Robots-2026-1/install/map_augmenter/lib/map_augmenter
[3.855s] Installing map_inflater script to /home/quarcks/Mobile-Robots-2026-1/install/map_augmenter/lib/map_augmenter
[3.855s] Installing map_inflater_solved script to /home/quarcks/Mobile-Robots-2026-1/install/map_augmenter/lib/map_augmenter
[3.855s] Installing split_and_merge script to /home/quarcks/Mobile-Robots-2026-1/install/map_augmenter/lib/map_augmenter
[3.855s] Installing split_and_merge_solved script to /home/quarcks/Mobile-Robots-2026-1/install/map_augmenter/lib/map_augmenter
[3.857s] writing list of installed files to '/home/quarcks/Mobile-Robots-2026-1/build/map_augmenter/install.log'
[3.934s] Invoked command in '/home/quarcks/Mobile-Robots-2026-1/ros2_ws/src/navigation/map_augmenter' returned '0': DEBUGINFOD_URLS=https://debuginfod.ubuntu.com PYTHONPATH=/home/quarcks/Mobile-Robots-2026-1/build/map_augmenter/prefix_override:/usr/lib/python3/dist-packages/colcon_core/task/python/colcon_distutils_commands:/home/quarcks/Mobile-Robots-2026-1/install/map_augmenter/lib/python3.12/site-packages:${PYTHONPATH} /usr/bin/python3 -W ignore:setup.py install is deprecated -W ignore:easy_install command is deprecated setup.py egg_info --egg-base ../../../../build/map_augmenter build --build-base /home/quarcks/Mobile-Robots-2026-1/build/map_augmenter/build install --record /home/quarcks/Mobile-Robots-2026-1/build/map_augmenter/install.log --single-version-externally-managed install_data
