[0.072s] Invoking command in '/home/catcyber02/Mobile-Robots-2026-1/build/justina_gui': CMAKE_PREFIX_PATH=${CMAKE_PREFIX_PATH}:/home/catcyber02/Mobile-Robots-2026-1/ros2_ws/install/uf_ros_lib:/home/catcyber02/Mobile-Robots-2026-1/ros2_ws/install/simple_move:/home/catcyber02/Mobile-Robots-2026-1/ros2_ws/install/path_planner:/home/catcyber02/Mobile-Robots-2026-1/ros2_ws/install/map_augmenter:/opt/ros/jazzy DEBUGINFOD_URLS=https://debuginfod.ubuntu.com /usr/bin/cmake --build /home/catcyber02/Mobile-Robots-2026-1/build/justina_gui -- -j8 -l8
[0.641s] [  0%] Built target justina_gui_node_autogen_timestamp_deps
[0.641s] [  7%] Built target justina_gui_node_autogen
[0.642s] [100%] Built target justina_gui_node
[0.692s] Invoked command in '/home/catcyber02/Mobile-Robots-2026-1/build/justina_gui' returned '0': CMAKE_PREFIX_PATH=${CMAKE_PREFIX_PATH}:/home/catcyber02/Mobile-Robots-2026-1/ros2_ws/install/uf_ros_lib:/home/catcyber02/Mobile-Robots-2026-1/ros2_ws/install/simple_move:/home/catcyber02/Mobile-Robots-2026-1/ros2_ws/install/path_planner:/home/catcyber02/Mobile-Robots-2026-1/ros2_ws/install/map_augmenter:/opt/ros/jazzy DEBUGINFOD_URLS=https://debuginfod.ubuntu.com /usr/bin/cmake --build /home/catcyber02/Mobile-Robots-2026-1/build/justina_gui -- -j8 -l8
[0.701s] Invoking command in '/home/catcyber02/Mobile-Robots-2026-1/build/justina_gui': CMAKE_PREFIX_PATH=${CMAKE_PREFIX_PATH}:/home/catcyber02/Mobile-Robots-2026-1/ros2_ws/install/uf_ros_lib:/home/catcyber02/Mobile-Robots-2026-1/ros2_ws/install/simple_move:/home/catcyber02/Mobile-Robots-2026-1/ros2_ws/install/path_planner:/home/catcyber02/Mobile-Robots-2026-1/ros2_ws/install/map_augmenter:/opt/ros/jazzy DEBUGINFOD_URLS=https://debuginfod.ubuntu.com /usr/bin/cmake --install /home/catcyber02/Mobile-Robots-2026-1/build/justina_gui
[1.027s] -- Install configuration: ""
[1.027s] -- Up-to-date: /home/catcyber02/Mobile-Robots-2026-1/install/justina_gui/lib/justina_gui/justina_gui_node
[1.028s] -- Up-to-date: /home/catcyber02/Mobile-Robots-2026-1/install/justina_gui/share/ament_index/resource_index/package_run_dependencies/justina_gui
[1.028s] -- Up-to-date: /home/catcyber02/Mobile-Robots-2026-1/install/justina_gui/share/ament_index/resource_index/parent_prefix_path/justina_gui
[1.028s] -- Up-to-date: /home/catcyber02/Mobile-Robots-2026-1/install/justina_gui/share/justina_gui/environment/ament_prefix_path.sh
[1.028s] -- Up-to-date: /home/catcyber02/Mobile-Robots-2026-1/install/justina_gui/share/justina_gui/environment/ament_prefix_path.dsv
[1.028s] -- Up-to-date: /home/catcyber02/Mobile-Robots-2026-1/install/justina_gui/share/justina_gui/environment/path.sh
[1.029s] -- Up-to-date: /home/catcyber02/Mobile-Robots-2026-1/install/justina_gui/share/justina_gui/environment/path.dsv
[1.029s] -- Up-to-date: /home/catcyber02/Mobile-Robots-2026-1/install/justina_gui/share/justina_gui/local_setup.bash
[1.029s] -- Up-to-date: /home/catcyber02/Mobile-Robots-2026-1/install/justina_gui/share/justina_gui/local_setup.sh
[1.029s] -- Up-to-date: /home/catcyber02/Mobile-Robots-2026-1/install/justina_gui/share/justina_gui/local_setup.zsh
[1.030s] -- Up-to-date: /home/catcyber02/Mobile-Robots-2026-1/install/justina_gui/share/justina_gui/local_setup.dsv
[1.030s] -- Installing: /home/catcyber02/Mobile-Robots-2026-1/install/justina_gui/share/justina_gui/package.dsv
[1.034s] -- Up-to-date: /home/catcyber02/Mobile-Robots-2026-1/install/justina_gui/share/ament_index/resource_index/packages/justina_gui
[1.034s] -- Up-to-date: /home/catcyber02/Mobile-Robots-2026-1/install/justina_gui/share/justina_gui/cmake/justina_guiConfig.cmake
[1.034s] -- Up-to-date: /home/catcyber02/Mobile-Robots-2026-1/install/justina_gui/share/justina_gui/cmake/justina_guiConfig-version.cmake
[1.035s] -- Up-to-date: /home/catcyber02/Mobile-Robots-2026-1/install/justina_gui/share/justina_gui/package.xml
[1.332s] Invoked command in '/home/catcyber02/Mobile-Robots-2026-1/build/justina_gui' returned '0': CMAKE_PREFIX_PATH=${CMAKE_PREFIX_PATH}:/home/catcyber02/Mobile-Robots-2026-1/ros2_ws/install/uf_ros_lib:/home/catcyber02/Mobile-Robots-2026-1/ros2_ws/install/simple_move:/home/catcyber02/Mobile-Robots-2026-1/ros2_ws/install/path_planner:/home/catcyber02/Mobile-Robots-2026-1/ros2_ws/install/map_augmenter:/opt/ros/jazzy DEBUGINFOD_URLS=https://debuginfod.ubuntu.com /usr/bin/cmake --install /home/catcyber02/Mobile-Robots-2026-1/build/justina_gui
