running develop
running egg_info
writing map_augmenter.egg-info/PKG-INFO
writing dependency_links to map_augmenter.egg-info/dependency_links.txt
writing entry points to map_augmenter.egg-info/entry_points.txt
writing requirements to map_augmenter.egg-info/requires.txt
writing top-level names to map_augmenter.egg-info/top_level.txt
reading manifest file 'map_augmenter.egg-info/SOURCES.txt'
writing manifest file 'map_augmenter.egg-info/SOURCES.txt'
running build_ext
Creating /home/catcyber02/Mobile-Robots-2026-1/install/map_augmenter/lib/python3.12/site-packages/map-augmenter.egg-link (link to .)
Installing gvd script to /home/catcyber02/Mobile-Robots-2026-1/install/map_augmenter/lib/map_augmenter
Installing gvd_solved script to /home/catcyber02/Mobile-Robots-2026-1/install/map_augmenter/lib/map_augmenter
Installing map_inflater script to /home/catcyber02/Mobile-Robots-2026-1/install/map_augmenter/lib/map_augmenter
Installing map_inflater_solved script to /home/catcyber02/Mobile-Robots-2026-1/install/map_augmenter/lib/map_augmenter
Installing split_and_merge script to /home/catcyber02/Mobile-Robots-2026-1/install/map_augmenter/lib/map_augmenter
Installing split_and_merge_solved script to /home/catcyber02/Mobile-Robots-2026-1/install/map_augmenter/lib/map_augmenter

Installed /home/catcyber02/Mobile-Robots-2026-1/build/map_augmenter
running symlink_data
symbolically linking /home/catcyber02/Mobile-Robots-2026-1/build/map_augmenter/resource/map_augmenter -> /home/catcyber02/Mobile-Robots-2026-1/install/map_augmenter/share/ament_index/resource_index/packages
symbolically linking /home/catcyber02/Mobile-Robots-2026-1/build/map_augmenter/package.xml -> /home/catcyber02/Mobile-Robots-2026-1/install/map_augmenter/share/map_augmenter
