[2.392s] Invoking command in '/home/catcyber02/Mobile-Robots-2026-1/ros2_ws/src/navigation/simple_move': DEBUGINFOD_URLS=https://debuginfod.ubuntu.com PYTHONPATH=/home/catcyber02/Mobile-Robots-2026-1/build/simple_move/prefix_override:/usr/lib/python3/dist-packages/colcon_core/task/python/colcon_distutils_commands:/home/catcyber02/Mobile-Robots-2026-1/install/simple_move/lib/python3.12/site-packages:${PYTHONPATH} /usr/bin/python3 -W ignore:setup.py install is deprecated -W ignore:easy_install command is deprecated setup.py egg_info --egg-base ../../../../build/simple_move build --build-base /home/catcyber02/Mobile-Robots-2026-1/build/simple_move/build install --record /home/catcyber02/Mobile-Robots-2026-1/build/simple_move/install.log --single-version-externally-managed install_data
[2.816s] running egg_info
[2.852s] writing ../../../../build/simple_move/simple_move.egg-info/PKG-INFO
[2.852s] writing dependency_links to ../../../../build/simple_move/simple_move.egg-info/dependency_links.txt
[2.853s] writing entry points to ../../../../build/simple_move/simple_move.egg-info/entry_points.txt
[2.853s] writing requirements to ../../../../build/simple_move/simple_move.egg-info/requires.txt
[2.853s] writing top-level names to ../../../../build/simple_move/simple_move.egg-info/top_level.txt
[2.923s] reading manifest file '../../../../build/simple_move/simple_move.egg-info/SOURCES.txt'
[2.923s] adding license file 'LICENSE'
[2.924s] writing manifest file '../../../../build/simple_move/simple_move.egg-info/SOURCES.txt'
[2.925s] running build
[2.925s] running build_py
[2.925s] running install
[2.934s] running install_lib
[2.968s] running install_data
[2.969s] running install_egg_info
[3.005s] removing '/home/catcyber02/Mobile-Robots-2026-1/install/simple_move/lib/python3.12/site-packages/simple_move-0.0.0-py3.12.egg-info' (and everything under it)
[3.005s] Copying ../../../../build/simple_move/simple_move.egg-info to /home/catcyber02/Mobile-Robots-2026-1/install/simple_move/lib/python3.12/site-packages/simple_move-0.0.0-py3.12.egg-info
[3.007s] running install_scripts
[3.221s] Installing path_follower script to /home/catcyber02/Mobile-Robots-2026-1/install/simple_move/lib/simple_move
[3.222s] Installing ros_basics script to /home/catcyber02/Mobile-Robots-2026-1/install/simple_move/lib/simple_move
[3.222s] writing list of installed files to '/home/catcyber02/Mobile-Robots-2026-1/build/simple_move/install.log'
[3.287s] Invoked command in '/home/catcyber02/Mobile-Robots-2026-1/ros2_ws/src/navigation/simple_move' returned '0': DEBUGINFOD_URLS=https://debuginfod.ubuntu.com PYTHONPATH=/home/catcyber02/Mobile-Robots-2026-1/build/simple_move/prefix_override:/usr/lib/python3/dist-packages/colcon_core/task/python/colcon_distutils_commands:/home/catcyber02/Mobile-Robots-2026-1/install/simple_move/lib/python3.12/site-packages:${PYTHONPATH} /usr/bin/python3 -W ignore:setup.py install is deprecated -W ignore:easy_install command is deprecated setup.py egg_info --egg-base ../../../../build/simple_move build --build-base /home/catcyber02/Mobile-Robots-2026-1/build/simple_move/build install --record /home/catcyber02/Mobile-Robots-2026-1/build/simple_move/install.log --single-version-externally-managed install_data
