[0.121s] Invoking command in '/home/catcyber02/Mobile-Robots-2026-1/build/xarm_sdk': CMAKE_PREFIX_PATH=${CMAKE_PREFIX_PATH}:/home/catcyber02/Mobile-Robots-2026-1/ros2_ws/install/uf_ros_lib:/home/catcyber02/Mobile-Robots-2026-1/ros2_ws/install/simple_move:/home/catcyber02/Mobile-Robots-2026-1/ros2_ws/install/path_planner:/home/catcyber02/Mobile-Robots-2026-1/ros2_ws/install/map_augmenter:/opt/ros/jazzy DEBUGINFOD_URLS=https://debuginfod.ubuntu.com /usr/bin/cmake --build /home/catcyber02/Mobile-Robots-2026-1/build/xarm_sdk -- -j8 -l8
[0.371s] [100%] Built target xarm_cxx_sdk
[0.878s] Invoked command in '/home/catcyber02/Mobile-Robots-2026-1/build/xarm_sdk' returned '0': CMAKE_PREFIX_PATH=${CMAKE_PREFIX_PATH}:/home/catcyber02/Mobile-Robots-2026-1/ros2_ws/install/uf_ros_lib:/home/catcyber02/Mobile-Robots-2026-1/ros2_ws/install/simple_move:/home/catcyber02/Mobile-Robots-2026-1/ros2_ws/install/path_planner:/home/catcyber02/Mobile-Robots-2026-1/ros2_ws/install/map_augmenter:/opt/ros/jazzy DEBUGINFOD_URLS=https://debuginfod.ubuntu.com /usr/bin/cmake --build /home/catcyber02/Mobile-Robots-2026-1/build/xarm_sdk -- -j8 -l8
[0.879s] Invoking command in '/home/catcyber02/Mobile-Robots-2026-1/build/xarm_sdk': CMAKE_PREFIX_PATH=${CMAKE_PREFIX_PATH}:/home/catcyber02/Mobile-Robots-2026-1/ros2_ws/install/uf_ros_lib:/home/catcyber02/Mobile-Robots-2026-1/ros2_ws/install/simple_move:/home/catcyber02/Mobile-Robots-2026-1/ros2_ws/install/path_planner:/home/catcyber02/Mobile-Robots-2026-1/ros2_ws/install/map_augmenter:/opt/ros/jazzy DEBUGINFOD_URLS=https://debuginfod.ubuntu.com /usr/bin/cmake --install /home/catcyber02/Mobile-Robots-2026-1/build/xarm_sdk
[1.130s] -- Install configuration: ""
[1.130s] -- Up-to-date: /home/catcyber02/Mobile-Robots-2026-1/install/xarm_sdk/share/xarm_sdk/environment/library_path.sh
[1.131s] -- Up-to-date: /home/catcyber02/Mobile-Robots-2026-1/install/xarm_sdk/share/xarm_sdk/environment/library_path.dsv
[1.131s] -- Up-to-date: /home/catcyber02/Mobile-Robots-2026-1/install/xarm_sdk/cxx/include
[1.131s] -- Up-to-date: /home/catcyber02/Mobile-Robots-2026-1/install/xarm_sdk/cxx/include/xarm
[1.136s] -- Up-to-date: /home/catcyber02/Mobile-Robots-2026-1/install/xarm_sdk/cxx/include/xarm/core
[1.136s] -- Up-to-date: /home/catcyber02/Mobile-Robots-2026-1/install/xarm_sdk/cxx/include/xarm/core/port
[1.136s] -- Up-to-date: /home/catcyber02/Mobile-Robots-2026-1/install/xarm_sdk/cxx/include/xarm/core/port/socket.h
[1.136s] -- Up-to-date: /home/catcyber02/Mobile-Robots-2026-1/install/xarm_sdk/cxx/include/xarm/core/port/ser.h
[1.137s] -- Up-to-date: /home/catcyber02/Mobile-Robots-2026-1/install/xarm_sdk/cxx/include/xarm/core/xarm_config.h
[1.137s] -- Up-to-date: /home/catcyber02/Mobile-Robots-2026-1/install/xarm_sdk/cxx/include/xarm/core/common
[1.137s] -- Up-to-date: /home/catcyber02/Mobile-Robots-2026-1/install/xarm_sdk/cxx/include/xarm/core/common/data_type.h
[1.137s] -- Up-to-date: /home/catcyber02/Mobile-Robots-2026-1/install/xarm_sdk/cxx/include/xarm/core/common/crc16.h
[1.138s] -- Up-to-date: /home/catcyber02/Mobile-Robots-2026-1/install/xarm_sdk/cxx/include/xarm/core/common/queue_memcpy.h
[1.138s] -- Up-to-date: /home/catcyber02/Mobile-Robots-2026-1/install/xarm_sdk/cxx/include/xarm/core/report_data.h
[1.138s] -- Up-to-date: /home/catcyber02/Mobile-Robots-2026-1/install/xarm_sdk/cxx/include/xarm/core/debug
[1.138s] -- Up-to-date: /home/catcyber02/Mobile-Robots-2026-1/install/xarm_sdk/cxx/include/xarm/core/debug/debug_print.h
[1.139s] -- Up-to-date: /home/catcyber02/Mobile-Robots-2026-1/install/xarm_sdk/cxx/include/xarm/core/instruction
[1.139s] -- Up-to-date: /home/catcyber02/Mobile-Robots-2026-1/install/xarm_sdk/cxx/include/xarm/core/instruction/servo3_config.h
[1.139s] -- Up-to-date: /home/catcyber02/Mobile-Robots-2026-1/install/xarm_sdk/cxx/include/xarm/core/instruction/uxbus_cmd_config.h
[1.144s] -- Up-to-date: /home/catcyber02/Mobile-Robots-2026-1/install/xarm_sdk/cxx/include/xarm/core/instruction/uxbus_cmd_ser.h
[1.144s] -- Up-to-date: /home/catcyber02/Mobile-Robots-2026-1/install/xarm_sdk/cxx/include/xarm/core/instruction/uxbus_cmd.h
[1.144s] -- Up-to-date: /home/catcyber02/Mobile-Robots-2026-1/install/xarm_sdk/cxx/include/xarm/core/instruction/uxbus_cmd_tcp.h
[1.144s] -- Up-to-date: /home/catcyber02/Mobile-Robots-2026-1/install/xarm_sdk/cxx/include/xarm/core/connect.h
[1.145s] -- Up-to-date: /home/catcyber02/Mobile-Robots-2026-1/install/xarm_sdk/cxx/include/xarm/core/os
[1.157s] -- Up-to-date: /home/catcyber02/Mobile-Robots-2026-1/install/xarm_sdk/cxx/include/xarm/core/os/network.h
[1.157s] -- Up-to-date: /home/catcyber02/Mobile-Robots-2026-1/install/xarm_sdk/cxx/include/xarm/core/os/bak
[1.187s] -- Up-to-date: /home/catcyber02/Mobile-Robots-2026-1/install/xarm_sdk/cxx/include/xarm/core/os/bak/thread.h
[1.188s] -- Up-to-date: /home/catcyber02/Mobile-Robots-2026-1/install/xarm_sdk/cxx/include/xarm/wrapper
[1.188s] -- Up-to-date: /home/catcyber02/Mobile-Robots-2026-1/install/xarm_sdk/cxx/include/xarm/wrapper/common
[1.188s] -- Up-to-date: /home/catcyber02/Mobile-Robots-2026-1/install/xarm_sdk/cxx/include/xarm/wrapper/common/utils.h
[1.189s] -- Up-to-date: /home/catcyber02/Mobile-Robots-2026-1/install/xarm_sdk/cxx/include/xarm/wrapper/common/timer.h
[1.189s] -- Up-to-date: /home/catcyber02/Mobile-Robots-2026-1/install/xarm_sdk/cxx/include/xarm/wrapper/xarm_api.h
[1.189s] -- Up-to-date: /home/catcyber02/Mobile-Robots-2026-1/install/xarm_sdk/cxx/include/serial
[1.190s] -- Up-to-date: /home/catcyber02/Mobile-Robots-2026-1/install/xarm_sdk/cxx/include/serial/v8stdint.h
[1.190s] -- Up-to-date: /home/catcyber02/Mobile-Robots-2026-1/install/xarm_sdk/cxx/include/serial/serial.h
[1.190s] -- Up-to-date: /home/catcyber02/Mobile-Robots-2026-1/install/xarm_sdk/cxx/include/serial/impl
[1.194s] -- Up-to-date: /home/catcyber02/Mobile-Robots-2026-1/install/xarm_sdk/cxx/include/serial/impl/unix.h
[1.194s] -- Up-to-date: /home/catcyber02/Mobile-Robots-2026-1/install/xarm_sdk/cxx/include/serial/impl/win.h
[1.195s] -- Up-to-date: /home/catcyber02/Mobile-Robots-2026-1/install/xarm_sdk/lib/libxarm_cxx_sdk.so
[1.195s] -- Up-to-date: /home/catcyber02/Mobile-Robots-2026-1/install/xarm_sdk/share/ament_index/resource_index/package_run_dependencies/xarm_sdk
[1.214s] -- Up-to-date: /home/catcyber02/Mobile-Robots-2026-1/install/xarm_sdk/share/ament_index/resource_index/parent_prefix_path/xarm_sdk
[1.217s] -- Up-to-date: /home/catcyber02/Mobile-Robots-2026-1/install/xarm_sdk/share/xarm_sdk/environment/ament_prefix_path.sh
[1.218s] -- Up-to-date: /home/catcyber02/Mobile-Robots-2026-1/install/xarm_sdk/share/xarm_sdk/environment/ament_prefix_path.dsv
[1.218s] -- Up-to-date: /home/catcyber02/Mobile-Robots-2026-1/install/xarm_sdk/share/xarm_sdk/environment/path.sh
[1.219s] -- Up-to-date: /home/catcyber02/Mobile-Robots-2026-1/install/xarm_sdk/share/xarm_sdk/environment/path.dsv
[1.219s] -- Up-to-date: /home/catcyber02/Mobile-Robots-2026-1/install/xarm_sdk/share/xarm_sdk/local_setup.bash
[1.219s] -- Up-to-date: /home/catcyber02/Mobile-Robots-2026-1/install/xarm_sdk/share/xarm_sdk/local_setup.sh
[1.234s] -- Up-to-date: /home/catcyber02/Mobile-Robots-2026-1/install/xarm_sdk/share/xarm_sdk/local_setup.zsh
[1.235s] -- Up-to-date: /home/catcyber02/Mobile-Robots-2026-1/install/xarm_sdk/share/xarm_sdk/local_setup.dsv
[1.235s] -- Installing: /home/catcyber02/Mobile-Robots-2026-1/install/xarm_sdk/share/xarm_sdk/package.dsv
[1.253s] -- Up-to-date: /home/catcyber02/Mobile-Robots-2026-1/install/xarm_sdk/share/ament_index/resource_index/packages/xarm_sdk
[1.253s] -- Up-to-date: /home/catcyber02/Mobile-Robots-2026-1/install/xarm_sdk/share/xarm_sdk/cmake/ament_cmake_export_libraries-extras.cmake
[1.254s] -- Up-to-date: /home/catcyber02/Mobile-Robots-2026-1/install/xarm_sdk/share/xarm_sdk/cmake/ament_cmake_export_include_directories-extras.cmake
[1.254s] -- Up-to-date: /home/catcyber02/Mobile-Robots-2026-1/install/xarm_sdk/share/xarm_sdk/cmake/xarm_sdkConfig.cmake
[1.254s] -- Up-to-date: /home/catcyber02/Mobile-Robots-2026-1/install/xarm_sdk/share/xarm_sdk/cmake/xarm_sdkConfig-version.cmake
[1.254s] -- Up-to-date: /home/catcyber02/Mobile-Robots-2026-1/install/xarm_sdk/share/xarm_sdk/package.xml
[1.486s] Invoked command in '/home/catcyber02/Mobile-Robots-2026-1/build/xarm_sdk' returned '0': CMAKE_PREFIX_PATH=${CMAKE_PREFIX_PATH}:/home/catcyber02/Mobile-Robots-2026-1/ros2_ws/install/uf_ros_lib:/home/catcyber02/Mobile-Robots-2026-1/ros2_ws/install/simple_move:/home/catcyber02/Mobile-Robots-2026-1/ros2_ws/install/path_planner:/home/catcyber02/Mobile-Robots-2026-1/ros2_ws/install/map_augmenter:/opt/ros/jazzy DEBUGINFOD_URLS=https://debuginfod.ubuntu.com /usr/bin/cmake --install /home/catcyber02/Mobile-Robots-2026-1/build/xarm_sdk
