[7.031s] Invoking command in '/home/catcyber02/Mobile-Robots-2026-1/ros2_ws/src/navigation/simple_move': DEBUGINFOD_URLS=https://debuginfod.ubuntu.com PYTHONPATH=/home/catcyber02/Mobile-Robots-2026-1/build/simple_move/prefix_override:/usr/lib/python3/dist-packages/colcon_core/task/python/colcon_distutils_commands:/home/catcyber02/Mobile-Robots-2026-1/install/simple_move/lib/python3.12/site-packages:${PYTHONPATH} /usr/bin/python3 -W ignore:setup.py install is deprecated -W ignore:easy_install command is deprecated setup.py egg_info --egg-base ../../../../build/simple_move build --build-base /home/catcyber02/Mobile-Robots-2026-1/build/simple_move/build install --record /home/catcyber02/Mobile-Robots-2026-1/build/simple_move/install.log --single-version-externally-managed install_data
[9.089s] running egg_info
[9.094s] creating ../../../../build/simple_move/simple_move.egg-info
[9.186s] writing ../../../../build/simple_move/simple_move.egg-info/PKG-INFO
[9.187s] writing dependency_links to ../../../../build/simple_move/simple_move.egg-info/dependency_links.txt
[9.188s] writing entry points to ../../../../build/simple_move/simple_move.egg-info/entry_points.txt
[9.189s] writing requirements to ../../../../build/simple_move/simple_move.egg-info/requires.txt
[9.192s] writing top-level names to ../../../../build/simple_move/simple_move.egg-info/top_level.txt
[9.193s] writing manifest file '../../../../build/simple_move/simple_move.egg-info/SOURCES.txt'
[9.328s] reading manifest file '../../../../build/simple_move/simple_move.egg-info/SOURCES.txt'
[9.329s] adding license file 'LICENSE'
[9.332s] writing manifest file '../../../../build/simple_move/simple_move.egg-info/SOURCES.txt'
[9.335s] running build
[9.336s] running build_py
[9.337s] creating /home/catcyber02/Mobile-Robots-2026-1/build/simple_move/build
[9.341s] creating /home/catcyber02/Mobile-Robots-2026-1/build/simple_move/build/lib
[9.342s] creating /home/catcyber02/Mobile-Robots-2026-1/build/simple_move/build/lib/simple_move
[9.343s] copying simple_move/path_follower.py -> /home/catcyber02/Mobile-Robots-2026-1/build/simple_move/build/lib/simple_move
[9.343s] copying simple_move/__init__.py -> /home/catcyber02/Mobile-Robots-2026-1/build/simple_move/build/lib/simple_move
[9.344s] copying simple_move/ros_basics.py -> /home/catcyber02/Mobile-Robots-2026-1/build/simple_move/build/lib/simple_move
[9.344s] running install
[9.460s] running install_lib
[9.658s] creating /home/catcyber02/Mobile-Robots-2026-1/install/simple_move/lib/python3.12/site-packages/simple_move
[9.658s] copying /home/catcyber02/Mobile-Robots-2026-1/build/simple_move/build/lib/simple_move/path_follower.py -> /home/catcyber02/Mobile-Robots-2026-1/install/simple_move/lib/python3.12/site-packages/simple_move
[9.658s] copying /home/catcyber02/Mobile-Robots-2026-1/build/simple_move/build/lib/simple_move/__init__.py -> /home/catcyber02/Mobile-Robots-2026-1/install/simple_move/lib/python3.12/site-packages/simple_move
[9.659s] copying /home/catcyber02/Mobile-Robots-2026-1/build/simple_move/build/lib/simple_move/ros_basics.py -> /home/catcyber02/Mobile-Robots-2026-1/install/simple_move/lib/python3.12/site-packages/simple_move
[9.660s] byte-compiling /home/catcyber02/Mobile-Robots-2026-1/install/simple_move/lib/python3.12/site-packages/simple_move/path_follower.py to path_follower.cpython-312.pyc
[9.663s] byte-compiling /home/catcyber02/Mobile-Robots-2026-1/install/simple_move/lib/python3.12/site-packages/simple_move/__init__.py to __init__.cpython-312.pyc
[9.665s] byte-compiling /home/catcyber02/Mobile-Robots-2026-1/install/simple_move/lib/python3.12/site-packages/simple_move/ros_basics.py to ros_basics.cpython-312.pyc
[9.668s] running install_data
[9.670s] creating /home/catcyber02/Mobile-Robots-2026-1/install/simple_move/share/ament_index
[9.673s] creating /home/catcyber02/Mobile-Robots-2026-1/install/simple_move/share/ament_index/resource_index
[9.676s] creating /home/catcyber02/Mobile-Robots-2026-1/install/simple_move/share/ament_index/resource_index/packages
[9.678s] copying resource/simple_move -> /home/catcyber02/Mobile-Robots-2026-1/install/simple_move/share/ament_index/resource_index/packages
[9.682s] copying package.xml -> /home/catcyber02/Mobile-Robots-2026-1/install/simple_move/share/simple_move
[9.682s] running install_egg_info
[9.751s] Copying ../../../../build/simple_move/simple_move.egg-info to /home/catcyber02/Mobile-Robots-2026-1/install/simple_move/lib/python3.12/site-packages/simple_move-0.0.0-py3.12.egg-info
[9.763s] running install_scripts
[10.587s] Installing path_follower script to /home/catcyber02/Mobile-Robots-2026-1/install/simple_move/lib/simple_move
[10.588s] Installing ros_basics script to /home/catcyber02/Mobile-Robots-2026-1/install/simple_move/lib/simple_move
[10.588s] writing list of installed files to '/home/catcyber02/Mobile-Robots-2026-1/build/simple_move/install.log'
[11.091s] Invoked command in '/home/catcyber02/Mobile-Robots-2026-1/ros2_ws/src/navigation/simple_move' returned '0': DEBUGINFOD_URLS=https://debuginfod.ubuntu.com PYTHONPATH=/home/catcyber02/Mobile-Robots-2026-1/build/simple_move/prefix_override:/usr/lib/python3/dist-packages/colcon_core/task/python/colcon_distutils_commands:/home/catcyber02/Mobile-Robots-2026-1/install/simple_move/lib/python3.12/site-packages:${PYTHONPATH} /usr/bin/python3 -W ignore:setup.py install is deprecated -W ignore:easy_install command is deprecated setup.py egg_info --egg-base ../../../../build/simple_move build --build-base /home/catcyber02/Mobile-Robots-2026-1/build/simple_move/build install --record /home/catcyber02/Mobile-Robots-2026-1/build/simple_move/install.log --single-version-externally-managed install_data
