[0.097s] Invoking command in '/home/catcyber02/Mobile-Robots-2026-1/build/config_files': CMAKE_PREFIX_PATH=${CMAKE_PREFIX_PATH}:/home/catcyber02/Mobile-Robots-2026-1/install/uf_ros_lib:/home/catcyber02/Mobile-Robots-2026-1/install/simple_move:/home/catcyber02/Mobile-Robots-2026-1/install/path_planner:/home/catcyber02/Mobile-Robots-2026-1/install/map_augmenter:/home/catcyber02/Mobile-Robots-2026-1/ros2_ws/install/path_planner:/home/catcyber02/Mobile-Robots-2026-1/ros2_ws/install/map_augmenter:/home/catcyber02/Mobile-Robots-2026-1/ros2_ws/install/uf_ros_lib:/home/catcyber02/Mobile-Robots-2026-1/ros2_ws/install/simple_move:/opt/ros/jazzy DEBUGINFOD_URLS=https://debuginfod.ubuntu.com /usr/bin/cmake --build /home/catcyber02/Mobile-Robots-2026-1/build/config_files -- -j8 -l8
[0.906s] Invoked command in '/home/catcyber02/Mobile-Robots-2026-1/build/config_files' returned '0': CMAKE_PREFIX_PATH=${CMAKE_PREFIX_PATH}:/home/catcyber02/Mobile-Robots-2026-1/install/uf_ros_lib:/home/catcyber02/Mobile-Robots-2026-1/install/simple_move:/home/catcyber02/Mobile-Robots-2026-1/install/path_planner:/home/catcyber02/Mobile-Robots-2026-1/install/map_augmenter:/home/catcyber02/Mobile-Robots-2026-1/ros2_ws/install/path_planner:/home/catcyber02/Mobile-Robots-2026-1/ros2_ws/install/map_augmenter:/home/catcyber02/Mobile-Robots-2026-1/ros2_ws/install/uf_ros_lib:/home/catcyber02/Mobile-Robots-2026-1/ros2_ws/install/simple_move:/opt/ros/jazzy DEBUGINFOD_URLS=https://debuginfod.ubuntu.com /usr/bin/cmake --build /home/catcyber02/Mobile-Robots-2026-1/build/config_files -- -j8 -l8
[0.909s] Invoking command in '/home/catcyber02/Mobile-Robots-2026-1/build/config_files': CMAKE_PREFIX_PATH=${CMAKE_PREFIX_PATH}:/home/catcyber02/Mobile-Robots-2026-1/install/uf_ros_lib:/home/catcyber02/Mobile-Robots-2026-1/install/simple_move:/home/catcyber02/Mobile-Robots-2026-1/install/path_planner:/home/catcyber02/Mobile-Robots-2026-1/install/map_augmenter:/home/catcyber02/Mobile-Robots-2026-1/ros2_ws/install/path_planner:/home/catcyber02/Mobile-Robots-2026-1/ros2_ws/install/map_augmenter:/home/catcyber02/Mobile-Robots-2026-1/ros2_ws/install/uf_ros_lib:/home/catcyber02/Mobile-Robots-2026-1/ros2_ws/install/simple_move:/opt/ros/jazzy DEBUGINFOD_URLS=https://debuginfod.ubuntu.com /usr/bin/cmake --install /home/catcyber02/Mobile-Robots-2026-1/build/config_files
[1.059s] -- Install configuration: ""
[1.061s] -- Up-to-date: /home/catcyber02/Mobile-Robots-2026-1/install/config_files/share/config_files/rviz
[1.062s] -- Up-to-date: /home/catcyber02/Mobile-Robots-2026-1/install/config_files/share/config_files/rviz/simple_house.rviz
[1.066s] -- Up-to-date: /home/catcyber02/Mobile-Robots-2026-1/install/config_files/share/config_files/navigation
[1.071s] -- Up-to-date: /home/catcyber02/Mobile-Robots-2026-1/install/config_files/share/config_files/navigation/simple_house.pgm
[1.071s] -- Up-to-date: /home/catcyber02/Mobile-Robots-2026-1/install/config_files/share/config_files/navigation/simple_house.yaml
[1.071s] -- Up-to-date: /home/catcyber02/Mobile-Robots-2026-1/install/config_files/share/config_files/navigation/mapper_params.yaml
[1.071s] -- Up-to-date: /home/catcyber02/Mobile-Robots-2026-1/install/config_files/share/ament_index/resource_index/package_run_dependencies/config_files
[1.072s] -- Up-to-date: /home/catcyber02/Mobile-Robots-2026-1/install/config_files/share/ament_index/resource_index/parent_prefix_path/config_files
[1.074s] -- Up-to-date: /home/catcyber02/Mobile-Robots-2026-1/install/config_files/share/config_files/environment/ament_prefix_path.sh
[1.085s] -- Up-to-date: /home/catcyber02/Mobile-Robots-2026-1/install/config_files/share/config_files/environment/ament_prefix_path.dsv
[1.086s] -- Up-to-date: /home/catcyber02/Mobile-Robots-2026-1/install/config_files/share/config_files/environment/path.sh
[1.089s] -- Up-to-date: /home/catcyber02/Mobile-Robots-2026-1/install/config_files/share/config_files/environment/path.dsv
[1.090s] -- Up-to-date: /home/catcyber02/Mobile-Robots-2026-1/install/config_files/share/config_files/local_setup.bash
[1.093s] -- Up-to-date: /home/catcyber02/Mobile-Robots-2026-1/install/config_files/share/config_files/local_setup.sh
[1.095s] -- Up-to-date: /home/catcyber02/Mobile-Robots-2026-1/install/config_files/share/config_files/local_setup.zsh
[1.099s] -- Up-to-date: /home/catcyber02/Mobile-Robots-2026-1/install/config_files/share/config_files/local_setup.dsv
[1.103s] -- Installing: /home/catcyber02/Mobile-Robots-2026-1/install/config_files/share/config_files/package.dsv
[1.105s] -- Up-to-date: /home/catcyber02/Mobile-Robots-2026-1/install/config_files/share/ament_index/resource_index/packages/config_files
[1.106s] -- Up-to-date: /home/catcyber02/Mobile-Robots-2026-1/install/config_files/share/config_files/cmake/config_filesConfig.cmake
[1.106s] -- Up-to-date: /home/catcyber02/Mobile-Robots-2026-1/install/config_files/share/config_files/cmake/config_filesConfig-version.cmake
[1.108s] -- Up-to-date: /home/catcyber02/Mobile-Robots-2026-1/install/config_files/share/config_files/package.xml
[1.473s] Invoked command in '/home/catcyber02/Mobile-Robots-2026-1/build/config_files' returned '0': CMAKE_PREFIX_PATH=${CMAKE_PREFIX_PATH}:/home/catcyber02/Mobile-Robots-2026-1/install/uf_ros_lib:/home/catcyber02/Mobile-Robots-2026-1/install/simple_move:/home/catcyber02/Mobile-Robots-2026-1/install/path_planner:/home/catcyber02/Mobile-Robots-2026-1/install/map_augmenter:/home/catcyber02/Mobile-Robots-2026-1/ros2_ws/install/path_planner:/home/catcyber02/Mobile-Robots-2026-1/ros2_ws/install/map_augmenter:/home/catcyber02/Mobile-Robots-2026-1/ros2_ws/install/uf_ros_lib:/home/catcyber02/Mobile-Robots-2026-1/ros2_ws/install/simple_move:/opt/ros/jazzy DEBUGINFOD_URLS=https://debuginfod.ubuntu.com /usr/bin/cmake --install /home/catcyber02/Mobile-Robots-2026-1/build/config_files
