[0.080s] Invoking command in '/home/catcyber02/Mobile-Robots-2026-1/build/justina_description': CMAKE_PREFIX_PATH=${CMAKE_PREFIX_PATH}:/home/catcyber02/Mobile-Robots-2026-1/ros2_ws/install/uf_ros_lib:/home/catcyber02/Mobile-Robots-2026-1/ros2_ws/install/simple_move:/opt/ros/jazzy DEBUGINFOD_URLS=https://debuginfod.ubuntu.com /usr/bin/cmake --build /home/catcyber02/Mobile-Robots-2026-1/build/justina_description -- -j8 -l8
[0.806s] Invoked command in '/home/catcyber02/Mobile-Robots-2026-1/build/justina_description' returned '0': CMAKE_PREFIX_PATH=${CMAKE_PREFIX_PATH}:/home/catcyber02/Mobile-Robots-2026-1/ros2_ws/install/uf_ros_lib:/home/catcyber02/Mobile-Robots-2026-1/ros2_ws/install/simple_move:/opt/ros/jazzy DEBUGINFOD_URLS=https://debuginfod.ubuntu.com /usr/bin/cmake --build /home/catcyber02/Mobile-Robots-2026-1/build/justina_description -- -j8 -l8
[0.809s] Invoking command in '/home/catcyber02/Mobile-Robots-2026-1/build/justina_description': CMAKE_PREFIX_PATH=${CMAKE_PREFIX_PATH}:/home/catcyber02/Mobile-Robots-2026-1/ros2_ws/install/uf_ros_lib:/home/catcyber02/Mobile-Robots-2026-1/ros2_ws/install/simple_move:/opt/ros/jazzy DEBUGINFOD_URLS=https://debuginfod.ubuntu.com /usr/bin/cmake --install /home/catcyber02/Mobile-Robots-2026-1/build/justina_description
[0.852s] -- Install configuration: ""
[0.853s] -- Up-to-date: /home/catcyber02/Mobile-Robots-2026-1/install/justina_description/share/justina_description/urdf
[0.853s] -- Up-to-date: /home/catcyber02/Mobile-Robots-2026-1/install/justina_description/share/justina_description/urdf/justina.xacro
[0.853s] -- Up-to-date: /home/catcyber02/Mobile-Robots-2026-1/install/justina_description/share/justina_description/urdf/justina_base.xacro
[0.854s] -- Up-to-date: /home/catcyber02/Mobile-Robots-2026-1/install/justina_description/share/ament_index/resource_index/package_run_dependencies/justina_description
[0.854s] -- Up-to-date: /home/catcyber02/Mobile-Robots-2026-1/install/justina_description/share/ament_index/resource_index/parent_prefix_path/justina_description
[0.854s] -- Up-to-date: /home/catcyber02/Mobile-Robots-2026-1/install/justina_description/share/justina_description/environment/ament_prefix_path.sh
[0.854s] -- Up-to-date: /home/catcyber02/Mobile-Robots-2026-1/install/justina_description/share/justina_description/environment/ament_prefix_path.dsv
[0.855s] -- Up-to-date: /home/catcyber02/Mobile-Robots-2026-1/install/justina_description/share/justina_description/environment/path.sh
[0.863s] -- Up-to-date: /home/catcyber02/Mobile-Robots-2026-1/install/justina_description/share/justina_description/environment/path.dsv
[0.864s] -- Up-to-date: /home/catcyber02/Mobile-Robots-2026-1/install/justina_description/share/justina_description/local_setup.bash
[0.866s] -- Up-to-date: /home/catcyber02/Mobile-Robots-2026-1/install/justina_description/share/justina_description/local_setup.sh
[0.867s] -- Up-to-date: /home/catcyber02/Mobile-Robots-2026-1/install/justina_description/share/justina_description/local_setup.zsh
[0.870s] -- Up-to-date: /home/catcyber02/Mobile-Robots-2026-1/install/justina_description/share/justina_description/local_setup.dsv
[0.872s] -- Installing: /home/catcyber02/Mobile-Robots-2026-1/install/justina_description/share/justina_description/package.dsv
[0.874s] -- Up-to-date: /home/catcyber02/Mobile-Robots-2026-1/install/justina_description/share/ament_index/resource_index/packages/justina_description
[0.874s] -- Up-to-date: /home/catcyber02/Mobile-Robots-2026-1/install/justina_description/share/justina_description/cmake/justina_descriptionConfig.cmake
[0.875s] -- Up-to-date: /home/catcyber02/Mobile-Robots-2026-1/install/justina_description/share/justina_description/cmake/justina_descriptionConfig-version.cmake
[0.876s] -- Up-to-date: /home/catcyber02/Mobile-Robots-2026-1/install/justina_description/share/justina_description/package.xml
[1.393s] Invoked command in '/home/catcyber02/Mobile-Robots-2026-1/build/justina_description' returned '0': CMAKE_PREFIX_PATH=${CMAKE_PREFIX_PATH}:/home/catcyber02/Mobile-Robots-2026-1/ros2_ws/install/uf_ros_lib:/home/catcyber02/Mobile-Robots-2026-1/ros2_ws/install/simple_move:/opt/ros/jazzy DEBUGINFOD_URLS=https://debuginfod.ubuntu.com /usr/bin/cmake --install /home/catcyber02/Mobile-Robots-2026-1/build/justina_description
