[0.095s] Invoking command in '/home/quarcks/Mobile-Robots-2026-1/build/justina_description': CMAKE_PREFIX_PATH=${CMAKE_PREFIX_PATH}:/home/quarcks/Mobile-Robots-2026-1/install/uf_ros_lib:/home/quarcks/Mobile-Robots-2026-1/install/simple_move:/home/quarcks/Mobile-Robots-2026-1/install/path_planner:/home/quarcks/Mobile-Robots-2026-1/install/map_augmenter:/home/quarcks/Mobile-Robots-2026-1/ros2_ws/install/uf_ros_lib:/home/quarcks/Mobile-Robots-2026-1/ros2_ws/install/simple_move:/opt/ros/jazzy DEBUGINFOD_URLS=https://debuginfod.ubuntu.com /usr/bin/cmake --build /home/quarcks/Mobile-Robots-2026-1/build/justina_description -- -j12 -l12
[1.266s] Invoked command in '/home/quarcks/Mobile-Robots-2026-1/build/justina_description' returned '0': CMAKE_PREFIX_PATH=${CMAKE_PREFIX_PATH}:/home/quarcks/Mobile-Robots-2026-1/install/uf_ros_lib:/home/quarcks/Mobile-Robots-2026-1/install/simple_move:/home/quarcks/Mobile-Robots-2026-1/install/path_planner:/home/quarcks/Mobile-Robots-2026-1/install/map_augmenter:/home/quarcks/Mobile-Robots-2026-1/ros2_ws/install/uf_ros_lib:/home/quarcks/Mobile-Robots-2026-1/ros2_ws/install/simple_move:/opt/ros/jazzy DEBUGINFOD_URLS=https://debuginfod.ubuntu.com /usr/bin/cmake --build /home/quarcks/Mobile-Robots-2026-1/build/justina_description -- -j12 -l12
[1.269s] Invoking command in '/home/quarcks/Mobile-Robots-2026-1/build/justina_description': CMAKE_PREFIX_PATH=${CMAKE_PREFIX_PATH}:/home/quarcks/Mobile-Robots-2026-1/install/uf_ros_lib:/home/quarcks/Mobile-Robots-2026-1/install/simple_move:/home/quarcks/Mobile-Robots-2026-1/install/path_planner:/home/quarcks/Mobile-Robots-2026-1/install/map_augmenter:/home/quarcks/Mobile-Robots-2026-1/ros2_ws/install/uf_ros_lib:/home/quarcks/Mobile-Robots-2026-1/ros2_ws/install/simple_move:/opt/ros/jazzy DEBUGINFOD_URLS=https://debuginfod.ubuntu.com /usr/bin/cmake --install /home/quarcks/Mobile-Robots-2026-1/build/justina_description
[1.784s] -- Install configuration: ""
[1.785s] -- Up-to-date: /home/quarcks/Mobile-Robots-2026-1/install/justina_description/share/justina_description/urdf
[1.785s] -- Up-to-date: /home/quarcks/Mobile-Robots-2026-1/install/justina_description/share/justina_description/urdf/justina_base.xacro
[1.785s] -- Up-to-date: /home/quarcks/Mobile-Robots-2026-1/install/justina_description/share/justina_description/urdf/justina.xacro
[1.785s] -- Up-to-date: /home/quarcks/Mobile-Robots-2026-1/install/justina_description/share/ament_index/resource_index/package_run_dependencies/justina_description
[1.785s] -- Up-to-date: /home/quarcks/Mobile-Robots-2026-1/install/justina_description/share/ament_index/resource_index/parent_prefix_path/justina_description
[1.785s] -- Up-to-date: /home/quarcks/Mobile-Robots-2026-1/install/justina_description/share/justina_description/environment/ament_prefix_path.sh
[1.786s] -- Up-to-date: /home/quarcks/Mobile-Robots-2026-1/install/justina_description/share/justina_description/environment/ament_prefix_path.dsv
[1.786s] -- Up-to-date: /home/quarcks/Mobile-Robots-2026-1/install/justina_description/share/justina_description/environment/path.sh
[1.786s] -- Up-to-date: /home/quarcks/Mobile-Robots-2026-1/install/justina_description/share/justina_description/environment/path.dsv
[1.786s] -- Up-to-date: /home/quarcks/Mobile-Robots-2026-1/install/justina_description/share/justina_description/local_setup.bash
[1.787s] -- Up-to-date: /home/quarcks/Mobile-Robots-2026-1/install/justina_description/share/justina_description/local_setup.sh
[1.787s] -- Up-to-date: /home/quarcks/Mobile-Robots-2026-1/install/justina_description/share/justina_description/local_setup.zsh
[1.787s] -- Up-to-date: /home/quarcks/Mobile-Robots-2026-1/install/justina_description/share/justina_description/local_setup.dsv
[1.788s] -- Installing: /home/quarcks/Mobile-Robots-2026-1/install/justina_description/share/justina_description/package.dsv
[1.788s] -- Up-to-date: /home/quarcks/Mobile-Robots-2026-1/install/justina_description/share/ament_index/resource_index/packages/justina_description
[1.788s] -- Up-to-date: /home/quarcks/Mobile-Robots-2026-1/install/justina_description/share/justina_description/cmake/justina_descriptionConfig.cmake
[1.788s] -- Up-to-date: /home/quarcks/Mobile-Robots-2026-1/install/justina_description/share/justina_description/cmake/justina_descriptionConfig-version.cmake
[1.789s] -- Up-to-date: /home/quarcks/Mobile-Robots-2026-1/install/justina_description/share/justina_description/package.xml
[2.021s] Invoked command in '/home/quarcks/Mobile-Robots-2026-1/build/justina_description' returned '0': CMAKE_PREFIX_PATH=${CMAKE_PREFIX_PATH}:/home/quarcks/Mobile-Robots-2026-1/install/uf_ros_lib:/home/quarcks/Mobile-Robots-2026-1/install/simple_move:/home/quarcks/Mobile-Robots-2026-1/install/path_planner:/home/quarcks/Mobile-Robots-2026-1/install/map_augmenter:/home/quarcks/Mobile-Robots-2026-1/ros2_ws/install/uf_ros_lib:/home/quarcks/Mobile-Robots-2026-1/ros2_ws/install/simple_move:/opt/ros/jazzy DEBUGINFOD_URLS=https://debuginfod.ubuntu.com /usr/bin/cmake --install /home/quarcks/Mobile-Robots-2026-1/build/justina_description
