[0.085s] Invoking command in '/home/catcyber02/Mobile-Robots-2026-1/build/config_files': CMAKE_PREFIX_PATH=${CMAKE_PREFIX_PATH}:/home/catcyber02/Mobile-Robots-2026-1/ros2_ws/install/uf_ros_lib:/home/catcyber02/Mobile-Robots-2026-1/ros2_ws/install/simple_move:/opt/ros/jazzy DEBUGINFOD_URLS=https://debuginfod.ubuntu.com /usr/bin/cmake --build /home/catcyber02/Mobile-Robots-2026-1/build/config_files -- -j8 -l8
[0.813s] Invoked command in '/home/catcyber02/Mobile-Robots-2026-1/build/config_files' returned '0': CMAKE_PREFIX_PATH=${CMAKE_PREFIX_PATH}:/home/catcyber02/Mobile-Robots-2026-1/ros2_ws/install/uf_ros_lib:/home/catcyber02/Mobile-Robots-2026-1/ros2_ws/install/simple_move:/opt/ros/jazzy DEBUGINFOD_URLS=https://debuginfod.ubuntu.com /usr/bin/cmake --build /home/catcyber02/Mobile-Robots-2026-1/build/config_files -- -j8 -l8
[0.837s] Invoking command in '/home/catcyber02/Mobile-Robots-2026-1/build/config_files': CMAKE_PREFIX_PATH=${CMAKE_PREFIX_PATH}:/home/catcyber02/Mobile-Robots-2026-1/ros2_ws/install/uf_ros_lib:/home/catcyber02/Mobile-Robots-2026-1/ros2_ws/install/simple_move:/opt/ros/jazzy DEBUGINFOD_URLS=https://debuginfod.ubuntu.com /usr/bin/cmake --install /home/catcyber02/Mobile-Robots-2026-1/build/config_files
[0.873s] -- Install configuration: ""
[0.884s] -- Up-to-date: /home/catcyber02/Mobile-Robots-2026-1/install/config_files/share/config_files/rviz
[0.893s] -- Up-to-date: /home/catcyber02/Mobile-Robots-2026-1/install/config_files/share/config_files/rviz/simple_house.rviz
[0.895s] -- Up-to-date: /home/catcyber02/Mobile-Robots-2026-1/install/config_files/share/config_files/navigation
[0.899s] -- Up-to-date: /home/catcyber02/Mobile-Robots-2026-1/install/config_files/share/config_files/navigation/simple_house.pgm
[0.902s] -- Up-to-date: /home/catcyber02/Mobile-Robots-2026-1/install/config_files/share/config_files/navigation/simple_house.yaml
[0.908s] -- Up-to-date: /home/catcyber02/Mobile-Robots-2026-1/install/config_files/share/config_files/navigation/mapper_params.yaml
[0.910s] -- Up-to-date: /home/catcyber02/Mobile-Robots-2026-1/install/config_files/share/ament_index/resource_index/package_run_dependencies/config_files
[0.911s] -- Up-to-date: /home/catcyber02/Mobile-Robots-2026-1/install/config_files/share/ament_index/resource_index/parent_prefix_path/config_files
[0.911s] -- Up-to-date: /home/catcyber02/Mobile-Robots-2026-1/install/config_files/share/config_files/environment/ament_prefix_path.sh
[0.911s] -- Up-to-date: /home/catcyber02/Mobile-Robots-2026-1/install/config_files/share/config_files/environment/ament_prefix_path.dsv
[0.912s] -- Up-to-date: /home/catcyber02/Mobile-Robots-2026-1/install/config_files/share/config_files/environment/path.sh
[0.912s] -- Up-to-date: /home/catcyber02/Mobile-Robots-2026-1/install/config_files/share/config_files/environment/path.dsv
[0.912s] -- Up-to-date: /home/catcyber02/Mobile-Robots-2026-1/install/config_files/share/config_files/local_setup.bash
[0.912s] -- Up-to-date: /home/catcyber02/Mobile-Robots-2026-1/install/config_files/share/config_files/local_setup.sh
[0.912s] -- Up-to-date: /home/catcyber02/Mobile-Robots-2026-1/install/config_files/share/config_files/local_setup.zsh
[0.913s] -- Up-to-date: /home/catcyber02/Mobile-Robots-2026-1/install/config_files/share/config_files/local_setup.dsv
[0.913s] -- Installing: /home/catcyber02/Mobile-Robots-2026-1/install/config_files/share/config_files/package.dsv
[0.919s] -- Up-to-date: /home/catcyber02/Mobile-Robots-2026-1/install/config_files/share/ament_index/resource_index/packages/config_files
[0.920s] -- Up-to-date: /home/catcyber02/Mobile-Robots-2026-1/install/config_files/share/config_files/cmake/config_filesConfig.cmake
[0.922s] -- Up-to-date: /home/catcyber02/Mobile-Robots-2026-1/install/config_files/share/config_files/cmake/config_filesConfig-version.cmake
[0.923s] -- Up-to-date: /home/catcyber02/Mobile-Robots-2026-1/install/config_files/share/config_files/package.xml
[1.168s] Invoked command in '/home/catcyber02/Mobile-Robots-2026-1/build/config_files' returned '0': CMAKE_PREFIX_PATH=${CMAKE_PREFIX_PATH}:/home/catcyber02/Mobile-Robots-2026-1/ros2_ws/install/uf_ros_lib:/home/catcyber02/Mobile-Robots-2026-1/ros2_ws/install/simple_move:/opt/ros/jazzy DEBUGINFOD_URLS=https://debuginfod.ubuntu.com /usr/bin/cmake --install /home/catcyber02/Mobile-Robots-2026-1/build/config_files
