[2.163s] Invoking command in '/home/quarcks/Mobile-Robots-2026-1/ros2_ws/src/navigation/simple_move': DEBUGINFOD_URLS=https://debuginfod.ubuntu.com PYTHONPATH=/home/quarcks/Mobile-Robots-2026-1/build/simple_move/prefix_override:/usr/lib/python3/dist-packages/colcon_core/task/python/colcon_distutils_commands:/home/quarcks/Mobile-Robots-2026-1/install/simple_move/lib/python3.12/site-packages:${PYTHONPATH} /usr/bin/python3 -W ignore:setup.py install is deprecated -W ignore:easy_install command is deprecated setup.py egg_info --egg-base ../../../../build/simple_move build --build-base /home/quarcks/Mobile-Robots-2026-1/build/simple_move/build install --record /home/quarcks/Mobile-Robots-2026-1/build/simple_move/install.log --single-version-externally-managed install_data
[3.066s] running egg_info
[3.067s] creating ../../../../build/simple_move/simple_move.egg-info
[3.148s] writing ../../../../build/simple_move/simple_move.egg-info/PKG-INFO
[3.148s] writing dependency_links to ../../../../build/simple_move/simple_move.egg-info/dependency_links.txt
[3.149s] writing entry points to ../../../../build/simple_move/simple_move.egg-info/entry_points.txt
[3.149s] writing requirements to ../../../../build/simple_move/simple_move.egg-info/requires.txt
[3.152s] writing top-level names to ../../../../build/simple_move/simple_move.egg-info/top_level.txt
[3.153s] writing manifest file '../../../../build/simple_move/simple_move.egg-info/SOURCES.txt'
[3.272s] reading manifest file '../../../../build/simple_move/simple_move.egg-info/SOURCES.txt'
[3.272s] adding license file 'LICENSE'
[3.273s] writing manifest file '../../../../build/simple_move/simple_move.egg-info/SOURCES.txt'
[3.274s] running build
[3.274s] running build_py
[3.274s] creating /home/quarcks/Mobile-Robots-2026-1/build/simple_move/build
[3.274s] creating /home/quarcks/Mobile-Robots-2026-1/build/simple_move/build/lib
[3.274s] creating /home/quarcks/Mobile-Robots-2026-1/build/simple_move/build/lib/simple_move
[3.274s] copying simple_move/path_follower.py -> /home/quarcks/Mobile-Robots-2026-1/build/simple_move/build/lib/simple_move
[3.275s] copying simple_move/ros_basics.py -> /home/quarcks/Mobile-Robots-2026-1/build/simple_move/build/lib/simple_move
[3.275s] copying simple_move/__init__.py -> /home/quarcks/Mobile-Robots-2026-1/build/simple_move/build/lib/simple_move
[3.277s] running install
[3.290s] running install_lib
[3.383s] creating /home/quarcks/Mobile-Robots-2026-1/install/simple_move/lib/python3.12/site-packages/simple_move
[3.384s] copying /home/quarcks/Mobile-Robots-2026-1/build/simple_move/build/lib/simple_move/path_follower.py -> /home/quarcks/Mobile-Robots-2026-1/install/simple_move/lib/python3.12/site-packages/simple_move
[3.385s] copying /home/quarcks/Mobile-Robots-2026-1/build/simple_move/build/lib/simple_move/ros_basics.py -> /home/quarcks/Mobile-Robots-2026-1/install/simple_move/lib/python3.12/site-packages/simple_move
[3.385s] copying /home/quarcks/Mobile-Robots-2026-1/build/simple_move/build/lib/simple_move/__init__.py -> /home/quarcks/Mobile-Robots-2026-1/install/simple_move/lib/python3.12/site-packages/simple_move
[3.386s] byte-compiling /home/quarcks/Mobile-Robots-2026-1/install/simple_move/lib/python3.12/site-packages/simple_move/path_follower.py to path_follower.cpython-312.pyc
[3.387s] byte-compiling /home/quarcks/Mobile-Robots-2026-1/install/simple_move/lib/python3.12/site-packages/simple_move/ros_basics.py to ros_basics.cpython-312.pyc
[3.389s] byte-compiling /home/quarcks/Mobile-Robots-2026-1/install/simple_move/lib/python3.12/site-packages/simple_move/__init__.py to __init__.cpython-312.pyc
[3.389s] running install_data
[3.392s] creating /home/quarcks/Mobile-Robots-2026-1/install/simple_move/share/ament_index
[3.392s] creating /home/quarcks/Mobile-Robots-2026-1/install/simple_move/share/ament_index/resource_index
[3.392s] creating /home/quarcks/Mobile-Robots-2026-1/install/simple_move/share/ament_index/resource_index/packages
[3.392s] copying resource/simple_move -> /home/quarcks/Mobile-Robots-2026-1/install/simple_move/share/ament_index/resource_index/packages
[3.393s] copying package.xml -> /home/quarcks/Mobile-Robots-2026-1/install/simple_move/share/simple_move
[3.393s] running install_egg_info
[3.500s] Copying ../../../../build/simple_move/simple_move.egg-info to /home/quarcks/Mobile-Robots-2026-1/install/simple_move/lib/python3.12/site-packages/simple_move-0.0.0-py3.12.egg-info
[3.507s] running install_scripts
[3.822s] Installing path_follower script to /home/quarcks/Mobile-Robots-2026-1/install/simple_move/lib/simple_move
[3.823s] Installing ros_basics script to /home/quarcks/Mobile-Robots-2026-1/install/simple_move/lib/simple_move
[3.823s] writing list of installed files to '/home/quarcks/Mobile-Robots-2026-1/build/simple_move/install.log'
[3.900s] Invoked command in '/home/quarcks/Mobile-Robots-2026-1/ros2_ws/src/navigation/simple_move' returned '0': DEBUGINFOD_URLS=https://debuginfod.ubuntu.com PYTHONPATH=/home/quarcks/Mobile-Robots-2026-1/build/simple_move/prefix_override:/usr/lib/python3/dist-packages/colcon_core/task/python/colcon_distutils_commands:/home/quarcks/Mobile-Robots-2026-1/install/simple_move/lib/python3.12/site-packages:${PYTHONPATH} /usr/bin/python3 -W ignore:setup.py install is deprecated -W ignore:easy_install command is deprecated setup.py egg_info --egg-base ../../../../build/simple_move build --build-base /home/quarcks/Mobile-Robots-2026-1/build/simple_move/build install --record /home/quarcks/Mobile-Robots-2026-1/build/simple_move/install.log --single-version-externally-managed install_data
