running egg_info
writing ../../../../build/map_augmenter/map_augmenter.egg-info/PKG-INFO
writing dependency_links to ../../../../build/map_augmenter/map_augmenter.egg-info/dependency_links.txt
writing entry points to ../../../../build/map_augmenter/map_augmenter.egg-info/entry_points.txt
writing requirements to ../../../../build/map_augmenter/map_augmenter.egg-info/requires.txt
writing top-level names to ../../../../build/map_augmenter/map_augmenter.egg-info/top_level.txt
reading manifest file '../../../../build/map_augmenter/map_augmenter.egg-info/SOURCES.txt'
adding license file 'LICENSE'
writing manifest file '../../../../build/map_augmenter/map_augmenter.egg-info/SOURCES.txt'
running build
running build_py
running install
running install_lib
running install_data
running install_egg_info
removing '/home/catcyber02/Mobile-Robots-2026-1/install/map_augmenter/lib/python3.12/site-packages/map_augmenter-0.0.0-py3.12.egg-info' (and everything under it)
Copying ../../../../build/map_augmenter/map_augmenter.egg-info to /home/catcyber02/Mobile-Robots-2026-1/install/map_augmenter/lib/python3.12/site-packages/map_augmenter-0.0.0-py3.12.egg-info
running install_scripts
Installing gvd script to /home/catcyber02/Mobile-Robots-2026-1/install/map_augmenter/lib/map_augmenter
Installing gvd_solved script to /home/catcyber02/Mobile-Robots-2026-1/install/map_augmenter/lib/map_augmenter
Installing map_inflater script to /home/catcyber02/Mobile-Robots-2026-1/install/map_augmenter/lib/map_augmenter
Installing map_inflater_solved script to /home/catcyber02/Mobile-Robots-2026-1/install/map_augmenter/lib/map_augmenter
Installing split_and_merge script to /home/catcyber02/Mobile-Robots-2026-1/install/map_augmenter/lib/map_augmenter
Installing split_and_merge_solved script to /home/catcyber02/Mobile-Robots-2026-1/install/map_augmenter/lib/map_augmenter
writing list of installed files to '/home/catcyber02/Mobile-Robots-2026-1/build/map_augmenter/install.log'
