[0.065s] Invoking command in '/home/catcyber02/Mobile-Robots-2026-1/build/xarm_sdk': CMAKE_PREFIX_PATH=${CMAKE_PREFIX_PATH}:/home/catcyber02/Mobile-Robots-2026-1/ros2_ws/install/uf_ros_lib:/home/catcyber02/Mobile-Robots-2026-1/ros2_ws/install/simple_move:/home/catcyber02/Mobile-Robots-2026-1/ros2_ws/install/path_planner:/home/catcyber02/Mobile-Robots-2026-1/ros2_ws/install/map_augmenter:/opt/ros/jazzy DEBUGINFOD_URLS=https://debuginfod.ubuntu.com /usr/bin/cmake --build /home/catcyber02/Mobile-Robots-2026-1/build/xarm_sdk -- -j8 -l8
[0.207s] [100%] Built target xarm_cxx_sdk
[0.605s] Invoked command in '/home/catcyber02/Mobile-Robots-2026-1/build/xarm_sdk' returned '0': CMAKE_PREFIX_PATH=${CMAKE_PREFIX_PATH}:/home/catcyber02/Mobile-Robots-2026-1/ros2_ws/install/uf_ros_lib:/home/catcyber02/Mobile-Robots-2026-1/ros2_ws/install/simple_move:/home/catcyber02/Mobile-Robots-2026-1/ros2_ws/install/path_planner:/home/catcyber02/Mobile-Robots-2026-1/ros2_ws/install/map_augmenter:/opt/ros/jazzy DEBUGINFOD_URLS=https://debuginfod.ubuntu.com /usr/bin/cmake --build /home/catcyber02/Mobile-Robots-2026-1/build/xarm_sdk -- -j8 -l8
[0.609s] Invoking command in '/home/catcyber02/Mobile-Robots-2026-1/build/xarm_sdk': CMAKE_PREFIX_PATH=${CMAKE_PREFIX_PATH}:/home/catcyber02/Mobile-Robots-2026-1/ros2_ws/install/uf_ros_lib:/home/catcyber02/Mobile-Robots-2026-1/ros2_ws/install/simple_move:/home/catcyber02/Mobile-Robots-2026-1/ros2_ws/install/path_planner:/home/catcyber02/Mobile-Robots-2026-1/ros2_ws/install/map_augmenter:/opt/ros/jazzy DEBUGINFOD_URLS=https://debuginfod.ubuntu.com /usr/bin/cmake --install /home/catcyber02/Mobile-Robots-2026-1/build/xarm_sdk
[0.766s] -- Install configuration: ""
[0.766s] -- Up-to-date: /home/catcyber02/Mobile-Robots-2026-1/install/xarm_sdk/share/xarm_sdk/environment/library_path.sh
[0.766s] -- Up-to-date: /home/catcyber02/Mobile-Robots-2026-1/install/xarm_sdk/share/xarm_sdk/environment/library_path.dsv
[0.766s] -- Up-to-date: /home/catcyber02/Mobile-Robots-2026-1/install/xarm_sdk/cxx/include
[0.767s] -- Up-to-date: /home/catcyber02/Mobile-Robots-2026-1/install/xarm_sdk/cxx/include/xarm
[0.767s] -- Up-to-date: /home/catcyber02/Mobile-Robots-2026-1/install/xarm_sdk/cxx/include/xarm/core
[0.767s] -- Up-to-date: /home/catcyber02/Mobile-Robots-2026-1/install/xarm_sdk/cxx/include/xarm/core/port
[0.767s] -- Up-to-date: /home/catcyber02/Mobile-Robots-2026-1/install/xarm_sdk/cxx/include/xarm/core/port/socket.h
[0.767s] -- Up-to-date: /home/catcyber02/Mobile-Robots-2026-1/install/xarm_sdk/cxx/include/xarm/core/port/ser.h
[0.768s] -- Up-to-date: /home/catcyber02/Mobile-Robots-2026-1/install/xarm_sdk/cxx/include/xarm/core/xarm_config.h
[0.768s] -- Up-to-date: /home/catcyber02/Mobile-Robots-2026-1/install/xarm_sdk/cxx/include/xarm/core/common
[0.768s] -- Up-to-date: /home/catcyber02/Mobile-Robots-2026-1/install/xarm_sdk/cxx/include/xarm/core/common/data_type.h
[0.768s] -- Up-to-date: /home/catcyber02/Mobile-Robots-2026-1/install/xarm_sdk/cxx/include/xarm/core/common/crc16.h
[0.768s] -- Up-to-date: /home/catcyber02/Mobile-Robots-2026-1/install/xarm_sdk/cxx/include/xarm/core/common/queue_memcpy.h
[0.769s] -- Up-to-date: /home/catcyber02/Mobile-Robots-2026-1/install/xarm_sdk/cxx/include/xarm/core/report_data.h
[0.769s] -- Up-to-date: /home/catcyber02/Mobile-Robots-2026-1/install/xarm_sdk/cxx/include/xarm/core/debug
[0.769s] -- Up-to-date: /home/catcyber02/Mobile-Robots-2026-1/install/xarm_sdk/cxx/include/xarm/core/debug/debug_print.h
[0.769s] -- Up-to-date: /home/catcyber02/Mobile-Robots-2026-1/install/xarm_sdk/cxx/include/xarm/core/instruction
[0.769s] -- Up-to-date: /home/catcyber02/Mobile-Robots-2026-1/install/xarm_sdk/cxx/include/xarm/core/instruction/servo3_config.h
[0.770s] -- Up-to-date: /home/catcyber02/Mobile-Robots-2026-1/install/xarm_sdk/cxx/include/xarm/core/instruction/uxbus_cmd_config.h
[0.770s] -- Up-to-date: /home/catcyber02/Mobile-Robots-2026-1/install/xarm_sdk/cxx/include/xarm/core/instruction/uxbus_cmd_ser.h
[0.770s] -- Up-to-date: /home/catcyber02/Mobile-Robots-2026-1/install/xarm_sdk/cxx/include/xarm/core/instruction/uxbus_cmd.h
[0.771s] -- Up-to-date: /home/catcyber02/Mobile-Robots-2026-1/install/xarm_sdk/cxx/include/xarm/core/instruction/uxbus_cmd_tcp.h
[0.771s] -- Up-to-date: /home/catcyber02/Mobile-Robots-2026-1/install/xarm_sdk/cxx/include/xarm/core/connect.h
[0.772s] -- Up-to-date: /home/catcyber02/Mobile-Robots-2026-1/install/xarm_sdk/cxx/include/xarm/core/os
[0.772s] -- Up-to-date: /home/catcyber02/Mobile-Robots-2026-1/install/xarm_sdk/cxx/include/xarm/core/os/network.h
[0.772s] -- Up-to-date: /home/catcyber02/Mobile-Robots-2026-1/install/xarm_sdk/cxx/include/xarm/core/os/bak
[0.772s] -- Up-to-date: /home/catcyber02/Mobile-Robots-2026-1/install/xarm_sdk/cxx/include/xarm/core/os/bak/thread.h
[0.772s] -- Up-to-date: /home/catcyber02/Mobile-Robots-2026-1/install/xarm_sdk/cxx/include/xarm/wrapper
[0.773s] -- Up-to-date: /home/catcyber02/Mobile-Robots-2026-1/install/xarm_sdk/cxx/include/xarm/wrapper/common
[0.773s] -- Up-to-date: /home/catcyber02/Mobile-Robots-2026-1/install/xarm_sdk/cxx/include/xarm/wrapper/common/utils.h
[0.773s] -- Up-to-date: /home/catcyber02/Mobile-Robots-2026-1/install/xarm_sdk/cxx/include/xarm/wrapper/common/timer.h
[0.773s] -- Up-to-date: /home/catcyber02/Mobile-Robots-2026-1/install/xarm_sdk/cxx/include/xarm/wrapper/xarm_api.h
[0.774s] -- Up-to-date: /home/catcyber02/Mobile-Robots-2026-1/install/xarm_sdk/cxx/include/serial
[0.774s] -- Up-to-date: /home/catcyber02/Mobile-Robots-2026-1/install/xarm_sdk/cxx/include/serial/v8stdint.h
[0.774s] -- Up-to-date: /home/catcyber02/Mobile-Robots-2026-1/install/xarm_sdk/cxx/include/serial/serial.h
[0.775s] -- Up-to-date: /home/catcyber02/Mobile-Robots-2026-1/install/xarm_sdk/cxx/include/serial/impl
[0.775s] -- Up-to-date: /home/catcyber02/Mobile-Robots-2026-1/install/xarm_sdk/cxx/include/serial/impl/unix.h
[0.775s] -- Up-to-date: /home/catcyber02/Mobile-Robots-2026-1/install/xarm_sdk/cxx/include/serial/impl/win.h
[0.775s] -- Up-to-date: /home/catcyber02/Mobile-Robots-2026-1/install/xarm_sdk/lib/libxarm_cxx_sdk.so
[0.776s] -- Up-to-date: /home/catcyber02/Mobile-Robots-2026-1/install/xarm_sdk/share/ament_index/resource_index/package_run_dependencies/xarm_sdk
[0.776s] -- Up-to-date: /home/catcyber02/Mobile-Robots-2026-1/install/xarm_sdk/share/ament_index/resource_index/parent_prefix_path/xarm_sdk
[0.777s] -- Up-to-date: /home/catcyber02/Mobile-Robots-2026-1/install/xarm_sdk/share/xarm_sdk/environment/ament_prefix_path.sh
[0.778s] -- Up-to-date: /home/catcyber02/Mobile-Robots-2026-1/install/xarm_sdk/share/xarm_sdk/environment/ament_prefix_path.dsv
[0.778s] -- Up-to-date: /home/catcyber02/Mobile-Robots-2026-1/install/xarm_sdk/share/xarm_sdk/environment/path.sh
[0.778s] -- Up-to-date: /home/catcyber02/Mobile-Robots-2026-1/install/xarm_sdk/share/xarm_sdk/environment/path.dsv
[0.778s] -- Up-to-date: /home/catcyber02/Mobile-Robots-2026-1/install/xarm_sdk/share/xarm_sdk/local_setup.bash
[0.778s] -- Up-to-date: /home/catcyber02/Mobile-Robots-2026-1/install/xarm_sdk/share/xarm_sdk/local_setup.sh
[0.779s] -- Up-to-date: /home/catcyber02/Mobile-Robots-2026-1/install/xarm_sdk/share/xarm_sdk/local_setup.zsh
[0.779s] -- Up-to-date: /home/catcyber02/Mobile-Robots-2026-1/install/xarm_sdk/share/xarm_sdk/local_setup.dsv
[0.779s] -- Installing: /home/catcyber02/Mobile-Robots-2026-1/install/xarm_sdk/share/xarm_sdk/package.dsv
[0.779s] -- Up-to-date: /home/catcyber02/Mobile-Robots-2026-1/install/xarm_sdk/share/ament_index/resource_index/packages/xarm_sdk
[0.779s] -- Up-to-date: /home/catcyber02/Mobile-Robots-2026-1/install/xarm_sdk/share/xarm_sdk/cmake/ament_cmake_export_libraries-extras.cmake
[0.780s] -- Up-to-date: /home/catcyber02/Mobile-Robots-2026-1/install/xarm_sdk/share/xarm_sdk/cmake/ament_cmake_export_include_directories-extras.cmake
[0.803s] -- Up-to-date: /home/catcyber02/Mobile-Robots-2026-1/install/xarm_sdk/share/xarm_sdk/cmake/xarm_sdkConfig.cmake
[0.803s] -- Up-to-date: /home/catcyber02/Mobile-Robots-2026-1/install/xarm_sdk/share/xarm_sdk/cmake/xarm_sdkConfig-version.cmake
[0.803s] -- Up-to-date: /home/catcyber02/Mobile-Robots-2026-1/install/xarm_sdk/share/xarm_sdk/package.xml
[1.053s] Invoked command in '/home/catcyber02/Mobile-Robots-2026-1/build/xarm_sdk' returned '0': CMAKE_PREFIX_PATH=${CMAKE_PREFIX_PATH}:/home/catcyber02/Mobile-Robots-2026-1/ros2_ws/install/uf_ros_lib:/home/catcyber02/Mobile-Robots-2026-1/ros2_ws/install/simple_move:/home/catcyber02/Mobile-Robots-2026-1/ros2_ws/install/path_planner:/home/catcyber02/Mobile-Robots-2026-1/ros2_ws/install/map_augmenter:/opt/ros/jazzy DEBUGINFOD_URLS=https://debuginfod.ubuntu.com /usr/bin/cmake --install /home/catcyber02/Mobile-Robots-2026-1/build/xarm_sdk
