running egg_info
writing ../../../../build/path_planner/path_planner.egg-info/PKG-INFO
writing dependency_links to ../../../../build/path_planner/path_planner.egg-info/dependency_links.txt
writing entry points to ../../../../build/path_planner/path_planner.egg-info/entry_points.txt
writing requirements to ../../../../build/path_planner/path_planner.egg-info/requires.txt
writing top-level names to ../../../../build/path_planner/path_planner.egg-info/top_level.txt
reading manifest file '../../../../build/path_planner/path_planner.egg-info/SOURCES.txt'
adding license file 'LICENSE'
writing manifest file '../../../../build/path_planner/path_planner.egg-info/SOURCES.txt'
running build
running build_py
copying path_planner/rrt.py -> /home/catcyber02/Mobile-Robots-2026-1/build/path_planner/build/lib/path_planner
running install
running install_lib
copying /home/catcyber02/Mobile-Robots-2026-1/build/path_planner/build/lib/path_planner/rrt.py -> /home/catcyber02/Mobile-Robots-2026-1/install/path_planner/lib/python3.12/site-packages/path_planner
byte-compiling /home/catcyber02/Mobile-Robots-2026-1/install/path_planner/lib/python3.12/site-packages/path_planner/rrt.py to rrt.cpython-312.pyc
  File "/home/catcyber02/Mobile-Robots-2026-1/install/path_planner/lib/python3.12/site-packages/path_planner/rrt.py", line 92
    while goal node.parent is None and max attempts > 0 :
               ^^^^
SyntaxError: invalid syntax

running install_data
running install_egg_info
removing '/home/catcyber02/Mobile-Robots-2026-1/install/path_planner/lib/python3.12/site-packages/path_planner-0.0.0-py3.12.egg-info' (and everything under it)
Copying ../../../../build/path_planner/path_planner.egg-info to /home/catcyber02/Mobile-Robots-2026-1/install/path_planner/lib/python3.12/site-packages/path_planner-0.0.0-py3.12.egg-info
running install_scripts
Installing a_start script to /home/catcyber02/Mobile-Robots-2026-1/install/path_planner/lib/path_planner
Installing a_start_solved script to /home/catcyber02/Mobile-Robots-2026-1/install/path_planner/lib/path_planner
Installing cost_map script to /home/catcyber02/Mobile-Robots-2026-1/install/path_planner/lib/path_planner
Installing cost_map_solved script to /home/catcyber02/Mobile-Robots-2026-1/install/path_planner/lib/path_planner
Installing rrt script to /home/catcyber02/Mobile-Robots-2026-1/install/path_planner/lib/path_planner
Installing rrt_solved script to /home/catcyber02/Mobile-Robots-2026-1/install/path_planner/lib/path_planner
writing list of installed files to '/home/catcyber02/Mobile-Robots-2026-1/build/path_planner/install.log'
