[3.201s] Invoking command in '/home/catcyber02/Mobile-Robots-2026-1/ros2_ws/src/navigation/path_planner': DEBUGINFOD_URLS=https://debuginfod.ubuntu.com PYTHONPATH=/home/catcyber02/Mobile-Robots-2026-1/build/path_planner/prefix_override:/usr/lib/python3/dist-packages/colcon_core/task/python/colcon_distutils_commands:/home/catcyber02/Mobile-Robots-2026-1/install/path_planner/lib/python3.12/site-packages:${PYTHONPATH} /usr/bin/python3 -W ignore:setup.py install is deprecated -W ignore:easy_install command is deprecated setup.py egg_info --egg-base ../../../../build/path_planner build --build-base /home/catcyber02/Mobile-Robots-2026-1/build/path_planner/build install --record /home/catcyber02/Mobile-Robots-2026-1/build/path_planner/install.log --single-version-externally-managed install_data
[3.795s] running egg_info
[3.835s] writing ../../../../build/path_planner/path_planner.egg-info/PKG-INFO
[3.835s] writing dependency_links to ../../../../build/path_planner/path_planner.egg-info/dependency_links.txt
[3.836s] writing entry points to ../../../../build/path_planner/path_planner.egg-info/entry_points.txt
[3.837s] writing requirements to ../../../../build/path_planner/path_planner.egg-info/requires.txt
[3.837s] writing top-level names to ../../../../build/path_planner/path_planner.egg-info/top_level.txt
[3.924s] reading manifest file '../../../../build/path_planner/path_planner.egg-info/SOURCES.txt'
[3.924s] adding license file 'LICENSE'
[3.926s] writing manifest file '../../../../build/path_planner/path_planner.egg-info/SOURCES.txt'
[3.926s] running build
[3.926s] running build_py
[3.927s] copying path_planner/rrt.py -> /home/catcyber02/Mobile-Robots-2026-1/build/path_planner/build/lib/path_planner
[3.928s] running install
[3.940s] running install_lib
[3.984s] copying /home/catcyber02/Mobile-Robots-2026-1/build/path_planner/build/lib/path_planner/rrt.py -> /home/catcyber02/Mobile-Robots-2026-1/install/path_planner/lib/python3.12/site-packages/path_planner
[3.985s] byte-compiling /home/catcyber02/Mobile-Robots-2026-1/install/path_planner/lib/python3.12/site-packages/path_planner/rrt.py to rrt.cpython-312.pyc
[3.989s]   File "/home/catcyber02/Mobile-Robots-2026-1/install/path_planner/lib/python3.12/site-packages/path_planner/rrt.py", line 92
[3.989s]     while goal node.parent is None and max attempts > 0 :
[3.990s]                ^^^^
[3.990s] SyntaxError: invalid syntax
[3.990s] 
[3.991s] running install_data
[3.991s] running install_egg_info
[4.035s] removing '/home/catcyber02/Mobile-Robots-2026-1/install/path_planner/lib/python3.12/site-packages/path_planner-0.0.0-py3.12.egg-info' (and everything under it)
[4.036s] Copying ../../../../build/path_planner/path_planner.egg-info to /home/catcyber02/Mobile-Robots-2026-1/install/path_planner/lib/python3.12/site-packages/path_planner-0.0.0-py3.12.egg-info
[4.038s] running install_scripts
[4.320s] Installing a_start script to /home/catcyber02/Mobile-Robots-2026-1/install/path_planner/lib/path_planner
[4.321s] Installing a_start_solved script to /home/catcyber02/Mobile-Robots-2026-1/install/path_planner/lib/path_planner
[4.321s] Installing cost_map script to /home/catcyber02/Mobile-Robots-2026-1/install/path_planner/lib/path_planner
[4.322s] Installing cost_map_solved script to /home/catcyber02/Mobile-Robots-2026-1/install/path_planner/lib/path_planner
[4.322s] Installing rrt script to /home/catcyber02/Mobile-Robots-2026-1/install/path_planner/lib/path_planner
[4.322s] Installing rrt_solved script to /home/catcyber02/Mobile-Robots-2026-1/install/path_planner/lib/path_planner
[4.323s] writing list of installed files to '/home/catcyber02/Mobile-Robots-2026-1/build/path_planner/install.log'
[4.439s] Invoked command in '/home/catcyber02/Mobile-Robots-2026-1/ros2_ws/src/navigation/path_planner' returned '0': DEBUGINFOD_URLS=https://debuginfod.ubuntu.com PYTHONPATH=/home/catcyber02/Mobile-Robots-2026-1/build/path_planner/prefix_override:/usr/lib/python3/dist-packages/colcon_core/task/python/colcon_distutils_commands:/home/catcyber02/Mobile-Robots-2026-1/install/path_planner/lib/python3.12/site-packages:${PYTHONPATH} /usr/bin/python3 -W ignore:setup.py install is deprecated -W ignore:easy_install command is deprecated setup.py egg_info --egg-base ../../../../build/path_planner build --build-base /home/catcyber02/Mobile-Robots-2026-1/build/path_planner/build install --record /home/catcyber02/Mobile-Robots-2026-1/build/path_planner/install.log --single-version-externally-managed install_data
