[0.022s] Invoking command in '/home/quarcks/Mobile-Robots-2026-1/build/xarm_controller': AMENT_PREFIX_PATH=/home/quarcks/Mobile-Robots-2026-1/install/xarm_api:/home/quarcks/Mobile-Robots-2026-1/install/xarm_sdk:/home/quarcks/Mobile-Robots-2026-1/install/xarm_msgs:/home/quarcks/Mobile-Robots-2026-1/install/xarm_description:${AMENT_PREFIX_PATH} CMAKE_PREFIX_PATH=/home/quarcks/Mobile-Robots-2026-1/install/xarm_api:/home/quarcks/Mobile-Robots-2026-1/install/xarm_sdk:/home/quarcks/Mobile-Robots-2026-1/install/xarm_msgs:/home/quarcks/Mobile-Robots-2026-1/install/xarm_description:/home/quarcks/Mobile-Robots-2026-1/ros2_ws/install/xarm_controller:/home/quarcks/Mobile-Robots-2026-1/ros2_ws/install/xarm_api:/home/quarcks/Mobile-Robots-2026-1/ros2_ws/install/xarm_sdk:/home/quarcks/Mobile-Robots-2026-1/ros2_ws/install/xarm_msgs:/home/quarcks/Mobile-Robots-2026-1/ros2_ws/install/xarm_description:/home/quarcks/Mobile-Robots-2026-1/ros2_ws/install/justina_gui:/home/quarcks/Mobile-Robots-2026-1/ros2_ws/install/justina_description:/home/quarcks/Mobile-Robots-2026-1/ros2_ws/install/gazebo_envs:/home/quarcks/Mobile-Robots-2026-1/ros2_ws/install/config_files:/opt/ros/jazzy/opt/gz_sim_vendor:/opt/ros/jazzy/opt/gz_sensors_vendor:/opt/ros/jazzy/opt/gz_physics_vendor:/opt/ros/jazzy/opt/sdformat_vendor:/opt/ros/jazzy/opt/gz_gui_vendor:/opt/ros/jazzy/opt/gz_transport_vendor:/opt/ros/jazzy/opt/gz_rendering_vendor:/opt/ros/jazzy/opt/gz_plugin_vendor:/opt/ros/jazzy/opt/gz_fuel_tools_vendor:/opt/ros/jazzy/opt/gz_msgs_vendor:/opt/ros/jazzy/opt/gz_common_vendor:/opt/ros/jazzy/opt/gz_math_vendor:/opt/ros/jazzy/opt/gz_utils_vendor:/opt/ros/jazzy/opt/gz_tools_vendor:/opt/ros/jazzy/opt/gz_ogre_next_vendor:/opt/ros/jazzy/opt/gz_dartsim_vendor:/opt/ros/jazzy/opt/gz_cmake_vendor:/home/quarcks/Mobile-Robots-2026-1/ros2_ws/install/uf_ros_lib:/home/quarcks/Mobile-Robots-2026-1/ros2_ws/install/simple_move:/opt/ros/jazzy DEBUGINFOD_URLS=https://debuginfod.ubuntu.com LD_LIBRARY_PATH=/home/quarcks/Mobile-Robots-2026-1/install/xarm_api/lib:/home/quarcks/Mobile-Robots-2026-1/install/xarm_sdk/lib:/home/quarcks/Mobile-Robots-2026-1/install/xarm_msgs/lib:${LD_LIBRARY_PATH} PYTHONPATH=/home/quarcks/Mobile-Robots-2026-1/install/xarm_msgs/lib/python3.12/site-packages:${PYTHONPATH} /usr/bin/cmake /home/quarcks/Mobile-Robots-2026-1/ros2_ws/src/hardware/xarm_ros2/xarm_controller -DCMAKE_INSTALL_PREFIX=/home/quarcks/Mobile-Robots-2026-1/install/xarm_controller
[0.100s] -- The C compiler identification is GNU 13.3.0
[0.145s] -- The CXX compiler identification is GNU 13.3.0
[0.166s] -- Detecting C compiler ABI info
[0.284s] -- Detecting C compiler ABI info - done
[0.296s] -- Check for working C compiler: /usr/bin/cc - skipped
[0.296s] -- Detecting C compile features
[0.296s] -- Detecting C compile features - done
[0.305s] -- Detecting CXX compiler ABI info
[0.414s] -- Detecting CXX compiler ABI info - done
[0.424s] -- Check for working CXX compiler: /usr/bin/c++ - skipped
[0.424s] -- Detecting CXX compile features
[0.424s] -- Detecting CXX compile features - done
[0.428s] -- Found ament_cmake: 2.5.4 (/opt/ros/jazzy/share/ament_cmake/cmake)
[0.572s] -- Found Python3: /usr/bin/python3 (found version "3.12.3") found components: Interpreter 
[0.676s] -- Found ament_lint_auto: 0.17.3 (/opt/ros/jazzy/share/ament_lint_auto/cmake)
[0.782s] -- Found hardware_interface: 4.35.0 (/opt/ros/jazzy/share/hardware_interface/cmake)
[0.831s] -- Found rosidl_generator_c: 4.6.6 (/opt/ros/jazzy/share/rosidl_generator_c/cmake)
[0.845s] -- Found rosidl_generator_cpp: 4.6.6 (/opt/ros/jazzy/share/rosidl_generator_cpp/cmake)
[0.860s] -- Using all available rosidl_typesupport_c: rosidl_typesupport_fastrtps_c;rosidl_typesupport_introspection_c
[0.877s] -- Using all available rosidl_typesupport_cpp: rosidl_typesupport_fastrtps_cpp;rosidl_typesupport_introspection_cpp
[1.063s] -- Found TinyXML2 via Config file: /usr/lib/x86_64-linux-gnu/cmake/tinyxml2
[1.106s] -- Found rmw_implementation_cmake: 7.3.2 (/opt/ros/jazzy/share/rmw_implementation_cmake/cmake)
[1.110s] -- Found rmw_fastrtps_cpp: 8.4.3 (/opt/ros/jazzy/share/rmw_fastrtps_cpp/cmake)
[1.132s] -- Found TinyXML2 via Config file: /usr/lib/x86_64-linux-gnu/cmake/tinyxml2
[1.216s] -- Found OpenSSL: /usr/lib/x86_64-linux-gnu/libcrypto.so (found version "3.0.13")  
[1.220s] -- Found TinyXML2 via Config file: /usr/lib/x86_64-linux-gnu/cmake/tinyxml2
[1.243s] -- Found FastRTPS: /opt/ros/jazzy/include (Required is at least version "2.13") 
[1.245s] -- Found TinyXML2 via Config file: /usr/lib/x86_64-linux-gnu/cmake/tinyxml2
[1.256s] -- Found TinyXML2 via Config file: /usr/lib/x86_64-linux-gnu/cmake/tinyxml2
[1.273s] -- Using RMW implementation 'rmw_fastrtps_cpp' as default
[1.531s] -- Found controller_manager_msgs: 4.35.0 (/opt/ros/jazzy/share/controller_manager_msgs/cmake)
[1.557s] -- Found xarm_msgs: 0.0.0 (/home/quarcks/Mobile-Robots-2026-1/install/xarm_msgs/share/xarm_msgs/cmake)
[1.605s] -- Found xarm_api: 0.0.0 (/home/quarcks/Mobile-Robots-2026-1/install/xarm_api/share/xarm_api/cmake)
[1.606s] -- Found xarm_sdk: 0.0.0 (/home/quarcks/Mobile-Robots-2026-1/install/xarm_sdk/share/xarm_sdk/cmake)
[1.614s] -- Added test 'copyright' to check source files copyright and LICENSE
[1.615s] -- Added test 'cppcheck' to perform static code analysis on C / C++ code
[1.616s] -- Configured cppcheck include dirs: /home/quarcks/Mobile-Robots-2026-1/ros2_ws/src/hardware/xarm_ros2/xarm_controller/include
[1.616s] -- Configured cppcheck exclude dirs and/or files: 
[1.617s] -- Added test 'cpplint' to check C / C++ code against the Google style
[1.617s] -- Configured cpplint exclude dirs and/or files: 
[1.618s] -- Added test 'flake8' to check Python code syntax and style conventions
[1.618s] -- Configured 'flake8' exclude dirs and/or files: 
[1.618s] -- Added test 'lint_cmake' to check CMake code style
[1.619s] -- Added test 'pep257' to check Python code against some of the docstring style conventions in PEP 257
[1.620s] -- Added test 'uncrustify' to check C / C++ code style
[1.620s] -- Configured uncrustify additional arguments: 
[1.621s] -- Added test 'xmllint' to check XML markup files
[1.625s] -- Configuring done (1.6s)
[1.642s] -- Generating done (0.0s)
[1.645s] -- Build files have been written to: /home/quarcks/Mobile-Robots-2026-1/build/xarm_controller
[1.654s] Invoked command in '/home/quarcks/Mobile-Robots-2026-1/build/xarm_controller' returned '0': AMENT_PREFIX_PATH=/home/quarcks/Mobile-Robots-2026-1/install/xarm_api:/home/quarcks/Mobile-Robots-2026-1/install/xarm_sdk:/home/quarcks/Mobile-Robots-2026-1/install/xarm_msgs:/home/quarcks/Mobile-Robots-2026-1/install/xarm_description:${AMENT_PREFIX_PATH} CMAKE_PREFIX_PATH=/home/quarcks/Mobile-Robots-2026-1/install/xarm_api:/home/quarcks/Mobile-Robots-2026-1/install/xarm_sdk:/home/quarcks/Mobile-Robots-2026-1/install/xarm_msgs:/home/quarcks/Mobile-Robots-2026-1/install/xarm_description:/home/quarcks/Mobile-Robots-2026-1/ros2_ws/install/xarm_controller:/home/quarcks/Mobile-Robots-2026-1/ros2_ws/install/xarm_api:/home/quarcks/Mobile-Robots-2026-1/ros2_ws/install/xarm_sdk:/home/quarcks/Mobile-Robots-2026-1/ros2_ws/install/xarm_msgs:/home/quarcks/Mobile-Robots-2026-1/ros2_ws/install/xarm_description:/home/quarcks/Mobile-Robots-2026-1/ros2_ws/install/justina_gui:/home/quarcks/Mobile-Robots-2026-1/ros2_ws/install/justina_description:/home/quarcks/Mobile-Robots-2026-1/ros2_ws/install/gazebo_envs:/home/quarcks/Mobile-Robots-2026-1/ros2_ws/install/config_files:/opt/ros/jazzy/opt/gz_sim_vendor:/opt/ros/jazzy/opt/gz_sensors_vendor:/opt/ros/jazzy/opt/gz_physics_vendor:/opt/ros/jazzy/opt/sdformat_vendor:/opt/ros/jazzy/opt/gz_gui_vendor:/opt/ros/jazzy/opt/gz_transport_vendor:/opt/ros/jazzy/opt/gz_rendering_vendor:/opt/ros/jazzy/opt/gz_plugin_vendor:/opt/ros/jazzy/opt/gz_fuel_tools_vendor:/opt/ros/jazzy/opt/gz_msgs_vendor:/opt/ros/jazzy/opt/gz_common_vendor:/opt/ros/jazzy/opt/gz_math_vendor:/opt/ros/jazzy/opt/gz_utils_vendor:/opt/ros/jazzy/opt/gz_tools_vendor:/opt/ros/jazzy/opt/gz_ogre_next_vendor:/opt/ros/jazzy/opt/gz_dartsim_vendor:/opt/ros/jazzy/opt/gz_cmake_vendor:/home/quarcks/Mobile-Robots-2026-1/ros2_ws/install/uf_ros_lib:/home/quarcks/Mobile-Robots-2026-1/ros2_ws/install/simple_move:/opt/ros/jazzy DEBUGINFOD_URLS=https://debuginfod.ubuntu.com LD_LIBRARY_PATH=/home/quarcks/Mobile-Robots-2026-1/install/xarm_api/lib:/home/quarcks/Mobile-Robots-2026-1/install/xarm_sdk/lib:/home/quarcks/Mobile-Robots-2026-1/install/xarm_msgs/lib:${LD_LIBRARY_PATH} PYTHONPATH=/home/quarcks/Mobile-Robots-2026-1/install/xarm_msgs/lib/python3.12/site-packages:${PYTHONPATH} /usr/bin/cmake /home/quarcks/Mobile-Robots-2026-1/ros2_ws/src/hardware/xarm_ros2/xarm_controller -DCMAKE_INSTALL_PREFIX=/home/quarcks/Mobile-Robots-2026-1/install/xarm_controller
[1.656s] Invoking command in '/home/quarcks/Mobile-Robots-2026-1/build/xarm_controller': AMENT_PREFIX_PATH=/home/quarcks/Mobile-Robots-2026-1/install/xarm_api:/home/quarcks/Mobile-Robots-2026-1/install/xarm_sdk:/home/quarcks/Mobile-Robots-2026-1/install/xarm_msgs:/home/quarcks/Mobile-Robots-2026-1/install/xarm_description:${AMENT_PREFIX_PATH} CMAKE_PREFIX_PATH=/home/quarcks/Mobile-Robots-2026-1/install/xarm_api:/home/quarcks/Mobile-Robots-2026-1/install/xarm_sdk:/home/quarcks/Mobile-Robots-2026-1/install/xarm_msgs:/home/quarcks/Mobile-Robots-2026-1/install/xarm_description:/home/quarcks/Mobile-Robots-2026-1/ros2_ws/install/xarm_controller:/home/quarcks/Mobile-Robots-2026-1/ros2_ws/install/xarm_api:/home/quarcks/Mobile-Robots-2026-1/ros2_ws/install/xarm_sdk:/home/quarcks/Mobile-Robots-2026-1/ros2_ws/install/xarm_msgs:/home/quarcks/Mobile-Robots-2026-1/ros2_ws/install/xarm_description:/home/quarcks/Mobile-Robots-2026-1/ros2_ws/install/justina_gui:/home/quarcks/Mobile-Robots-2026-1/ros2_ws/install/justina_description:/home/quarcks/Mobile-Robots-2026-1/ros2_ws/install/gazebo_envs:/home/quarcks/Mobile-Robots-2026-1/ros2_ws/install/config_files:/opt/ros/jazzy/opt/gz_sim_vendor:/opt/ros/jazzy/opt/gz_sensors_vendor:/opt/ros/jazzy/opt/gz_physics_vendor:/opt/ros/jazzy/opt/sdformat_vendor:/opt/ros/jazzy/opt/gz_gui_vendor:/opt/ros/jazzy/opt/gz_transport_vendor:/opt/ros/jazzy/opt/gz_rendering_vendor:/opt/ros/jazzy/opt/gz_plugin_vendor:/opt/ros/jazzy/opt/gz_fuel_tools_vendor:/opt/ros/jazzy/opt/gz_msgs_vendor:/opt/ros/jazzy/opt/gz_common_vendor:/opt/ros/jazzy/opt/gz_math_vendor:/opt/ros/jazzy/opt/gz_utils_vendor:/opt/ros/jazzy/opt/gz_tools_vendor:/opt/ros/jazzy/opt/gz_ogre_next_vendor:/opt/ros/jazzy/opt/gz_dartsim_vendor:/opt/ros/jazzy/opt/gz_cmake_vendor:/home/quarcks/Mobile-Robots-2026-1/ros2_ws/install/uf_ros_lib:/home/quarcks/Mobile-Robots-2026-1/ros2_ws/install/simple_move:/opt/ros/jazzy DEBUGINFOD_URLS=https://debuginfod.ubuntu.com LD_LIBRARY_PATH=/home/quarcks/Mobile-Robots-2026-1/install/xarm_api/lib:/home/quarcks/Mobile-Robots-2026-1/install/xarm_sdk/lib:/home/quarcks/Mobile-Robots-2026-1/install/xarm_msgs/lib:${LD_LIBRARY_PATH} PYTHONPATH=/home/quarcks/Mobile-Robots-2026-1/install/xarm_msgs/lib/python3.12/site-packages:${PYTHONPATH} /usr/bin/cmake --build /home/quarcks/Mobile-Robots-2026-1/build/xarm_controller -- -j12 -l12
[1.722s] [ 33%] [32mBuilding CXX object CMakeFiles/uf_robot_hardware.dir/src/hardware/uf_robot_system_hardware.cpp.o[0m
[1.724s] [ 66%] [32mBuilding CXX object CMakeFiles/uf_robot_hardware.dir/src/hardware/uf_robot_fake_system_hardware.cpp.o[0m
[5.241s] [01m[K/home/quarcks/Mobile-Robots-2026-1/ros2_ws/src/hardware/xarm_ros2/xarm_controller/src/hardware/uf_robot_system_hardware.cpp:[m[K In member function ‘[01m[Kvirtual uf_robot_hardware::CallbackReturn uf_robot_hardware::UFRobotSystemHardware::[01;32m[Kon_init[m[K(const hardware_interface::HardwareInfo&)[m[K’:
[5.241s] [01m[K/home/quarcks/Mobile-Robots-2026-1/ros2_ws/src/hardware/xarm_ros2/xarm_controller/src/hardware/uf_robot_system_hardware.cpp:163:57:[m[K [01;35m[Kwarning: [m[K‘[01m[Kvirtual rclcpp_lifecycle::node_interfaces::LifecycleNodeInterface::CallbackReturn hardware_interface::SystemInterface::[01;32m[Kon_init[m[K(const hardware_interface::HardwareInfo&)[m[K’ is deprecated: Use on_init(const HardwareComponentInterfaceParams & params) instead. [[01;35m[K]8;;https://gcc.gnu.org/onlinedocs/gcc/Warning-Options.html#index-Wdeprecated-declarations-Wdeprecated-declarations]8;;[m[K]
[5.241s]   163 |  if ([01;35m[Khardware_interface::SystemInterface::on_init(info)[m[K != CallbackReturn::SUCCESS) {
[5.241s]       |      [01;35m[K~~~~~~~~~~~~~~~~~~~~~~~~~~~~~~~~~~~~~~~~~~~~^~~~~~[m[K
[5.242s] 
[5.242s] In file included from [01m[K/home/quarcks/Mobile-Robots-2026-1/ros2_ws/src/hardware/xarm_ros2/xarm_controller/include/xarm_controller/hardware/uf_robot_system_hardware.h:22[m[K,
[5.242s]                  from [01m[K/home/quarcks/Mobile-Robots-2026-1/ros2_ws/src/hardware/xarm_ros2/xarm_controller/src/hardware/uf_robot_system_hardware.cpp:9[m[K:
[5.242s] [01m[K/opt/ros/jazzy/include/hardware_interface/hardware_interface/system_interface.hpp:243:26:[m[K [01;36m[Knote: [m[Kdeclared here
[5.242s]   243 |   virtual CallbackReturn [01;36m[Kon_init[m[K(const HardwareInfo & hardware_info)
[5.242s]       |                          [01;36m[K^~~~~~~[m[K
[9.736s] [100%] [32m[1mLinking CXX shared library libuf_robot_hardware.so[0m
[11.251s] [100%] Built target uf_robot_hardware
[11.265s] Invoked command in '/home/quarcks/Mobile-Robots-2026-1/build/xarm_controller' returned '0': AMENT_PREFIX_PATH=/home/quarcks/Mobile-Robots-2026-1/install/xarm_api:/home/quarcks/Mobile-Robots-2026-1/install/xarm_sdk:/home/quarcks/Mobile-Robots-2026-1/install/xarm_msgs:/home/quarcks/Mobile-Robots-2026-1/install/xarm_description:${AMENT_PREFIX_PATH} CMAKE_PREFIX_PATH=/home/quarcks/Mobile-Robots-2026-1/install/xarm_api:/home/quarcks/Mobile-Robots-2026-1/install/xarm_sdk:/home/quarcks/Mobile-Robots-2026-1/install/xarm_msgs:/home/quarcks/Mobile-Robots-2026-1/install/xarm_description:/home/quarcks/Mobile-Robots-2026-1/ros2_ws/install/xarm_controller:/home/quarcks/Mobile-Robots-2026-1/ros2_ws/install/xarm_api:/home/quarcks/Mobile-Robots-2026-1/ros2_ws/install/xarm_sdk:/home/quarcks/Mobile-Robots-2026-1/ros2_ws/install/xarm_msgs:/home/quarcks/Mobile-Robots-2026-1/ros2_ws/install/xarm_description:/home/quarcks/Mobile-Robots-2026-1/ros2_ws/install/justina_gui:/home/quarcks/Mobile-Robots-2026-1/ros2_ws/install/justina_description:/home/quarcks/Mobile-Robots-2026-1/ros2_ws/install/gazebo_envs:/home/quarcks/Mobile-Robots-2026-1/ros2_ws/install/config_files:/opt/ros/jazzy/opt/gz_sim_vendor:/opt/ros/jazzy/opt/gz_sensors_vendor:/opt/ros/jazzy/opt/gz_physics_vendor:/opt/ros/jazzy/opt/sdformat_vendor:/opt/ros/jazzy/opt/gz_gui_vendor:/opt/ros/jazzy/opt/gz_transport_vendor:/opt/ros/jazzy/opt/gz_rendering_vendor:/opt/ros/jazzy/opt/gz_plugin_vendor:/opt/ros/jazzy/opt/gz_fuel_tools_vendor:/opt/ros/jazzy/opt/gz_msgs_vendor:/opt/ros/jazzy/opt/gz_common_vendor:/opt/ros/jazzy/opt/gz_math_vendor:/opt/ros/jazzy/opt/gz_utils_vendor:/opt/ros/jazzy/opt/gz_tools_vendor:/opt/ros/jazzy/opt/gz_ogre_next_vendor:/opt/ros/jazzy/opt/gz_dartsim_vendor:/opt/ros/jazzy/opt/gz_cmake_vendor:/home/quarcks/Mobile-Robots-2026-1/ros2_ws/install/uf_ros_lib:/home/quarcks/Mobile-Robots-2026-1/ros2_ws/install/simple_move:/opt/ros/jazzy DEBUGINFOD_URLS=https://debuginfod.ubuntu.com LD_LIBRARY_PATH=/home/quarcks/Mobile-Robots-2026-1/install/xarm_api/lib:/home/quarcks/Mobile-Robots-2026-1/install/xarm_sdk/lib:/home/quarcks/Mobile-Robots-2026-1/install/xarm_msgs/lib:${LD_LIBRARY_PATH} PYTHONPATH=/home/quarcks/Mobile-Robots-2026-1/install/xarm_msgs/lib/python3.12/site-packages:${PYTHONPATH} /usr/bin/cmake --build /home/quarcks/Mobile-Robots-2026-1/build/xarm_controller -- -j12 -l12
[11.266s] Invoking command in '/home/quarcks/Mobile-Robots-2026-1/build/xarm_controller': AMENT_PREFIX_PATH=/home/quarcks/Mobile-Robots-2026-1/install/xarm_api:/home/quarcks/Mobile-Robots-2026-1/install/xarm_sdk:/home/quarcks/Mobile-Robots-2026-1/install/xarm_msgs:/home/quarcks/Mobile-Robots-2026-1/install/xarm_description:${AMENT_PREFIX_PATH} CMAKE_PREFIX_PATH=/home/quarcks/Mobile-Robots-2026-1/install/xarm_api:/home/quarcks/Mobile-Robots-2026-1/install/xarm_sdk:/home/quarcks/Mobile-Robots-2026-1/install/xarm_msgs:/home/quarcks/Mobile-Robots-2026-1/install/xarm_description:/home/quarcks/Mobile-Robots-2026-1/ros2_ws/install/xarm_controller:/home/quarcks/Mobile-Robots-2026-1/ros2_ws/install/xarm_api:/home/quarcks/Mobile-Robots-2026-1/ros2_ws/install/xarm_sdk:/home/quarcks/Mobile-Robots-2026-1/ros2_ws/install/xarm_msgs:/home/quarcks/Mobile-Robots-2026-1/ros2_ws/install/xarm_description:/home/quarcks/Mobile-Robots-2026-1/ros2_ws/install/justina_gui:/home/quarcks/Mobile-Robots-2026-1/ros2_ws/install/justina_description:/home/quarcks/Mobile-Robots-2026-1/ros2_ws/install/gazebo_envs:/home/quarcks/Mobile-Robots-2026-1/ros2_ws/install/config_files:/opt/ros/jazzy/opt/gz_sim_vendor:/opt/ros/jazzy/opt/gz_sensors_vendor:/opt/ros/jazzy/opt/gz_physics_vendor:/opt/ros/jazzy/opt/sdformat_vendor:/opt/ros/jazzy/opt/gz_gui_vendor:/opt/ros/jazzy/opt/gz_transport_vendor:/opt/ros/jazzy/opt/gz_rendering_vendor:/opt/ros/jazzy/opt/gz_plugin_vendor:/opt/ros/jazzy/opt/gz_fuel_tools_vendor:/opt/ros/jazzy/opt/gz_msgs_vendor:/opt/ros/jazzy/opt/gz_common_vendor:/opt/ros/jazzy/opt/gz_math_vendor:/opt/ros/jazzy/opt/gz_utils_vendor:/opt/ros/jazzy/opt/gz_tools_vendor:/opt/ros/jazzy/opt/gz_ogre_next_vendor:/opt/ros/jazzy/opt/gz_dartsim_vendor:/opt/ros/jazzy/opt/gz_cmake_vendor:/home/quarcks/Mobile-Robots-2026-1/ros2_ws/install/uf_ros_lib:/home/quarcks/Mobile-Robots-2026-1/ros2_ws/install/simple_move:/opt/ros/jazzy DEBUGINFOD_URLS=https://debuginfod.ubuntu.com LD_LIBRARY_PATH=/home/quarcks/Mobile-Robots-2026-1/install/xarm_api/lib:/home/quarcks/Mobile-Robots-2026-1/install/xarm_sdk/lib:/home/quarcks/Mobile-Robots-2026-1/install/xarm_msgs/lib:${LD_LIBRARY_PATH} PYTHONPATH=/home/quarcks/Mobile-Robots-2026-1/install/xarm_msgs/lib/python3.12/site-packages:${PYTHONPATH} /usr/bin/cmake --install /home/quarcks/Mobile-Robots-2026-1/build/xarm_controller
[11.278s] -- Install configuration: ""
[11.278s] -- Installing: /home/quarcks/Mobile-Robots-2026-1/install/xarm_controller/share/xarm_controller/uf_hardware_interface_plugins.xml
[11.278s] -- Installing: /home/quarcks/Mobile-Robots-2026-1/install/xarm_controller/include
[11.279s] -- Installing: /home/quarcks/Mobile-Robots-2026-1/install/xarm_controller/include/xarm_controller
[11.279s] -- Installing: /home/quarcks/Mobile-Robots-2026-1/install/xarm_controller/include/xarm_controller/hardware
[11.279s] -- Installing: /home/quarcks/Mobile-Robots-2026-1/install/xarm_controller/include/xarm_controller/hardware/uf_robot_system_hardware.h
[11.279s] -- Installing: /home/quarcks/Mobile-Robots-2026-1/install/xarm_controller/include/xarm_controller/hardware/bak_uf_robot_fake_system_hardware.h
[11.279s] -- Installing: /home/quarcks/Mobile-Robots-2026-1/install/xarm_controller/include/xarm_controller/hardware/uf_robot_fake_system_hardware.h
[11.279s] -- Installing: /home/quarcks/Mobile-Robots-2026-1/install/xarm_controller/lib/libuf_robot_hardware.so
[11.281s] -- Set non-toolchain portion of runtime path of "/home/quarcks/Mobile-Robots-2026-1/install/xarm_controller/lib/libuf_robot_hardware.so" to ""
[11.281s] -- Installing: /home/quarcks/Mobile-Robots-2026-1/install/xarm_controller/share/xarm_controller//launch
[11.281s] -- Installing: /home/quarcks/Mobile-Robots-2026-1/install/xarm_controller/share/xarm_controller//launch/_ros2_control.launch.py
[11.281s] -- Installing: /home/quarcks/Mobile-Robots-2026-1/install/xarm_controller/share/xarm_controller//launch/_robot_ros2_control.launch.py
[11.281s] -- Installing: /home/quarcks/Mobile-Robots-2026-1/install/xarm_controller/share/xarm_controller//launch/uf850_control_rviz_display.launch.py
[11.281s] -- Installing: /home/quarcks/Mobile-Robots-2026-1/install/xarm_controller/share/xarm_controller//launch/xarm5_control_rviz_display.launch.py
[11.281s] -- Installing: /home/quarcks/Mobile-Robots-2026-1/install/xarm_controller/share/xarm_controller//launch/xarm6_control_rviz_display.launch.py
[11.282s] -- Installing: /home/quarcks/Mobile-Robots-2026-1/install/xarm_controller/share/xarm_controller//launch/_dual_ros2_control.launch.py
[11.282s] -- Installing: /home/quarcks/Mobile-Robots-2026-1/install/xarm_controller/share/xarm_controller//launch/xarm7_control_rviz_display.launch.py
[11.282s] -- Installing: /home/quarcks/Mobile-Robots-2026-1/install/xarm_controller/share/xarm_controller//launch/lite6_control_rviz_display.launch.py
[11.282s] -- Installing: /home/quarcks/Mobile-Robots-2026-1/install/xarm_controller/share/xarm_controller//launch/lib
[11.282s] -- Installing: /home/quarcks/Mobile-Robots-2026-1/install/xarm_controller/share/xarm_controller//launch/lib/robot_controller_lib.py
[11.282s] -- Installing: /home/quarcks/Mobile-Robots-2026-1/install/xarm_controller/share/xarm_controller//launch/xarm7_mirror_control_rviz_display.launch.py
[11.282s] -- Installing: /home/quarcks/Mobile-Robots-2026-1/install/xarm_controller/share/xarm_controller//config
[11.282s] -- Installing: /home/quarcks/Mobile-Robots-2026-1/install/xarm_controller/share/xarm_controller//config/xarm_gripper_controllers.yaml
[11.283s] -- Installing: /home/quarcks/Mobile-Robots-2026-1/install/xarm_controller/share/xarm_controller//config/xarm7_mirror_controllers.yaml
[11.283s] -- Installing: /home/quarcks/Mobile-Robots-2026-1/install/xarm_controller/share/xarm_controller//config/xarm5_controllers.yaml
[11.283s] -- Installing: /home/quarcks/Mobile-Robots-2026-1/install/xarm_controller/share/xarm_controller//config/bio_gripper_controllers.yaml
[11.283s] -- Installing: /home/quarcks/Mobile-Robots-2026-1/install/xarm_controller/share/xarm_controller//config/xarm7_controllers.yaml
[11.283s] -- Installing: /home/quarcks/Mobile-Robots-2026-1/install/xarm_controller/share/xarm_controller//config/xarm7_mirror_gripper_controllers.yaml
[11.283s] -- Installing: /home/quarcks/Mobile-Robots-2026-1/install/xarm_controller/share/xarm_controller//config/lite6_controllers.yaml
[11.283s] -- Installing: /home/quarcks/Mobile-Robots-2026-1/install/xarm_controller/share/xarm_controller//config/uf850_gripper_controllers.yaml
[11.283s] -- Installing: /home/quarcks/Mobile-Robots-2026-1/install/xarm_controller/share/xarm_controller//config/xarm6_controllers.yaml
[11.284s] -- Installing: /home/quarcks/Mobile-Robots-2026-1/install/xarm_controller/share/xarm_controller//config/uf850_controllers.yaml
[11.284s] -- Installing: /home/quarcks/Mobile-Robots-2026-1/install/xarm_controller/share/xarm_controller/environment/library_path.sh
[11.284s] -- Installing: /home/quarcks/Mobile-Robots-2026-1/install/xarm_controller/share/xarm_controller/environment/library_path.dsv
[11.284s] -- Installing: /home/quarcks/Mobile-Robots-2026-1/install/xarm_controller/share/ament_index/resource_index/package_run_dependencies/xarm_controller
[11.284s] -- Installing: /home/quarcks/Mobile-Robots-2026-1/install/xarm_controller/share/ament_index/resource_index/parent_prefix_path/xarm_controller
[11.284s] -- Installing: /home/quarcks/Mobile-Robots-2026-1/install/xarm_controller/share/xarm_controller/environment/ament_prefix_path.sh
[11.284s] -- Installing: /home/quarcks/Mobile-Robots-2026-1/install/xarm_controller/share/xarm_controller/environment/ament_prefix_path.dsv
[11.284s] -- Installing: /home/quarcks/Mobile-Robots-2026-1/install/xarm_controller/share/xarm_controller/environment/path.sh
[11.284s] -- Installing: /home/quarcks/Mobile-Robots-2026-1/install/xarm_controller/share/xarm_controller/environment/path.dsv
[11.285s] -- Installing: /home/quarcks/Mobile-Robots-2026-1/install/xarm_controller/share/xarm_controller/local_setup.bash
[11.285s] -- Installing: /home/quarcks/Mobile-Robots-2026-1/install/xarm_controller/share/xarm_controller/local_setup.sh
[11.285s] -- Installing: /home/quarcks/Mobile-Robots-2026-1/install/xarm_controller/share/xarm_controller/local_setup.zsh
[11.285s] -- Installing: /home/quarcks/Mobile-Robots-2026-1/install/xarm_controller/share/xarm_controller/local_setup.dsv
[11.285s] -- Installing: /home/quarcks/Mobile-Robots-2026-1/install/xarm_controller/share/xarm_controller/package.dsv
[11.285s] -- Installing: /home/quarcks/Mobile-Robots-2026-1/install/xarm_controller/share/ament_index/resource_index/packages/xarm_controller
[11.285s] -- Installing: /home/quarcks/Mobile-Robots-2026-1/install/xarm_controller/share/ament_index/resource_index/hardware_interface__pluginlib__plugin/xarm_controller
[11.285s] -- Installing: /home/quarcks/Mobile-Robots-2026-1/install/xarm_controller/share/xarm_controller/cmake/ament_cmake_export_include_directories-extras.cmake
[11.286s] -- Installing: /home/quarcks/Mobile-Robots-2026-1/install/xarm_controller/share/xarm_controller/cmake/ament_cmake_export_libraries-extras.cmake
[11.286s] -- Installing: /home/quarcks/Mobile-Robots-2026-1/install/xarm_controller/share/xarm_controller/cmake/ament_cmake_export_dependencies-extras.cmake
[11.286s] -- Installing: /home/quarcks/Mobile-Robots-2026-1/install/xarm_controller/share/xarm_controller/cmake/xarm_controllerConfig.cmake
[11.287s] -- Installing: /home/quarcks/Mobile-Robots-2026-1/install/xarm_controller/share/xarm_controller/cmake/xarm_controllerConfig-version.cmake
[11.287s] -- Installing: /home/quarcks/Mobile-Robots-2026-1/install/xarm_controller/share/xarm_controller/package.xml
[11.287s] Invoked command in '/home/quarcks/Mobile-Robots-2026-1/build/xarm_controller' returned '0': AMENT_PREFIX_PATH=/home/quarcks/Mobile-Robots-2026-1/install/xarm_api:/home/quarcks/Mobile-Robots-2026-1/install/xarm_sdk:/home/quarcks/Mobile-Robots-2026-1/install/xarm_msgs:/home/quarcks/Mobile-Robots-2026-1/install/xarm_description:${AMENT_PREFIX_PATH} CMAKE_PREFIX_PATH=/home/quarcks/Mobile-Robots-2026-1/install/xarm_api:/home/quarcks/Mobile-Robots-2026-1/install/xarm_sdk:/home/quarcks/Mobile-Robots-2026-1/install/xarm_msgs:/home/quarcks/Mobile-Robots-2026-1/install/xarm_description:/home/quarcks/Mobile-Robots-2026-1/ros2_ws/install/xarm_controller:/home/quarcks/Mobile-Robots-2026-1/ros2_ws/install/xarm_api:/home/quarcks/Mobile-Robots-2026-1/ros2_ws/install/xarm_sdk:/home/quarcks/Mobile-Robots-2026-1/ros2_ws/install/xarm_msgs:/home/quarcks/Mobile-Robots-2026-1/ros2_ws/install/xarm_description:/home/quarcks/Mobile-Robots-2026-1/ros2_ws/install/justina_gui:/home/quarcks/Mobile-Robots-2026-1/ros2_ws/install/justina_description:/home/quarcks/Mobile-Robots-2026-1/ros2_ws/install/gazebo_envs:/home/quarcks/Mobile-Robots-2026-1/ros2_ws/install/config_files:/opt/ros/jazzy/opt/gz_sim_vendor:/opt/ros/jazzy/opt/gz_sensors_vendor:/opt/ros/jazzy/opt/gz_physics_vendor:/opt/ros/jazzy/opt/sdformat_vendor:/opt/ros/jazzy/opt/gz_gui_vendor:/opt/ros/jazzy/opt/gz_transport_vendor:/opt/ros/jazzy/opt/gz_rendering_vendor:/opt/ros/jazzy/opt/gz_plugin_vendor:/opt/ros/jazzy/opt/gz_fuel_tools_vendor:/opt/ros/jazzy/opt/gz_msgs_vendor:/opt/ros/jazzy/opt/gz_common_vendor:/opt/ros/jazzy/opt/gz_math_vendor:/opt/ros/jazzy/opt/gz_utils_vendor:/opt/ros/jazzy/opt/gz_tools_vendor:/opt/ros/jazzy/opt/gz_ogre_next_vendor:/opt/ros/jazzy/opt/gz_dartsim_vendor:/opt/ros/jazzy/opt/gz_cmake_vendor:/home/quarcks/Mobile-Robots-2026-1/ros2_ws/install/uf_ros_lib:/home/quarcks/Mobile-Robots-2026-1/ros2_ws/install/simple_move:/opt/ros/jazzy DEBUGINFOD_URLS=https://debuginfod.ubuntu.com LD_LIBRARY_PATH=/home/quarcks/Mobile-Robots-2026-1/install/xarm_api/lib:/home/quarcks/Mobile-Robots-2026-1/install/xarm_sdk/lib:/home/quarcks/Mobile-Robots-2026-1/install/xarm_msgs/lib:${LD_LIBRARY_PATH} PYTHONPATH=/home/quarcks/Mobile-Robots-2026-1/install/xarm_msgs/lib/python3.12/site-packages:${PYTHONPATH} /usr/bin/cmake --install /home/quarcks/Mobile-Robots-2026-1/build/xarm_controller
