/home/quarcks/Mobile-Robots-2026-1/install/map_augmenter/lib/python3.12/site-packages/map_augmenter/gvd.py
/home/quarcks/Mobile-Robots-2026-1/install/map_augmenter/lib/python3.12/site-packages/map_augmenter/split_and_merge.py
/home/quarcks/Mobile-Robots-2026-1/install/map_augmenter/lib/python3.12/site-packages/map_augmenter/__init__.py
/home/quarcks/Mobile-Robots-2026-1/install/map_augmenter/lib/python3.12/site-packages/map_augmenter/map_inflater.py
/home/quarcks/Mobile-Robots-2026-1/install/map_augmenter/lib/python3.12/site-packages/map_augmenter/__pycache__/gvd.cpython-312.pyc
/home/quarcks/Mobile-Robots-2026-1/install/map_augmenter/lib/python3.12/site-packages/map_augmenter/__pycache__/split_and_merge.cpython-312.pyc
/home/quarcks/Mobile-Robots-2026-1/install/map_augmenter/lib/python3.12/site-packages/map_augmenter/__pycache__/__init__.cpython-312.pyc
/home/quarcks/Mobile-Robots-2026-1/install/map_augmenter/lib/python3.12/site-packages/map_augmenter/__pycache__/map_inflater.cpython-312.pyc
/home/quarcks/Mobile-Robots-2026-1/install/map_augmenter/share/ament_index/resource_index/packages/map_augmenter
/home/quarcks/Mobile-Robots-2026-1/install/map_augmenter/share/map_augmenter/package.xml
/home/quarcks/Mobile-Robots-2026-1/install/map_augmenter/lib/python3.12/site-packages/map_augmenter-0.0.0-py3.12.egg-info/top_level.txt
/home/quarcks/Mobile-Robots-2026-1/install/map_augmenter/lib/python3.12/site-packages/map_augmenter-0.0.0-py3.12.egg-info/PKG-INFO
/home/quarcks/Mobile-Robots-2026-1/install/map_augmenter/lib/python3.12/site-packages/map_augmenter-0.0.0-py3.12.egg-info/entry_points.txt
/home/quarcks/Mobile-Robots-2026-1/install/map_augmenter/lib/python3.12/site-packages/map_augmenter-0.0.0-py3.12.egg-info/dependency_links.txt
/home/quarcks/Mobile-Robots-2026-1/install/map_augmenter/lib/python3.12/site-packages/map_augmenter-0.0.0-py3.12.egg-info/zip-safe
/home/quarcks/Mobile-Robots-2026-1/install/map_augmenter/lib/python3.12/site-packages/map_augmenter-0.0.0-py3.12.egg-info/SOURCES.txt
/home/quarcks/Mobile-Robots-2026-1/install/map_augmenter/lib/python3.12/site-packages/map_augmenter-0.0.0-py3.12.egg-info/requires.txt
/home/quarcks/Mobile-Robots-2026-1/install/map_augmenter/lib/map_augmenter/gvd
/home/quarcks/Mobile-Robots-2026-1/install/map_augmenter/lib/map_augmenter/gvd_solved
/home/quarcks/Mobile-Robots-2026-1/install/map_augmenter/lib/map_augmenter/map_inflater
/home/quarcks/Mobile-Robots-2026-1/install/map_augmenter/lib/map_augmenter/map_inflater_solved
/home/quarcks/Mobile-Robots-2026-1/install/map_augmenter/lib/map_augmenter/split_and_merge
/home/quarcks/Mobile-Robots-2026-1/install/map_augmenter/lib/map_augmenter/split_and_merge_solved
