[18.579s] Invoking command in '/home/melissa/Documentos/Robots_Mobiles/Mobile-Robots-2026-1/ros2_ws/src/navigation/simple_move': DEBUGINFOD_URLS=https://debuginfod.ubuntu.com PYTHONPATH=/home/melissa/Documentos/Robots_Mobiles/Mobile-Robots-2026-1/build/simple_move/prefix_override:/usr/lib/python3/dist-packages/colcon_core/task/python/colcon_distutils_commands:/home/melissa/Documentos/Robots_Mobiles/Mobile-Robots-2026-1/install/simple_move/lib/python3.12/site-packages:${PYTHONPATH} /usr/bin/python3 -W ignore:setup.py install is deprecated -W ignore:easy_install command is deprecated setup.py egg_info --egg-base ../../../../build/simple_move build --build-base /home/melissa/Documentos/Robots_Mobiles/Mobile-Robots-2026-1/build/simple_move/build install --record /home/melissa/Documentos/Robots_Mobiles/Mobile-Robots-2026-1/build/simple_move/install.log --single-version-externally-managed install_data
[23.251s] running egg_info
[23.261s] creating ../../../../build/simple_move/simple_move.egg-info
[23.925s] writing ../../../../build/simple_move/simple_move.egg-info/PKG-INFO
[23.929s] writing dependency_links to ../../../../build/simple_move/simple_move.egg-info/dependency_links.txt
[23.932s] writing entry points to ../../../../build/simple_move/simple_move.egg-info/entry_points.txt
[23.935s] writing requirements to ../../../../build/simple_move/simple_move.egg-info/requires.txt
[23.938s] writing top-level names to ../../../../build/simple_move/simple_move.egg-info/top_level.txt
[23.940s] writing manifest file '../../../../build/simple_move/simple_move.egg-info/SOURCES.txt'
[25.063s] reading manifest file '../../../../build/simple_move/simple_move.egg-info/SOURCES.txt'
[25.072s] adding license file 'LICENSE'
[25.086s] writing manifest file '../../../../build/simple_move/simple_move.egg-info/SOURCES.txt'
[25.090s] running build
[25.092s] running build_py
[25.093s] creating /home/melissa/Documentos/Robots_Mobiles/Mobile-Robots-2026-1/build/simple_move/build
[25.099s] creating /home/melissa/Documentos/Robots_Mobiles/Mobile-Robots-2026-1/build/simple_move/build/lib
[25.106s] creating /home/melissa/Documentos/Robots_Mobiles/Mobile-Robots-2026-1/build/simple_move/build/lib/simple_move
[25.107s] copying simple_move/__init__.py -> /home/melissa/Documentos/Robots_Mobiles/Mobile-Robots-2026-1/build/simple_move/build/lib/simple_move
[25.116s] copying simple_move/path_follower.py -> /home/melissa/Documentos/Robots_Mobiles/Mobile-Robots-2026-1/build/simple_move/build/lib/simple_move
[25.127s] copying simple_move/ros_basics.py -> /home/melissa/Documentos/Robots_Mobiles/Mobile-Robots-2026-1/build/simple_move/build/lib/simple_move
[25.128s] running install
[25.289s] running install_lib
[26.060s] creating /home/melissa/Documentos/Robots_Mobiles/Mobile-Robots-2026-1/install/simple_move/lib/python3.12/site-packages/simple_move
[26.067s] copying /home/melissa/Documentos/Robots_Mobiles/Mobile-Robots-2026-1/build/simple_move/build/lib/simple_move/__init__.py -> /home/melissa/Documentos/Robots_Mobiles/Mobile-Robots-2026-1/install/simple_move/lib/python3.12/site-packages/simple_move
[26.074s] copying /home/melissa/Documentos/Robots_Mobiles/Mobile-Robots-2026-1/build/simple_move/build/lib/simple_move/path_follower.py -> /home/melissa/Documentos/Robots_Mobiles/Mobile-Robots-2026-1/install/simple_move/lib/python3.12/site-packages/simple_move
[26.079s] copying /home/melissa/Documentos/Robots_Mobiles/Mobile-Robots-2026-1/build/simple_move/build/lib/simple_move/ros_basics.py -> /home/melissa/Documentos/Robots_Mobiles/Mobile-Robots-2026-1/install/simple_move/lib/python3.12/site-packages/simple_move
[26.086s] byte-compiling /home/melissa/Documentos/Robots_Mobiles/Mobile-Robots-2026-1/install/simple_move/lib/python3.12/site-packages/simple_move/__init__.py to __init__.cpython-312.pyc
[26.094s] byte-compiling /home/melissa/Documentos/Robots_Mobiles/Mobile-Robots-2026-1/install/simple_move/lib/python3.12/site-packages/simple_move/path_follower.py to path_follower.cpython-312.pyc
[26.101s] byte-compiling /home/melissa/Documentos/Robots_Mobiles/Mobile-Robots-2026-1/install/simple_move/lib/python3.12/site-packages/simple_move/ros_basics.py to ros_basics.cpython-312.pyc
[26.108s] running install_data
[26.111s] creating /home/melissa/Documentos/Robots_Mobiles/Mobile-Robots-2026-1/install/simple_move/share/ament_index
[26.113s] creating /home/melissa/Documentos/Robots_Mobiles/Mobile-Robots-2026-1/install/simple_move/share/ament_index/resource_index
[26.116s] creating /home/melissa/Documentos/Robots_Mobiles/Mobile-Robots-2026-1/install/simple_move/share/ament_index/resource_index/packages
[26.118s] copying resource/simple_move -> /home/melissa/Documentos/Robots_Mobiles/Mobile-Robots-2026-1/install/simple_move/share/ament_index/resource_index/packages
[26.121s] copying package.xml -> /home/melissa/Documentos/Robots_Mobiles/Mobile-Robots-2026-1/install/simple_move/share/simple_move
[26.127s] running install_egg_info
[26.695s] Copying ../../../../build/simple_move/simple_move.egg-info to /home/melissa/Documentos/Robots_Mobiles/Mobile-Robots-2026-1/install/simple_move/lib/python3.12/site-packages/simple_move-0.0.0-py3.12.egg-info
[26.723s] running install_scripts
[29.349s] Installing path_follower script to /home/melissa/Documentos/Robots_Mobiles/Mobile-Robots-2026-1/install/simple_move/lib/simple_move
[29.351s] Installing ros_basics script to /home/melissa/Documentos/Robots_Mobiles/Mobile-Robots-2026-1/install/simple_move/lib/simple_move
[29.355s] writing list of installed files to '/home/melissa/Documentos/Robots_Mobiles/Mobile-Robots-2026-1/build/simple_move/install.log'
[29.584s] Invoked command in '/home/melissa/Documentos/Robots_Mobiles/Mobile-Robots-2026-1/ros2_ws/src/navigation/simple_move' returned '0': DEBUGINFOD_URLS=https://debuginfod.ubuntu.com PYTHONPATH=/home/melissa/Documentos/Robots_Mobiles/Mobile-Robots-2026-1/build/simple_move/prefix_override:/usr/lib/python3/dist-packages/colcon_core/task/python/colcon_distutils_commands:/home/melissa/Documentos/Robots_Mobiles/Mobile-Robots-2026-1/install/simple_move/lib/python3.12/site-packages:${PYTHONPATH} /usr/bin/python3 -W ignore:setup.py install is deprecated -W ignore:easy_install command is deprecated setup.py egg_info --egg-base ../../../../build/simple_move build --build-base /home/melissa/Documentos/Robots_Mobiles/Mobile-Robots-2026-1/build/simple_move/build install --record /home/melissa/Documentos/Robots_Mobiles/Mobile-Robots-2026-1/build/simple_move/install.log --single-version-externally-managed install_data
