[4.085s] Invoking command in '/home/catcyber02/Mobile-Robots-2026-1/build/path_planner': DEBUGINFOD_URLS=https://debuginfod.ubuntu.com PYTHONPATH=/home/catcyber02/Mobile-Robots-2026-1/build/path_planner/prefix_override:/usr/lib/python3/dist-packages/colcon_core/task/python/colcon_distutils_commands:/home/catcyber02/Mobile-Robots-2026-1/install/path_planner/lib/python3.12/site-packages:${PYTHONPATH} /usr/bin/python3 -W ignore:setup.py install is deprecated -W ignore:easy_install command is deprecated setup.py develop --uninstall --editable --build-directory /home/catcyber02/Mobile-Robots-2026-1/build/path_planner/build
[5.747s] running develop
[6.556s] Removing /home/catcyber02/Mobile-Robots-2026-1/install/path_planner/lib/python3.12/site-packages/path-planner.egg-link (link to .)
[6.769s] Invoked command in '/home/catcyber02/Mobile-Robots-2026-1/build/path_planner' returned '0': DEBUGINFOD_URLS=https://debuginfod.ubuntu.com PYTHONPATH=/home/catcyber02/Mobile-Robots-2026-1/build/path_planner/prefix_override:/usr/lib/python3/dist-packages/colcon_core/task/python/colcon_distutils_commands:/home/catcyber02/Mobile-Robots-2026-1/install/path_planner/lib/python3.12/site-packages:${PYTHONPATH} /usr/bin/python3 -W ignore:setup.py install is deprecated -W ignore:easy_install command is deprecated setup.py develop --uninstall --editable --build-directory /home/catcyber02/Mobile-Robots-2026-1/build/path_planner/build
[6.776s] Invoking command in '/home/catcyber02/Mobile-Robots-2026-1/ros2_ws/src/navigation/path_planner': DEBUGINFOD_URLS=https://debuginfod.ubuntu.com PYTHONPATH=/home/catcyber02/Mobile-Robots-2026-1/build/path_planner/prefix_override:/usr/lib/python3/dist-packages/colcon_core/task/python/colcon_distutils_commands:/home/catcyber02/Mobile-Robots-2026-1/install/path_planner/lib/python3.12/site-packages:${PYTHONPATH} /usr/bin/python3 -W ignore:setup.py install is deprecated -W ignore:easy_install command is deprecated setup.py egg_info --egg-base ../../../../build/path_planner build --build-base /home/catcyber02/Mobile-Robots-2026-1/build/path_planner/build install --record /home/catcyber02/Mobile-Robots-2026-1/build/path_planner/install.log --single-version-externally-managed install_data --force
[7.711s] running egg_info
[7.768s] writing ../../../../build/path_planner/path_planner.egg-info/PKG-INFO
[7.769s] writing dependency_links to ../../../../build/path_planner/path_planner.egg-info/dependency_links.txt
[7.770s] writing entry points to ../../../../build/path_planner/path_planner.egg-info/entry_points.txt
[7.770s] writing requirements to ../../../../build/path_planner/path_planner.egg-info/requires.txt
[7.771s] writing top-level names to ../../../../build/path_planner/path_planner.egg-info/top_level.txt
[7.864s] reading manifest file '../../../../build/path_planner/path_planner.egg-info/SOURCES.txt'
[7.864s] adding license file 'LICENSE'
[7.865s] writing manifest file '../../../../build/path_planner/path_planner.egg-info/SOURCES.txt'
[7.865s] running build
[7.866s] running build_py
[7.866s] copying path_planner/rrt.py -> /home/catcyber02/Mobile-Robots-2026-1/build/path_planner/build/lib/path_planner
[7.867s] running install
[7.882s] running install_lib
[7.927s] creating /home/catcyber02/Mobile-Robots-2026-1/install/path_planner/lib/python3.12/site-packages/path_planner
[7.928s] copying /home/catcyber02/Mobile-Robots-2026-1/build/path_planner/build/lib/path_planner/a_star.py -> /home/catcyber02/Mobile-Robots-2026-1/install/path_planner/lib/python3.12/site-packages/path_planner
[7.929s] copying /home/catcyber02/Mobile-Robots-2026-1/build/path_planner/build/lib/path_planner/__init__.py -> /home/catcyber02/Mobile-Robots-2026-1/install/path_planner/lib/python3.12/site-packages/path_planner
[7.929s] copying /home/catcyber02/Mobile-Robots-2026-1/build/path_planner/build/lib/path_planner/cost_map.py -> /home/catcyber02/Mobile-Robots-2026-1/install/path_planner/lib/python3.12/site-packages/path_planner
[7.930s] copying /home/catcyber02/Mobile-Robots-2026-1/build/path_planner/build/lib/path_planner/rrt.py -> /home/catcyber02/Mobile-Robots-2026-1/install/path_planner/lib/python3.12/site-packages/path_planner
[7.932s] byte-compiling /home/catcyber02/Mobile-Robots-2026-1/install/path_planner/lib/python3.12/site-packages/path_planner/a_star.py to a_star.cpython-312.pyc
[7.937s] byte-compiling /home/catcyber02/Mobile-Robots-2026-1/install/path_planner/lib/python3.12/site-packages/path_planner/__init__.py to __init__.cpython-312.pyc
[7.938s] byte-compiling /home/catcyber02/Mobile-Robots-2026-1/install/path_planner/lib/python3.12/site-packages/path_planner/cost_map.py to cost_map.cpython-312.pyc
[7.941s] byte-compiling /home/catcyber02/Mobile-Robots-2026-1/install/path_planner/lib/python3.12/site-packages/path_planner/rrt.py to rrt.cpython-312.pyc
[7.947s] running install_data
[7.947s] copying resource/path_planner -> /home/catcyber02/Mobile-Robots-2026-1/install/path_planner/share/ament_index/resource_index/packages
[7.948s] copying package.xml -> /home/catcyber02/Mobile-Robots-2026-1/install/path_planner/share/path_planner
[7.948s] running install_egg_info
[7.995s] Copying ../../../../build/path_planner/path_planner.egg-info to /home/catcyber02/Mobile-Robots-2026-1/install/path_planner/lib/python3.12/site-packages/path_planner-0.0.0-py3.12.egg-info
[7.997s] running install_scripts
[8.280s] Installing a_start script to /home/catcyber02/Mobile-Robots-2026-1/install/path_planner/lib/path_planner
[8.281s] Installing a_start_solved script to /home/catcyber02/Mobile-Robots-2026-1/install/path_planner/lib/path_planner
[8.282s] Installing cost_map script to /home/catcyber02/Mobile-Robots-2026-1/install/path_planner/lib/path_planner
[8.282s] Installing cost_map_solved script to /home/catcyber02/Mobile-Robots-2026-1/install/path_planner/lib/path_planner
[8.282s] Installing rrt script to /home/catcyber02/Mobile-Robots-2026-1/install/path_planner/lib/path_planner
[8.283s] Installing rrt_solved script to /home/catcyber02/Mobile-Robots-2026-1/install/path_planner/lib/path_planner
[8.283s] writing list of installed files to '/home/catcyber02/Mobile-Robots-2026-1/build/path_planner/install.log'
