/home/melissa/Documentos/Robots_Mobiles/Mobile-Robots-2026-1/install/uf_ros_lib/lib/python3.12/site-packages/uf_ros_lib/parameter_descriptions.py
/home/melissa/Documentos/Robots_Mobiles/Mobile-Robots-2026-1/install/uf_ros_lib/lib/python3.12/site-packages/uf_ros_lib/__init__.py
/home/melissa/Documentos/Robots_Mobiles/Mobile-Robots-2026-1/install/uf_ros_lib/lib/python3.12/site-packages/uf_ros_lib/uf_robot_utils.py
/home/melissa/Documentos/Robots_Mobiles/Mobile-Robots-2026-1/install/uf_ros_lib/lib/python3.12/site-packages/uf_ros_lib/moveit_configs_builder.py
/home/melissa/Documentos/Robots_Mobiles/Mobile-Robots-2026-1/install/uf_ros_lib/lib/python3.12/site-packages/uf_ros_lib/substitutions/__init__.py
/home/melissa/Documentos/Robots_Mobiles/Mobile-Robots-2026-1/install/uf_ros_lib/lib/python3.12/site-packages/uf_ros_lib/substitutions/joint_limits.py
/home/melissa/Documentos/Robots_Mobiles/Mobile-Robots-2026-1/install/uf_ros_lib/lib/python3.12/site-packages/uf_ros_lib/substitutions/kinematics.py
/home/melissa/Documentos/Robots_Mobiles/Mobile-Robots-2026-1/install/uf_ros_lib/lib/python3.12/site-packages/uf_ros_lib/substitutions/planning_pipelines.py
/home/melissa/Documentos/Robots_Mobiles/Mobile-Robots-2026-1/install/uf_ros_lib/lib/python3.12/site-packages/uf_ros_lib/substitutions/controllers.py
/home/melissa/Documentos/Robots_Mobiles/Mobile-Robots-2026-1/install/uf_ros_lib/lib/python3.12/site-packages/uf_ros_lib/substitutions/common.py
/home/melissa/Documentos/Robots_Mobiles/Mobile-Robots-2026-1/install/uf_ros_lib/lib/python3.12/site-packages/uf_ros_lib/__pycache__/parameter_descriptions.cpython-312.pyc
/home/melissa/Documentos/Robots_Mobiles/Mobile-Robots-2026-1/install/uf_ros_lib/lib/python3.12/site-packages/uf_ros_lib/__pycache__/__init__.cpython-312.pyc
/home/melissa/Documentos/Robots_Mobiles/Mobile-Robots-2026-1/install/uf_ros_lib/lib/python3.12/site-packages/uf_ros_lib/__pycache__/uf_robot_utils.cpython-312.pyc
/home/melissa/Documentos/Robots_Mobiles/Mobile-Robots-2026-1/install/uf_ros_lib/lib/python3.12/site-packages/uf_ros_lib/__pycache__/moveit_configs_builder.cpython-312.pyc
/home/melissa/Documentos/Robots_Mobiles/Mobile-Robots-2026-1/install/uf_ros_lib/lib/python3.12/site-packages/uf_ros_lib/substitutions/__pycache__/__init__.cpython-312.pyc
/home/melissa/Documentos/Robots_Mobiles/Mobile-Robots-2026-1/install/uf_ros_lib/lib/python3.12/site-packages/uf_ros_lib/substitutions/__pycache__/joint_limits.cpython-312.pyc
/home/melissa/Documentos/Robots_Mobiles/Mobile-Robots-2026-1/install/uf_ros_lib/lib/python3.12/site-packages/uf_ros_lib/substitutions/__pycache__/kinematics.cpython-312.pyc
/home/melissa/Documentos/Robots_Mobiles/Mobile-Robots-2026-1/install/uf_ros_lib/lib/python3.12/site-packages/uf_ros_lib/substitutions/__pycache__/planning_pipelines.cpython-312.pyc
/home/melissa/Documentos/Robots_Mobiles/Mobile-Robots-2026-1/install/uf_ros_lib/lib/python3.12/site-packages/uf_ros_lib/substitutions/__pycache__/controllers.cpython-312.pyc
/home/melissa/Documentos/Robots_Mobiles/Mobile-Robots-2026-1/install/uf_ros_lib/lib/python3.12/site-packages/uf_ros_lib/substitutions/__pycache__/common.cpython-312.pyc
/home/melissa/Documentos/Robots_Mobiles/Mobile-Robots-2026-1/install/uf_ros_lib/share/ament_index/resource_index/packages/uf_ros_lib
/home/melissa/Documentos/Robots_Mobiles/Mobile-Robots-2026-1/install/uf_ros_lib/share/uf_ros_lib/package.xml
/home/melissa/Documentos/Robots_Mobiles/Mobile-Robots-2026-1/install/uf_ros_lib/lib/python3.12/site-packages/uf_ros_lib-0.0.0-py3.12.egg-info/SOURCES.txt
/home/melissa/Documentos/Robots_Mobiles/Mobile-Robots-2026-1/install/uf_ros_lib/lib/python3.12/site-packages/uf_ros_lib-0.0.0-py3.12.egg-info/PKG-INFO
/home/melissa/Documentos/Robots_Mobiles/Mobile-Robots-2026-1/install/uf_ros_lib/lib/python3.12/site-packages/uf_ros_lib-0.0.0-py3.12.egg-info/top_level.txt
/home/melissa/Documentos/Robots_Mobiles/Mobile-Robots-2026-1/install/uf_ros_lib/lib/python3.12/site-packages/uf_ros_lib-0.0.0-py3.12.egg-info/zip-safe
/home/melissa/Documentos/Robots_Mobiles/Mobile-Robots-2026-1/install/uf_ros_lib/lib/python3.12/site-packages/uf_ros_lib-0.0.0-py3.12.egg-info/dependency_links.txt
/home/melissa/Documentos/Robots_Mobiles/Mobile-Robots-2026-1/install/uf_ros_lib/lib/python3.12/site-packages/uf_ros_lib-0.0.0-py3.12.egg-info/requires.txt
