[3.267s] Invoking command in '/home/quarcks/Mobile-Robots-2026-1/ros2_ws/src/navigation/map_augmenter': DEBUGINFOD_URLS=https://debuginfod.ubuntu.com PYTHONPATH=/home/quarcks/Mobile-Robots-2026-1/build/map_augmenter/prefix_override:/usr/lib/python3/dist-packages/colcon_core/task/python/colcon_distutils_commands:/home/quarcks/Mobile-Robots-2026-1/install/map_augmenter/lib/python3.12/site-packages:${PYTHONPATH} /usr/bin/python3 -W ignore:setup.py install is deprecated -W ignore:easy_install command is deprecated setup.py egg_info --egg-base ../../../../build/map_augmenter build --build-base /home/quarcks/Mobile-Robots-2026-1/build/map_augmenter/build install --record /home/quarcks/Mobile-Robots-2026-1/build/map_augmenter/install.log --single-version-externally-managed install_data
[3.838s] running egg_info
[3.865s] writing ../../../../build/map_augmenter/map_augmenter.egg-info/PKG-INFO
[3.865s] writing dependency_links to ../../../../build/map_augmenter/map_augmenter.egg-info/dependency_links.txt
[3.866s] writing entry points to ../../../../build/map_augmenter/map_augmenter.egg-info/entry_points.txt
[3.866s] writing requirements to ../../../../build/map_augmenter/map_augmenter.egg-info/requires.txt
[3.866s] writing top-level names to ../../../../build/map_augmenter/map_augmenter.egg-info/top_level.txt
[3.920s] reading manifest file '../../../../build/map_augmenter/map_augmenter.egg-info/SOURCES.txt'
[3.921s] adding license file 'LICENSE'
[3.921s] writing manifest file '../../../../build/map_augmenter/map_augmenter.egg-info/SOURCES.txt'
[3.921s] running build
[3.922s] running build_py
[3.922s] copying map_augmenter/gvd.py -> /home/quarcks/Mobile-Robots-2026-1/build/map_augmenter/build/lib/map_augmenter
[3.922s] running install
[3.929s] running install_lib
[3.957s] copying /home/quarcks/Mobile-Robots-2026-1/build/map_augmenter/build/lib/map_augmenter/gvd.py -> /home/quarcks/Mobile-Robots-2026-1/install/map_augmenter/lib/python3.12/site-packages/map_augmenter
[3.957s] byte-compiling /home/quarcks/Mobile-Robots-2026-1/install/map_augmenter/lib/python3.12/site-packages/map_augmenter/gvd.py to gvd.cpython-312.pyc
[3.960s] running install_data
[3.960s] running install_egg_info
[3.989s] removing '/home/quarcks/Mobile-Robots-2026-1/install/map_augmenter/lib/python3.12/site-packages/map_augmenter-0.0.0-py3.12.egg-info' (and everything under it)
[3.989s] Copying ../../../../build/map_augmenter/map_augmenter.egg-info to /home/quarcks/Mobile-Robots-2026-1/install/map_augmenter/lib/python3.12/site-packages/map_augmenter-0.0.0-py3.12.egg-info
[3.989s] running install_scripts
[4.173s] Installing gvd script to /home/quarcks/Mobile-Robots-2026-1/install/map_augmenter/lib/map_augmenter
[4.173s] Installing gvd_solved script to /home/quarcks/Mobile-Robots-2026-1/install/map_augmenter/lib/map_augmenter
[4.173s] Installing map_inflater script to /home/quarcks/Mobile-Robots-2026-1/install/map_augmenter/lib/map_augmenter
[4.174s] Installing map_inflater_solved script to /home/quarcks/Mobile-Robots-2026-1/install/map_augmenter/lib/map_augmenter
[4.174s] Installing split_and_merge script to /home/quarcks/Mobile-Robots-2026-1/install/map_augmenter/lib/map_augmenter
[4.174s] Installing split_and_merge_solved script to /home/quarcks/Mobile-Robots-2026-1/install/map_augmenter/lib/map_augmenter
[4.174s] writing list of installed files to '/home/quarcks/Mobile-Robots-2026-1/build/map_augmenter/install.log'
[4.207s] Invoked command in '/home/quarcks/Mobile-Robots-2026-1/ros2_ws/src/navigation/map_augmenter' returned '0': DEBUGINFOD_URLS=https://debuginfod.ubuntu.com PYTHONPATH=/home/quarcks/Mobile-Robots-2026-1/build/map_augmenter/prefix_override:/usr/lib/python3/dist-packages/colcon_core/task/python/colcon_distutils_commands:/home/quarcks/Mobile-Robots-2026-1/install/map_augmenter/lib/python3.12/site-packages:${PYTHONPATH} /usr/bin/python3 -W ignore:setup.py install is deprecated -W ignore:easy_install command is deprecated setup.py egg_info --egg-base ../../../../build/map_augmenter build --build-base /home/quarcks/Mobile-Robots-2026-1/build/map_augmenter/build install --record /home/quarcks/Mobile-Robots-2026-1/build/map_augmenter/install.log --single-version-externally-managed install_data
