[2.645s] Invoking command in '/home/catcyber02/Mobile-Robots-2026-1/ros2_ws/src/navigation/path_planner': DEBUGINFOD_URLS=https://debuginfod.ubuntu.com PYTHONPATH=/home/catcyber02/Mobile-Robots-2026-1/build/path_planner/prefix_override:/usr/lib/python3/dist-packages/colcon_core/task/python/colcon_distutils_commands:/home/catcyber02/Mobile-Robots-2026-1/install/path_planner/lib/python3.12/site-packages:${PYTHONPATH} /usr/bin/python3 -W ignore:setup.py install is deprecated -W ignore:easy_install command is deprecated setup.py egg_info --egg-base ../../../../build/path_planner build --build-base /home/catcyber02/Mobile-Robots-2026-1/build/path_planner/build install --record /home/catcyber02/Mobile-Robots-2026-1/build/path_planner/install.log --single-version-externally-managed install_data
[3.259s] running egg_info
[3.299s] writing ../../../../build/path_planner/path_planner.egg-info/PKG-INFO
[3.299s] writing dependency_links to ../../../../build/path_planner/path_planner.egg-info/dependency_links.txt
[3.300s] writing entry points to ../../../../build/path_planner/path_planner.egg-info/entry_points.txt
[3.300s] writing requirements to ../../../../build/path_planner/path_planner.egg-info/requires.txt
[3.300s] writing top-level names to ../../../../build/path_planner/path_planner.egg-info/top_level.txt
[3.386s] reading manifest file '../../../../build/path_planner/path_planner.egg-info/SOURCES.txt'
[3.387s] adding license file 'LICENSE'
[3.388s] writing manifest file '../../../../build/path_planner/path_planner.egg-info/SOURCES.txt'
[3.389s] running build
[3.389s] running build_py
[3.389s] running install
[3.400s] running install_lib
[3.445s] running install_data
[3.446s] running install_egg_info
[3.491s] removing '/home/catcyber02/Mobile-Robots-2026-1/install/path_planner/lib/python3.12/site-packages/path_planner-0.0.0-py3.12.egg-info' (and everything under it)
[3.491s] Copying ../../../../build/path_planner/path_planner.egg-info to /home/catcyber02/Mobile-Robots-2026-1/install/path_planner/lib/python3.12/site-packages/path_planner-0.0.0-py3.12.egg-info
[3.493s] running install_scripts
[3.785s] Installing a_start script to /home/catcyber02/Mobile-Robots-2026-1/install/path_planner/lib/path_planner
[3.786s] Installing a_start_solved script to /home/catcyber02/Mobile-Robots-2026-1/install/path_planner/lib/path_planner
[3.786s] Installing cost_map script to /home/catcyber02/Mobile-Robots-2026-1/install/path_planner/lib/path_planner
[3.787s] Installing cost_map_solved script to /home/catcyber02/Mobile-Robots-2026-1/install/path_planner/lib/path_planner
[3.787s] Installing rrt script to /home/catcyber02/Mobile-Robots-2026-1/install/path_planner/lib/path_planner
[3.788s] Installing rrt_solved script to /home/catcyber02/Mobile-Robots-2026-1/install/path_planner/lib/path_planner
[3.789s] writing list of installed files to '/home/catcyber02/Mobile-Robots-2026-1/build/path_planner/install.log'
[3.863s] Invoked command in '/home/catcyber02/Mobile-Robots-2026-1/ros2_ws/src/navigation/path_planner' returned '0': DEBUGINFOD_URLS=https://debuginfod.ubuntu.com PYTHONPATH=/home/catcyber02/Mobile-Robots-2026-1/build/path_planner/prefix_override:/usr/lib/python3/dist-packages/colcon_core/task/python/colcon_distutils_commands:/home/catcyber02/Mobile-Robots-2026-1/install/path_planner/lib/python3.12/site-packages:${PYTHONPATH} /usr/bin/python3 -W ignore:setup.py install is deprecated -W ignore:easy_install command is deprecated setup.py egg_info --egg-base ../../../../build/path_planner build --build-base /home/catcyber02/Mobile-Robots-2026-1/build/path_planner/build install --record /home/catcyber02/Mobile-Robots-2026-1/build/path_planner/install.log --single-version-externally-managed install_data
