[0.066s] Invoking command in '/home/catcyber02/Mobile-Robots-2026-1/build/justina_description': CMAKE_PREFIX_PATH=${CMAKE_PREFIX_PATH}:/home/catcyber02/Mobile-Robots-2026-1/ros2_ws/install/uf_ros_lib:/home/catcyber02/Mobile-Robots-2026-1/ros2_ws/install/simple_move:/opt/ros/jazzy DEBUGINFOD_URLS=https://debuginfod.ubuntu.com /usr/bin/cmake /home/catcyber02/Mobile-Robots-2026-1/ros2_ws/src/hardware/justina_description -DCMAKE_INSTALL_PREFIX=/home/catcyber02/Mobile-Robots-2026-1/install/justina_description
[0.402s] -- The C compiler identification is GNU 13.3.0
[0.651s] -- The CXX compiler identification is GNU 13.3.0
[0.711s] -- Detecting C compiler ABI info
[1.118s] -- Detecting C compiler ABI info - done
[1.147s] -- Check for working C compiler: /usr/bin/cc - skipped
[1.148s] -- Detecting C compile features
[1.149s] -- Detecting C compile features - done
[1.185s] -- Detecting CXX compiler ABI info
[1.650s] -- Detecting CXX compiler ABI info - done
[1.690s] -- Check for working CXX compiler: /usr/bin/c++ - skipped
[1.690s] -- Detecting CXX compile features
[1.694s] -- Detecting CXX compile features - done
[1.707s] -- Found ament_cmake: 2.5.4 (/opt/ros/jazzy/share/ament_cmake/cmake)
[2.382s] -- Found Python3: /usr/bin/python3 (found version "3.12.3") found components: Interpreter 
[2.877s] -- Found ament_lint_auto: 0.17.3 (/opt/ros/jazzy/share/ament_lint_auto/cmake)
[3.320s] -- Added test 'lint_cmake' to check CMake code style
[3.324s] -- Added test 'xmllint' to check XML markup files
[3.334s] -- Configuring done (3.2s)
[3.347s] -- Generating done (0.0s)
[3.356s] -- Build files have been written to: /home/catcyber02/Mobile-Robots-2026-1/build/justina_description
[3.388s] Invoked command in '/home/catcyber02/Mobile-Robots-2026-1/build/justina_description' returned '0': CMAKE_PREFIX_PATH=${CMAKE_PREFIX_PATH}:/home/catcyber02/Mobile-Robots-2026-1/ros2_ws/install/uf_ros_lib:/home/catcyber02/Mobile-Robots-2026-1/ros2_ws/install/simple_move:/opt/ros/jazzy DEBUGINFOD_URLS=https://debuginfod.ubuntu.com /usr/bin/cmake /home/catcyber02/Mobile-Robots-2026-1/ros2_ws/src/hardware/justina_description -DCMAKE_INSTALL_PREFIX=/home/catcyber02/Mobile-Robots-2026-1/install/justina_description
[3.389s] Invoking command in '/home/catcyber02/Mobile-Robots-2026-1/build/justina_description': CMAKE_PREFIX_PATH=${CMAKE_PREFIX_PATH}:/home/catcyber02/Mobile-Robots-2026-1/ros2_ws/install/uf_ros_lib:/home/catcyber02/Mobile-Robots-2026-1/ros2_ws/install/simple_move:/opt/ros/jazzy DEBUGINFOD_URLS=https://debuginfod.ubuntu.com /usr/bin/cmake --build /home/catcyber02/Mobile-Robots-2026-1/build/justina_description -- -j8 -l8
[3.575s] Invoked command in '/home/catcyber02/Mobile-Robots-2026-1/build/justina_description' returned '0': CMAKE_PREFIX_PATH=${CMAKE_PREFIX_PATH}:/home/catcyber02/Mobile-Robots-2026-1/ros2_ws/install/uf_ros_lib:/home/catcyber02/Mobile-Robots-2026-1/ros2_ws/install/simple_move:/opt/ros/jazzy DEBUGINFOD_URLS=https://debuginfod.ubuntu.com /usr/bin/cmake --build /home/catcyber02/Mobile-Robots-2026-1/build/justina_description -- -j8 -l8
[3.616s] Invoking command in '/home/catcyber02/Mobile-Robots-2026-1/build/justina_description': CMAKE_PREFIX_PATH=${CMAKE_PREFIX_PATH}:/home/catcyber02/Mobile-Robots-2026-1/ros2_ws/install/uf_ros_lib:/home/catcyber02/Mobile-Robots-2026-1/ros2_ws/install/simple_move:/opt/ros/jazzy DEBUGINFOD_URLS=https://debuginfod.ubuntu.com /usr/bin/cmake --install /home/catcyber02/Mobile-Robots-2026-1/build/justina_description
[3.692s] -- Install configuration: ""
[3.692s] -- Installing: /home/catcyber02/Mobile-Robots-2026-1/install/justina_description/share/justina_description/urdf
[3.693s] -- Installing: /home/catcyber02/Mobile-Robots-2026-1/install/justina_description/share/justina_description/urdf/justina.xacro
[3.693s] -- Installing: /home/catcyber02/Mobile-Robots-2026-1/install/justina_description/share/justina_description/urdf/justina_base.xacro
[3.694s] -- Installing: /home/catcyber02/Mobile-Robots-2026-1/install/justina_description/share/ament_index/resource_index/package_run_dependencies/justina_description
[3.695s] -- Installing: /home/catcyber02/Mobile-Robots-2026-1/install/justina_description/share/ament_index/resource_index/parent_prefix_path/justina_description
[3.697s] -- Installing: /home/catcyber02/Mobile-Robots-2026-1/install/justina_description/share/justina_description/environment/ament_prefix_path.sh
[3.699s] -- Installing: /home/catcyber02/Mobile-Robots-2026-1/install/justina_description/share/justina_description/environment/ament_prefix_path.dsv
[3.700s] -- Installing: /home/catcyber02/Mobile-Robots-2026-1/install/justina_description/share/justina_description/environment/path.sh
[3.702s] -- Installing: /home/catcyber02/Mobile-Robots-2026-1/install/justina_description/share/justina_description/environment/path.dsv
[3.703s] -- Installing: /home/catcyber02/Mobile-Robots-2026-1/install/justina_description/share/justina_description/local_setup.bash
[3.705s] -- Installing: /home/catcyber02/Mobile-Robots-2026-1/install/justina_description/share/justina_description/local_setup.sh
[3.706s] -- Installing: /home/catcyber02/Mobile-Robots-2026-1/install/justina_description/share/justina_description/local_setup.zsh
[3.710s] -- Installing: /home/catcyber02/Mobile-Robots-2026-1/install/justina_description/share/justina_description/local_setup.dsv
[3.713s] -- Installing: /home/catcyber02/Mobile-Robots-2026-1/install/justina_description/share/justina_description/package.dsv
[3.714s] -- Installing: /home/catcyber02/Mobile-Robots-2026-1/install/justina_description/share/ament_index/resource_index/packages/justina_description
[3.715s] -- Installing: /home/catcyber02/Mobile-Robots-2026-1/install/justina_description/share/justina_description/cmake/justina_descriptionConfig.cmake
[3.715s] -- Installing: /home/catcyber02/Mobile-Robots-2026-1/install/justina_description/share/justina_description/cmake/justina_descriptionConfig-version.cmake
[3.715s] -- Installing: /home/catcyber02/Mobile-Robots-2026-1/install/justina_description/share/justina_description/package.xml
[3.719s] Invoked command in '/home/catcyber02/Mobile-Robots-2026-1/build/justina_description' returned '0': CMAKE_PREFIX_PATH=${CMAKE_PREFIX_PATH}:/home/catcyber02/Mobile-Robots-2026-1/ros2_ws/install/uf_ros_lib:/home/catcyber02/Mobile-Robots-2026-1/ros2_ws/install/simple_move:/opt/ros/jazzy DEBUGINFOD_URLS=https://debuginfod.ubuntu.com /usr/bin/cmake --install /home/catcyber02/Mobile-Robots-2026-1/build/justina_description
