[5.007s] Invoking command in '/home/catcyber02/Mobile-Robots-2026-1/ros2_ws/src/navigation/path_planner': DEBUGINFOD_URLS=https://debuginfod.ubuntu.com PYTHONPATH=/home/catcyber02/Mobile-Robots-2026-1/build/path_planner/prefix_override:/usr/lib/python3/dist-packages/colcon_core/task/python/colcon_distutils_commands:/home/catcyber02/Mobile-Robots-2026-1/install/path_planner/lib/python3.12/site-packages:${PYTHONPATH} /usr/bin/python3 -W ignore:setup.py install is deprecated -W ignore:easy_install command is deprecated setup.py egg_info --egg-base ../../../../build/path_planner build --build-base /home/catcyber02/Mobile-Robots-2026-1/build/path_planner/build install --record /home/catcyber02/Mobile-Robots-2026-1/build/path_planner/install.log --single-version-externally-managed install_data
[6.006s] running egg_info
[6.070s] writing ../../../../build/path_planner/path_planner.egg-info/PKG-INFO
[6.070s] writing dependency_links to ../../../../build/path_planner/path_planner.egg-info/dependency_links.txt
[6.071s] writing entry points to ../../../../build/path_planner/path_planner.egg-info/entry_points.txt
[6.071s] writing requirements to ../../../../build/path_planner/path_planner.egg-info/requires.txt
[6.072s] writing top-level names to ../../../../build/path_planner/path_planner.egg-info/top_level.txt
[6.198s] reading manifest file '../../../../build/path_planner/path_planner.egg-info/SOURCES.txt'
[6.199s] adding license file 'LICENSE'
[6.201s] writing manifest file '../../../../build/path_planner/path_planner.egg-info/SOURCES.txt'
[6.201s] running build
[6.203s] running build_py
[6.204s] running install
[6.218s] running install_lib
[6.272s] byte-compiling /home/catcyber02/Mobile-Robots-2026-1/install/path_planner/lib/python3.12/site-packages/path_planner/rrt.py to rrt.cpython-312.pyc
[6.277s]   File "/home/catcyber02/Mobile-Robots-2026-1/install/path_planner/lib/python3.12/site-packages/path_planner/rrt.py", line 92
[6.278s]     while goal node.parent is None and max attempts > 0 :
[6.280s]                ^^^^
[6.280s] SyntaxError: invalid syntax
[6.281s] 
[6.282s] running install_data
[6.283s] running install_egg_info
[6.340s] removing '/home/catcyber02/Mobile-Robots-2026-1/install/path_planner/lib/python3.12/site-packages/path_planner-0.0.0-py3.12.egg-info' (and everything under it)
[6.344s] Copying ../../../../build/path_planner/path_planner.egg-info to /home/catcyber02/Mobile-Robots-2026-1/install/path_planner/lib/python3.12/site-packages/path_planner-0.0.0-py3.12.egg-info
[6.345s] running install_scripts
[6.774s] Installing a_start script to /home/catcyber02/Mobile-Robots-2026-1/install/path_planner/lib/path_planner
[6.775s] Installing a_start_solved script to /home/catcyber02/Mobile-Robots-2026-1/install/path_planner/lib/path_planner
[6.775s] Installing cost_map script to /home/catcyber02/Mobile-Robots-2026-1/install/path_planner/lib/path_planner
[6.776s] Installing cost_map_solved script to /home/catcyber02/Mobile-Robots-2026-1/install/path_planner/lib/path_planner
[6.776s] Installing rrt script to /home/catcyber02/Mobile-Robots-2026-1/install/path_planner/lib/path_planner
[6.777s] Installing rrt_solved script to /home/catcyber02/Mobile-Robots-2026-1/install/path_planner/lib/path_planner
[6.778s] writing list of installed files to '/home/catcyber02/Mobile-Robots-2026-1/build/path_planner/install.log'
[6.965s] Invoked command in '/home/catcyber02/Mobile-Robots-2026-1/ros2_ws/src/navigation/path_planner' returned '0': DEBUGINFOD_URLS=https://debuginfod.ubuntu.com PYTHONPATH=/home/catcyber02/Mobile-Robots-2026-1/build/path_planner/prefix_override:/usr/lib/python3/dist-packages/colcon_core/task/python/colcon_distutils_commands:/home/catcyber02/Mobile-Robots-2026-1/install/path_planner/lib/python3.12/site-packages:${PYTHONPATH} /usr/bin/python3 -W ignore:setup.py install is deprecated -W ignore:easy_install command is deprecated setup.py egg_info --egg-base ../../../../build/path_planner build --build-base /home/catcyber02/Mobile-Robots-2026-1/build/path_planner/build install --record /home/catcyber02/Mobile-Robots-2026-1/build/path_planner/install.log --single-version-externally-managed install_data
