running develop
running egg_info
writing path_planner.egg-info/PKG-INFO
writing dependency_links to path_planner.egg-info/dependency_links.txt
writing entry points to path_planner.egg-info/entry_points.txt
writing requirements to path_planner.egg-info/requires.txt
writing top-level names to path_planner.egg-info/top_level.txt
reading manifest file 'path_planner.egg-info/SOURCES.txt'
writing manifest file 'path_planner.egg-info/SOURCES.txt'
running build_ext
Creating /home/catcyber02/Mobile-Robots-2026-1/install/path_planner/lib/python3.12/site-packages/path-planner.egg-link (link to .)
Installing a_start script to /home/catcyber02/Mobile-Robots-2026-1/install/path_planner/lib/path_planner
Installing a_start_solved script to /home/catcyber02/Mobile-Robots-2026-1/install/path_planner/lib/path_planner
Installing cost_map script to /home/catcyber02/Mobile-Robots-2026-1/install/path_planner/lib/path_planner
Installing cost_map_solved script to /home/catcyber02/Mobile-Robots-2026-1/install/path_planner/lib/path_planner
Installing rrt script to /home/catcyber02/Mobile-Robots-2026-1/install/path_planner/lib/path_planner
Installing rrt_solved script to /home/catcyber02/Mobile-Robots-2026-1/install/path_planner/lib/path_planner

Installed /home/catcyber02/Mobile-Robots-2026-1/build/path_planner
running symlink_data
symbolically linking /home/catcyber02/Mobile-Robots-2026-1/build/path_planner/resource/path_planner -> /home/catcyber02/Mobile-Robots-2026-1/install/path_planner/share/ament_index/resource_index/packages
symbolically linking /home/catcyber02/Mobile-Robots-2026-1/build/path_planner/package.xml -> /home/catcyber02/Mobile-Robots-2026-1/install/path_planner/share/path_planner
