[6.423s] Invoking command in '/home/catcyber02/Mobile-Robots-2026-1/build/path_planner': DEBUGINFOD_URLS=https://debuginfod.ubuntu.com PYTHONPATH=/home/catcyber02/Mobile-Robots-2026-1/build/path_planner/prefix_override:/usr/lib/python3/dist-packages/colcon_core/task/python/colcon_distutils_commands:/home/catcyber02/Mobile-Robots-2026-1/install/path_planner/lib/python3.12/site-packages:${PYTHONPATH} /usr/bin/python3 -W ignore:setup.py install is deprecated -W ignore:easy_install command is deprecated setup.py develop --editable --build-directory /home/catcyber02/Mobile-Robots-2026-1/build/path_planner/build --no-deps symlink_data --force
[7.986s] running develop
[9.200s] running egg_info
[9.362s] writing path_planner.egg-info/PKG-INFO
[9.372s] writing dependency_links to path_planner.egg-info/dependency_links.txt
[9.377s] writing entry points to path_planner.egg-info/entry_points.txt
[9.377s] writing requirements to path_planner.egg-info/requires.txt
[9.378s] writing top-level names to path_planner.egg-info/top_level.txt
[9.550s] reading manifest file 'path_planner.egg-info/SOURCES.txt'
[9.553s] writing manifest file 'path_planner.egg-info/SOURCES.txt'
[9.635s] running build_ext
[9.636s] Creating /home/catcyber02/Mobile-Robots-2026-1/install/path_planner/lib/python3.12/site-packages/path-planner.egg-link (link to .)
[9.636s] Installing a_start script to /home/catcyber02/Mobile-Robots-2026-1/install/path_planner/lib/path_planner
[9.638s] Installing a_start_solved script to /home/catcyber02/Mobile-Robots-2026-1/install/path_planner/lib/path_planner
[9.639s] Installing cost_map script to /home/catcyber02/Mobile-Robots-2026-1/install/path_planner/lib/path_planner
[9.642s] Installing cost_map_solved script to /home/catcyber02/Mobile-Robots-2026-1/install/path_planner/lib/path_planner
[9.642s] Installing rrt script to /home/catcyber02/Mobile-Robots-2026-1/install/path_planner/lib/path_planner
[9.646s] Installing rrt_solved script to /home/catcyber02/Mobile-Robots-2026-1/install/path_planner/lib/path_planner
[9.650s] 
[9.656s] Installed /home/catcyber02/Mobile-Robots-2026-1/build/path_planner
[9.658s] running symlink_data
[9.662s] symbolically linking /home/catcyber02/Mobile-Robots-2026-1/build/path_planner/resource/path_planner -> /home/catcyber02/Mobile-Robots-2026-1/install/path_planner/share/ament_index/resource_index/packages
[9.662s] symbolically linking /home/catcyber02/Mobile-Robots-2026-1/build/path_planner/package.xml -> /home/catcyber02/Mobile-Robots-2026-1/install/path_planner/share/path_planner
