[0.175s] Invoking command in '/home/catcyber02/Mobile-Robots-2026-1/build/xarm_description': CMAKE_PREFIX_PATH=${CMAKE_PREFIX_PATH}:/home/catcyber02/Mobile-Robots-2026-1/install/uf_ros_lib:/home/catcyber02/Mobile-Robots-2026-1/install/simple_move:/home/catcyber02/Mobile-Robots-2026-1/install/path_planner:/home/catcyber02/Mobile-Robots-2026-1/install/map_augmenter:/home/catcyber02/Mobile-Robots-2026-1/ros2_ws/install/uf_ros_lib:/home/catcyber02/Mobile-Robots-2026-1/ros2_ws/install/simple_move:/home/catcyber02/Mobile-Robots-2026-1/ros2_ws/install/path_planner:/home/catcyber02/Mobile-Robots-2026-1/ros2_ws/install/map_augmenter:/opt/ros/jazzy DEBUGINFOD_URLS=https://debuginfod.ubuntu.com /usr/bin/cmake --build /home/catcyber02/Mobile-Robots-2026-1/build/xarm_description -- -j8 -l8
[1.078s] Invoked command in '/home/catcyber02/Mobile-Robots-2026-1/build/xarm_description' returned '0': CMAKE_PREFIX_PATH=${CMAKE_PREFIX_PATH}:/home/catcyber02/Mobile-Robots-2026-1/install/uf_ros_lib:/home/catcyber02/Mobile-Robots-2026-1/install/simple_move:/home/catcyber02/Mobile-Robots-2026-1/install/path_planner:/home/catcyber02/Mobile-Robots-2026-1/install/map_augmenter:/home/catcyber02/Mobile-Robots-2026-1/ros2_ws/install/uf_ros_lib:/home/catcyber02/Mobile-Robots-2026-1/ros2_ws/install/simple_move:/home/catcyber02/Mobile-Robots-2026-1/ros2_ws/install/path_planner:/home/catcyber02/Mobile-Robots-2026-1/ros2_ws/install/map_augmenter:/opt/ros/jazzy DEBUGINFOD_URLS=https://debuginfod.ubuntu.com /usr/bin/cmake --build /home/catcyber02/Mobile-Robots-2026-1/build/xarm_description -- -j8 -l8
[1.116s] Invoking command in '/home/catcyber02/Mobile-Robots-2026-1/build/xarm_description': CMAKE_PREFIX_PATH=${CMAKE_PREFIX_PATH}:/home/catcyber02/Mobile-Robots-2026-1/install/uf_ros_lib:/home/catcyber02/Mobile-Robots-2026-1/install/simple_move:/home/catcyber02/Mobile-Robots-2026-1/install/path_planner:/home/catcyber02/Mobile-Robots-2026-1/install/map_augmenter:/home/catcyber02/Mobile-Robots-2026-1/ros2_ws/install/uf_ros_lib:/home/catcyber02/Mobile-Robots-2026-1/ros2_ws/install/simple_move:/home/catcyber02/Mobile-Robots-2026-1/ros2_ws/install/path_planner:/home/catcyber02/Mobile-Robots-2026-1/ros2_ws/install/map_augmenter:/opt/ros/jazzy DEBUGINFOD_URLS=https://debuginfod.ubuntu.com /usr/bin/cmake --install /home/catcyber02/Mobile-Robots-2026-1/build/xarm_description
[1.271s] -- Install configuration: ""
[1.281s] -- Execute custom install script
[1.284s] -- Up-to-date symlink: /home/catcyber02/Mobile-Robots-2026-1/install/xarm_description/share/xarm_description//rviz/display.rviz
[1.288s] -- Up-to-date symlink: /home/catcyber02/Mobile-Robots-2026-1/install/xarm_description/share/xarm_description//urdf/_private_macro.xacro
[1.289s] -- Up-to-date symlink: /home/catcyber02/Mobile-Robots-2026-1/install/xarm_description/share/xarm_description//urdf/camera/camera.gazebo.xacro
[1.290s] -- Up-to-date symlink: /home/catcyber02/Mobile-Robots-2026-1/install/xarm_description/share/xarm_description//urdf/camera/realsense.gazebo.xacro
[1.291s] -- Up-to-date symlink: /home/catcyber02/Mobile-Robots-2026-1/install/xarm_description/share/xarm_description//urdf/camera/realsense_d435i.urdf.xacro
[1.291s] -- Up-to-date symlink: /home/catcyber02/Mobile-Robots-2026-1/install/xarm_description/share/xarm_description//urdf/common/common.gazebo.xacro
[1.291s] -- Up-to-date symlink: /home/catcyber02/Mobile-Robots-2026-1/install/xarm_description/share/xarm_description//urdf/common/common.link.xacro
[1.292s] -- Up-to-date symlink: /home/catcyber02/Mobile-Robots-2026-1/install/xarm_description/share/xarm_description//urdf/common/common.material.xacro
[1.292s] -- Up-to-date symlink: /home/catcyber02/Mobile-Robots-2026-1/install/xarm_description/share/xarm_description//urdf/dual_xarm_device.urdf.xacro
[1.293s] -- Up-to-date symlink: /home/catcyber02/Mobile-Robots-2026-1/install/xarm_description/share/xarm_description//urdf/gripper/bio_gripper.gazebo.xacro
[1.293s] -- Up-to-date symlink: /home/catcyber02/Mobile-Robots-2026-1/install/xarm_description/share/xarm_description//urdf/gripper/bio_gripper.ros2_control.xacro
[1.293s] -- Up-to-date symlink: /home/catcyber02/Mobile-Robots-2026-1/install/xarm_description/share/xarm_description//urdf/gripper/bio_gripper.transmission.xacro
[1.294s] -- Up-to-date symlink: /home/catcyber02/Mobile-Robots-2026-1/install/xarm_description/share/xarm_description//urdf/gripper/bio_gripper.urdf.xacro
[1.294s] -- Up-to-date symlink: /home/catcyber02/Mobile-Robots-2026-1/install/xarm_description/share/xarm_description//urdf/gripper/bio_gripper_macro.xacro
[1.294s] -- Up-to-date symlink: /home/catcyber02/Mobile-Robots-2026-1/install/xarm_description/share/xarm_description//urdf/gripper/gripper.urdf.xacro
[1.295s] -- Up-to-date symlink: /home/catcyber02/Mobile-Robots-2026-1/install/xarm_description/share/xarm_description//urdf/gripper/gripper_macro.xacro
[1.295s] -- Up-to-date symlink: /home/catcyber02/Mobile-Robots-2026-1/install/xarm_description/share/xarm_description//urdf/gripper/lite_gripper.urdf.xacro
[1.295s] -- Up-to-date symlink: /home/catcyber02/Mobile-Robots-2026-1/install/xarm_description/share/xarm_description//urdf/gripper/xarm_gripper.gazebo.xacro
[1.295s] -- Up-to-date symlink: /home/catcyber02/Mobile-Robots-2026-1/install/xarm_description/share/xarm_description//urdf/gripper/xarm_gripper.ros2_control.xacro
[1.296s] -- Up-to-date symlink: /home/catcyber02/Mobile-Robots-2026-1/install/xarm_description/share/xarm_description//urdf/gripper/xarm_gripper.transmission.xacro
[1.296s] -- Up-to-date symlink: /home/catcyber02/Mobile-Robots-2026-1/install/xarm_description/share/xarm_description//urdf/gripper/xarm_gripper.urdf.xacro
[1.297s] -- Up-to-date symlink: /home/catcyber02/Mobile-Robots-2026-1/install/xarm_description/share/xarm_description//urdf/gripper/xarm_gripper_macro.xacro
[1.297s] -- Up-to-date symlink: /home/catcyber02/Mobile-Robots-2026-1/install/xarm_description/share/xarm_description//urdf/lite6/lite6.gazebo.xacro
[1.298s] -- Up-to-date symlink: /home/catcyber02/Mobile-Robots-2026-1/install/xarm_description/share/xarm_description//urdf/lite6/lite6.ros2_control.xacro
[1.298s] -- Up-to-date symlink: /home/catcyber02/Mobile-Robots-2026-1/install/xarm_description/share/xarm_description//urdf/lite6/lite6.transmission.xacro
[1.298s] -- Up-to-date symlink: /home/catcyber02/Mobile-Robots-2026-1/install/xarm_description/share/xarm_description//urdf/lite6/lite6.urdf.xacro
[1.299s] -- Up-to-date symlink: /home/catcyber02/Mobile-Robots-2026-1/install/xarm_description/share/xarm_description//urdf/lite6/lite6_robot_macro.xacro
[1.299s] -- Up-to-date symlink: /home/catcyber02/Mobile-Robots-2026-1/install/xarm_description/share/xarm_description//urdf/other/other_geometry.urdf.xacro
[1.299s] -- Up-to-date symlink: /home/catcyber02/Mobile-Robots-2026-1/install/xarm_description/share/xarm_description//urdf/uf850/uf850.gazebo.xacro
[1.300s] -- Up-to-date symlink: /home/catcyber02/Mobile-Robots-2026-1/install/xarm_description/share/xarm_description//urdf/uf850/uf850.ros2_control.xacro
[1.300s] -- Up-to-date symlink: /home/catcyber02/Mobile-Robots-2026-1/install/xarm_description/share/xarm_description//urdf/uf850/uf850.transmission.xacro
[1.300s] -- Up-to-date symlink: /home/catcyber02/Mobile-Robots-2026-1/install/xarm_description/share/xarm_description//urdf/uf850/uf850.urdf.xacro
[1.301s] -- Up-to-date symlink: /home/catcyber02/Mobile-Robots-2026-1/install/xarm_description/share/xarm_description//urdf/uf850/uf850_robot_macro.xacro
[1.301s] -- Up-to-date symlink: /home/catcyber02/Mobile-Robots-2026-1/install/xarm_description/share/xarm_description//urdf/vacuum_gripper/lite_vacuum_gripper.urdf.xacro
[1.301s] -- Up-to-date symlink: /home/catcyber02/Mobile-Robots-2026-1/install/xarm_description/share/xarm_description//urdf/vacuum_gripper/vacuum_gripper.urdf.xacro
[1.302s] -- Up-to-date symlink: /home/catcyber02/Mobile-Robots-2026-1/install/xarm_description/share/xarm_description//urdf/vacuum_gripper/vacuum_gripper_macro.xacro
[1.302s] -- Up-to-date symlink: /home/catcyber02/Mobile-Robots-2026-1/install/xarm_description/share/xarm_description//urdf/vacuum_gripper/xarm_vacuum_gripper.urdf.xacro
[1.302s] -- Up-to-date symlink: /home/catcyber02/Mobile-Robots-2026-1/install/xarm_description/share/xarm_description//urdf/xarm5/xarm5.gazebo.xacro
[1.303s] -- Up-to-date symlink: /home/catcyber02/Mobile-Robots-2026-1/install/xarm_description/share/xarm_description//urdf/xarm5/xarm5.ros2_control.xacro
[1.303s] -- Up-to-date symlink: /home/catcyber02/Mobile-Robots-2026-1/install/xarm_description/share/xarm_description//urdf/xarm5/xarm5.transmission.xacro
[1.303s] -- Up-to-date symlink: /home/catcyber02/Mobile-Robots-2026-1/install/xarm_description/share/xarm_description//urdf/xarm5/xarm5.urdf.xacro
[1.303s] -- Up-to-date symlink: /home/catcyber02/Mobile-Robots-2026-1/install/xarm_description/share/xarm_description//urdf/xarm5/xarm5_robot_macro.xacro
[1.304s] -- Up-to-date symlink: /home/catcyber02/Mobile-Robots-2026-1/install/xarm_description/share/xarm_description//urdf/xarm6/xarm6.gazebo.xacro
[1.304s] -- Up-to-date symlink: /home/catcyber02/Mobile-Robots-2026-1/install/xarm_description/share/xarm_description//urdf/xarm6/xarm6.ros2_control.xacro
[1.304s] -- Up-to-date symlink: /home/catcyber02/Mobile-Robots-2026-1/install/xarm_description/share/xarm_description//urdf/xarm6/xarm6.transmission.xacro
[1.304s] -- Up-to-date symlink: /home/catcyber02/Mobile-Robots-2026-1/install/xarm_description/share/xarm_description//urdf/xarm6/xarm6.urdf.xacro
[1.305s] -- Up-to-date symlink: /home/catcyber02/Mobile-Robots-2026-1/install/xarm_description/share/xarm_description//urdf/xarm6/xarm6_robot_macro.xacro
[1.305s] -- Up-to-date symlink: /home/catcyber02/Mobile-Robots-2026-1/install/xarm_description/share/xarm_description//urdf/xarm7/xarm7.gazebo.xacro
[1.305s] -- Up-to-date symlink: /home/catcyber02/Mobile-Robots-2026-1/install/xarm_description/share/xarm_description//urdf/xarm7/xarm7.ros2_control.xacro
[1.306s] -- Up-to-date symlink: /home/catcyber02/Mobile-Robots-2026-1/install/xarm_description/share/xarm_description//urdf/xarm7/xarm7.transmission.xacro
[1.306s] -- Up-to-date symlink: /home/catcyber02/Mobile-Robots-2026-1/install/xarm_description/share/xarm_description//urdf/xarm7/xarm7.urdf.xacro
[1.306s] -- Up-to-date symlink: /home/catcyber02/Mobile-Robots-2026-1/install/xarm_description/share/xarm_description//urdf/xarm7/xarm7_robot_macro.xacro
[1.306s] -- Up-to-date symlink: /home/catcyber02/Mobile-Robots-2026-1/install/xarm_description/share/xarm_description//urdf/xarm7_mirror/xarm7_mirror.gazebo.xacro
[1.307s] -- Up-to-date symlink: /home/catcyber02/Mobile-Robots-2026-1/install/xarm_description/share/xarm_description//urdf/xarm7_mirror/xarm7_mirror.ros2_control.xacro
[1.307s] -- Up-to-date symlink: /home/catcyber02/Mobile-Robots-2026-1/install/xarm_description/share/xarm_description//urdf/xarm7_mirror/xarm7_mirror.transmission.xacro
[1.316s] -- Up-to-date symlink: /home/catcyber02/Mobile-Robots-2026-1/install/xarm_description/share/xarm_description//urdf/xarm7_mirror/xarm7_mirror.urdf.xacro
[1.316s] -- Up-to-date symlink: /home/catcyber02/Mobile-Robots-2026-1/install/xarm_description/share/xarm_description//urdf/xarm7_mirror/xarm7_mirror_robot_macro.xacro
[1.317s] -- Up-to-date symlink: /home/catcyber02/Mobile-Robots-2026-1/install/xarm_description/share/xarm_description//urdf/xarm_device.urdf.xacro
[1.317s] -- Up-to-date symlink: /home/catcyber02/Mobile-Robots-2026-1/install/xarm_description/share/xarm_description//urdf/xarm_device_macro.xacro
[1.317s] -- Up-to-date symlink: /home/catcyber02/Mobile-Robots-2026-1/install/xarm_description/share/xarm_description//config/kinematics/default/lite6_default_kinematics.yaml
[1.319s] -- Up-to-date symlink: /home/catcyber02/Mobile-Robots-2026-1/install/xarm_description/share/xarm_description//config/kinematics/default/uf850_default_kinematics.yaml
[1.320s] -- Up-to-date symlink: /home/catcyber02/Mobile-Robots-2026-1/install/xarm_description/share/xarm_description//config/kinematics/default/xarm5_default_kinematics.yaml
[1.320s] -- Up-to-date symlink: /home/catcyber02/Mobile-Robots-2026-1/install/xarm_description/share/xarm_description//config/kinematics/default/xarm6_default_kinematics.yaml
[1.321s] -- Up-to-date symlink: /home/catcyber02/Mobile-Robots-2026-1/install/xarm_description/share/xarm_description//config/kinematics/default/xarm7_default_kinematics.yaml
[1.321s] -- Up-to-date symlink: /home/catcyber02/Mobile-Robots-2026-1/install/xarm_description/share/xarm_description//config/kinematics/default/xarm7_mirror_default_kinematics.yaml
[1.322s] -- Up-to-date symlink: /home/catcyber02/Mobile-Robots-2026-1/install/xarm_description/share/xarm_description//config/kinematics/gen_kinematics_params.py
[1.322s] -- Up-to-date symlink: /home/catcyber02/Mobile-Robots-2026-1/install/xarm_description/share/xarm_description//config/link_inertial/gen_link_inertial_params.py
[1.322s] -- Up-to-date symlink: /home/catcyber02/Mobile-Robots-2026-1/install/xarm_description/share/xarm_description//config/link_inertial/xarm5_type5_HT_BR.yaml
[1.322s] -- Up-to-date symlink: /home/catcyber02/Mobile-Robots-2026-1/install/xarm_description/share/xarm_description//config/link_inertial/xarm5_type5_HT_BR2.yaml
[1.323s] -- Up-to-date symlink: /home/catcyber02/Mobile-Robots-2026-1/install/xarm_description/share/xarm_description//config/link_inertial/xarm5_type5_HT_LD.yaml
[1.323s] -- Up-to-date symlink: /home/catcyber02/Mobile-Robots-2026-1/install/xarm_description/share/xarm_description//config/link_inertial/xarm5_type5_UJ_BR_2403.yaml
[1.323s] -- Up-to-date symlink: /home/catcyber02/Mobile-Robots-2026-1/install/xarm_description/share/xarm_description//config/link_inertial/xarm6_type11_HT_LD.yaml
[1.323s] -- Up-to-date symlink: /home/catcyber02/Mobile-Robots-2026-1/install/xarm_description/share/xarm_description//config/link_inertial/xarm6_type12_HT_LDBR2.yaml
[1.323s] -- Up-to-date symlink: /home/catcyber02/Mobile-Robots-2026-1/install/xarm_description/share/xarm_description//config/link_inertial/xarm6_type6_HT2_LD.yaml
[1.323s] -- Up-to-date symlink: /home/catcyber02/Mobile-Robots-2026-1/install/xarm_description/share/xarm_description//config/link_inertial/xarm6_type6_HT_BR.yaml
[1.324s] -- Up-to-date symlink: /home/catcyber02/Mobile-Robots-2026-1/install/xarm_description/share/xarm_description//config/link_inertial/xarm6_type6_HT_BR2.yaml
[1.324s] -- Up-to-date symlink: /home/catcyber02/Mobile-Robots-2026-1/install/xarm_description/share/xarm_description//config/link_inertial/xarm6_type6_HT_LD.yaml
[1.324s] -- Up-to-date symlink: /home/catcyber02/Mobile-Robots-2026-1/install/xarm_description/share/xarm_description//config/link_inertial/xarm6_type6_UJ_BR_2403.yaml
[1.324s] -- Up-to-date symlink: /home/catcyber02/Mobile-Robots-2026-1/install/xarm_description/share/xarm_description//config/link_inertial/xarm6_type8_HT2_BR2.yaml
[1.324s] -- Up-to-date symlink: /home/catcyber02/Mobile-Robots-2026-1/install/xarm_description/share/xarm_description//config/link_inertial/xarm6_type9_HT_BR2.yaml
[1.325s] -- Up-to-date symlink: /home/catcyber02/Mobile-Robots-2026-1/install/xarm_description/share/xarm_description//config/link_inertial/xarm7_type13_HT_BR2.yaml
[1.325s] -- Up-to-date symlink: /home/catcyber02/Mobile-Robots-2026-1/install/xarm_description/share/xarm_description//config/link_inertial/xarm7_type3_YT_SP.yaml
[1.325s] -- Up-to-date symlink: /home/catcyber02/Mobile-Robots-2026-1/install/xarm_description/share/xarm_description//config/link_inertial/xarm7_type7_HT_BR.yaml
[1.326s] -- Up-to-date symlink: /home/catcyber02/Mobile-Robots-2026-1/install/xarm_description/share/xarm_description//config/link_inertial/xarm7_type7_HT_BR2.yaml
[1.326s] -- Up-to-date symlink: /home/catcyber02/Mobile-Robots-2026-1/install/xarm_description/share/xarm_description//config/link_inertial/xarm7_type7_HT_LD.yaml
[1.327s] -- Up-to-date symlink: /home/catcyber02/Mobile-Robots-2026-1/install/xarm_description/share/xarm_description//config/link_inertial/xarm7_type7_UJ_BR_2403.yaml
[1.327s] -- Up-to-date symlink: /home/catcyber02/Mobile-Robots-2026-1/install/xarm_description/share/xarm_description//meshes/camera/realsense/collision/d435_with_cam_stand.stl
[1.327s] -- Up-to-date symlink: /home/catcyber02/Mobile-Robots-2026-1/install/xarm_description/share/xarm_description//meshes/camera/realsense/visual/d435_with_cam_stand.stl
[1.328s] -- Up-to-date symlink: /home/catcyber02/Mobile-Robots-2026-1/install/xarm_description/share/xarm_description//meshes/end_tool/collision/end_tool.stl
[1.328s] -- Up-to-date symlink: /home/catcyber02/Mobile-Robots-2026-1/install/xarm_description/share/xarm_description//meshes/end_tool/collision/end_tool_1300.stl
[1.328s] -- Up-to-date symlink: /home/catcyber02/Mobile-Robots-2026-1/install/xarm_description/share/xarm_description//meshes/end_tool/visual/end_tool_1300.stl
[1.329s] -- Up-to-date symlink: /home/catcyber02/Mobile-Robots-2026-1/install/xarm_description/share/xarm_description//meshes/gripper/bio/left_finger.stl
[1.329s] -- Up-to-date symlink: /home/catcyber02/Mobile-Robots-2026-1/install/xarm_description/share/xarm_description//meshes/gripper/bio/link_base.stl
[1.333s] -- Up-to-date symlink: /home/catcyber02/Mobile-Robots-2026-1/install/xarm_description/share/xarm_description//meshes/gripper/bio/right_finger.stl
[1.334s] -- Up-to-date symlink: /home/catcyber02/Mobile-Robots-2026-1/install/xarm_description/share/xarm_description//meshes/gripper/lite/collision/gripper_lite.stl
[1.335s] -- Up-to-date symlink: /home/catcyber02/Mobile-Robots-2026-1/install/xarm_description/share/xarm_description//meshes/gripper/lite/visual/gripper_lite.stl
[1.339s] -- Up-to-date symlink: /home/catcyber02/Mobile-Robots-2026-1/install/xarm_description/share/xarm_description//meshes/gripper/xarm/base_link.stl
[1.340s] -- Up-to-date symlink: /home/catcyber02/Mobile-Robots-2026-1/install/xarm_description/share/xarm_description//meshes/gripper/xarm/left_finger.stl
[1.340s] -- Up-to-date symlink: /home/catcyber02/Mobile-Robots-2026-1/install/xarm_description/share/xarm_description//meshes/gripper/xarm/left_inner_knuckle.stl
[1.341s] -- Up-to-date symlink: /home/catcyber02/Mobile-Robots-2026-1/install/xarm_description/share/xarm_description//meshes/gripper/xarm/left_outer_knuckle.stl
[1.341s] -- Up-to-date symlink: /home/catcyber02/Mobile-Robots-2026-1/install/xarm_description/share/xarm_description//meshes/gripper/xarm/right_finger.stl
[1.341s] -- Up-to-date symlink: /home/catcyber02/Mobile-Robots-2026-1/install/xarm_description/share/xarm_description//meshes/gripper/xarm/right_inner_knuckle.stl
[1.341s] -- Up-to-date symlink: /home/catcyber02/Mobile-Robots-2026-1/install/xarm_description/share/xarm_description//meshes/gripper/xarm/right_outer_knuckle.stl
[1.342s] -- Up-to-date symlink: /home/catcyber02/Mobile-Robots-2026-1/install/xarm_description/share/xarm_description//meshes/lite6/collision/link1.stl
[1.342s] -- Up-to-date symlink: /home/catcyber02/Mobile-Robots-2026-1/install/xarm_description/share/xarm_description//meshes/lite6/collision/link2.stl
[1.342s] -- Up-to-date symlink: /home/catcyber02/Mobile-Robots-2026-1/install/xarm_description/share/xarm_description//meshes/lite6/collision/link3.stl
[1.343s] -- Up-to-date symlink: /home/catcyber02/Mobile-Robots-2026-1/install/xarm_description/share/xarm_description//meshes/lite6/collision/link4.stl
[1.347s] -- Up-to-date symlink: /home/catcyber02/Mobile-Robots-2026-1/install/xarm_description/share/xarm_description//meshes/lite6/collision/link5.stl
[1.348s] -- Up-to-date symlink: /home/catcyber02/Mobile-Robots-2026-1/install/xarm_description/share/xarm_description//meshes/lite6/collision/link6.stl
[1.348s] -- Up-to-date symlink: /home/catcyber02/Mobile-Robots-2026-1/install/xarm_description/share/xarm_description//meshes/lite6/collision/link_base.stl
[1.349s] -- Up-to-date symlink: /home/catcyber02/Mobile-Robots-2026-1/install/xarm_description/share/xarm_description//meshes/lite6/visual/link1.stl
[1.349s] -- Up-to-date symlink: /home/catcyber02/Mobile-Robots-2026-1/install/xarm_description/share/xarm_description//meshes/lite6/visual/link2.stl
[1.349s] -- Up-to-date symlink: /home/catcyber02/Mobile-Robots-2026-1/install/xarm_description/share/xarm_description//meshes/lite6/visual/link3.stl
[1.350s] -- Up-to-date symlink: /home/catcyber02/Mobile-Robots-2026-1/install/xarm_description/share/xarm_description//meshes/lite6/visual/link4.stl
[1.350s] -- Up-to-date symlink: /home/catcyber02/Mobile-Robots-2026-1/install/xarm_description/share/xarm_description//meshes/lite6/visual/link5.stl
[1.351s] -- Up-to-date symlink: /home/catcyber02/Mobile-Robots-2026-1/install/xarm_description/share/xarm_description//meshes/lite6/visual/link6.stl
[1.351s] -- Up-to-date symlink: /home/catcyber02/Mobile-Robots-2026-1/install/xarm_description/share/xarm_description//meshes/lite6/visual/link_base.stl
[1.351s] -- Up-to-date symlink: /home/catcyber02/Mobile-Robots-2026-1/install/xarm_description/share/xarm_description//meshes/uf850/collision/link1.stl
[1.352s] -- Up-to-date symlink: /home/catcyber02/Mobile-Robots-2026-1/install/xarm_description/share/xarm_description//meshes/uf850/collision/link2.stl
[1.352s] -- Up-to-date symlink: /home/catcyber02/Mobile-Robots-2026-1/install/xarm_description/share/xarm_description//meshes/uf850/collision/link3.stl
[1.352s] -- Up-to-date symlink: /home/catcyber02/Mobile-Robots-2026-1/install/xarm_description/share/xarm_description//meshes/uf850/collision/link4.stl
[1.352s] -- Up-to-date symlink: /home/catcyber02/Mobile-Robots-2026-1/install/xarm_description/share/xarm_description//meshes/uf850/collision/link5.stl
[1.353s] -- Up-to-date symlink: /home/catcyber02/Mobile-Robots-2026-1/install/xarm_description/share/xarm_description//meshes/uf850/collision/link6.stl
[1.353s] -- Up-to-date symlink: /home/catcyber02/Mobile-Robots-2026-1/install/xarm_description/share/xarm_description//meshes/uf850/collision/link_base.stl
[1.353s] -- Up-to-date symlink: /home/catcyber02/Mobile-Robots-2026-1/install/xarm_description/share/xarm_description//meshes/uf850/visual/link1.stl
[1.353s] -- Up-to-date symlink: /home/catcyber02/Mobile-Robots-2026-1/install/xarm_description/share/xarm_description//meshes/uf850/visual/link2.stl
[1.354s] -- Up-to-date symlink: /home/catcyber02/Mobile-Robots-2026-1/install/xarm_description/share/xarm_description//meshes/uf850/visual/link3.stl
[1.354s] -- Up-to-date symlink: /home/catcyber02/Mobile-Robots-2026-1/install/xarm_description/share/xarm_description//meshes/uf850/visual/link4.stl
[1.355s] -- Up-to-date symlink: /home/catcyber02/Mobile-Robots-2026-1/install/xarm_description/share/xarm_description//meshes/uf850/visual/link5.stl
[1.355s] -- Up-to-date symlink: /home/catcyber02/Mobile-Robots-2026-1/install/xarm_description/share/xarm_description//meshes/uf850/visual/link6.stl
[1.355s] -- Up-to-date symlink: /home/catcyber02/Mobile-Robots-2026-1/install/xarm_description/share/xarm_description//meshes/uf850/visual/link_base.stl
[1.356s] -- Up-to-date symlink: /home/catcyber02/Mobile-Robots-2026-1/install/xarm_description/share/xarm_description//meshes/vacuum_gripper/lite/collision/vacuum_gripper_lite.stl
[1.356s] -- Up-to-date symlink: /home/catcyber02/Mobile-Robots-2026-1/install/xarm_description/share/xarm_description//meshes/vacuum_gripper/lite/visual/vacuum_gripper_lite.stl
[1.384s] -- Up-to-date symlink: /home/catcyber02/Mobile-Robots-2026-1/install/xarm_description/share/xarm_description//meshes/vacuum_gripper/xarm/collision/vacuum_gripper.stl
[1.384s] -- Up-to-date symlink: /home/catcyber02/Mobile-Robots-2026-1/install/xarm_description/share/xarm_description//meshes/vacuum_gripper/xarm/visual/vacuum_gripper.stl
[1.385s] -- Up-to-date symlink: /home/catcyber02/Mobile-Robots-2026-1/install/xarm_description/share/xarm_description//meshes/xarm5/visual/link1.stl
[1.385s] -- Up-to-date symlink: /home/catcyber02/Mobile-Robots-2026-1/install/xarm_description/share/xarm_description//meshes/xarm5/visual/link2.stl
[1.386s] -- Up-to-date symlink: /home/catcyber02/Mobile-Robots-2026-1/install/xarm_description/share/xarm_description//meshes/xarm5/visual/link3.stl
[1.386s] -- Up-to-date symlink: /home/catcyber02/Mobile-Robots-2026-1/install/xarm_description/share/xarm_description//meshes/xarm5/visual/link4.stl
[1.386s] -- Up-to-date symlink: /home/catcyber02/Mobile-Robots-2026-1/install/xarm_description/share/xarm_description//meshes/xarm5/visual/link5.stl
[1.387s] -- Up-to-date symlink: /home/catcyber02/Mobile-Robots-2026-1/install/xarm_description/share/xarm_description//meshes/xarm5/visual/link_base.stl
[1.387s] -- Up-to-date symlink: /home/catcyber02/Mobile-Robots-2026-1/install/xarm_description/share/xarm_description//meshes/xarm5_1305/collision/link1.obj
[1.388s] -- Up-to-date symlink: /home/catcyber02/Mobile-Robots-2026-1/install/xarm_description/share/xarm_description//meshes/xarm5_1305/collision/link2.obj
[1.388s] -- Up-to-date symlink: /home/catcyber02/Mobile-Robots-2026-1/install/xarm_description/share/xarm_description//meshes/xarm5_1305/collision/link3.obj
[1.388s] -- Up-to-date symlink: /home/catcyber02/Mobile-Robots-2026-1/install/xarm_description/share/xarm_description//meshes/xarm5_1305/collision/link4.obj
[1.391s] -- Up-to-date symlink: /home/catcyber02/Mobile-Robots-2026-1/install/xarm_description/share/xarm_description//meshes/xarm5_1305/collision/link5.obj
[1.392s] -- Up-to-date symlink: /home/catcyber02/Mobile-Robots-2026-1/install/xarm_description/share/xarm_description//meshes/xarm5_1305/collision/link_base.obj
[1.392s] -- Up-to-date symlink: /home/catcyber02/Mobile-Robots-2026-1/install/xarm_description/share/xarm_description//meshes/xarm5_1305/visual/link1.stl
[1.392s] -- Up-to-date symlink: /home/catcyber02/Mobile-Robots-2026-1/install/xarm_description/share/xarm_description//meshes/xarm5_1305/visual/link2.stl
[1.392s] -- Up-to-date symlink: /home/catcyber02/Mobile-Robots-2026-1/install/xarm_description/share/xarm_description//meshes/xarm5_1305/visual/link3.stl
[1.392s] -- Up-to-date symlink: /home/catcyber02/Mobile-Robots-2026-1/install/xarm_description/share/xarm_description//meshes/xarm5_1305/visual/link4.stl
[1.393s] -- Up-to-date symlink: /home/catcyber02/Mobile-Robots-2026-1/install/xarm_description/share/xarm_description//meshes/xarm5_1305/visual/link5.stl
[1.393s] -- Up-to-date symlink: /home/catcyber02/Mobile-Robots-2026-1/install/xarm_description/share/xarm_description//meshes/xarm5_1305/visual/link_base.stl
[1.393s] -- Up-to-date symlink: /home/catcyber02/Mobile-Robots-2026-1/install/xarm_description/share/xarm_description//meshes/xarm6/visual/link1.stl
[1.393s] -- Up-to-date symlink: /home/catcyber02/Mobile-Robots-2026-1/install/xarm_description/share/xarm_description//meshes/xarm6/visual/link2.stl
[1.394s] -- Up-to-date symlink: /home/catcyber02/Mobile-Robots-2026-1/install/xarm_description/share/xarm_description//meshes/xarm6/visual/link3.stl
[1.401s] -- Up-to-date symlink: /home/catcyber02/Mobile-Robots-2026-1/install/xarm_description/share/xarm_description//meshes/xarm6/visual/link4.stl
[1.401s] -- Up-to-date symlink: /home/catcyber02/Mobile-Robots-2026-1/install/xarm_description/share/xarm_description//meshes/xarm6/visual/link5.stl
[1.402s] -- Up-to-date symlink: /home/catcyber02/Mobile-Robots-2026-1/install/xarm_description/share/xarm_description//meshes/xarm6/visual/link6.stl
[1.402s] -- Up-to-date symlink: /home/catcyber02/Mobile-Robots-2026-1/install/xarm_description/share/xarm_description//meshes/xarm6/visual/link_base.stl
[1.402s] -- Up-to-date symlink: /home/catcyber02/Mobile-Robots-2026-1/install/xarm_description/share/xarm_description//meshes/xarm6_1305/collision/link1.obj
[1.402s] -- Up-to-date symlink: /home/catcyber02/Mobile-Robots-2026-1/install/xarm_description/share/xarm_description//meshes/xarm6_1305/collision/link2.obj
[1.403s] -- Up-to-date symlink: /home/catcyber02/Mobile-Robots-2026-1/install/xarm_description/share/xarm_description//meshes/xarm6_1305/collision/link3.obj
[1.403s] -- Up-to-date symlink: /home/catcyber02/Mobile-Robots-2026-1/install/xarm_description/share/xarm_description//meshes/xarm6_1305/collision/link4.obj
[1.403s] -- Up-to-date symlink: /home/catcyber02/Mobile-Robots-2026-1/install/xarm_description/share/xarm_description//meshes/xarm6_1305/collision/link5.obj
[1.404s] -- Up-to-date symlink: /home/catcyber02/Mobile-Robots-2026-1/install/xarm_description/share/xarm_description//meshes/xarm6_1305/collision/link6.obj
[1.405s] -- Up-to-date symlink: /home/catcyber02/Mobile-Robots-2026-1/install/xarm_description/share/xarm_description//meshes/xarm6_1305/collision/link_base.obj
[1.405s] -- Up-to-date symlink: /home/catcyber02/Mobile-Robots-2026-1/install/xarm_description/share/xarm_description//meshes/xarm6_1305/visual/link1.stl
[1.406s] -- Up-to-date symlink: /home/catcyber02/Mobile-Robots-2026-1/install/xarm_description/share/xarm_description//meshes/xarm6_1305/visual/link2.stl
[1.406s] -- Up-to-date symlink: /home/catcyber02/Mobile-Robots-2026-1/install/xarm_description/share/xarm_description//meshes/xarm6_1305/visual/link3.stl
[1.406s] -- Up-to-date symlink: /home/catcyber02/Mobile-Robots-2026-1/install/xarm_description/share/xarm_description//meshes/xarm6_1305/visual/link4.stl
[1.407s] -- Up-to-date symlink: /home/catcyber02/Mobile-Robots-2026-1/install/xarm_description/share/xarm_description//meshes/xarm6_1305/visual/link5.stl
[1.407s] -- Up-to-date symlink: /home/catcyber02/Mobile-Robots-2026-1/install/xarm_description/share/xarm_description//meshes/xarm6_1305/visual/link6.stl
[1.407s] -- Up-to-date symlink: /home/catcyber02/Mobile-Robots-2026-1/install/xarm_description/share/xarm_description//meshes/xarm6_1305/visual/link_base.stl
[1.408s] -- Up-to-date symlink: /home/catcyber02/Mobile-Robots-2026-1/install/xarm_description/share/xarm_description//meshes/xarm7/visual/link1.stl
[1.408s] -- Up-to-date symlink: /home/catcyber02/Mobile-Robots-2026-1/install/xarm_description/share/xarm_description//meshes/xarm7/visual/link2.stl
[1.409s] -- Up-to-date symlink: /home/catcyber02/Mobile-Robots-2026-1/install/xarm_description/share/xarm_description//meshes/xarm7/visual/link3.stl
[1.409s] -- Up-to-date symlink: /home/catcyber02/Mobile-Robots-2026-1/install/xarm_description/share/xarm_description//meshes/xarm7/visual/link4.stl
[1.410s] -- Up-to-date symlink: /home/catcyber02/Mobile-Robots-2026-1/install/xarm_description/share/xarm_description//meshes/xarm7/visual/link5.stl
[1.410s] -- Up-to-date symlink: /home/catcyber02/Mobile-Robots-2026-1/install/xarm_description/share/xarm_description//meshes/xarm7/visual/link6.stl
[1.411s] -- Up-to-date symlink: /home/catcyber02/Mobile-Robots-2026-1/install/xarm_description/share/xarm_description//meshes/xarm7/visual/link7.stl
[1.411s] -- Up-to-date symlink: /home/catcyber02/Mobile-Robots-2026-1/install/xarm_description/share/xarm_description//meshes/xarm7/visual/link_base.stl
[1.412s] -- Up-to-date symlink: /home/catcyber02/Mobile-Robots-2026-1/install/xarm_description/share/xarm_description//meshes/xarm7_1305/collision/link1.obj
[1.413s] -- Up-to-date symlink: /home/catcyber02/Mobile-Robots-2026-1/install/xarm_description/share/xarm_description//meshes/xarm7_1305/collision/link2.obj
[1.413s] -- Up-to-date symlink: /home/catcyber02/Mobile-Robots-2026-1/install/xarm_description/share/xarm_description//meshes/xarm7_1305/collision/link3.obj
[1.414s] -- Up-to-date symlink: /home/catcyber02/Mobile-Robots-2026-1/install/xarm_description/share/xarm_description//meshes/xarm7_1305/collision/link4.obj
[1.414s] -- Up-to-date symlink: /home/catcyber02/Mobile-Robots-2026-1/install/xarm_description/share/xarm_description//meshes/xarm7_1305/collision/link5.obj
[1.415s] -- Up-to-date symlink: /home/catcyber02/Mobile-Robots-2026-1/install/xarm_description/share/xarm_description//meshes/xarm7_1305/collision/link6.obj
[1.416s] -- Up-to-date symlink: /home/catcyber02/Mobile-Robots-2026-1/install/xarm_description/share/xarm_description//meshes/xarm7_1305/collision/link7.obj
[1.425s] -- Up-to-date symlink: /home/catcyber02/Mobile-Robots-2026-1/install/xarm_description/share/xarm_description//meshes/xarm7_1305/collision/link_base.obj
[1.439s] -- Up-to-date symlink: /home/catcyber02/Mobile-Robots-2026-1/install/xarm_description/share/xarm_description//meshes/xarm7_1305/visual/link1.stl
[1.439s] -- Up-to-date symlink: /home/catcyber02/Mobile-Robots-2026-1/install/xarm_description/share/xarm_description//meshes/xarm7_1305/visual/link2.stl
[1.439s] -- Up-to-date symlink: /home/catcyber02/Mobile-Robots-2026-1/install/xarm_description/share/xarm_description//meshes/xarm7_1305/visual/link3.stl
[1.440s] -- Up-to-date symlink: /home/catcyber02/Mobile-Robots-2026-1/install/xarm_description/share/xarm_description//meshes/xarm7_1305/visual/link4.stl
[1.440s] -- Up-to-date symlink: /home/catcyber02/Mobile-Robots-2026-1/install/xarm_description/share/xarm_description//meshes/xarm7_1305/visual/link5.stl
[1.440s] -- Up-to-date symlink: /home/catcyber02/Mobile-Robots-2026-1/install/xarm_description/share/xarm_description//meshes/xarm7_1305/visual/link6.stl
[1.441s] -- Up-to-date symlink: /home/catcyber02/Mobile-Robots-2026-1/install/xarm_description/share/xarm_description//meshes/xarm7_1305/visual/link7.stl
[1.441s] -- Up-to-date symlink: /home/catcyber02/Mobile-Robots-2026-1/install/xarm_description/share/xarm_description//meshes/xarm7_1305/visual/link_base.stl
[1.441s] -- Up-to-date symlink: /home/catcyber02/Mobile-Robots-2026-1/install/xarm_description/share/xarm_description//meshes/xarm7_mirror/collision/link1.stl
[1.442s] -- Up-to-date symlink: /home/catcyber02/Mobile-Robots-2026-1/install/xarm_description/share/xarm_description//meshes/xarm7_mirror/collision/link2.stl
[1.442s] -- Up-to-date symlink: /home/catcyber02/Mobile-Robots-2026-1/install/xarm_description/share/xarm_description//meshes/xarm7_mirror/collision/link3.stl
[1.442s] -- Up-to-date symlink: /home/catcyber02/Mobile-Robots-2026-1/install/xarm_description/share/xarm_description//meshes/xarm7_mirror/collision/link4.stl
[1.442s] -- Up-to-date symlink: /home/catcyber02/Mobile-Robots-2026-1/install/xarm_description/share/xarm_description//meshes/xarm7_mirror/collision/link5.stl
[1.442s] -- Up-to-date symlink: /home/catcyber02/Mobile-Robots-2026-1/install/xarm_description/share/xarm_description//meshes/xarm7_mirror/collision/link6.stl
[1.443s] -- Up-to-date symlink: /home/catcyber02/Mobile-Robots-2026-1/install/xarm_description/share/xarm_description//meshes/xarm7_mirror/collision/link7.stl
[1.453s] -- Up-to-date symlink: /home/catcyber02/Mobile-Robots-2026-1/install/xarm_description/share/xarm_description//meshes/xarm7_mirror/collision/link_base.stl
[1.453s] -- Up-to-date symlink: /home/catcyber02/Mobile-Robots-2026-1/install/xarm_description/share/xarm_description//meshes/xarm7_mirror/visual/link1.stl
[1.461s] -- Up-to-date symlink: /home/catcyber02/Mobile-Robots-2026-1/install/xarm_description/share/xarm_description//meshes/xarm7_mirror/visual/link2.stl
[1.461s] -- Up-to-date symlink: /home/catcyber02/Mobile-Robots-2026-1/install/xarm_description/share/xarm_description//meshes/xarm7_mirror/visual/link3.stl
[1.461s] -- Up-to-date symlink: /home/catcyber02/Mobile-Robots-2026-1/install/xarm_description/share/xarm_description//meshes/xarm7_mirror/visual/link4.stl
[1.462s] -- Up-to-date symlink: /home/catcyber02/Mobile-Robots-2026-1/install/xarm_description/share/xarm_description//meshes/xarm7_mirror/visual/link5.stl
[1.462s] -- Up-to-date symlink: /home/catcyber02/Mobile-Robots-2026-1/install/xarm_description/share/xarm_description//meshes/xarm7_mirror/visual/link6.stl
[1.462s] -- Up-to-date symlink: /home/catcyber02/Mobile-Robots-2026-1/install/xarm_description/share/xarm_description//meshes/xarm7_mirror/visual/link7.stl
[1.462s] -- Up-to-date symlink: /home/catcyber02/Mobile-Robots-2026-1/install/xarm_description/share/xarm_description//meshes/xarm7_mirror/visual/link_base.stl
[1.464s] -- Up-to-date symlink: /home/catcyber02/Mobile-Robots-2026-1/install/xarm_description/share/xarm_description//launch/_robot_description.launch.py
[1.464s] -- Up-to-date symlink: /home/catcyber02/Mobile-Robots-2026-1/install/xarm_description/share/xarm_description//launch/_robot_joint_state.launch.py
[1.465s] -- Up-to-date symlink: /home/catcyber02/Mobile-Robots-2026-1/install/xarm_description/share/xarm_description//launch/_robot_rviz_display.launch.py
[1.465s] -- Up-to-date symlink: /home/catcyber02/Mobile-Robots-2026-1/install/xarm_description/share/xarm_description//launch/_rviz_display.launch.py
[1.466s] -- Up-to-date symlink: /home/catcyber02/Mobile-Robots-2026-1/install/xarm_description/share/xarm_description//launch/lib/robot_description_lib.py
[1.467s] -- Up-to-date symlink: /home/catcyber02/Mobile-Robots-2026-1/install/xarm_description/share/xarm_description//launch/lite6_rviz_display.launch.py
[1.467s] -- Up-to-date symlink: /home/catcyber02/Mobile-Robots-2026-1/install/xarm_description/share/xarm_description//launch/uf850_rviz_display.launch.py
[1.468s] -- Up-to-date symlink: /home/catcyber02/Mobile-Robots-2026-1/install/xarm_description/share/xarm_description//launch/xarm5_rviz_display.launch.py
[1.468s] -- Up-to-date symlink: /home/catcyber02/Mobile-Robots-2026-1/install/xarm_description/share/xarm_description//launch/xarm6_rviz_display.launch.py
[1.469s] -- Up-to-date symlink: /home/catcyber02/Mobile-Robots-2026-1/install/xarm_description/share/xarm_description//launch/xarm7_mirror_rviz_display.launch.py
[1.469s] -- Up-to-date symlink: /home/catcyber02/Mobile-Robots-2026-1/install/xarm_description/share/xarm_description//launch/xarm7_rviz_display.launch.py
[1.470s] -- Up-to-date symlink: /home/catcyber02/Mobile-Robots-2026-1/install/xarm_description/share/ament_index/resource_index/package_run_dependencies/xarm_description
[1.471s] -- Up-to-date symlink: /home/catcyber02/Mobile-Robots-2026-1/install/xarm_description/share/ament_index/resource_index/parent_prefix_path/xarm_description
[1.471s] -- Up-to-date symlink: /home/catcyber02/Mobile-Robots-2026-1/install/xarm_description/share/xarm_description/environment/ament_prefix_path.sh
[1.471s] -- Up-to-date symlink: /home/catcyber02/Mobile-Robots-2026-1/install/xarm_description/share/xarm_description/environment/ament_prefix_path.dsv
[1.472s] -- Up-to-date symlink: /home/catcyber02/Mobile-Robots-2026-1/install/xarm_description/share/xarm_description/environment/path.sh
[1.472s] -- Up-to-date symlink: /home/catcyber02/Mobile-Robots-2026-1/install/xarm_description/share/xarm_description/environment/path.dsv
[1.472s] -- Up-to-date symlink: /home/catcyber02/Mobile-Robots-2026-1/install/xarm_description/share/xarm_description/local_setup.bash
[1.477s] -- Up-to-date symlink: /home/catcyber02/Mobile-Robots-2026-1/install/xarm_description/share/xarm_description/local_setup.sh
[1.478s] -- Up-to-date symlink: /home/catcyber02/Mobile-Robots-2026-1/install/xarm_description/share/xarm_description/local_setup.zsh
[1.478s] -- Up-to-date symlink: /home/catcyber02/Mobile-Robots-2026-1/install/xarm_description/share/xarm_description/local_setup.dsv
[1.478s] -- Symlinking: /home/catcyber02/Mobile-Robots-2026-1/install/xarm_description/share/xarm_description/package.dsv
[1.508s] -- Up-to-date symlink: /home/catcyber02/Mobile-Robots-2026-1/install/xarm_description/share/ament_index/resource_index/packages/xarm_description
[1.509s] -- Up-to-date symlink: /home/catcyber02/Mobile-Robots-2026-1/install/xarm_description/share/xarm_description/cmake/xarm_descriptionConfig.cmake
[1.509s] -- Up-to-date symlink: /home/catcyber02/Mobile-Robots-2026-1/install/xarm_description/share/xarm_description/cmake/xarm_descriptionConfig-version.cmake
[1.511s] -- Up-to-date symlink: /home/catcyber02/Mobile-Robots-2026-1/install/xarm_description/share/xarm_description/package.xml
