[0.076s] Invoking command in '/home/catcyber02/Mobile-Robots-2026-1/build/justina_gui': CMAKE_PREFIX_PATH=${CMAKE_PREFIX_PATH}:/home/catcyber02/Mobile-Robots-2026-1/ros2_ws/install/uf_ros_lib:/home/catcyber02/Mobile-Robots-2026-1/ros2_ws/install/simple_move:/opt/ros/jazzy DEBUGINFOD_URLS=https://debuginfod.ubuntu.com /usr/bin/cmake --build /home/catcyber02/Mobile-Robots-2026-1/build/justina_gui -- -j8 -l8
[0.781s] [  0%] Built target justina_gui_node_autogen_timestamp_deps
[0.783s] [  7%] Built target justina_gui_node_autogen
[0.783s] [100%] Built target justina_gui_node
[0.837s] Invoked command in '/home/catcyber02/Mobile-Robots-2026-1/build/justina_gui' returned '0': CMAKE_PREFIX_PATH=${CMAKE_PREFIX_PATH}:/home/catcyber02/Mobile-Robots-2026-1/ros2_ws/install/uf_ros_lib:/home/catcyber02/Mobile-Robots-2026-1/ros2_ws/install/simple_move:/opt/ros/jazzy DEBUGINFOD_URLS=https://debuginfod.ubuntu.com /usr/bin/cmake --build /home/catcyber02/Mobile-Robots-2026-1/build/justina_gui -- -j8 -l8
[0.841s] Invoking command in '/home/catcyber02/Mobile-Robots-2026-1/build/justina_gui': CMAKE_PREFIX_PATH=${CMAKE_PREFIX_PATH}:/home/catcyber02/Mobile-Robots-2026-1/ros2_ws/install/uf_ros_lib:/home/catcyber02/Mobile-Robots-2026-1/ros2_ws/install/simple_move:/opt/ros/jazzy DEBUGINFOD_URLS=https://debuginfod.ubuntu.com /usr/bin/cmake --install /home/catcyber02/Mobile-Robots-2026-1/build/justina_gui
[1.093s] -- Install configuration: ""
[1.093s] -- Up-to-date: /home/catcyber02/Mobile-Robots-2026-1/install/justina_gui/lib/justina_gui/justina_gui_node
[1.100s] -- Up-to-date: /home/catcyber02/Mobile-Robots-2026-1/install/justina_gui/share/ament_index/resource_index/package_run_dependencies/justina_gui
[1.102s] -- Up-to-date: /home/catcyber02/Mobile-Robots-2026-1/install/justina_gui/share/ament_index/resource_index/parent_prefix_path/justina_gui
[1.102s] -- Up-to-date: /home/catcyber02/Mobile-Robots-2026-1/install/justina_gui/share/justina_gui/environment/ament_prefix_path.sh
[1.103s] -- Up-to-date: /home/catcyber02/Mobile-Robots-2026-1/install/justina_gui/share/justina_gui/environment/ament_prefix_path.dsv
[1.103s] -- Up-to-date: /home/catcyber02/Mobile-Robots-2026-1/install/justina_gui/share/justina_gui/environment/path.sh
[1.103s] -- Up-to-date: /home/catcyber02/Mobile-Robots-2026-1/install/justina_gui/share/justina_gui/environment/path.dsv
[1.104s] -- Up-to-date: /home/catcyber02/Mobile-Robots-2026-1/install/justina_gui/share/justina_gui/local_setup.bash
[1.104s] -- Up-to-date: /home/catcyber02/Mobile-Robots-2026-1/install/justina_gui/share/justina_gui/local_setup.sh
[1.104s] -- Up-to-date: /home/catcyber02/Mobile-Robots-2026-1/install/justina_gui/share/justina_gui/local_setup.zsh
[1.104s] -- Up-to-date: /home/catcyber02/Mobile-Robots-2026-1/install/justina_gui/share/justina_gui/local_setup.dsv
[1.105s] -- Installing: /home/catcyber02/Mobile-Robots-2026-1/install/justina_gui/share/justina_gui/package.dsv
[1.105s] -- Up-to-date: /home/catcyber02/Mobile-Robots-2026-1/install/justina_gui/share/ament_index/resource_index/packages/justina_gui
[1.105s] -- Up-to-date: /home/catcyber02/Mobile-Robots-2026-1/install/justina_gui/share/justina_gui/cmake/justina_guiConfig.cmake
[1.105s] -- Up-to-date: /home/catcyber02/Mobile-Robots-2026-1/install/justina_gui/share/justina_gui/cmake/justina_guiConfig-version.cmake
[1.105s] -- Up-to-date: /home/catcyber02/Mobile-Robots-2026-1/install/justina_gui/share/justina_gui/package.xml
[1.449s] Invoked command in '/home/catcyber02/Mobile-Robots-2026-1/build/justina_gui' returned '0': CMAKE_PREFIX_PATH=${CMAKE_PREFIX_PATH}:/home/catcyber02/Mobile-Robots-2026-1/ros2_ws/install/uf_ros_lib:/home/catcyber02/Mobile-Robots-2026-1/ros2_ws/install/simple_move:/opt/ros/jazzy DEBUGINFOD_URLS=https://debuginfod.ubuntu.com /usr/bin/cmake --install /home/catcyber02/Mobile-Robots-2026-1/build/justina_gui
