[0.151s] Invoking command in '/home/melissa/Documentos/Robots_Mobiles/Mobile-Robots-2026-1/build/xarm_controller': AMENT_PREFIX_PATH=/home/melissa/Documentos/Robots_Mobiles/Mobile-Robots-2026-1/install/xarm_api:/home/melissa/Documentos/Robots_Mobiles/Mobile-Robots-2026-1/install/xarm_sdk:/home/melissa/Documentos/Robots_Mobiles/Mobile-Robots-2026-1/install/xarm_msgs:/home/melissa/Documentos/Robots_Mobiles/Mobile-Robots-2026-1/install/xarm_description:${AMENT_PREFIX_PATH} CMAKE_PREFIX_PATH=/home/melissa/Documentos/Robots_Mobiles/Mobile-Robots-2026-1/install/xarm_api:/home/melissa/Documentos/Robots_Mobiles/Mobile-Robots-2026-1/install/xarm_sdk:/home/melissa/Documentos/Robots_Mobiles/Mobile-Robots-2026-1/install/xarm_msgs:/home/melissa/Documentos/Robots_Mobiles/Mobile-Robots-2026-1/install/xarm_description:/opt/ros/jazzy/opt/gz_sim_vendor:/opt/ros/jazzy/opt/gz_sensors_vendor:/opt/ros/jazzy/opt/gz_physics_vendor:/opt/ros/jazzy/opt/sdformat_vendor:/opt/ros/jazzy/opt/gz_gui_vendor:/opt/ros/jazzy/opt/gz_transport_vendor:/opt/ros/jazzy/opt/gz_rendering_vendor:/opt/ros/jazzy/opt/gz_plugin_vendor:/opt/ros/jazzy/opt/gz_fuel_tools_vendor:/opt/ros/jazzy/opt/gz_msgs_vendor:/opt/ros/jazzy/opt/gz_common_vendor:/opt/ros/jazzy/opt/gz_math_vendor:/opt/ros/jazzy/opt/gz_utils_vendor:/opt/ros/jazzy/opt/gz_tools_vendor:/opt/ros/jazzy/opt/gz_ogre_next_vendor:/opt/ros/jazzy/opt/gz_dartsim_vendor:/opt/ros/jazzy/opt/gz_cmake_vendor:/opt/ros/jazzy DEBUGINFOD_URLS=https://debuginfod.ubuntu.com LD_LIBRARY_PATH=/home/melissa/Documentos/Robots_Mobiles/Mobile-Robots-2026-1/install/xarm_api/lib:/home/melissa/Documentos/Robots_Mobiles/Mobile-Robots-2026-1/install/xarm_sdk/lib:/home/melissa/Documentos/Robots_Mobiles/Mobile-Robots-2026-1/install/xarm_msgs/lib:${LD_LIBRARY_PATH} PYTHONPATH=/home/melissa/Documentos/Robots_Mobiles/Mobile-Robots-2026-1/install/xarm_msgs/lib/python3.12/site-packages:${PYTHONPATH} /usr/bin/cmake /home/melissa/Documentos/Robots_Mobiles/Mobile-Robots-2026-1/ros2_ws/src/hardware/xarm_ros2/xarm_controller -DCMAKE_INSTALL_PREFIX=/home/melissa/Documentos/Robots_Mobiles/Mobile-Robots-2026-1/install/xarm_controller
[0.610s] -- The C compiler identification is GNU 13.3.0
[1.044s] -- The CXX compiler identification is GNU 13.3.0
[1.161s] -- Detecting C compiler ABI info
[1.785s] -- Detecting C compiler ABI info - done
[1.878s] -- Check for working C compiler: /usr/bin/cc - skipped
[1.883s] -- Detecting C compile features
[1.883s] -- Detecting C compile features - done
[1.983s] -- Detecting CXX compiler ABI info
[2.797s] -- Detecting CXX compiler ABI info - done
[2.888s] -- Check for working CXX compiler: /usr/bin/c++ - skipped
[2.889s] -- Detecting CXX compile features
[2.892s] -- Detecting CXX compile features - done
[2.923s] -- Found ament_cmake: 2.5.4 (/opt/ros/jazzy/share/ament_cmake/cmake)
[4.160s] -- Found Python3: /usr/bin/python3 (found version "3.12.3") found components: Interpreter 
[5.161s] -- Found ament_lint_auto: 0.17.3 (/opt/ros/jazzy/share/ament_lint_auto/cmake)
[6.187s] -- Found hardware_interface: 4.35.0 (/opt/ros/jazzy/share/hardware_interface/cmake)
[6.937s] -- Found rosidl_generator_c: 4.6.6 (/opt/ros/jazzy/share/rosidl_generator_c/cmake)
[7.145s] -- Found rosidl_generator_cpp: 4.6.6 (/opt/ros/jazzy/share/rosidl_generator_cpp/cmake)
[7.362s] -- Using all available rosidl_typesupport_c: rosidl_typesupport_fastrtps_c;rosidl_typesupport_introspection_c
[7.587s] -- Using all available rosidl_typesupport_cpp: rosidl_typesupport_fastrtps_cpp;rosidl_typesupport_introspection_cpp
[10.139s] -- Found TinyXML2 via Config file: /usr/lib/x86_64-linux-gnu/cmake/tinyxml2
[10.894s] -- Found rmw_implementation_cmake: 7.3.2 (/opt/ros/jazzy/share/rmw_implementation_cmake/cmake)
[10.939s] -- Found rmw_fastrtps_cpp: 8.4.3 (/opt/ros/jazzy/share/rmw_fastrtps_cpp/cmake)
[11.262s] -- Found TinyXML2 via Config file: /usr/lib/x86_64-linux-gnu/cmake/tinyxml2
[11.818s] -- Found OpenSSL: /usr/lib/x86_64-linux-gnu/libcrypto.so (found version "3.0.13")  
[11.849s] -- Found TinyXML2 via Config file: /usr/lib/x86_64-linux-gnu/cmake/tinyxml2
[12.007s] -- Found FastRTPS: /opt/ros/jazzy/include (Required is at least version "2.13") 
[12.040s] -- Found TinyXML2 via Config file: /usr/lib/x86_64-linux-gnu/cmake/tinyxml2
[12.125s] -- Found TinyXML2 via Config file: /usr/lib/x86_64-linux-gnu/cmake/tinyxml2
[12.222s] -- Using RMW implementation 'rmw_fastrtps_cpp' as default
[15.721s] -- Found controller_manager_msgs: 4.35.0 (/opt/ros/jazzy/share/controller_manager_msgs/cmake)
[16.137s] -- Found xarm_msgs: 0.0.0 (/home/melissa/Documentos/Robots_Mobiles/Mobile-Robots-2026-1/install/xarm_msgs/share/xarm_msgs/cmake)
[16.940s] -- Found xarm_api: 0.0.0 (/home/melissa/Documentos/Robots_Mobiles/Mobile-Robots-2026-1/install/xarm_api/share/xarm_api/cmake)
[16.968s] -- Found xarm_sdk: 0.0.0 (/home/melissa/Documentos/Robots_Mobiles/Mobile-Robots-2026-1/install/xarm_sdk/share/xarm_sdk/cmake)
[17.140s] -- Added test 'copyright' to check source files copyright and LICENSE
[17.210s] -- Added test 'cppcheck' to perform static code analysis on C / C++ code
[17.215s] -- Configured cppcheck include dirs: /home/melissa/Documentos/Robots_Mobiles/Mobile-Robots-2026-1/ros2_ws/src/hardware/xarm_ros2/xarm_controller/include
[17.216s] -- Configured cppcheck exclude dirs and/or files: 
[17.268s] -- Added test 'cpplint' to check C / C++ code against the Google style
[17.271s] -- Configured cpplint exclude dirs and/or files: 
[17.284s] -- Added test 'flake8' to check Python code syntax and style conventions
[17.285s] -- Configured 'flake8' exclude dirs and/or files: 
[17.304s] -- Added test 'lint_cmake' to check CMake code style
[17.335s] -- Added test 'pep257' to check Python code against some of the docstring style conventions in PEP 257
[17.369s] -- Added test 'uncrustify' to check C / C++ code style
[17.370s] -- Configured uncrustify additional arguments: 
[17.380s] -- Added test 'xmllint' to check XML markup files
[17.452s] -- Configuring done (17.2s)
[17.786s] -- Generating done (0.2s)
[17.819s] -- Build files have been written to: /home/melissa/Documentos/Robots_Mobiles/Mobile-Robots-2026-1/build/xarm_controller
[17.903s] Invoked command in '/home/melissa/Documentos/Robots_Mobiles/Mobile-Robots-2026-1/build/xarm_controller' returned '0': AMENT_PREFIX_PATH=/home/melissa/Documentos/Robots_Mobiles/Mobile-Robots-2026-1/install/xarm_api:/home/melissa/Documentos/Robots_Mobiles/Mobile-Robots-2026-1/install/xarm_sdk:/home/melissa/Documentos/Robots_Mobiles/Mobile-Robots-2026-1/install/xarm_msgs:/home/melissa/Documentos/Robots_Mobiles/Mobile-Robots-2026-1/install/xarm_description:${AMENT_PREFIX_PATH} CMAKE_PREFIX_PATH=/home/melissa/Documentos/Robots_Mobiles/Mobile-Robots-2026-1/install/xarm_api:/home/melissa/Documentos/Robots_Mobiles/Mobile-Robots-2026-1/install/xarm_sdk:/home/melissa/Documentos/Robots_Mobiles/Mobile-Robots-2026-1/install/xarm_msgs:/home/melissa/Documentos/Robots_Mobiles/Mobile-Robots-2026-1/install/xarm_description:/opt/ros/jazzy/opt/gz_sim_vendor:/opt/ros/jazzy/opt/gz_sensors_vendor:/opt/ros/jazzy/opt/gz_physics_vendor:/opt/ros/jazzy/opt/sdformat_vendor:/opt/ros/jazzy/opt/gz_gui_vendor:/opt/ros/jazzy/opt/gz_transport_vendor:/opt/ros/jazzy/opt/gz_rendering_vendor:/opt/ros/jazzy/opt/gz_plugin_vendor:/opt/ros/jazzy/opt/gz_fuel_tools_vendor:/opt/ros/jazzy/opt/gz_msgs_vendor:/opt/ros/jazzy/opt/gz_common_vendor:/opt/ros/jazzy/opt/gz_math_vendor:/opt/ros/jazzy/opt/gz_utils_vendor:/opt/ros/jazzy/opt/gz_tools_vendor:/opt/ros/jazzy/opt/gz_ogre_next_vendor:/opt/ros/jazzy/opt/gz_dartsim_vendor:/opt/ros/jazzy/opt/gz_cmake_vendor:/opt/ros/jazzy DEBUGINFOD_URLS=https://debuginfod.ubuntu.com LD_LIBRARY_PATH=/home/melissa/Documentos/Robots_Mobiles/Mobile-Robots-2026-1/install/xarm_api/lib:/home/melissa/Documentos/Robots_Mobiles/Mobile-Robots-2026-1/install/xarm_sdk/lib:/home/melissa/Documentos/Robots_Mobiles/Mobile-Robots-2026-1/install/xarm_msgs/lib:${LD_LIBRARY_PATH} PYTHONPATH=/home/melissa/Documentos/Robots_Mobiles/Mobile-Robots-2026-1/install/xarm_msgs/lib/python3.12/site-packages:${PYTHONPATH} /usr/bin/cmake /home/melissa/Documentos/Robots_Mobiles/Mobile-Robots-2026-1/ros2_ws/src/hardware/xarm_ros2/xarm_controller -DCMAKE_INSTALL_PREFIX=/home/melissa/Documentos/Robots_Mobiles/Mobile-Robots-2026-1/install/xarm_controller
[17.918s] Invoking command in '/home/melissa/Documentos/Robots_Mobiles/Mobile-Robots-2026-1/build/xarm_controller': AMENT_PREFIX_PATH=/home/melissa/Documentos/Robots_Mobiles/Mobile-Robots-2026-1/install/xarm_api:/home/melissa/Documentos/Robots_Mobiles/Mobile-Robots-2026-1/install/xarm_sdk:/home/melissa/Documentos/Robots_Mobiles/Mobile-Robots-2026-1/install/xarm_msgs:/home/melissa/Documentos/Robots_Mobiles/Mobile-Robots-2026-1/install/xarm_description:${AMENT_PREFIX_PATH} CMAKE_PREFIX_PATH=/home/melissa/Documentos/Robots_Mobiles/Mobile-Robots-2026-1/install/xarm_api:/home/melissa/Documentos/Robots_Mobiles/Mobile-Robots-2026-1/install/xarm_sdk:/home/melissa/Documentos/Robots_Mobiles/Mobile-Robots-2026-1/install/xarm_msgs:/home/melissa/Documentos/Robots_Mobiles/Mobile-Robots-2026-1/install/xarm_description:/opt/ros/jazzy/opt/gz_sim_vendor:/opt/ros/jazzy/opt/gz_sensors_vendor:/opt/ros/jazzy/opt/gz_physics_vendor:/opt/ros/jazzy/opt/sdformat_vendor:/opt/ros/jazzy/opt/gz_gui_vendor:/opt/ros/jazzy/opt/gz_transport_vendor:/opt/ros/jazzy/opt/gz_rendering_vendor:/opt/ros/jazzy/opt/gz_plugin_vendor:/opt/ros/jazzy/opt/gz_fuel_tools_vendor:/opt/ros/jazzy/opt/gz_msgs_vendor:/opt/ros/jazzy/opt/gz_common_vendor:/opt/ros/jazzy/opt/gz_math_vendor:/opt/ros/jazzy/opt/gz_utils_vendor:/opt/ros/jazzy/opt/gz_tools_vendor:/opt/ros/jazzy/opt/gz_ogre_next_vendor:/opt/ros/jazzy/opt/gz_dartsim_vendor:/opt/ros/jazzy/opt/gz_cmake_vendor:/opt/ros/jazzy DEBUGINFOD_URLS=https://debuginfod.ubuntu.com LD_LIBRARY_PATH=/home/melissa/Documentos/Robots_Mobiles/Mobile-Robots-2026-1/install/xarm_api/lib:/home/melissa/Documentos/Robots_Mobiles/Mobile-Robots-2026-1/install/xarm_sdk/lib:/home/melissa/Documentos/Robots_Mobiles/Mobile-Robots-2026-1/install/xarm_msgs/lib:${LD_LIBRARY_PATH} PYTHONPATH=/home/melissa/Documentos/Robots_Mobiles/Mobile-Robots-2026-1/install/xarm_msgs/lib/python3.12/site-packages:${PYTHONPATH} /usr/bin/cmake --build /home/melissa/Documentos/Robots_Mobiles/Mobile-Robots-2026-1/build/xarm_controller -- -j4 -l4
[18.453s] [ 33%] [32mBuilding CXX object CMakeFiles/uf_robot_hardware.dir/src/hardware/uf_robot_system_hardware.cpp.o[0m
[69.285s] [01m[K/home/melissa/Documentos/Robots_Mobiles/Mobile-Robots-2026-1/ros2_ws/src/hardware/xarm_ros2/xarm_controller/src/hardware/uf_robot_system_hardware.cpp:[m[K In member function ‘[01m[Kvirtual uf_robot_hardware::CallbackReturn uf_robot_hardware::UFRobotSystemHardware::[01;32m[Kon_init[m[K(const hardware_interface::HardwareInfo&)[m[K’:
[69.287s] [01m[K/home/melissa/Documentos/Robots_Mobiles/Mobile-Robots-2026-1/ros2_ws/src/hardware/xarm_ros2/xarm_controller/src/hardware/uf_robot_system_hardware.cpp:163:57:[m[K [01;35m[Kwarning: [m[K‘[01m[Kvirtual rclcpp_lifecycle::node_interfaces::LifecycleNodeInterface::CallbackReturn hardware_interface::SystemInterface::[01;32m[Kon_init[m[K(const hardware_interface::HardwareInfo&)[m[K’ is deprecated: Use on_init(const HardwareComponentInterfaceParams & params) instead. [[01;35m[K]8;;https://gcc.gnu.org/onlinedocs/gcc/Warning-Options.html#index-Wdeprecated-declarations-Wdeprecated-declarations]8;;[m[K]
[69.288s]   163 |         if ([01;35m[Khardware_interface::SystemInterface::on_init(info)[m[K != CallbackReturn::SUCCESS) {
[69.288s]       |             [01;35m[K~~~~~~~~~~~~~~~~~~~~~~~~~~~~~~~~~~~~~~~~~~~~^~~~~~[m[K
[69.289s] In file included from [01m[K/home/melissa/Documentos/Robots_Mobiles/Mobile-Robots-2026-1/ros2_ws/src/hardware/xarm_ros2/xarm_controller/include/xarm_controller/hardware/uf_robot_system_hardware.h:22[m[K,
[69.290s]                  from [01m[K/home/melissa/Documentos/Robots_Mobiles/Mobile-Robots-2026-1/ros2_ws/src/hardware/xarm_ros2/xarm_controller/src/hardware/uf_robot_system_hardware.cpp:9[m[K:
[69.291s] [01m[K/opt/ros/jazzy/include/hardware_interface/hardware_interface/system_interface.hpp:243:26:[m[K [01;36m[Knote: [m[Kdeclared here
[69.291s]   243 |   virtual CallbackReturn [01;36m[Kon_init[m[K(const HardwareInfo & hardware_info)
[69.292s]       |                          [01;36m[K^~~~~~~[m[K
[127.019s] [ 66%] [32mBuilding CXX object CMakeFiles/uf_robot_hardware.dir/src/hardware/uf_robot_fake_system_hardware.cpp.o[0m
[174.108s] [100%] [32m[1mLinking CXX shared library libuf_robot_hardware.so[0m
[187.435s] [100%] Built target uf_robot_hardware
[187.554s] Invoked command in '/home/melissa/Documentos/Robots_Mobiles/Mobile-Robots-2026-1/build/xarm_controller' returned '0': AMENT_PREFIX_PATH=/home/melissa/Documentos/Robots_Mobiles/Mobile-Robots-2026-1/install/xarm_api:/home/melissa/Documentos/Robots_Mobiles/Mobile-Robots-2026-1/install/xarm_sdk:/home/melissa/Documentos/Robots_Mobiles/Mobile-Robots-2026-1/install/xarm_msgs:/home/melissa/Documentos/Robots_Mobiles/Mobile-Robots-2026-1/install/xarm_description:${AMENT_PREFIX_PATH} CMAKE_PREFIX_PATH=/home/melissa/Documentos/Robots_Mobiles/Mobile-Robots-2026-1/install/xarm_api:/home/melissa/Documentos/Robots_Mobiles/Mobile-Robots-2026-1/install/xarm_sdk:/home/melissa/Documentos/Robots_Mobiles/Mobile-Robots-2026-1/install/xarm_msgs:/home/melissa/Documentos/Robots_Mobiles/Mobile-Robots-2026-1/install/xarm_description:/opt/ros/jazzy/opt/gz_sim_vendor:/opt/ros/jazzy/opt/gz_sensors_vendor:/opt/ros/jazzy/opt/gz_physics_vendor:/opt/ros/jazzy/opt/sdformat_vendor:/opt/ros/jazzy/opt/gz_gui_vendor:/opt/ros/jazzy/opt/gz_transport_vendor:/opt/ros/jazzy/opt/gz_rendering_vendor:/opt/ros/jazzy/opt/gz_plugin_vendor:/opt/ros/jazzy/opt/gz_fuel_tools_vendor:/opt/ros/jazzy/opt/gz_msgs_vendor:/opt/ros/jazzy/opt/gz_common_vendor:/opt/ros/jazzy/opt/gz_math_vendor:/opt/ros/jazzy/opt/gz_utils_vendor:/opt/ros/jazzy/opt/gz_tools_vendor:/opt/ros/jazzy/opt/gz_ogre_next_vendor:/opt/ros/jazzy/opt/gz_dartsim_vendor:/opt/ros/jazzy/opt/gz_cmake_vendor:/opt/ros/jazzy DEBUGINFOD_URLS=https://debuginfod.ubuntu.com LD_LIBRARY_PATH=/home/melissa/Documentos/Robots_Mobiles/Mobile-Robots-2026-1/install/xarm_api/lib:/home/melissa/Documentos/Robots_Mobiles/Mobile-Robots-2026-1/install/xarm_sdk/lib:/home/melissa/Documentos/Robots_Mobiles/Mobile-Robots-2026-1/install/xarm_msgs/lib:${LD_LIBRARY_PATH} PYTHONPATH=/home/melissa/Documentos/Robots_Mobiles/Mobile-Robots-2026-1/install/xarm_msgs/lib/python3.12/site-packages:${PYTHONPATH} /usr/bin/cmake --build /home/melissa/Documentos/Robots_Mobiles/Mobile-Robots-2026-1/build/xarm_controller -- -j4 -l4
[187.560s] Invoking command in '/home/melissa/Documentos/Robots_Mobiles/Mobile-Robots-2026-1/build/xarm_controller': AMENT_PREFIX_PATH=/home/melissa/Documentos/Robots_Mobiles/Mobile-Robots-2026-1/install/xarm_api:/home/melissa/Documentos/Robots_Mobiles/Mobile-Robots-2026-1/install/xarm_sdk:/home/melissa/Documentos/Robots_Mobiles/Mobile-Robots-2026-1/install/xarm_msgs:/home/melissa/Documentos/Robots_Mobiles/Mobile-Robots-2026-1/install/xarm_description:${AMENT_PREFIX_PATH} CMAKE_PREFIX_PATH=/home/melissa/Documentos/Robots_Mobiles/Mobile-Robots-2026-1/install/xarm_api:/home/melissa/Documentos/Robots_Mobiles/Mobile-Robots-2026-1/install/xarm_sdk:/home/melissa/Documentos/Robots_Mobiles/Mobile-Robots-2026-1/install/xarm_msgs:/home/melissa/Documentos/Robots_Mobiles/Mobile-Robots-2026-1/install/xarm_description:/opt/ros/jazzy/opt/gz_sim_vendor:/opt/ros/jazzy/opt/gz_sensors_vendor:/opt/ros/jazzy/opt/gz_physics_vendor:/opt/ros/jazzy/opt/sdformat_vendor:/opt/ros/jazzy/opt/gz_gui_vendor:/opt/ros/jazzy/opt/gz_transport_vendor:/opt/ros/jazzy/opt/gz_rendering_vendor:/opt/ros/jazzy/opt/gz_plugin_vendor:/opt/ros/jazzy/opt/gz_fuel_tools_vendor:/opt/ros/jazzy/opt/gz_msgs_vendor:/opt/ros/jazzy/opt/gz_common_vendor:/opt/ros/jazzy/opt/gz_math_vendor:/opt/ros/jazzy/opt/gz_utils_vendor:/opt/ros/jazzy/opt/gz_tools_vendor:/opt/ros/jazzy/opt/gz_ogre_next_vendor:/opt/ros/jazzy/opt/gz_dartsim_vendor:/opt/ros/jazzy/opt/gz_cmake_vendor:/opt/ros/jazzy DEBUGINFOD_URLS=https://debuginfod.ubuntu.com LD_LIBRARY_PATH=/home/melissa/Documentos/Robots_Mobiles/Mobile-Robots-2026-1/install/xarm_api/lib:/home/melissa/Documentos/Robots_Mobiles/Mobile-Robots-2026-1/install/xarm_sdk/lib:/home/melissa/Documentos/Robots_Mobiles/Mobile-Robots-2026-1/install/xarm_msgs/lib:${LD_LIBRARY_PATH} PYTHONPATH=/home/melissa/Documentos/Robots_Mobiles/Mobile-Robots-2026-1/install/xarm_msgs/lib/python3.12/site-packages:${PYTHONPATH} /usr/bin/cmake --install /home/melissa/Documentos/Robots_Mobiles/Mobile-Robots-2026-1/build/xarm_controller
[187.653s] -- Install configuration: ""
[187.655s] -- Installing: /home/melissa/Documentos/Robots_Mobiles/Mobile-Robots-2026-1/install/xarm_controller/share/xarm_controller/uf_hardware_interface_plugins.xml
[187.671s] -- Installing: /home/melissa/Documentos/Robots_Mobiles/Mobile-Robots-2026-1/install/xarm_controller/include
[187.671s] -- Installing: /home/melissa/Documentos/Robots_Mobiles/Mobile-Robots-2026-1/install/xarm_controller/include/xarm_controller
[187.672s] -- Installing: /home/melissa/Documentos/Robots_Mobiles/Mobile-Robots-2026-1/install/xarm_controller/include/xarm_controller/hardware
[187.680s] -- Installing: /home/melissa/Documentos/Robots_Mobiles/Mobile-Robots-2026-1/install/xarm_controller/include/xarm_controller/hardware/bak_uf_robot_fake_system_hardware.h
[187.681s] -- Installing: /home/melissa/Documentos/Robots_Mobiles/Mobile-Robots-2026-1/install/xarm_controller/include/xarm_controller/hardware/uf_robot_system_hardware.h
[187.682s] -- Installing: /home/melissa/Documentos/Robots_Mobiles/Mobile-Robots-2026-1/install/xarm_controller/include/xarm_controller/hardware/uf_robot_fake_system_hardware.h
[187.696s] -- Installing: /home/melissa/Documentos/Robots_Mobiles/Mobile-Robots-2026-1/install/xarm_controller/lib/libuf_robot_hardware.so
[187.783s] -- Set non-toolchain portion of runtime path of "/home/melissa/Documentos/Robots_Mobiles/Mobile-Robots-2026-1/install/xarm_controller/lib/libuf_robot_hardware.so" to ""
[187.784s] -- Installing: /home/melissa/Documentos/Robots_Mobiles/Mobile-Robots-2026-1/install/xarm_controller/share/xarm_controller//launch
[187.785s] -- Installing: /home/melissa/Documentos/Robots_Mobiles/Mobile-Robots-2026-1/install/xarm_controller/share/xarm_controller//launch/_robot_ros2_control.launch.py
[187.795s] -- Installing: /home/melissa/Documentos/Robots_Mobiles/Mobile-Robots-2026-1/install/xarm_controller/share/xarm_controller//launch/lite6_control_rviz_display.launch.py
[187.798s] -- Installing: /home/melissa/Documentos/Robots_Mobiles/Mobile-Robots-2026-1/install/xarm_controller/share/xarm_controller//launch/xarm5_control_rviz_display.launch.py
[187.804s] -- Installing: /home/melissa/Documentos/Robots_Mobiles/Mobile-Robots-2026-1/install/xarm_controller/share/xarm_controller//launch/_dual_ros2_control.launch.py
[187.806s] -- Installing: /home/melissa/Documentos/Robots_Mobiles/Mobile-Robots-2026-1/install/xarm_controller/share/xarm_controller//launch/uf850_control_rviz_display.launch.py
[187.824s] -- Installing: /home/melissa/Documentos/Robots_Mobiles/Mobile-Robots-2026-1/install/xarm_controller/share/xarm_controller//launch/_ros2_control.launch.py
[187.826s] -- Installing: /home/melissa/Documentos/Robots_Mobiles/Mobile-Robots-2026-1/install/xarm_controller/share/xarm_controller//launch/xarm7_control_rviz_display.launch.py
[187.829s] -- Installing: /home/melissa/Documentos/Robots_Mobiles/Mobile-Robots-2026-1/install/xarm_controller/share/xarm_controller//launch/xarm6_control_rviz_display.launch.py
[187.835s] -- Installing: /home/melissa/Documentos/Robots_Mobiles/Mobile-Robots-2026-1/install/xarm_controller/share/xarm_controller//launch/lib
[187.848s] -- Installing: /home/melissa/Documentos/Robots_Mobiles/Mobile-Robots-2026-1/install/xarm_controller/share/xarm_controller//launch/lib/robot_controller_lib.py
[187.850s] -- Installing: /home/melissa/Documentos/Robots_Mobiles/Mobile-Robots-2026-1/install/xarm_controller/share/xarm_controller//launch/xarm7_mirror_control_rviz_display.launch.py
[187.863s] -- Installing: /home/melissa/Documentos/Robots_Mobiles/Mobile-Robots-2026-1/install/xarm_controller/share/xarm_controller//config
[187.867s] -- Installing: /home/melissa/Documentos/Robots_Mobiles/Mobile-Robots-2026-1/install/xarm_controller/share/xarm_controller//config/xarm7_controllers.yaml
[187.869s] -- Installing: /home/melissa/Documentos/Robots_Mobiles/Mobile-Robots-2026-1/install/xarm_controller/share/xarm_controller//config/xarm_gripper_controllers.yaml
[187.870s] -- Installing: /home/melissa/Documentos/Robots_Mobiles/Mobile-Robots-2026-1/install/xarm_controller/share/xarm_controller//config/bio_gripper_controllers.yaml
[187.871s] -- Installing: /home/melissa/Documentos/Robots_Mobiles/Mobile-Robots-2026-1/install/xarm_controller/share/xarm_controller//config/lite6_controllers.yaml
[187.871s] -- Installing: /home/melissa/Documentos/Robots_Mobiles/Mobile-Robots-2026-1/install/xarm_controller/share/xarm_controller//config/xarm5_controllers.yaml
[187.875s] -- Installing: /home/melissa/Documentos/Robots_Mobiles/Mobile-Robots-2026-1/install/xarm_controller/share/xarm_controller//config/xarm7_mirror_controllers.yaml
[187.877s] -- Installing: /home/melissa/Documentos/Robots_Mobiles/Mobile-Robots-2026-1/install/xarm_controller/share/xarm_controller//config/xarm6_controllers.yaml
[187.880s] -- Installing: /home/melissa/Documentos/Robots_Mobiles/Mobile-Robots-2026-1/install/xarm_controller/share/xarm_controller//config/uf850_gripper_controllers.yaml
[187.881s] -- Installing: /home/melissa/Documentos/Robots_Mobiles/Mobile-Robots-2026-1/install/xarm_controller/share/xarm_controller//config/xarm7_mirror_gripper_controllers.yaml
[187.886s] -- Installing: /home/melissa/Documentos/Robots_Mobiles/Mobile-Robots-2026-1/install/xarm_controller/share/xarm_controller//config/uf850_controllers.yaml
[187.891s] -- Installing: /home/melissa/Documentos/Robots_Mobiles/Mobile-Robots-2026-1/install/xarm_controller/share/xarm_controller/environment/library_path.sh
[187.892s] -- Installing: /home/melissa/Documentos/Robots_Mobiles/Mobile-Robots-2026-1/install/xarm_controller/share/xarm_controller/environment/library_path.dsv
[187.892s] -- Installing: /home/melissa/Documentos/Robots_Mobiles/Mobile-Robots-2026-1/install/xarm_controller/share/ament_index/resource_index/package_run_dependencies/xarm_controller
[187.895s] -- Installing: /home/melissa/Documentos/Robots_Mobiles/Mobile-Robots-2026-1/install/xarm_controller/share/ament_index/resource_index/parent_prefix_path/xarm_controller
[187.899s] -- Installing: /home/melissa/Documentos/Robots_Mobiles/Mobile-Robots-2026-1/install/xarm_controller/share/xarm_controller/environment/ament_prefix_path.sh
[187.899s] -- Installing: /home/melissa/Documentos/Robots_Mobiles/Mobile-Robots-2026-1/install/xarm_controller/share/xarm_controller/environment/ament_prefix_path.dsv
[187.904s] -- Installing: /home/melissa/Documentos/Robots_Mobiles/Mobile-Robots-2026-1/install/xarm_controller/share/xarm_controller/environment/path.sh
[187.908s] -- Installing: /home/melissa/Documentos/Robots_Mobiles/Mobile-Robots-2026-1/install/xarm_controller/share/xarm_controller/environment/path.dsv
[187.916s] -- Installing: /home/melissa/Documentos/Robots_Mobiles/Mobile-Robots-2026-1/install/xarm_controller/share/xarm_controller/local_setup.bash
[187.920s] -- Installing: /home/melissa/Documentos/Robots_Mobiles/Mobile-Robots-2026-1/install/xarm_controller/share/xarm_controller/local_setup.sh
[187.922s] -- Installing: /home/melissa/Documentos/Robots_Mobiles/Mobile-Robots-2026-1/install/xarm_controller/share/xarm_controller/local_setup.zsh
[187.932s] -- Installing: /home/melissa/Documentos/Robots_Mobiles/Mobile-Robots-2026-1/install/xarm_controller/share/xarm_controller/local_setup.dsv
[187.932s] -- Installing: /home/melissa/Documentos/Robots_Mobiles/Mobile-Robots-2026-1/install/xarm_controller/share/xarm_controller/package.dsv
[187.948s] -- Installing: /home/melissa/Documentos/Robots_Mobiles/Mobile-Robots-2026-1/install/xarm_controller/share/ament_index/resource_index/packages/xarm_controller
[187.950s] -- Installing: /home/melissa/Documentos/Robots_Mobiles/Mobile-Robots-2026-1/install/xarm_controller/share/ament_index/resource_index/hardware_interface__pluginlib__plugin/xarm_controller
[187.955s] -- Installing: /home/melissa/Documentos/Robots_Mobiles/Mobile-Robots-2026-1/install/xarm_controller/share/xarm_controller/cmake/ament_cmake_export_include_directories-extras.cmake
[187.958s] -- Installing: /home/melissa/Documentos/Robots_Mobiles/Mobile-Robots-2026-1/install/xarm_controller/share/xarm_controller/cmake/ament_cmake_export_libraries-extras.cmake
[187.962s] -- Installing: /home/melissa/Documentos/Robots_Mobiles/Mobile-Robots-2026-1/install/xarm_controller/share/xarm_controller/cmake/ament_cmake_export_dependencies-extras.cmake
[187.966s] -- Installing: /home/melissa/Documentos/Robots_Mobiles/Mobile-Robots-2026-1/install/xarm_controller/share/xarm_controller/cmake/xarm_controllerConfig.cmake
[187.968s] -- Installing: /home/melissa/Documentos/Robots_Mobiles/Mobile-Robots-2026-1/install/xarm_controller/share/xarm_controller/cmake/xarm_controllerConfig-version.cmake
[187.969s] -- Installing: /home/melissa/Documentos/Robots_Mobiles/Mobile-Robots-2026-1/install/xarm_controller/share/xarm_controller/package.xml
[188.025s] Invoked command in '/home/melissa/Documentos/Robots_Mobiles/Mobile-Robots-2026-1/build/xarm_controller' returned '0': AMENT_PREFIX_PATH=/home/melissa/Documentos/Robots_Mobiles/Mobile-Robots-2026-1/install/xarm_api:/home/melissa/Documentos/Robots_Mobiles/Mobile-Robots-2026-1/install/xarm_sdk:/home/melissa/Documentos/Robots_Mobiles/Mobile-Robots-2026-1/install/xarm_msgs:/home/melissa/Documentos/Robots_Mobiles/Mobile-Robots-2026-1/install/xarm_description:${AMENT_PREFIX_PATH} CMAKE_PREFIX_PATH=/home/melissa/Documentos/Robots_Mobiles/Mobile-Robots-2026-1/install/xarm_api:/home/melissa/Documentos/Robots_Mobiles/Mobile-Robots-2026-1/install/xarm_sdk:/home/melissa/Documentos/Robots_Mobiles/Mobile-Robots-2026-1/install/xarm_msgs:/home/melissa/Documentos/Robots_Mobiles/Mobile-Robots-2026-1/install/xarm_description:/opt/ros/jazzy/opt/gz_sim_vendor:/opt/ros/jazzy/opt/gz_sensors_vendor:/opt/ros/jazzy/opt/gz_physics_vendor:/opt/ros/jazzy/opt/sdformat_vendor:/opt/ros/jazzy/opt/gz_gui_vendor:/opt/ros/jazzy/opt/gz_transport_vendor:/opt/ros/jazzy/opt/gz_rendering_vendor:/opt/ros/jazzy/opt/gz_plugin_vendor:/opt/ros/jazzy/opt/gz_fuel_tools_vendor:/opt/ros/jazzy/opt/gz_msgs_vendor:/opt/ros/jazzy/opt/gz_common_vendor:/opt/ros/jazzy/opt/gz_math_vendor:/opt/ros/jazzy/opt/gz_utils_vendor:/opt/ros/jazzy/opt/gz_tools_vendor:/opt/ros/jazzy/opt/gz_ogre_next_vendor:/opt/ros/jazzy/opt/gz_dartsim_vendor:/opt/ros/jazzy/opt/gz_cmake_vendor:/opt/ros/jazzy DEBUGINFOD_URLS=https://debuginfod.ubuntu.com LD_LIBRARY_PATH=/home/melissa/Documentos/Robots_Mobiles/Mobile-Robots-2026-1/install/xarm_api/lib:/home/melissa/Documentos/Robots_Mobiles/Mobile-Robots-2026-1/install/xarm_sdk/lib:/home/melissa/Documentos/Robots_Mobiles/Mobile-Robots-2026-1/install/xarm_msgs/lib:${LD_LIBRARY_PATH} PYTHONPATH=/home/melissa/Documentos/Robots_Mobiles/Mobile-Robots-2026-1/install/xarm_msgs/lib/python3.12/site-packages:${PYTHONPATH} /usr/bin/cmake --install /home/melissa/Documentos/Robots_Mobiles/Mobile-Robots-2026-1/build/xarm_controller
