[7.601s] Invoking command in '/home/catcyber02/Mobile-Robots-2026-1/ros2_ws/src/navigation/path_planner': DEBUGINFOD_URLS=https://debuginfod.ubuntu.com PYTHONPATH=/home/catcyber02/Mobile-Robots-2026-1/build/path_planner/prefix_override:/usr/lib/python3/dist-packages/colcon_core/task/python/colcon_distutils_commands:/home/catcyber02/Mobile-Robots-2026-1/install/path_planner/lib/python3.12/site-packages:${PYTHONPATH} /usr/bin/python3 -W ignore:setup.py install is deprecated -W ignore:easy_install command is deprecated setup.py egg_info --egg-base ../../../../build/path_planner build --build-base /home/catcyber02/Mobile-Robots-2026-1/build/path_planner/build install --record /home/catcyber02/Mobile-Robots-2026-1/build/path_planner/install.log --single-version-externally-managed install_data
[9.687s] running egg_info
[9.691s] creating ../../../../build/path_planner/path_planner.egg-info
[9.848s] writing ../../../../build/path_planner/path_planner.egg-info/PKG-INFO
[10.033s] writing dependency_links to ../../../../build/path_planner/path_planner.egg-info/dependency_links.txt
[10.034s] writing entry points to ../../../../build/path_planner/path_planner.egg-info/entry_points.txt
[10.038s] writing requirements to ../../../../build/path_planner/path_planner.egg-info/requires.txt
[10.039s] writing top-level names to ../../../../build/path_planner/path_planner.egg-info/top_level.txt
[10.040s] writing manifest file '../../../../build/path_planner/path_planner.egg-info/SOURCES.txt'
[10.047s] reading manifest file '../../../../build/path_planner/path_planner.egg-info/SOURCES.txt'
[10.050s] adding license file 'LICENSE'
[10.055s] writing manifest file '../../../../build/path_planner/path_planner.egg-info/SOURCES.txt'
[10.058s] running build
[10.065s] running build_py
[10.068s] creating /home/catcyber02/Mobile-Robots-2026-1/build/path_planner/build
[10.068s] creating /home/catcyber02/Mobile-Robots-2026-1/build/path_planner/build/lib
[10.069s] creating /home/catcyber02/Mobile-Robots-2026-1/build/path_planner/build/lib/path_planner
[10.071s] copying path_planner/a_star.py -> /home/catcyber02/Mobile-Robots-2026-1/build/path_planner/build/lib/path_planner
[10.072s] copying path_planner/__init__.py -> /home/catcyber02/Mobile-Robots-2026-1/build/path_planner/build/lib/path_planner
[10.073s] copying path_planner/cost_map.py -> /home/catcyber02/Mobile-Robots-2026-1/build/path_planner/build/lib/path_planner
[10.073s] copying path_planner/rrt.py -> /home/catcyber02/Mobile-Robots-2026-1/build/path_planner/build/lib/path_planner
[10.077s] running install
[10.121s] running install_lib
[10.207s] creating /home/catcyber02/Mobile-Robots-2026-1/install/path_planner/lib/python3.12/site-packages/path_planner
[10.208s] copying /home/catcyber02/Mobile-Robots-2026-1/build/path_planner/build/lib/path_planner/a_star.py -> /home/catcyber02/Mobile-Robots-2026-1/install/path_planner/lib/python3.12/site-packages/path_planner
[10.213s] copying /home/catcyber02/Mobile-Robots-2026-1/build/path_planner/build/lib/path_planner/__init__.py -> /home/catcyber02/Mobile-Robots-2026-1/install/path_planner/lib/python3.12/site-packages/path_planner
[10.214s] copying /home/catcyber02/Mobile-Robots-2026-1/build/path_planner/build/lib/path_planner/cost_map.py -> /home/catcyber02/Mobile-Robots-2026-1/install/path_planner/lib/python3.12/site-packages/path_planner
[10.219s] copying /home/catcyber02/Mobile-Robots-2026-1/build/path_planner/build/lib/path_planner/rrt.py -> /home/catcyber02/Mobile-Robots-2026-1/install/path_planner/lib/python3.12/site-packages/path_planner
[10.220s] byte-compiling /home/catcyber02/Mobile-Robots-2026-1/install/path_planner/lib/python3.12/site-packages/path_planner/a_star.py to a_star.cpython-312.pyc
[10.229s] byte-compiling /home/catcyber02/Mobile-Robots-2026-1/install/path_planner/lib/python3.12/site-packages/path_planner/__init__.py to __init__.cpython-312.pyc
[10.239s] byte-compiling /home/catcyber02/Mobile-Robots-2026-1/install/path_planner/lib/python3.12/site-packages/path_planner/cost_map.py to cost_map.cpython-312.pyc
[10.244s] byte-compiling /home/catcyber02/Mobile-Robots-2026-1/install/path_planner/lib/python3.12/site-packages/path_planner/rrt.py to rrt.cpython-312.pyc
[10.255s] running install_data
[10.259s] creating /home/catcyber02/Mobile-Robots-2026-1/install/path_planner/share/ament_index
[10.262s]   File "/home/catcyber02/Mobile-Robots-2026-1/install/path_planner/lib/python3.12/site-packages/path_planner/rrt.py", line 101
[10.263s]     max attempts −= 1
[10.273s]                  ^
[10.273s] SyntaxError: invalid character '−' (U+2212)
[10.274s] 
[10.274s] creating /home/catcyber02/Mobile-Robots-2026-1/install/path_planner/share/ament_index/resource_index
[10.275s] creating /home/catcyber02/Mobile-Robots-2026-1/install/path_planner/share/ament_index/resource_index/packages
[10.280s] copying resource/path_planner -> /home/catcyber02/Mobile-Robots-2026-1/install/path_planner/share/ament_index/resource_index/packages
[10.281s] copying package.xml -> /home/catcyber02/Mobile-Robots-2026-1/install/path_planner/share/path_planner
[10.282s] running install_egg_info
[10.463s] Copying ../../../../build/path_planner/path_planner.egg-info to /home/catcyber02/Mobile-Robots-2026-1/install/path_planner/lib/python3.12/site-packages/path_planner-0.0.0-py3.12.egg-info
[10.470s] running install_scripts
[11.917s] Installing a_start script to /home/catcyber02/Mobile-Robots-2026-1/install/path_planner/lib/path_planner
[11.926s] Installing a_start_solved script to /home/catcyber02/Mobile-Robots-2026-1/install/path_planner/lib/path_planner
[11.927s] Installing cost_map script to /home/catcyber02/Mobile-Robots-2026-1/install/path_planner/lib/path_planner
[11.927s] Installing cost_map_solved script to /home/catcyber02/Mobile-Robots-2026-1/install/path_planner/lib/path_planner
[11.936s] Installing rrt script to /home/catcyber02/Mobile-Robots-2026-1/install/path_planner/lib/path_planner
[11.937s] Installing rrt_solved script to /home/catcyber02/Mobile-Robots-2026-1/install/path_planner/lib/path_planner
[11.938s] writing list of installed files to '/home/catcyber02/Mobile-Robots-2026-1/build/path_planner/install.log'
[12.475s] Invoked command in '/home/catcyber02/Mobile-Robots-2026-1/ros2_ws/src/navigation/path_planner' returned '0': DEBUGINFOD_URLS=https://debuginfod.ubuntu.com PYTHONPATH=/home/catcyber02/Mobile-Robots-2026-1/build/path_planner/prefix_override:/usr/lib/python3/dist-packages/colcon_core/task/python/colcon_distutils_commands:/home/catcyber02/Mobile-Robots-2026-1/install/path_planner/lib/python3.12/site-packages:${PYTHONPATH} /usr/bin/python3 -W ignore:setup.py install is deprecated -W ignore:easy_install command is deprecated setup.py egg_info --egg-base ../../../../build/path_planner build --build-base /home/catcyber02/Mobile-Robots-2026-1/build/path_planner/build install --record /home/catcyber02/Mobile-Robots-2026-1/build/path_planner/install.log --single-version-externally-managed install_data
