[0.032s] Invoking command in '/home/catcyber02/Mobile-Robots-2026-1/build/xarm_api': AMENT_PREFIX_PATH=/home/catcyber02/Mobile-Robots-2026-1/install/xarm_sdk:/home/catcyber02/Mobile-Robots-2026-1/install/xarm_msgs:/home/catcyber02/Mobile-Robots-2026-1/install/xarm_description:${AMENT_PREFIX_PATH} CMAKE_PREFIX_PATH=/home/catcyber02/Mobile-Robots-2026-1/install/xarm_sdk:/home/catcyber02/Mobile-Robots-2026-1/install/xarm_msgs:/home/catcyber02/Mobile-Robots-2026-1/install/xarm_description:/home/catcyber02/Mobile-Robots-2026-1/ros2_ws/install/xarm_controller:/home/catcyber02/Mobile-Robots-2026-1/ros2_ws/install/xarm_api:/home/catcyber02/Mobile-Robots-2026-1/ros2_ws/install/xarm_sdk:/home/catcyber02/Mobile-Robots-2026-1/ros2_ws/install/xarm_msgs:/home/catcyber02/Mobile-Robots-2026-1/ros2_ws/install/xarm_description:/home/catcyber02/Mobile-Robots-2026-1/ros2_ws/install/justina_gui:/home/catcyber02/Mobile-Robots-2026-1/ros2_ws/install/justina_description:/home/catcyber02/Mobile-Robots-2026-1/ros2_ws/install/gazebo_envs:/home/catcyber02/Mobile-Robots-2026-1/ros2_ws/install/config_files:/opt/ros/jazzy/opt/gz_sim_vendor:/opt/ros/jazzy/opt/gz_sensors_vendor:/opt/ros/jazzy/opt/gz_physics_vendor:/opt/ros/jazzy/opt/sdformat_vendor:/opt/ros/jazzy/opt/gz_gui_vendor:/opt/ros/jazzy/opt/gz_transport_vendor:/opt/ros/jazzy/opt/gz_rendering_vendor:/opt/ros/jazzy/opt/gz_plugin_vendor:/opt/ros/jazzy/opt/gz_fuel_tools_vendor:/opt/ros/jazzy/opt/gz_msgs_vendor:/opt/ros/jazzy/opt/gz_common_vendor:/opt/ros/jazzy/opt/gz_math_vendor:/opt/ros/jazzy/opt/gz_utils_vendor:/opt/ros/jazzy/opt/gz_tools_vendor:/opt/ros/jazzy/opt/gz_ogre_next_vendor:/opt/ros/jazzy/opt/gz_dartsim_vendor:/opt/ros/jazzy/opt/gz_cmake_vendor:/home/catcyber02/Mobile-Robots-2026-1/ros2_ws/install/uf_ros_lib:/home/catcyber02/Mobile-Robots-2026-1/ros2_ws/install/simple_move:/opt/ros/jazzy DEBUGINFOD_URLS=https://debuginfod.ubuntu.com LD_LIBRARY_PATH=/home/catcyber02/Mobile-Robots-2026-1/install/xarm_sdk/lib:/home/catcyber02/Mobile-Robots-2026-1/install/xarm_msgs/lib:${LD_LIBRARY_PATH} PYTHONPATH=/home/catcyber02/Mobile-Robots-2026-1/install/xarm_msgs/lib/python3.12/site-packages:${PYTHONPATH} /usr/bin/cmake /home/catcyber02/Mobile-Robots-2026-1/ros2_ws/src/hardware/xarm_ros2/xarm_api -DCMAKE_INSTALL_PREFIX=/home/catcyber02/Mobile-Robots-2026-1/install/xarm_api
[0.156s] -- The C compiler identification is GNU 13.3.0
[0.286s] -- The CXX compiler identification is GNU 13.3.0
[0.340s] -- Detecting C compiler ABI info
[0.557s] -- Detecting C compiler ABI info - done
[0.591s] -- Check for working C compiler: /usr/bin/cc - skipped
[0.592s] -- Detecting C compile features
[0.594s] -- Detecting C compile features - done
[0.623s] -- Detecting CXX compiler ABI info
[0.894s] -- Detecting CXX compiler ABI info - done
[0.930s] -- Check for working CXX compiler: /usr/bin/c++ - skipped
[0.930s] -- Detecting CXX compile features
[0.931s] -- Detecting CXX compile features - done
[0.946s] -- Found ament_cmake: 2.5.4 (/opt/ros/jazzy/share/ament_cmake/cmake)
[1.301s] -- Found Python3: /usr/bin/python3 (found version "3.12.3") found components: Interpreter 
[1.628s] -- Found ament_lint_auto: 0.17.3 (/opt/ros/jazzy/share/ament_lint_auto/cmake)
[1.912s] -- Found rclcpp: 28.1.11 (/opt/ros/jazzy/share/rclcpp/cmake)
[2.055s] -- Found rosidl_generator_c: 4.6.6 (/opt/ros/jazzy/share/rosidl_generator_c/cmake)
[2.101s] -- Found rosidl_generator_cpp: 4.6.6 (/opt/ros/jazzy/share/rosidl_generator_cpp/cmake)
[2.152s] -- Using all available rosidl_typesupport_c: rosidl_typesupport_fastrtps_c;rosidl_typesupport_introspection_c
[2.209s] -- Using all available rosidl_typesupport_cpp: rosidl_typesupport_fastrtps_cpp;rosidl_typesupport_introspection_cpp
[2.425s] -- Found rmw_implementation_cmake: 7.3.2 (/opt/ros/jazzy/share/rmw_implementation_cmake/cmake)
[2.438s] -- Found rmw_fastrtps_cpp: 8.4.3 (/opt/ros/jazzy/share/rmw_fastrtps_cpp/cmake)
[2.684s] -- Found OpenSSL: /usr/lib/x86_64-linux-gnu/libcrypto.so (found version "3.0.13")  
[2.734s] -- Found FastRTPS: /opt/ros/jazzy/include (Required is at least version "2.13") 
[2.791s] -- Using RMW implementation 'rmw_fastrtps_cpp' as default
[2.989s] -- Found rclcpp_action: 28.1.11 (/opt/ros/jazzy/share/rclcpp_action/cmake)
[3.105s] -- Found std_msgs: 5.3.6 (/opt/ros/jazzy/share/std_msgs/cmake)
[3.145s] -- Found sensor_msgs: 5.3.6 (/opt/ros/jazzy/share/sensor_msgs/cmake)
[3.291s] -- Found control_msgs: 5.5.0 (/opt/ros/jazzy/share/control_msgs/cmake)
[3.426s] -- Found xarm_msgs: 0.0.0 (/home/catcyber02/Mobile-Robots-2026-1/install/xarm_msgs/share/xarm_msgs/cmake)
[3.555s] -- Found xarm_sdk: 0.0.0 (/home/catcyber02/Mobile-Robots-2026-1/install/xarm_sdk/share/xarm_sdk/cmake)
[3.617s] -- Added test 'copyright' to check source files copyright and LICENSE
[3.624s] -- Added test 'cppcheck' to perform static code analysis on C / C++ code
[3.626s] -- Configured cppcheck include dirs: /home/catcyber02/Mobile-Robots-2026-1/ros2_ws/src/hardware/xarm_ros2/xarm_api/include
[3.626s] -- Configured cppcheck exclude dirs and/or files: 
[3.632s] -- Added test 'cpplint' to check C / C++ code against the Google style
[3.632s] -- Configured cpplint exclude dirs and/or files: 
[3.634s] -- Added test 'flake8' to check Python code syntax and style conventions
[3.635s] -- Configured 'flake8' exclude dirs and/or files: 
[3.637s] -- Added test 'lint_cmake' to check CMake code style
[3.640s] -- Added test 'pep257' to check Python code against some of the docstring style conventions in PEP 257
[3.646s] -- Added test 'uncrustify' to check C / C++ code style
[3.646s] -- Configured uncrustify additional arguments: 
[3.650s] -- Added test 'xmllint' to check XML markup files
[3.659s] -- Configuring done (3.6s)
[3.755s] -- Generating done (0.1s)
[3.781s] -- Build files have been written to: /home/catcyber02/Mobile-Robots-2026-1/build/xarm_api
[3.811s] Invoked command in '/home/catcyber02/Mobile-Robots-2026-1/build/xarm_api' returned '0': AMENT_PREFIX_PATH=/home/catcyber02/Mobile-Robots-2026-1/install/xarm_sdk:/home/catcyber02/Mobile-Robots-2026-1/install/xarm_msgs:/home/catcyber02/Mobile-Robots-2026-1/install/xarm_description:${AMENT_PREFIX_PATH} CMAKE_PREFIX_PATH=/home/catcyber02/Mobile-Robots-2026-1/install/xarm_sdk:/home/catcyber02/Mobile-Robots-2026-1/install/xarm_msgs:/home/catcyber02/Mobile-Robots-2026-1/install/xarm_description:/home/catcyber02/Mobile-Robots-2026-1/ros2_ws/install/xarm_controller:/home/catcyber02/Mobile-Robots-2026-1/ros2_ws/install/xarm_api:/home/catcyber02/Mobile-Robots-2026-1/ros2_ws/install/xarm_sdk:/home/catcyber02/Mobile-Robots-2026-1/ros2_ws/install/xarm_msgs:/home/catcyber02/Mobile-Robots-2026-1/ros2_ws/install/xarm_description:/home/catcyber02/Mobile-Robots-2026-1/ros2_ws/install/justina_gui:/home/catcyber02/Mobile-Robots-2026-1/ros2_ws/install/justina_description:/home/catcyber02/Mobile-Robots-2026-1/ros2_ws/install/gazebo_envs:/home/catcyber02/Mobile-Robots-2026-1/ros2_ws/install/config_files:/opt/ros/jazzy/opt/gz_sim_vendor:/opt/ros/jazzy/opt/gz_sensors_vendor:/opt/ros/jazzy/opt/gz_physics_vendor:/opt/ros/jazzy/opt/sdformat_vendor:/opt/ros/jazzy/opt/gz_gui_vendor:/opt/ros/jazzy/opt/gz_transport_vendor:/opt/ros/jazzy/opt/gz_rendering_vendor:/opt/ros/jazzy/opt/gz_plugin_vendor:/opt/ros/jazzy/opt/gz_fuel_tools_vendor:/opt/ros/jazzy/opt/gz_msgs_vendor:/opt/ros/jazzy/opt/gz_common_vendor:/opt/ros/jazzy/opt/gz_math_vendor:/opt/ros/jazzy/opt/gz_utils_vendor:/opt/ros/jazzy/opt/gz_tools_vendor:/opt/ros/jazzy/opt/gz_ogre_next_vendor:/opt/ros/jazzy/opt/gz_dartsim_vendor:/opt/ros/jazzy/opt/gz_cmake_vendor:/home/catcyber02/Mobile-Robots-2026-1/ros2_ws/install/uf_ros_lib:/home/catcyber02/Mobile-Robots-2026-1/ros2_ws/install/simple_move:/opt/ros/jazzy DEBUGINFOD_URLS=https://debuginfod.ubuntu.com LD_LIBRARY_PATH=/home/catcyber02/Mobile-Robots-2026-1/install/xarm_sdk/lib:/home/catcyber02/Mobile-Robots-2026-1/install/xarm_msgs/lib:${LD_LIBRARY_PATH} PYTHONPATH=/home/catcyber02/Mobile-Robots-2026-1/install/xarm_msgs/lib/python3.12/site-packages:${PYTHONPATH} /usr/bin/cmake /home/catcyber02/Mobile-Robots-2026-1/ros2_ws/src/hardware/xarm_ros2/xarm_api -DCMAKE_INSTALL_PREFIX=/home/catcyber02/Mobile-Robots-2026-1/install/xarm_api
[3.813s] Invoking command in '/home/catcyber02/Mobile-Robots-2026-1/build/xarm_api': AMENT_PREFIX_PATH=/home/catcyber02/Mobile-Robots-2026-1/install/xarm_sdk:/home/catcyber02/Mobile-Robots-2026-1/install/xarm_msgs:/home/catcyber02/Mobile-Robots-2026-1/install/xarm_description:${AMENT_PREFIX_PATH} CMAKE_PREFIX_PATH=/home/catcyber02/Mobile-Robots-2026-1/install/xarm_sdk:/home/catcyber02/Mobile-Robots-2026-1/install/xarm_msgs:/home/catcyber02/Mobile-Robots-2026-1/install/xarm_description:/home/catcyber02/Mobile-Robots-2026-1/ros2_ws/install/xarm_controller:/home/catcyber02/Mobile-Robots-2026-1/ros2_ws/install/xarm_api:/home/catcyber02/Mobile-Robots-2026-1/ros2_ws/install/xarm_sdk:/home/catcyber02/Mobile-Robots-2026-1/ros2_ws/install/xarm_msgs:/home/catcyber02/Mobile-Robots-2026-1/ros2_ws/install/xarm_description:/home/catcyber02/Mobile-Robots-2026-1/ros2_ws/install/justina_gui:/home/catcyber02/Mobile-Robots-2026-1/ros2_ws/install/justina_description:/home/catcyber02/Mobile-Robots-2026-1/ros2_ws/install/gazebo_envs:/home/catcyber02/Mobile-Robots-2026-1/ros2_ws/install/config_files:/opt/ros/jazzy/opt/gz_sim_vendor:/opt/ros/jazzy/opt/gz_sensors_vendor:/opt/ros/jazzy/opt/gz_physics_vendor:/opt/ros/jazzy/opt/sdformat_vendor:/opt/ros/jazzy/opt/gz_gui_vendor:/opt/ros/jazzy/opt/gz_transport_vendor:/opt/ros/jazzy/opt/gz_rendering_vendor:/opt/ros/jazzy/opt/gz_plugin_vendor:/opt/ros/jazzy/opt/gz_fuel_tools_vendor:/opt/ros/jazzy/opt/gz_msgs_vendor:/opt/ros/jazzy/opt/gz_common_vendor:/opt/ros/jazzy/opt/gz_math_vendor:/opt/ros/jazzy/opt/gz_utils_vendor:/opt/ros/jazzy/opt/gz_tools_vendor:/opt/ros/jazzy/opt/gz_ogre_next_vendor:/opt/ros/jazzy/opt/gz_dartsim_vendor:/opt/ros/jazzy/opt/gz_cmake_vendor:/home/catcyber02/Mobile-Robots-2026-1/ros2_ws/install/uf_ros_lib:/home/catcyber02/Mobile-Robots-2026-1/ros2_ws/install/simple_move:/opt/ros/jazzy DEBUGINFOD_URLS=https://debuginfod.ubuntu.com LD_LIBRARY_PATH=/home/catcyber02/Mobile-Robots-2026-1/install/xarm_sdk/lib:/home/catcyber02/Mobile-Robots-2026-1/install/xarm_msgs/lib:${LD_LIBRARY_PATH} PYTHONPATH=/home/catcyber02/Mobile-Robots-2026-1/install/xarm_msgs/lib/python3.12/site-packages:${PYTHONPATH} /usr/bin/cmake --build /home/catcyber02/Mobile-Robots-2026-1/build/xarm_api -- -j8 -l8
[3.956s] [ 23%] [32mBuilding CXX object CMakeFiles/xarm_ros_driver.dir/src/xarm_driver.cpp.o[0m
[3.956s] [ 23%] [32mBuilding CXX object CMakeFiles/test_robot_states.dir/test/test_robot_states.cpp.o[0m
[3.957s] [ 23%] [32mBuilding CXX object CMakeFiles/xarm_ros_driver.dir/src/xarm_driver_service.cpp.o[0m
[3.958s] [ 30%] [32mBuilding CXX object CMakeFiles/xarm_ros_client.dir/src/xarm_ros_client.cpp.o[0m
[37.344s] [ 38%] [32m[1mLinking CXX executable test_robot_states[0m
[39.806s] [ 38%] Built target test_robot_states
[57.277s] [ 46%] [32m[1mLinking CXX shared library libxarm_ros_client.so[0m
[61.257s] [ 46%] Built target xarm_ros_client
[61.320s] [ 61%] [32mBuilding CXX object CMakeFiles/test_xarm_ros_client.dir/test/test_xarm_ros_client.cpp.o[0m
[61.321s] [ 61%] [32mBuilding CXX object CMakeFiles/test_xarm_velo_move.dir/test/test_xarm_velo_move.cpp.o[0m
[74.581s] [ 69%] [32m[1mLinking CXX executable test_xarm_velo_move[0m
[77.146s] [ 69%] Built target test_xarm_velo_move
[77.324s] [ 76%] [32m[1mLinking CXX executable test_xarm_ros_client[0m
[79.708s] [ 76%] Built target test_xarm_ros_client
[81.964s] [ 84%] [32m[1mLinking CXX shared library libxarm_ros_driver.so[0m
[88.181s] [ 84%] Built target xarm_ros_driver
[88.245s] [ 92%] [32mBuilding CXX object CMakeFiles/xarm_driver_node.dir/src/xarm_driver_node.cpp.o[0m
[100.283s] [100%] [32m[1mLinking CXX executable xarm_driver_node[0m
[104.045s] [100%] Built target xarm_driver_node
[104.090s] Invoked command in '/home/catcyber02/Mobile-Robots-2026-1/build/xarm_api' returned '0': AMENT_PREFIX_PATH=/home/catcyber02/Mobile-Robots-2026-1/install/xarm_sdk:/home/catcyber02/Mobile-Robots-2026-1/install/xarm_msgs:/home/catcyber02/Mobile-Robots-2026-1/install/xarm_description:${AMENT_PREFIX_PATH} CMAKE_PREFIX_PATH=/home/catcyber02/Mobile-Robots-2026-1/install/xarm_sdk:/home/catcyber02/Mobile-Robots-2026-1/install/xarm_msgs:/home/catcyber02/Mobile-Robots-2026-1/install/xarm_description:/home/catcyber02/Mobile-Robots-2026-1/ros2_ws/install/xarm_controller:/home/catcyber02/Mobile-Robots-2026-1/ros2_ws/install/xarm_api:/home/catcyber02/Mobile-Robots-2026-1/ros2_ws/install/xarm_sdk:/home/catcyber02/Mobile-Robots-2026-1/ros2_ws/install/xarm_msgs:/home/catcyber02/Mobile-Robots-2026-1/ros2_ws/install/xarm_description:/home/catcyber02/Mobile-Robots-2026-1/ros2_ws/install/justina_gui:/home/catcyber02/Mobile-Robots-2026-1/ros2_ws/install/justina_description:/home/catcyber02/Mobile-Robots-2026-1/ros2_ws/install/gazebo_envs:/home/catcyber02/Mobile-Robots-2026-1/ros2_ws/install/config_files:/opt/ros/jazzy/opt/gz_sim_vendor:/opt/ros/jazzy/opt/gz_sensors_vendor:/opt/ros/jazzy/opt/gz_physics_vendor:/opt/ros/jazzy/opt/sdformat_vendor:/opt/ros/jazzy/opt/gz_gui_vendor:/opt/ros/jazzy/opt/gz_transport_vendor:/opt/ros/jazzy/opt/gz_rendering_vendor:/opt/ros/jazzy/opt/gz_plugin_vendor:/opt/ros/jazzy/opt/gz_fuel_tools_vendor:/opt/ros/jazzy/opt/gz_msgs_vendor:/opt/ros/jazzy/opt/gz_common_vendor:/opt/ros/jazzy/opt/gz_math_vendor:/opt/ros/jazzy/opt/gz_utils_vendor:/opt/ros/jazzy/opt/gz_tools_vendor:/opt/ros/jazzy/opt/gz_ogre_next_vendor:/opt/ros/jazzy/opt/gz_dartsim_vendor:/opt/ros/jazzy/opt/gz_cmake_vendor:/home/catcyber02/Mobile-Robots-2026-1/ros2_ws/install/uf_ros_lib:/home/catcyber02/Mobile-Robots-2026-1/ros2_ws/install/simple_move:/opt/ros/jazzy DEBUGINFOD_URLS=https://debuginfod.ubuntu.com LD_LIBRARY_PATH=/home/catcyber02/Mobile-Robots-2026-1/install/xarm_sdk/lib:/home/catcyber02/Mobile-Robots-2026-1/install/xarm_msgs/lib:${LD_LIBRARY_PATH} PYTHONPATH=/home/catcyber02/Mobile-Robots-2026-1/install/xarm_msgs/lib/python3.12/site-packages:${PYTHONPATH} /usr/bin/cmake --build /home/catcyber02/Mobile-Robots-2026-1/build/xarm_api -- -j8 -l8
[104.093s] Invoking command in '/home/catcyber02/Mobile-Robots-2026-1/build/xarm_api': AMENT_PREFIX_PATH=/home/catcyber02/Mobile-Robots-2026-1/install/xarm_sdk:/home/catcyber02/Mobile-Robots-2026-1/install/xarm_msgs:/home/catcyber02/Mobile-Robots-2026-1/install/xarm_description:${AMENT_PREFIX_PATH} CMAKE_PREFIX_PATH=/home/catcyber02/Mobile-Robots-2026-1/install/xarm_sdk:/home/catcyber02/Mobile-Robots-2026-1/install/xarm_msgs:/home/catcyber02/Mobile-Robots-2026-1/install/xarm_description:/home/catcyber02/Mobile-Robots-2026-1/ros2_ws/install/xarm_controller:/home/catcyber02/Mobile-Robots-2026-1/ros2_ws/install/xarm_api:/home/catcyber02/Mobile-Robots-2026-1/ros2_ws/install/xarm_sdk:/home/catcyber02/Mobile-Robots-2026-1/ros2_ws/install/xarm_msgs:/home/catcyber02/Mobile-Robots-2026-1/ros2_ws/install/xarm_description:/home/catcyber02/Mobile-Robots-2026-1/ros2_ws/install/justina_gui:/home/catcyber02/Mobile-Robots-2026-1/ros2_ws/install/justina_description:/home/catcyber02/Mobile-Robots-2026-1/ros2_ws/install/gazebo_envs:/home/catcyber02/Mobile-Robots-2026-1/ros2_ws/install/config_files:/opt/ros/jazzy/opt/gz_sim_vendor:/opt/ros/jazzy/opt/gz_sensors_vendor:/opt/ros/jazzy/opt/gz_physics_vendor:/opt/ros/jazzy/opt/sdformat_vendor:/opt/ros/jazzy/opt/gz_gui_vendor:/opt/ros/jazzy/opt/gz_transport_vendor:/opt/ros/jazzy/opt/gz_rendering_vendor:/opt/ros/jazzy/opt/gz_plugin_vendor:/opt/ros/jazzy/opt/gz_fuel_tools_vendor:/opt/ros/jazzy/opt/gz_msgs_vendor:/opt/ros/jazzy/opt/gz_common_vendor:/opt/ros/jazzy/opt/gz_math_vendor:/opt/ros/jazzy/opt/gz_utils_vendor:/opt/ros/jazzy/opt/gz_tools_vendor:/opt/ros/jazzy/opt/gz_ogre_next_vendor:/opt/ros/jazzy/opt/gz_dartsim_vendor:/opt/ros/jazzy/opt/gz_cmake_vendor:/home/catcyber02/Mobile-Robots-2026-1/ros2_ws/install/uf_ros_lib:/home/catcyber02/Mobile-Robots-2026-1/ros2_ws/install/simple_move:/opt/ros/jazzy DEBUGINFOD_URLS=https://debuginfod.ubuntu.com LD_LIBRARY_PATH=/home/catcyber02/Mobile-Robots-2026-1/install/xarm_sdk/lib:/home/catcyber02/Mobile-Robots-2026-1/install/xarm_msgs/lib:${LD_LIBRARY_PATH} PYTHONPATH=/home/catcyber02/Mobile-Robots-2026-1/install/xarm_msgs/lib/python3.12/site-packages:${PYTHONPATH} /usr/bin/cmake --install /home/catcyber02/Mobile-Robots-2026-1/build/xarm_api
[104.113s] -- Install configuration: ""
[104.114s] -- Installing: /home/catcyber02/Mobile-Robots-2026-1/install/xarm_api/share/xarm_api/environment/library_path.sh
[104.114s] -- Installing: /home/catcyber02/Mobile-Robots-2026-1/install/xarm_api/share/xarm_api/environment/library_path.dsv
[104.114s] -- Installing: /home/catcyber02/Mobile-Robots-2026-1/install/xarm_api/include
[104.115s] -- Installing: /home/catcyber02/Mobile-Robots-2026-1/install/xarm_api/include/xarm_api
[104.115s] -- Installing: /home/catcyber02/Mobile-Robots-2026-1/install/xarm_api/include/xarm_api/visibility_control.h
[104.116s] -- Installing: /home/catcyber02/Mobile-Robots-2026-1/install/xarm_api/include/xarm_api/xarm_msgs.h
[104.116s] -- Installing: /home/catcyber02/Mobile-Robots-2026-1/install/xarm_api/include/xarm_api/xarm_driver.h
[104.116s] -- Installing: /home/catcyber02/Mobile-Robots-2026-1/install/xarm_api/include/xarm_api/xarm_ros_client.h
[104.116s] -- Installing: /home/catcyber02/Mobile-Robots-2026-1/install/xarm_api/lib/libxarm_ros_driver.so
[104.186s] -- Set non-toolchain portion of runtime path of "/home/catcyber02/Mobile-Robots-2026-1/install/xarm_api/lib/libxarm_ros_driver.so" to ""
[104.186s] -- Installing: /home/catcyber02/Mobile-Robots-2026-1/install/xarm_api/lib/libxarm_ros_client.so
[104.225s] -- Set non-toolchain portion of runtime path of "/home/catcyber02/Mobile-Robots-2026-1/install/xarm_api/lib/libxarm_ros_client.so" to ""
[104.226s] -- Installing: /home/catcyber02/Mobile-Robots-2026-1/install/xarm_api/lib/xarm_api/xarm_driver_node
[104.226s] -- Set non-toolchain portion of runtime path of "/home/catcyber02/Mobile-Robots-2026-1/install/xarm_api/lib/xarm_api/xarm_driver_node" to ""
[104.227s] -- Installing: /home/catcyber02/Mobile-Robots-2026-1/install/xarm_api/lib/xarm_api/test_xarm_ros_client
[104.227s] -- Set non-toolchain portion of runtime path of "/home/catcyber02/Mobile-Robots-2026-1/install/xarm_api/lib/xarm_api/test_xarm_ros_client" to ""
[104.228s] -- Installing: /home/catcyber02/Mobile-Robots-2026-1/install/xarm_api/lib/xarm_api/test_xarm_velo_move
[104.228s] -- Set non-toolchain portion of runtime path of "/home/catcyber02/Mobile-Robots-2026-1/install/xarm_api/lib/xarm_api/test_xarm_velo_move" to ""
[104.229s] -- Installing: /home/catcyber02/Mobile-Robots-2026-1/install/xarm_api/lib/xarm_api/test_robot_states
[104.248s] -- Set non-toolchain portion of runtime path of "/home/catcyber02/Mobile-Robots-2026-1/install/xarm_api/lib/xarm_api/test_robot_states" to ""
[104.248s] -- Installing: /home/catcyber02/Mobile-Robots-2026-1/install/xarm_api/share/xarm_api//launch
[104.248s] -- Installing: /home/catcyber02/Mobile-Robots-2026-1/install/xarm_api/share/xarm_api//launch/xarm6_driver.launch.py
[104.249s] -- Installing: /home/catcyber02/Mobile-Robots-2026-1/install/xarm_api/share/xarm_api//launch/lite6_driver.launch.py
[104.250s] -- Installing: /home/catcyber02/Mobile-Robots-2026-1/install/xarm_api/share/xarm_api//launch/xarm7_driver.launch.py
[104.250s] -- Installing: /home/catcyber02/Mobile-Robots-2026-1/install/xarm_api/share/xarm_api//launch/lib
[104.250s] -- Installing: /home/catcyber02/Mobile-Robots-2026-1/install/xarm_api/share/xarm_api//launch/lib/robot_api_lib.py
[104.251s] -- Installing: /home/catcyber02/Mobile-Robots-2026-1/install/xarm_api/share/xarm_api//launch/uf850_driver.launch.py
[104.251s] -- Installing: /home/catcyber02/Mobile-Robots-2026-1/install/xarm_api/share/xarm_api//launch/xarm5_driver.launch.py
[104.251s] -- Installing: /home/catcyber02/Mobile-Robots-2026-1/install/xarm_api/share/xarm_api//launch/_robot_driver.launch.py
[104.252s] -- Installing: /home/catcyber02/Mobile-Robots-2026-1/install/xarm_api/share/xarm_api//config
[104.252s] -- Installing: /home/catcyber02/Mobile-Robots-2026-1/install/xarm_api/share/xarm_api//config/xarm_params.yaml
[104.253s] -- Installing: /home/catcyber02/Mobile-Robots-2026-1/install/xarm_api/share/ament_index/resource_index/package_run_dependencies/xarm_api
[104.253s] -- Installing: /home/catcyber02/Mobile-Robots-2026-1/install/xarm_api/share/ament_index/resource_index/parent_prefix_path/xarm_api
[104.253s] -- Installing: /home/catcyber02/Mobile-Robots-2026-1/install/xarm_api/share/xarm_api/environment/ament_prefix_path.sh
[104.254s] -- Installing: /home/catcyber02/Mobile-Robots-2026-1/install/xarm_api/share/xarm_api/environment/ament_prefix_path.dsv
[104.254s] -- Installing: /home/catcyber02/Mobile-Robots-2026-1/install/xarm_api/share/xarm_api/environment/path.sh
[104.254s] -- Installing: /home/catcyber02/Mobile-Robots-2026-1/install/xarm_api/share/xarm_api/environment/path.dsv
[104.254s] -- Installing: /home/catcyber02/Mobile-Robots-2026-1/install/xarm_api/share/xarm_api/local_setup.bash
[104.255s] -- Installing: /home/catcyber02/Mobile-Robots-2026-1/install/xarm_api/share/xarm_api/local_setup.sh
[104.255s] -- Installing: /home/catcyber02/Mobile-Robots-2026-1/install/xarm_api/share/xarm_api/local_setup.zsh
[104.255s] -- Installing: /home/catcyber02/Mobile-Robots-2026-1/install/xarm_api/share/xarm_api/local_setup.dsv
[104.255s] -- Installing: /home/catcyber02/Mobile-Robots-2026-1/install/xarm_api/share/xarm_api/package.dsv
[104.256s] -- Installing: /home/catcyber02/Mobile-Robots-2026-1/install/xarm_api/share/ament_index/resource_index/packages/xarm_api
[104.256s] -- Installing: /home/catcyber02/Mobile-Robots-2026-1/install/xarm_api/share/xarm_api/cmake/ament_cmake_export_libraries-extras.cmake
[104.256s] -- Installing: /home/catcyber02/Mobile-Robots-2026-1/install/xarm_api/share/xarm_api/cmake/ament_cmake_export_include_directories-extras.cmake
[104.257s] -- Installing: /home/catcyber02/Mobile-Robots-2026-1/install/xarm_api/share/xarm_api/cmake/xarm_apiConfig.cmake
[104.257s] -- Installing: /home/catcyber02/Mobile-Robots-2026-1/install/xarm_api/share/xarm_api/cmake/xarm_apiConfig-version.cmake
[104.257s] -- Installing: /home/catcyber02/Mobile-Robots-2026-1/install/xarm_api/share/xarm_api/package.xml
[104.263s] Invoked command in '/home/catcyber02/Mobile-Robots-2026-1/build/xarm_api' returned '0': AMENT_PREFIX_PATH=/home/catcyber02/Mobile-Robots-2026-1/install/xarm_sdk:/home/catcyber02/Mobile-Robots-2026-1/install/xarm_msgs:/home/catcyber02/Mobile-Robots-2026-1/install/xarm_description:${AMENT_PREFIX_PATH} CMAKE_PREFIX_PATH=/home/catcyber02/Mobile-Robots-2026-1/install/xarm_sdk:/home/catcyber02/Mobile-Robots-2026-1/install/xarm_msgs:/home/catcyber02/Mobile-Robots-2026-1/install/xarm_description:/home/catcyber02/Mobile-Robots-2026-1/ros2_ws/install/xarm_controller:/home/catcyber02/Mobile-Robots-2026-1/ros2_ws/install/xarm_api:/home/catcyber02/Mobile-Robots-2026-1/ros2_ws/install/xarm_sdk:/home/catcyber02/Mobile-Robots-2026-1/ros2_ws/install/xarm_msgs:/home/catcyber02/Mobile-Robots-2026-1/ros2_ws/install/xarm_description:/home/catcyber02/Mobile-Robots-2026-1/ros2_ws/install/justina_gui:/home/catcyber02/Mobile-Robots-2026-1/ros2_ws/install/justina_description:/home/catcyber02/Mobile-Robots-2026-1/ros2_ws/install/gazebo_envs:/home/catcyber02/Mobile-Robots-2026-1/ros2_ws/install/config_files:/opt/ros/jazzy/opt/gz_sim_vendor:/opt/ros/jazzy/opt/gz_sensors_vendor:/opt/ros/jazzy/opt/gz_physics_vendor:/opt/ros/jazzy/opt/sdformat_vendor:/opt/ros/jazzy/opt/gz_gui_vendor:/opt/ros/jazzy/opt/gz_transport_vendor:/opt/ros/jazzy/opt/gz_rendering_vendor:/opt/ros/jazzy/opt/gz_plugin_vendor:/opt/ros/jazzy/opt/gz_fuel_tools_vendor:/opt/ros/jazzy/opt/gz_msgs_vendor:/opt/ros/jazzy/opt/gz_common_vendor:/opt/ros/jazzy/opt/gz_math_vendor:/opt/ros/jazzy/opt/gz_utils_vendor:/opt/ros/jazzy/opt/gz_tools_vendor:/opt/ros/jazzy/opt/gz_ogre_next_vendor:/opt/ros/jazzy/opt/gz_dartsim_vendor:/opt/ros/jazzy/opt/gz_cmake_vendor:/home/catcyber02/Mobile-Robots-2026-1/ros2_ws/install/uf_ros_lib:/home/catcyber02/Mobile-Robots-2026-1/ros2_ws/install/simple_move:/opt/ros/jazzy DEBUGINFOD_URLS=https://debuginfod.ubuntu.com LD_LIBRARY_PATH=/home/catcyber02/Mobile-Robots-2026-1/install/xarm_sdk/lib:/home/catcyber02/Mobile-Robots-2026-1/install/xarm_msgs/lib:${LD_LIBRARY_PATH} PYTHONPATH=/home/catcyber02/Mobile-Robots-2026-1/install/xarm_msgs/lib/python3.12/site-packages:${PYTHONPATH} /usr/bin/cmake --install /home/catcyber02/Mobile-Robots-2026-1/build/xarm_api
