[2.196s] Invoking command in '/home/catcyber02/Mobile-Robots-2026-1/ros2_ws/src/navigation/map_augmenter': DEBUGINFOD_URLS=https://debuginfod.ubuntu.com PYTHONPATH=/home/catcyber02/Mobile-Robots-2026-1/build/map_augmenter/prefix_override:/usr/lib/python3/dist-packages/colcon_core/task/python/colcon_distutils_commands:/home/catcyber02/Mobile-Robots-2026-1/install/map_augmenter/lib/python3.12/site-packages:${PYTHONPATH} /usr/bin/python3 -W ignore:setup.py install is deprecated -W ignore:easy_install command is deprecated setup.py egg_info --egg-base ../../../../build/map_augmenter build --build-base /home/catcyber02/Mobile-Robots-2026-1/build/map_augmenter/build install --record /home/catcyber02/Mobile-Robots-2026-1/build/map_augmenter/install.log --single-version-externally-managed install_data
[2.757s] running egg_info
[2.793s] writing ../../../../build/map_augmenter/map_augmenter.egg-info/PKG-INFO
[2.793s] writing dependency_links to ../../../../build/map_augmenter/map_augmenter.egg-info/dependency_links.txt
[2.794s] writing entry points to ../../../../build/map_augmenter/map_augmenter.egg-info/entry_points.txt
[2.794s] writing requirements to ../../../../build/map_augmenter/map_augmenter.egg-info/requires.txt
[2.795s] writing top-level names to ../../../../build/map_augmenter/map_augmenter.egg-info/top_level.txt
[2.887s] reading manifest file '../../../../build/map_augmenter/map_augmenter.egg-info/SOURCES.txt'
[2.887s] adding license file 'LICENSE'
[2.888s] writing manifest file '../../../../build/map_augmenter/map_augmenter.egg-info/SOURCES.txt'
[2.888s] running build
[2.889s] running build_py
[2.889s] running install
[2.898s] running install_lib
[2.931s] running install_data
[2.932s] running install_egg_info
[2.968s] removing '/home/catcyber02/Mobile-Robots-2026-1/install/map_augmenter/lib/python3.12/site-packages/map_augmenter-0.0.0-py3.12.egg-info' (and everything under it)
[2.969s] Copying ../../../../build/map_augmenter/map_augmenter.egg-info to /home/catcyber02/Mobile-Robots-2026-1/install/map_augmenter/lib/python3.12/site-packages/map_augmenter-0.0.0-py3.12.egg-info
[2.970s] running install_scripts
[3.198s] Installing gvd script to /home/catcyber02/Mobile-Robots-2026-1/install/map_augmenter/lib/map_augmenter
[3.198s] Installing gvd_solved script to /home/catcyber02/Mobile-Robots-2026-1/install/map_augmenter/lib/map_augmenter
[3.198s] Installing map_inflater script to /home/catcyber02/Mobile-Robots-2026-1/install/map_augmenter/lib/map_augmenter
[3.199s] Installing map_inflater_solved script to /home/catcyber02/Mobile-Robots-2026-1/install/map_augmenter/lib/map_augmenter
[3.199s] Installing split_and_merge script to /home/catcyber02/Mobile-Robots-2026-1/install/map_augmenter/lib/map_augmenter
[3.199s] Installing split_and_merge_solved script to /home/catcyber02/Mobile-Robots-2026-1/install/map_augmenter/lib/map_augmenter
[3.200s] writing list of installed files to '/home/catcyber02/Mobile-Robots-2026-1/build/map_augmenter/install.log'
[3.264s] Invoked command in '/home/catcyber02/Mobile-Robots-2026-1/ros2_ws/src/navigation/map_augmenter' returned '0': DEBUGINFOD_URLS=https://debuginfod.ubuntu.com PYTHONPATH=/home/catcyber02/Mobile-Robots-2026-1/build/map_augmenter/prefix_override:/usr/lib/python3/dist-packages/colcon_core/task/python/colcon_distutils_commands:/home/catcyber02/Mobile-Robots-2026-1/install/map_augmenter/lib/python3.12/site-packages:${PYTHONPATH} /usr/bin/python3 -W ignore:setup.py install is deprecated -W ignore:easy_install command is deprecated setup.py egg_info --egg-base ../../../../build/map_augmenter build --build-base /home/catcyber02/Mobile-Robots-2026-1/build/map_augmenter/build install --record /home/catcyber02/Mobile-Robots-2026-1/build/map_augmenter/install.log --single-version-externally-managed install_data
