[0.077s] Invoking command in '/home/catcyber02/Mobile-Robots-2026-1/build/justina_description': CMAKE_PREFIX_PATH=${CMAKE_PREFIX_PATH}:/home/catcyber02/Mobile-Robots-2026-1/ros2_ws/install/uf_ros_lib:/home/catcyber02/Mobile-Robots-2026-1/ros2_ws/install/simple_move:/opt/ros/jazzy DEBUGINFOD_URLS=https://debuginfod.ubuntu.com /usr/bin/cmake --build /home/catcyber02/Mobile-Robots-2026-1/build/justina_description -- -j8 -l8
[0.862s] Invoked command in '/home/catcyber02/Mobile-Robots-2026-1/build/justina_description' returned '0': CMAKE_PREFIX_PATH=${CMAKE_PREFIX_PATH}:/home/catcyber02/Mobile-Robots-2026-1/ros2_ws/install/uf_ros_lib:/home/catcyber02/Mobile-Robots-2026-1/ros2_ws/install/simple_move:/opt/ros/jazzy DEBUGINFOD_URLS=https://debuginfod.ubuntu.com /usr/bin/cmake --build /home/catcyber02/Mobile-Robots-2026-1/build/justina_description -- -j8 -l8
[0.865s] Invoking command in '/home/catcyber02/Mobile-Robots-2026-1/build/justina_description': CMAKE_PREFIX_PATH=${CMAKE_PREFIX_PATH}:/home/catcyber02/Mobile-Robots-2026-1/ros2_ws/install/uf_ros_lib:/home/catcyber02/Mobile-Robots-2026-1/ros2_ws/install/simple_move:/opt/ros/jazzy DEBUGINFOD_URLS=https://debuginfod.ubuntu.com /usr/bin/cmake --install /home/catcyber02/Mobile-Robots-2026-1/build/justina_description
[1.129s] -- Install configuration: ""
[1.137s] -- Up-to-date: /home/catcyber02/Mobile-Robots-2026-1/install/justina_description/share/justina_description/urdf
[1.138s] -- Up-to-date: /home/catcyber02/Mobile-Robots-2026-1/install/justina_description/share/justina_description/urdf/justina.xacro
[1.138s] -- Up-to-date: /home/catcyber02/Mobile-Robots-2026-1/install/justina_description/share/justina_description/urdf/justina_base.xacro
[1.138s] -- Up-to-date: /home/catcyber02/Mobile-Robots-2026-1/install/justina_description/share/ament_index/resource_index/package_run_dependencies/justina_description
[1.140s] -- Up-to-date: /home/catcyber02/Mobile-Robots-2026-1/install/justina_description/share/ament_index/resource_index/parent_prefix_path/justina_description
[1.140s] -- Up-to-date: /home/catcyber02/Mobile-Robots-2026-1/install/justina_description/share/justina_description/environment/ament_prefix_path.sh
[1.140s] -- Up-to-date: /home/catcyber02/Mobile-Robots-2026-1/install/justina_description/share/justina_description/environment/ament_prefix_path.dsv
[1.140s] -- Up-to-date: /home/catcyber02/Mobile-Robots-2026-1/install/justina_description/share/justina_description/environment/path.sh
[1.140s] -- Up-to-date: /home/catcyber02/Mobile-Robots-2026-1/install/justina_description/share/justina_description/environment/path.dsv
[1.141s] -- Up-to-date: /home/catcyber02/Mobile-Robots-2026-1/install/justina_description/share/justina_description/local_setup.bash
[1.141s] -- Up-to-date: /home/catcyber02/Mobile-Robots-2026-1/install/justina_description/share/justina_description/local_setup.sh
[1.143s] -- Up-to-date: /home/catcyber02/Mobile-Robots-2026-1/install/justina_description/share/justina_description/local_setup.zsh
[1.143s] -- Up-to-date: /home/catcyber02/Mobile-Robots-2026-1/install/justina_description/share/justina_description/local_setup.dsv
[1.143s] -- Up-to-date: /home/catcyber02/Mobile-Robots-2026-1/install/justina_description/share/justina_description/package.dsv
[1.143s] -- Up-to-date: /home/catcyber02/Mobile-Robots-2026-1/install/justina_description/share/ament_index/resource_index/packages/justina_description
[1.144s] -- Up-to-date: /home/catcyber02/Mobile-Robots-2026-1/install/justina_description/share/justina_description/cmake/justina_descriptionConfig.cmake
[1.144s] -- Up-to-date: /home/catcyber02/Mobile-Robots-2026-1/install/justina_description/share/justina_description/cmake/justina_descriptionConfig-version.cmake
[1.144s] -- Up-to-date: /home/catcyber02/Mobile-Robots-2026-1/install/justina_description/share/justina_description/package.xml
[1.545s] Invoked command in '/home/catcyber02/Mobile-Robots-2026-1/build/justina_description' returned '0': CMAKE_PREFIX_PATH=${CMAKE_PREFIX_PATH}:/home/catcyber02/Mobile-Robots-2026-1/ros2_ws/install/uf_ros_lib:/home/catcyber02/Mobile-Robots-2026-1/ros2_ws/install/simple_move:/opt/ros/jazzy DEBUGINFOD_URLS=https://debuginfod.ubuntu.com /usr/bin/cmake --install /home/catcyber02/Mobile-Robots-2026-1/build/justina_description
