[0.081s] Invoking command in '/home/catcyber02/Mobile-Robots-2026-1/build/config_files': CMAKE_PREFIX_PATH=${CMAKE_PREFIX_PATH}:/home/catcyber02/Mobile-Robots-2026-1/ros2_ws/install/uf_ros_lib:/home/catcyber02/Mobile-Robots-2026-1/ros2_ws/install/simple_move:/opt/ros/jazzy DEBUGINFOD_URLS=https://debuginfod.ubuntu.com /usr/bin/cmake --build /home/catcyber02/Mobile-Robots-2026-1/build/config_files -- -j8 -l8
[0.831s] Invoked command in '/home/catcyber02/Mobile-Robots-2026-1/build/config_files' returned '0': CMAKE_PREFIX_PATH=${CMAKE_PREFIX_PATH}:/home/catcyber02/Mobile-Robots-2026-1/ros2_ws/install/uf_ros_lib:/home/catcyber02/Mobile-Robots-2026-1/ros2_ws/install/simple_move:/opt/ros/jazzy DEBUGINFOD_URLS=https://debuginfod.ubuntu.com /usr/bin/cmake --build /home/catcyber02/Mobile-Robots-2026-1/build/config_files -- -j8 -l8
[0.833s] Invoking command in '/home/catcyber02/Mobile-Robots-2026-1/build/config_files': CMAKE_PREFIX_PATH=${CMAKE_PREFIX_PATH}:/home/catcyber02/Mobile-Robots-2026-1/ros2_ws/install/uf_ros_lib:/home/catcyber02/Mobile-Robots-2026-1/ros2_ws/install/simple_move:/opt/ros/jazzy DEBUGINFOD_URLS=https://debuginfod.ubuntu.com /usr/bin/cmake --install /home/catcyber02/Mobile-Robots-2026-1/build/config_files
[1.043s] -- Install configuration: ""
[1.044s] -- Up-to-date: /home/catcyber02/Mobile-Robots-2026-1/install/config_files/share/config_files/rviz
[1.044s] -- Up-to-date: /home/catcyber02/Mobile-Robots-2026-1/install/config_files/share/config_files/rviz/simple_house.rviz
[1.044s] -- Up-to-date: /home/catcyber02/Mobile-Robots-2026-1/install/config_files/share/config_files/navigation
[1.045s] -- Up-to-date: /home/catcyber02/Mobile-Robots-2026-1/install/config_files/share/config_files/navigation/simple_house.pgm
[1.045s] -- Up-to-date: /home/catcyber02/Mobile-Robots-2026-1/install/config_files/share/config_files/navigation/simple_house.yaml
[1.045s] -- Up-to-date: /home/catcyber02/Mobile-Robots-2026-1/install/config_files/share/config_files/navigation/mapper_params.yaml
[1.045s] -- Up-to-date: /home/catcyber02/Mobile-Robots-2026-1/install/config_files/share/ament_index/resource_index/package_run_dependencies/config_files
[1.045s] -- Up-to-date: /home/catcyber02/Mobile-Robots-2026-1/install/config_files/share/ament_index/resource_index/parent_prefix_path/config_files
[1.050s] -- Up-to-date: /home/catcyber02/Mobile-Robots-2026-1/install/config_files/share/config_files/environment/ament_prefix_path.sh
[1.062s] -- Up-to-date: /home/catcyber02/Mobile-Robots-2026-1/install/config_files/share/config_files/environment/ament_prefix_path.dsv
[1.063s] -- Up-to-date: /home/catcyber02/Mobile-Robots-2026-1/install/config_files/share/config_files/environment/path.sh
[1.063s] -- Up-to-date: /home/catcyber02/Mobile-Robots-2026-1/install/config_files/share/config_files/environment/path.dsv
[1.065s] -- Up-to-date: /home/catcyber02/Mobile-Robots-2026-1/install/config_files/share/config_files/local_setup.bash
[1.066s] -- Up-to-date: /home/catcyber02/Mobile-Robots-2026-1/install/config_files/share/config_files/local_setup.sh
[1.066s] -- Up-to-date: /home/catcyber02/Mobile-Robots-2026-1/install/config_files/share/config_files/local_setup.zsh
[1.067s] -- Up-to-date: /home/catcyber02/Mobile-Robots-2026-1/install/config_files/share/config_files/local_setup.dsv
[1.067s] -- Installing: /home/catcyber02/Mobile-Robots-2026-1/install/config_files/share/config_files/package.dsv
[1.069s] -- Up-to-date: /home/catcyber02/Mobile-Robots-2026-1/install/config_files/share/ament_index/resource_index/packages/config_files
[1.069s] -- Up-to-date: /home/catcyber02/Mobile-Robots-2026-1/install/config_files/share/config_files/cmake/config_filesConfig.cmake
[1.070s] -- Up-to-date: /home/catcyber02/Mobile-Robots-2026-1/install/config_files/share/config_files/cmake/config_filesConfig-version.cmake
[1.070s] -- Up-to-date: /home/catcyber02/Mobile-Robots-2026-1/install/config_files/share/config_files/package.xml
[1.079s] Invoked command in '/home/catcyber02/Mobile-Robots-2026-1/build/config_files' returned '0': CMAKE_PREFIX_PATH=${CMAKE_PREFIX_PATH}:/home/catcyber02/Mobile-Robots-2026-1/ros2_ws/install/uf_ros_lib:/home/catcyber02/Mobile-Robots-2026-1/ros2_ws/install/simple_move:/opt/ros/jazzy DEBUGINFOD_URLS=https://debuginfod.ubuntu.com /usr/bin/cmake --install /home/catcyber02/Mobile-Robots-2026-1/build/config_files
