[3.227s] Invoking command in '/home/quarcks/Mobile-Robots-2026-1/ros2_ws/src/navigation/path_planner': DEBUGINFOD_URLS=https://debuginfod.ubuntu.com PYTHONPATH=/home/quarcks/Mobile-Robots-2026-1/build/path_planner/prefix_override:/usr/lib/python3/dist-packages/colcon_core/task/python/colcon_distutils_commands:/home/quarcks/Mobile-Robots-2026-1/install/path_planner/lib/python3.12/site-packages:${PYTHONPATH} /usr/bin/python3 -W ignore:setup.py install is deprecated -W ignore:easy_install command is deprecated setup.py egg_info --egg-base ../../../../build/path_planner build --build-base /home/quarcks/Mobile-Robots-2026-1/build/path_planner/build install --record /home/quarcks/Mobile-Robots-2026-1/build/path_planner/install.log --single-version-externally-managed install_data
[3.814s] running egg_info
[3.841s] writing ../../../../build/path_planner/path_planner.egg-info/PKG-INFO
[3.841s] writing dependency_links to ../../../../build/path_planner/path_planner.egg-info/dependency_links.txt
[3.841s] writing entry points to ../../../../build/path_planner/path_planner.egg-info/entry_points.txt
[3.841s] writing requirements to ../../../../build/path_planner/path_planner.egg-info/requires.txt
[3.841s] writing top-level names to ../../../../build/path_planner/path_planner.egg-info/top_level.txt
[3.898s] reading manifest file '../../../../build/path_planner/path_planner.egg-info/SOURCES.txt'
[3.899s] adding license file 'LICENSE'
[3.900s] writing manifest file '../../../../build/path_planner/path_planner.egg-info/SOURCES.txt'
[3.901s] running build
[3.901s] running build_py
[3.902s] running install
[3.907s] running install_lib
[3.936s] running install_data
[3.936s] running install_egg_info
[3.966s] removing '/home/quarcks/Mobile-Robots-2026-1/install/path_planner/lib/python3.12/site-packages/path_planner-0.0.0-py3.12.egg-info' (and everything under it)
[3.966s] Copying ../../../../build/path_planner/path_planner.egg-info to /home/quarcks/Mobile-Robots-2026-1/install/path_planner/lib/python3.12/site-packages/path_planner-0.0.0-py3.12.egg-info
[3.966s] running install_scripts
[4.147s] Installing a_start script to /home/quarcks/Mobile-Robots-2026-1/install/path_planner/lib/path_planner
[4.147s] Installing a_start_solved script to /home/quarcks/Mobile-Robots-2026-1/install/path_planner/lib/path_planner
[4.147s] Installing cost_map script to /home/quarcks/Mobile-Robots-2026-1/install/path_planner/lib/path_planner
[4.147s] Installing cost_map_solved script to /home/quarcks/Mobile-Robots-2026-1/install/path_planner/lib/path_planner
[4.147s] Installing rrt script to /home/quarcks/Mobile-Robots-2026-1/install/path_planner/lib/path_planner
[4.148s] Installing rrt_solved script to /home/quarcks/Mobile-Robots-2026-1/install/path_planner/lib/path_planner
[4.148s] writing list of installed files to '/home/quarcks/Mobile-Robots-2026-1/build/path_planner/install.log'
[4.184s] Invoked command in '/home/quarcks/Mobile-Robots-2026-1/ros2_ws/src/navigation/path_planner' returned '0': DEBUGINFOD_URLS=https://debuginfod.ubuntu.com PYTHONPATH=/home/quarcks/Mobile-Robots-2026-1/build/path_planner/prefix_override:/usr/lib/python3/dist-packages/colcon_core/task/python/colcon_distutils_commands:/home/quarcks/Mobile-Robots-2026-1/install/path_planner/lib/python3.12/site-packages:${PYTHONPATH} /usr/bin/python3 -W ignore:setup.py install is deprecated -W ignore:easy_install command is deprecated setup.py egg_info --egg-base ../../../../build/path_planner build --build-base /home/quarcks/Mobile-Robots-2026-1/build/path_planner/build install --record /home/quarcks/Mobile-Robots-2026-1/build/path_planner/install.log --single-version-externally-managed install_data
